[2018-12-17T14:15:10.878+0800][59454][gc,init] Initializing The Z Garbage Collector
[2018-12-17T14:15:10.878+0800][59454][gc,init] Version: 11.0.1+13-LTS (release)
[2018-12-17T14:15:10.878+0800][59454][gc,init] NUMA Support: Disabled
[2018-12-17T14:15:10.878+0800][59454][gc,init] CPUs: 8 total, 8 available
[2018-12-17T14:15:10.878+0800][59454][gc,init] Memory: 15279M
[2018-12-17T14:15:10.878+0800][59454][gc,init] Large Page Support: Disabled
[2018-12-17T14:15:10.878+0800][59454][gc,init] Workers: 5 parallel, 1 concurrent
[2018-12-17T14:15:10.879+0800][59454][gc,init] Heap backed by file: /memfd:java_heap
[2018-12-17T14:15:10.879+0800][59454][gc,init] Available space on backing filesystem: N/A
[2018-12-17T14:15:10.928+0800][59454][gc,init] Pre-touching: Disabled
[2018-12-17T14:15:10.928+0800][59454][gc,init] Pre-mapping: 256M
[2018-12-17T14:15:10.935+0800][59454][gc,init] Runtime Workers: 5 parallel
[2018-12-17T14:15:10.935+0800][59454][gc     ] Using The Z Garbage Collector
[2018-12-17T14:15:11.166+0800][59461][gc,start] GC(0) Garbage Collection (Warmup)
[2018-12-17T14:15:11.169+0800][59468][gc,phases] GC(0) Pause Mark Start 0.332ms
[2018-12-17T14:15:11.208+0800][59461][gc,phases] GC(0) Concurrent Mark 38.999ms
[2018-12-17T14:15:11.213+0800][59468][gc,phases] GC(0) Pause Mark End 0.111ms
[2018-12-17T14:15:11.213+0800][59461][gc,phases] GC(0) Concurrent Process Non-Strong References 0.191ms
[2018-12-17T14:15:11.213+0800][59461][gc,phases] GC(0) Concurrent Reset Relocation Set 0.001ms
[2018-12-17T14:15:11.215+0800][59461][gc,phases] GC(0) Concurrent Destroy Detached Pages 1.222ms
[2018-12-17T14:15:11.217+0800][59461][gc,phases] GC(0) Concurrent Select Relocation Set 1.929ms
[2018-12-17T14:15:11.217+0800][59461][gc,phases] GC(0) Concurrent Prepare Relocation Set 0.329ms
[2018-12-17T14:15:11.218+0800][59468][gc,phases] GC(0) Pause Relocate Start 0.499ms
[2018-12-17T14:15:11.245+0800][59461][gc,phases] GC(0) Concurrent Relocate 26.737ms
[2018-12-17T14:15:11.245+0800][59461][gc,load  ] GC(0) Load: 0.75/0.80/0.90
[2018-12-17T14:15:11.245+0800][59461][gc,mmu   ] GC(0) MMU: 2ms/75.0%, 5ms/90.0%, 10ms/93.9%, 20ms/96.9%, 50ms/98.1%, 100ms/99.1%
[2018-12-17T14:15:11.245+0800][59461][gc,marking] GC(0) Mark: 1 stripe(s), 1 proactive flush(es), 1 terminate flush(es), 0 completion(s), 0 continuation(s) 
[2018-12-17T14:15:11.245+0800][59461][gc,reloc  ] GC(0) Relocation: Successful, 24M relocated
[2018-12-17T14:15:11.245+0800][59461][gc,nmethod] GC(0) NMethods: 38 registered, 0 unregistered
[2018-12-17T14:15:11.245+0800][59461][gc,metaspace] GC(0) Metaspace: 4M used, 4M capacity, 5M committed, 8M reserved
[2018-12-17T14:15:11.245+0800][59461][gc,ref      ] GC(0) Soft: 106 encountered, 0 discovered, 0 enqueued
[2018-12-17T14:15:11.245+0800][59461][gc,ref      ] GC(0) Weak: 215 encountered, 184 discovered, 46 enqueued
[2018-12-17T14:15:11.245+0800][59461][gc,ref      ] GC(0) Final: 0 encountered, 0 discovered, 0 enqueued
[2018-12-17T14:15:11.245+0800][59461][gc,ref      ] GC(0) Phantom: 2 encountered, 2 discovered, 1 enqueued
[2018-12-17T14:15:11.246+0800][59461][gc,heap     ] GC(0)                Mark Start          Mark End        Relocate Start      Relocate End           High               Low         
[2018-12-17T14:15:11.246+0800][59461][gc,heap     ] GC(0)  Capacity:      298M (29%)         386M (38%)         396M (39%)         450M (44%)         450M (44%)         298M (29%)    
[2018-12-17T14:15:11.246+0800][59461][gc,heap     ] GC(0)   Reserve:       42M (4%)           42M (4%)           42M (4%)           42M (4%)           42M (4%)           42M (4%)     
[2018-12-17T14:15:11.246+0800][59461][gc,heap     ] GC(0)      Free:      728M (71%)         638M (62%)         788M (77%)         644M (63%)         788M (77%)         616M (60%)    
[2018-12-17T14:15:11.246+0800][59461][gc,heap     ] GC(0)      Used:      254M (25%)         344M (34%)         194M (19%)         338M (33%)         366M (36%)         194M (19%)    
[2018-12-17T14:15:11.246+0800][59461][gc,heap     ] GC(0)      Live:         -                43M (4%)           43M (4%)           43M (4%)             -                  -          
[2018-12-17T14:15:11.246+0800][59461][gc,heap     ] GC(0) Allocated:         -                90M (9%)          100M (10%)         314M (31%)            -                  -          
[2018-12-17T14:15:11.246+0800][59461][gc,heap     ] GC(0)   Garbage:         -               210M (21%)          50M (5%)           14M (1%)             -                  -          
[2018-12-17T14:15:11.246+0800][59461][gc,heap     ] GC(0) Reclaimed:         -                  -               160M (16%)         196M (19%)            -                  -          
[2018-12-17T14:15:11.246+0800][59461][gc          ] GC(0) Garbage Collection (Warmup) 254M(25%)->338M(33%)
[2018-12-17T14:15:11.266+0800][59461][gc,start    ] GC(1) Garbage Collection (Warmup)
[2018-12-17T14:15:11.267+0800][59468][gc,phases   ] GC(1) Pause Mark Start 0.139ms
[2018-12-17T14:15:11.306+0800][59461][gc,phases   ] GC(1) Concurrent Mark 38.549ms
[2018-12-17T14:15:11.310+0800][59468][gc,phases   ] GC(1) Pause Mark End 0.100ms
[2018-12-17T14:15:11.311+0800][59461][gc,phases   ] GC(1) Concurrent Process Non-Strong References 0.189ms
[2018-12-17T14:15:11.311+0800][59461][gc,phases   ] GC(1) Concurrent Reset Relocation Set 0.080ms
[2018-12-17T14:15:11.312+0800][59461][gc,phases   ] GC(1) Concurrent Destroy Detached Pages 1.195ms
[2018-12-17T14:15:11.314+0800][59461][gc,phases   ] GC(1) Concurrent Select Relocation Set 2.102ms
[2018-12-17T14:15:11.314+0800][59461][gc,phases   ] GC(1) Concurrent Prepare Relocation Set 0.000ms
[2018-12-17T14:15:11.315+0800][59468][gc,phases   ] GC(1) Pause Relocate Start 0.112ms
[2018-12-17T14:15:11.315+0800][59461][gc,phases   ] GC(1) Concurrent Relocate 0.023ms
[2018-12-17T14:15:11.315+0800][59461][gc,load     ] GC(1) Load: 0.75/0.80/0.90
[2018-12-17T14:15:11.315+0800][59461][gc,mmu      ] GC(1) MMU: 2ms/75.0%, 5ms/90.0%, 10ms/93.9%, 20ms/96.9%, 50ms/98.1%, 100ms/98.9%
[2018-12-17T14:15:11.315+0800][59461][gc,marking  ] GC(1) Mark: 1 stripe(s), 1 proactive flush(es), 1 terminate flush(es), 0 completion(s), 0 continuation(s) 
[2018-12-17T14:15:11.315+0800][59461][gc,reloc    ] GC(1) Relocation: Successful, 24M relocated
[2018-12-17T14:15:11.315+0800][59461][gc,nmethod  ] GC(1) NMethods: 38 registered, 0 unregistered
[2018-12-17T14:15:11.315+0800][59461][gc,metaspace] GC(1) Metaspace: 4M used, 4M capacity, 5M committed, 8M reserved
[2018-12-17T14:15:11.315+0800][59461][gc,ref      ] GC(1) Soft: 106 encountered, 0 discovered, 0 enqueued
[2018-12-17T14:15:11.315+0800][59461][gc,ref      ] GC(1) Weak: 169 encountered, 138 discovered, 0 enqueued
[2018-12-17T14:15:11.315+0800][59461][gc,ref      ] GC(1) Final: 0 encountered, 0 discovered, 0 enqueued
[2018-12-17T14:15:11.315+0800][59461][gc,ref      ] GC(1) Phantom: 1 encountered, 1 discovered, 0 enqueued
[2018-12-17T14:15:11.315+0800][59461][gc,heap     ] GC(1)                Mark Start          Mark End        Relocate Start      Relocate End           High               Low         
[2018-12-17T14:15:11.315+0800][59461][gc,heap     ] GC(1)  Capacity:      490M (48%)         580M (57%)         590M (58%)         590M (58%)         590M (58%)         490M (48%)    
[2018-12-17T14:15:11.315+0800][59461][gc,heap     ] GC(1)   Reserve:       42M (4%)           42M (4%)           42M (4%)           42M (4%)           42M (4%)           42M (4%)     
[2018-12-17T14:15:11.315+0800][59461][gc,heap     ] GC(1)      Free:      604M (59%)         514M (50%)         824M (80%)         814M (79%)         824M (80%)         504M (49%)    
[2018-12-17T14:15:11.315+0800][59461][gc,heap     ] GC(1)      Used:      378M (37%)         468M (46%)         158M (15%)         168M (16%)         478M (47%)         158M (15%)    
[2018-12-17T14:15:11.315+0800][59461][gc,heap     ] GC(1)      Live:         -                43M (4%)           43M (4%)           43M (4%)             -                  -          
[2018-12-17T14:15:11.315+0800][59461][gc,heap     ] GC(1) Allocated:         -                90M (9%)          100M (10%)         110M (11%)            -                  -          
[2018-12-17T14:15:11.315+0800][59461][gc,heap     ] GC(1)   Garbage:         -               334M (33%)          14M (1%)           14M (1%)             -                  -          
[2018-12-17T14:15:11.315+0800][59461][gc,heap     ] GC(1) Reclaimed:         -                  -               320M (31%)         320M (31%)            -                  -          
[2018-12-17T14:15:11.315+0800][59461][gc          ] GC(1) Garbage Collection (Warmup) 378M(37%)->168M(16%)
[2018-12-17T14:15:11.366+0800][59461][gc,start    ] GC(2) Garbage Collection (Warmup)
[2018-12-17T14:15:11.369+0800][59468][gc,phases   ] GC(2) Pause Mark Start 0.205ms
[2018-12-17T14:15:11.402+0800][59461][gc,phases   ] GC(2) Concurrent Mark 32.418ms
[2018-12-17T14:15:11.402+0800][59468][gc,phases   ] GC(2) Pause Mark End 0.107ms
[2018-12-17T14:15:11.402+0800][59461][gc,phases   ] GC(2) Concurrent Process Non-Strong References 0.169ms
[2018-12-17T14:15:11.402+0800][59461][gc,phases   ] GC(2) Concurrent Reset Relocation Set 0.001ms
[2018-12-17T14:15:11.402+0800][59461][gc,phases   ] GC(2) Concurrent Destroy Detached Pages 0.001ms
[2018-12-17T14:15:11.404+0800][59461][gc,phases   ] GC(2) Concurrent Select Relocation Set 1.783ms
[2018-12-17T14:15:11.404+0800][59461][gc,phases   ] GC(2) Concurrent Prepare Relocation Set 0.000ms
[2018-12-17T14:15:11.404+0800][59468][gc,phases   ] GC(2) Pause Relocate Start 0.131ms
[2018-12-17T14:15:11.404+0800][59461][gc,phases   ] GC(2) Concurrent Relocate 0.033ms
[2018-12-17T14:15:11.404+0800][59461][gc,load     ] GC(2) Load: 0.75/0.80/0.90
[2018-12-17T14:15:11.404+0800][59461][gc,mmu      ] GC(2) MMU: 2ms/75.0%, 5ms/90.0%, 10ms/93.9%, 20ms/96.9%, 50ms/98.1%, 100ms/98.9%
[2018-12-17T14:15:11.404+0800][59461][gc,marking  ] GC(2) Mark: 1 stripe(s), 1 proactive flush(es), 1 terminate flush(es), 1 completion(s), 0 continuation(s) 
[2018-12-17T14:15:11.404+0800][59461][gc,reloc    ] GC(2) Relocation: Successful, 24M relocated
[2018-12-17T14:15:11.404+0800][59461][gc,nmethod  ] GC(2) NMethods: 38 registered, 0 unregistered
[2018-12-17T14:15:11.404+0800][59461][gc,metaspace] GC(2) Metaspace: 4M used, 4M capacity, 5M committed, 8M reserved
[2018-12-17T14:15:11.404+0800][59461][gc,ref      ] GC(2) Soft: 106 encountered, 0 discovered, 0 enqueued
[2018-12-17T14:15:11.404+0800][59461][gc,ref      ] GC(2) Weak: 169 encountered, 138 discovered, 0 enqueued
[2018-12-17T14:15:11.404+0800][59461][gc,ref      ] GC(2) Final: 0 encountered, 0 discovered, 0 enqueued
[2018-12-17T14:15:11.404+0800][59461][gc,ref      ] GC(2) Phantom: 1 encountered, 1 discovered, 0 enqueued
[2018-12-17T14:15:11.404+0800][59461][gc,heap     ] GC(2)                Mark Start          Mark End        Relocate Start      Relocate End           High               Low         
[2018-12-17T14:15:11.404+0800][59461][gc,heap     ] GC(2)  Capacity:      610M (60%)         680M (66%)         680M (66%)         680M (66%)         680M (66%)         610M (60%)    
[2018-12-17T14:15:11.404+0800][59461][gc,heap     ] GC(2)   Reserve:       42M (4%)           42M (4%)           42M (4%)           42M (4%)           42M (4%)           42M (4%)     
[2018-12-17T14:15:11.404+0800][59461][gc,heap     ] GC(2)      Free:      484M (47%)         412M (40%)         852M (83%)         852M (83%)         852M (83%)         412M (40%)    
[2018-12-17T14:15:11.404+0800][59461][gc,heap     ] GC(2)      Used:      498M (49%)         570M (56%)         130M (13%)         130M (13%)         570M (56%)         130M (13%)    
[2018-12-17T14:15:11.404+0800][59461][gc,heap     ] GC(2)      Live:         -                43M (4%)           43M (4%)           43M (4%)             -                  -          
[2018-12-17T14:15:11.404+0800][59461][gc,heap     ] GC(2) Allocated:         -                72M (7%)           72M (7%)           72M (7%)             -                  -          
[2018-12-17T14:15:11.404+0800][59461][gc,heap     ] GC(2)   Garbage:         -               454M (44%)          14M (1%)           14M (1%)             -                  -          
[2018-12-17T14:15:11.404+0800][59461][gc,heap     ] GC(2) Reclaimed:         -                  -               440M (43%)         440M (43%)            -                  -          
[2018-12-17T14:15:11.404+0800][59461][gc          ] GC(2) Garbage Collection (Warmup) 498M(49%)->130M(13%)
[2018-12-17T14:15:11.466+0800][59461][gc,start    ] GC(3) Garbage Collection (Allocation Rate)
[2018-12-17T14:15:11.467+0800][59468][gc,phases   ] GC(3) Pause Mark Start 0.151ms
[2018-12-17T14:15:11.489+0800][59461][gc,phases   ] GC(3) Concurrent Mark 22.576ms
[2018-12-17T14:15:11.490+0800][59468][gc,phases   ] GC(3) Pause Mark End 0.078ms
[2018-12-17T14:15:11.490+0800][59461][gc,phases   ] GC(3) Concurrent Process Non-Strong References 0.190ms
[2018-12-17T14:15:11.490+0800][59461][gc,phases   ] GC(3) Concurrent Reset Relocation Set 0.001ms
[2018-12-17T14:15:11.490+0800][59461][gc,phases   ] GC(3) Concurrent Destroy Detached Pages 0.001ms
[2018-12-17T14:15:11.491+0800][59461][gc,phases   ] GC(3) Concurrent Select Relocation Set 1.580ms
[2018-12-17T14:15:11.492+0800][59461][gc,phases   ] GC(3) Concurrent Prepare Relocation Set 0.254ms
[2018-12-17T14:15:11.492+0800][59468][gc,phases   ] GC(3) Pause Relocate Start 0.487ms
[2018-12-17T14:15:11.495+0800][59461][gc,phases   ] GC(3) Concurrent Relocate 2.643ms
[2018-12-17T14:15:11.495+0800][59461][gc,load     ] GC(3) Load: 0.75/0.80/0.90
[2018-12-17T14:15:11.495+0800][59461][gc,mmu      ] GC(3) MMU: 2ms/75.0%, 5ms/88.7%, 10ms/93.9%, 20ms/96.9%, 50ms/98.1%, 100ms/98.9%
[2018-12-17T14:15:11.495+0800][59461][gc,marking  ] GC(3) Mark: 1 stripe(s), 1 proactive flush(es), 1 terminate flush(es), 0 completion(s), 0 continuation(s) 
[2018-12-17T14:15:11.495+0800][59461][gc,reloc    ] GC(3) Relocation: Successful, 24M relocated
[2018-12-17T14:15:11.495+0800][59461][gc,nmethod  ] GC(3) NMethods: 38 registered, 0 unregistered
[2018-12-17T14:15:11.495+0800][59461][gc,metaspace] GC(3) Metaspace: 4M used, 4M capacity, 5M committed, 8M reserved
[2018-12-17T14:15:11.495+0800][59461][gc,ref      ] GC(3) Soft: 106 encountered, 0 discovered, 0 enqueued
[2018-12-17T14:15:11.495+0800][59461][gc,ref      ] GC(3) Weak: 169 encountered, 138 discovered, 0 enqueued
[2018-12-17T14:15:11.495+0800][59461][gc,ref      ] GC(3) Final: 0 encountered, 0 discovered, 0 enqueued
[2018-12-17T14:15:11.495+0800][59461][gc,ref      ] GC(3) Phantom: 1 encountered, 1 discovered, 0 enqueued
[2018-12-17T14:15:11.495+0800][59461][gc,heap     ] GC(3)                Mark Start          Mark End        Relocate Start      Relocate End           High               Low         
[2018-12-17T14:15:11.495+0800][59461][gc,heap     ] GC(3)  Capacity:      680M (66%)         680M (66%)         680M (66%)         682M (67%)         682M (67%)         680M (66%)    
[2018-12-17T14:15:11.495+0800][59461][gc,heap     ] GC(3)   Reserve:       42M (4%)           42M (4%)           42M (4%)           42M (4%)           42M (4%)           42M (4%)     
[2018-12-17T14:15:11.495+0800][59461][gc,heap     ] GC(3)      Free:      852M (83%)         852M (83%)         922M (90%)         920M (90%)         922M (90%)         852M (83%)    
[2018-12-17T14:15:11.495+0800][59461][gc,heap     ] GC(3)      Used:      130M (13%)         130M (13%)          60M (6%)           62M (6%)          130M (13%)          60M (6%)     
[2018-12-17T14:15:11.495+0800][59461][gc,heap     ] GC(3)      Live:         -                43M (4%)           43M (4%)           43M (4%)             -                  -          
[2018-12-17T14:15:11.495+0800][59461][gc,heap     ] GC(3) Allocated:         -                 0M (0%)            0M (0%)            6M (1%)             -                  -          
[2018-12-17T14:15:11.495+0800][59461][gc,heap     ] GC(3)   Garbage:         -                86M (8%)           16M (2%)           18M (2%)             -                  -          
[2018-12-17T14:15:11.495+0800][59461][gc,heap     ] GC(3) Reclaimed:         -                  -                70M (7%)           68M (7%)             -                  -          
[2018-12-17T14:15:11.495+0800][59461][gc          ] GC(3) Garbage Collection (Allocation Rate) 130M(13%)->62M(6%)
[2018-12-17T14:15:11.566+0800][59461][gc,start    ] GC(4) Garbage Collection (Allocation Rate)
[2018-12-17T14:15:11.568+0800][59468][gc,phases   ] GC(4) Pause Mark Start 0.092ms
[2018-12-17T14:15:11.615+0800][59461][gc,phases   ] GC(4) Concurrent Mark 46.888ms
[2018-12-17T14:15:11.617+0800][59468][gc,phases   ] GC(4) Pause Mark End 0.105ms
[2018-12-17T14:15:11.617+0800][59461][gc,phases   ] GC(4) Concurrent Process Non-Strong References 0.182ms
[2018-12-17T14:15:11.617+0800][59461][gc,phases   ] GC(4) Concurrent Reset Relocation Set 0.003ms
[2018-12-17T14:15:11.617+0800][59461][gc,phases   ] GC(4) Concurrent Destroy Detached Pages 0.001ms
[2018-12-17T14:15:11.619+0800][59461][gc,phases   ] GC(4) Concurrent Select Relocation Set 1.791ms
[2018-12-17T14:15:11.619+0800][59461][gc,phases   ] GC(4) Concurrent Prepare Relocation Set 0.100ms
[2018-12-17T14:15:11.621+0800][59468][gc,phases   ] GC(4) Pause Relocate Start 1.865ms
[2018-12-17T14:15:11.640+0800][59461][gc,phases   ] GC(4) Concurrent Relocate 18.706ms
[2018-12-17T14:15:11.640+0800][59461][gc,load     ] GC(4) Load: 0.85/0.82/0.91
[2018-12-17T14:15:11.640+0800][59461][gc,mmu      ] GC(4) MMU: 2ms/6.8%, 5ms/60.6%, 10ms/80.3%, 20ms/90.2%, 50ms/96.1%, 100ms/97.9%
[2018-12-17T14:15:11.640+0800][59461][gc,marking  ] GC(4) Mark: 1 stripe(s), 1 proactive flush(es), 1 terminate flush(es), 0 completion(s), 0 continuation(s) 
[2018-12-17T14:15:11.640+0800][59461][gc,reloc    ] GC(4) Relocation: Successful, 45M relocated
[2018-12-17T14:15:11.640+0800][59461][gc,nmethod  ] GC(4) NMethods: 39 registered, 0 unregistered
[2018-12-17T14:15:11.640+0800][59461][gc,metaspace] GC(4) Metaspace: 4M used, 4M capacity, 5M committed, 8M reserved
[2018-12-17T14:15:11.640+0800][59461][gc,ref      ] GC(4) Soft: 106 encountered, 0 discovered, 0 enqueued
[2018-12-17T14:15:11.640+0800][59461][gc,ref      ] GC(4) Weak: 169 encountered, 138 discovered, 0 enqueued
[2018-12-17T14:15:11.640+0800][59461][gc,ref      ] GC(4) Final: 0 encountered, 0 discovered, 0 enqueued
[2018-12-17T14:15:11.640+0800][59461][gc,ref      ] GC(4) Phantom: 1 encountered, 1 discovered, 0 enqueued
[2018-12-17T14:15:11.640+0800][59461][gc,heap     ] GC(4)                Mark Start          Mark End        Relocate Start      Relocate End           High               Low         
[2018-12-17T14:15:11.640+0800][59461][gc,heap     ] GC(4)  Capacity:      692M (68%)         692M (68%)         692M (68%)         734M (72%)         734M (72%)         692M (68%)    
[2018-12-17T14:15:11.640+0800][59461][gc,heap     ] GC(4)   Reserve:       42M (4%)           42M (4%)           42M (4%)           42M (4%)           42M (4%)           42M (4%)     
[2018-12-17T14:15:11.640+0800][59461][gc,heap     ] GC(4)      Free:      592M (58%)         382M (37%)         622M (61%)         490M (48%)         622M (61%)         372M (36%)    
[2018-12-17T14:15:11.640+0800][59461][gc,heap     ] GC(4)      Used:      390M (38%)         600M (59%)         360M (35%)         492M (48%)         610M (60%)         360M (35%)    
[2018-12-17T14:15:11.640+0800][59461][gc,heap     ] GC(4)      Live:         -                74M (7%)           74M (7%)           74M (7%)             -                  -          
[2018-12-17T14:15:11.640+0800][59461][gc,heap     ] GC(4) Allocated:         -               210M (21%)         220M (21%)         422M (41%)            -                  -          
[2018-12-17T14:15:11.640+0800][59461][gc,heap     ] GC(4)   Garbage:         -               315M (31%)          65M (6%)           37M (4%)             -                  -          
[2018-12-17T14:15:11.640+0800][59461][gc,heap     ] GC(4) Reclaimed:         -                  -               250M (24%)         278M (27%)            -                  -          
[2018-12-17T14:15:11.640+0800][59461][gc          ] GC(4) Garbage Collection (Allocation Rate) 390M(38%)->492M(48%)
[2018-12-17T14:15:11.667+0800][59461][gc,start    ] GC(5) Garbage Collection (Allocation Rate)
[2018-12-17T14:15:11.668+0800][59468][gc,phases   ] GC(5) Pause Mark Start 0.100ms
[2018-12-17T14:15:11.719+0800][59461][gc,phases   ] GC(5) Concurrent Mark 50.686ms
[2018-12-17T14:15:11.724+0800][59468][gc,phases   ] GC(5) Pause Mark End 0.127ms
[2018-12-17T14:15:11.724+0800][59461][gc,phases   ] GC(5) Concurrent Process Non-Strong References 0.184ms
[2018-12-17T14:15:11.724+0800][59461][gc,phases   ] GC(5) Concurrent Reset Relocation Set 0.004ms
[2018-12-17T14:15:11.725+0800][59461][gc,phases   ] GC(5) Concurrent Destroy Detached Pages 1.176ms
[2018-12-17T14:15:11.727+0800][59461][gc,phases   ] GC(5) Concurrent Select Relocation Set 1.789ms
[2018-12-17T14:15:11.727+0800][59461][gc,phases   ] GC(5) Concurrent Prepare Relocation Set 0.107ms
[2018-12-17T14:15:11.729+0800][59468][gc,phases   ] GC(5) Pause Relocate Start 0.128ms
[2018-12-17T14:15:11.732+0800][59461][gc,phases   ] GC(5) Concurrent Relocate 3.579ms
[2018-12-17T14:15:11.733+0800][59461][gc,load     ] GC(5) Load: 0.85/0.82/0.91
[2018-12-17T14:15:11.733+0800][59461][gc,mmu      ] GC(5) MMU: 2ms/6.8%, 5ms/60.6%, 10ms/80.3%, 20ms/90.2%, 50ms/96.1%, 100ms/97.9%
[2018-12-17T14:15:11.733+0800][59461][gc,marking  ] GC(5) Mark: 1 stripe(s), 1 proactive flush(es), 1 terminate flush(es), 0 completion(s), 0 continuation(s) 
[2018-12-17T14:15:11.733+0800][59461][gc,reloc    ] GC(5) Relocation: Successful, 45M relocated
[2018-12-17T14:15:11.733+0800][59461][gc,nmethod  ] GC(5) NMethods: 39 registered, 0 unregistered
[2018-12-17T14:15:11.733+0800][59461][gc,metaspace] GC(5) Metaspace: 4M used, 4M capacity, 5M committed, 8M reserved
[2018-12-17T14:15:11.733+0800][59461][gc,ref      ] GC(5) Soft: 106 encountered, 0 discovered, 0 enqueued
[2018-12-17T14:15:11.733+0800][59461][gc,ref      ] GC(5) Weak: 169 encountered, 138 discovered, 0 enqueued
[2018-12-17T14:15:11.733+0800][59461][gc,ref      ] GC(5) Final: 0 encountered, 0 discovered, 0 enqueued
[2018-12-17T14:15:11.733+0800][59461][gc,ref      ] GC(5) Phantom: 1 encountered, 1 discovered, 0 enqueued
[2018-12-17T14:15:11.733+0800][59461][gc,heap     ] GC(5)                Mark Start          Mark End        Relocate Start      Relocate End           High               Low         
[2018-12-17T14:15:11.733+0800][59461][gc,heap     ] GC(5)  Capacity:      764M (75%)         884M (86%)         894M (87%)         894M (87%)         894M (87%)         764M (75%)    
[2018-12-17T14:15:11.733+0800][59461][gc,heap     ] GC(5)   Reserve:       42M (4%)           42M (4%)           42M (4%)           42M (4%)           42M (4%)           42M (4%)     
[2018-12-17T14:15:11.733+0800][59461][gc,heap     ] GC(5)      Free:      330M (32%)         210M (21%)         744M (73%)         724M (71%)         744M (73%)         200M (20%)    
[2018-12-17T14:15:11.733+0800][59461][gc,heap     ] GC(5)      Used:      652M (64%)         772M (75%)         238M (23%)         258M (25%)         782M (76%)         238M (23%)    
[2018-12-17T14:15:11.733+0800][59461][gc,heap     ] GC(5)      Live:         -                74M (7%)           74M (7%)           74M (7%)             -                  -          
[2018-12-17T14:15:11.733+0800][59461][gc,heap     ] GC(5) Allocated:         -               120M (12%)         130M (13%)         156M (15%)            -                  -          
[2018-12-17T14:15:11.733+0800][59461][gc,heap     ] GC(5)   Garbage:         -               577M (56%)          33M (3%)           33M (3%)             -                  -          
[2018-12-17T14:15:11.733+0800][59461][gc,heap     ] GC(5) Reclaimed:         -                  -               544M (53%)         544M (53%)            -                  -          
[2018-12-17T14:15:11.733+0800][59461][gc          ] GC(5) Garbage Collection (Allocation Rate) 652M(64%)->258M(25%)
[2018-12-17T14:15:11.767+0800][59461][gc,start    ] GC(6) Garbage Collection (Allocation Rate)
[2018-12-17T14:15:11.767+0800][59468][gc,phases   ] GC(6) Pause Mark Start 0.097ms
[2018-12-17T14:15:11.811+0800][59461][gc,phases   ] GC(6) Concurrent Mark 43.671ms
[2018-12-17T14:15:11.811+0800][59468][gc,phases   ] GC(6) Pause Mark End 0.086ms
[2018-12-17T14:15:11.811+0800][59461][gc,phases   ] GC(6) Concurrent Process Non-Strong References 0.144ms
[2018-12-17T14:15:11.811+0800][59461][gc,phases   ] GC(6) Concurrent Reset Relocation Set 0.005ms
[2018-12-17T14:15:11.811+0800][59461][gc,phases   ] GC(6) Concurrent Destroy Detached Pages 0.001ms
[2018-12-17T14:15:11.814+0800][59461][gc,phases   ] GC(6) Concurrent Select Relocation Set 2.372ms
[2018-12-17T14:15:11.814+0800][59461][gc,phases   ] GC(6) Concurrent Prepare Relocation Set 0.173ms
[2018-12-17T14:15:11.814+0800][59468][gc,phases   ] GC(6) Pause Relocate Start 0.153ms
[2018-12-17T14:15:11.817+0800][59461][gc,phases   ] GC(6) Concurrent Relocate 2.936ms
[2018-12-17T14:15:11.817+0800][59461][gc,load     ] GC(6) Load: 0.85/0.82/0.91
[2018-12-17T14:15:11.817+0800][59461][gc,mmu      ] GC(6) MMU: 2ms/6.8%, 5ms/60.6%, 10ms/80.3%, 20ms/90.2%, 50ms/96.1%, 100ms/97.9%
[2018-12-17T14:15:11.817+0800][59461][gc,marking  ] GC(6) Mark: 1 stripe(s), 1 proactive flush(es), 1 terminate flush(es), 0 completion(s), 0 continuation(s) 
[2018-12-17T14:15:11.817+0800][59461][gc,reloc    ] GC(6) Relocation: Successful, 45M relocated
[2018-12-17T14:15:11.817+0800][59461][gc,nmethod  ] GC(6) NMethods: 39 registered, 0 unregistered
[2018-12-17T14:15:11.817+0800][59461][gc,metaspace] GC(6) Metaspace: 4M used, 4M capacity, 5M committed, 8M reserved
[2018-12-17T14:15:11.817+0800][59461][gc,ref      ] GC(6) Soft: 106 encountered, 0 discovered, 0 enqueued
[2018-12-17T14:15:11.817+0800][59461][gc,ref      ] GC(6) Weak: 169 encountered, 138 discovered, 0 enqueued
[2018-12-17T14:15:11.817+0800][59461][gc,ref      ] GC(6) Final: 0 encountered, 0 discovered, 0 enqueued
[2018-12-17T14:15:11.817+0800][59461][gc,ref      ] GC(6) Phantom: 1 encountered, 1 discovered, 0 enqueued
[2018-12-17T14:15:11.817+0800][59461][gc,heap     ] GC(6)                Mark Start          Mark End        Relocate Start      Relocate End           High               Low         
[2018-12-17T14:15:11.817+0800][59461][gc,heap     ] GC(6)  Capacity:      894M (87%)         894M (87%)         894M (87%)         894M (87%)         894M (87%)         894M (87%)    
[2018-12-17T14:15:11.817+0800][59461][gc,heap     ] GC(6)   Reserve:       42M (4%)           42M (4%)           42M (4%)           42M (4%)           42M (4%)           42M (4%)     
[2018-12-17T14:15:11.817+0800][59461][gc,heap     ] GC(6)      Free:      664M (65%)         664M (65%)         874M (85%)         874M (85%)         874M (85%)         664M (65%)    
[2018-12-17T14:15:11.817+0800][59461][gc,heap     ] GC(6)      Used:      318M (31%)         318M (31%)         108M (11%)         108M (11%)         318M (31%)         108M (11%)    
[2018-12-17T14:15:11.817+0800][59461][gc,heap     ] GC(6)      Live:         -                74M (7%)           74M (7%)           74M (7%)             -                  -          
[2018-12-17T14:15:11.817+0800][59461][gc,heap     ] GC(6) Allocated:         -                 0M (0%)            0M (0%)            6M (1%)             -                  -          
[2018-12-17T14:15:11.817+0800][59461][gc,heap     ] GC(6)   Garbage:         -               243M (24%)          33M (3%)           33M (3%)             -                  -          
[2018-12-17T14:15:11.817+0800][59461][gc,heap     ] GC(6) Reclaimed:         -                  -               210M (21%)         210M (21%)            -                  -          
[2018-12-17T14:15:11.817+0800][59461][gc          ] GC(6) Garbage Collection (Allocation Rate) 318M(31%)->108M(11%)
[2018-12-17T14:15:11.866+0800][59461][gc,start    ] GC(7) Garbage Collection (Allocation Rate)
[2018-12-17T14:15:11.867+0800][59468][gc,phases   ] GC(7) Pause Mark Start 0.138ms
[2018-12-17T14:15:11.945+0800][59461][gc,phases   ] GC(7) Concurrent Mark 78.762ms
[2018-12-17T14:15:11.948+0800][59468][gc,phases   ] GC(7) Pause Mark End 0.097ms
[2018-12-17T14:15:11.949+0800][59461][gc,phases   ] GC(7) Concurrent Process Non-Strong References 0.264ms
[2018-12-17T14:15:11.949+0800][59461][gc,phases   ] GC(7) Concurrent Reset Relocation Set 0.013ms
[2018-12-17T14:15:11.949+0800][59461][gc,phases   ] GC(7) Concurrent Destroy Detached Pages 0.002ms
[2018-12-17T14:15:11.954+0800][59461][gc,phases   ] GC(7) Concurrent Select Relocation Set 4.430ms
[2018-12-17T14:15:11.954+0800][59461][gc,phases   ] GC(7) Concurrent Prepare Relocation Set 0.889ms
[2018-12-17T14:15:11.957+0800][59468][gc,phases   ] GC(7) Pause Relocate Start 1.649ms
[2018-12-17T14:15:11.989+0800][59461][gc,phases   ] GC(7) Concurrent Relocate 31.903ms
[2018-12-17T14:15:11.989+0800][59461][gc,load     ] GC(7) Load: 0.85/0.82/0.91
[2018-12-17T14:15:11.989+0800][59461][gc,mmu      ] GC(7) MMU: 2ms/6.8%, 5ms/60.6%, 10ms/80.3%, 20ms/90.2%, 50ms/96.1%, 100ms/97.9%
[2018-12-17T14:15:11.989+0800][59461][gc,marking  ] GC(7) Mark: 1 stripe(s), 2 proactive flush(es), 1 terminate flush(es), 0 completion(s), 0 continuation(s) 
[2018-12-17T14:15:11.989+0800][59461][gc,reloc    ] GC(7) Relocation: Successful, 56M relocated
[2018-12-17T14:15:11.989+0800][59461][gc,nmethod  ] GC(7) NMethods: 39 registered, 0 unregistered
[2018-12-17T14:15:11.989+0800][59461][gc,metaspace] GC(7) Metaspace: 4M used, 4M capacity, 5M committed, 8M reserved
[2018-12-17T14:15:11.989+0800][59461][gc,ref      ] GC(7) Soft: 106 encountered, 0 discovered, 0 enqueued
[2018-12-17T14:15:11.989+0800][59461][gc,ref      ] GC(7) Weak: 169 encountered, 138 discovered, 0 enqueued
[2018-12-17T14:15:11.989+0800][59461][gc,ref      ] GC(7) Final: 0 encountered, 0 discovered, 0 enqueued
[2018-12-17T14:15:11.989+0800][59461][gc,ref      ] GC(7) Phantom: 1 encountered, 1 discovered, 0 enqueued
[2018-12-17T14:15:11.989+0800][59461][gc,heap     ] GC(7)                Mark Start          Mark End        Relocate Start      Relocate End           High               Low         
[2018-12-17T14:15:11.989+0800][59461][gc,heap     ] GC(7)  Capacity:      896M (88%)         898M (88%)         898M (88%)         940M (92%)         940M (92%)         896M (88%)    
[2018-12-17T14:15:11.989+0800][59461][gc,heap     ] GC(7)   Reserve:       42M (4%)           42M (4%)           42M (4%)           42M (4%)           42M (4%)           42M (4%)     
[2018-12-17T14:15:11.989+0800][59461][gc,heap     ] GC(7)      Free:      830M (81%)         606M (59%)         576M (56%)         436M (43%)         830M (81%)         426M (42%)    
[2018-12-17T14:15:11.989+0800][59461][gc,heap     ] GC(7)      Used:      152M (15%)         376M (37%)         406M (40%)         546M (53%)         556M (54%)         152M (15%)    
[2018-12-17T14:15:11.989+0800][59461][gc,heap     ] GC(7)      Live:         -                95M (9%)           95M (9%)           95M (9%)             -                  -          
[2018-12-17T14:15:11.989+0800][59461][gc,heap     ] GC(7) Allocated:         -               224M (22%)         254M (25%)         500M (49%)            -                  -          
[2018-12-17T14:15:11.989+0800][59461][gc,heap     ] GC(7)   Garbage:         -                56M (6%)           56M (6%)           26M (3%)             -                  -          
[2018-12-17T14:15:11.989+0800][59461][gc,heap     ] GC(7) Reclaimed:         -                  -                 0M (0%)           30M (3%)             -                  -          
[2018-12-17T14:15:11.989+0800][59461][gc          ] GC(7) Garbage Collection (Allocation Rate) 152M(15%)->546M(53%)
[2018-12-17T14:15:12.053+0800][59454][gc,heap     ] Page Cache Flushed: 6M requested, 32M(72M->40M) flushed
[2018-12-17T14:15:12.061+0800][59454][gc,heap     ] Page Cache Flushed: 4M requested, 32M(40M->8M) flushed
[2018-12-17T14:15:12.066+0800][59461][gc,start    ] GC(8) Garbage Collection (Allocation Rate)
[2018-12-17T14:15:12.067+0800][59468][gc,phases   ] GC(8) Pause Mark Start 0.139ms
[2018-12-17T14:15:12.070+0800][59454][gc,heap     ] Page Cache Flushed: 2M requested, 2M(8M->6M) flushed
[2018-12-17T14:15:12.143+0800][59461][gc,phases   ] GC(8) Concurrent Mark 76.196ms
[2018-12-17T14:15:12.144+0800][59468][gc,phases   ] GC(8) Pause Mark End 0.093ms
[2018-12-17T14:15:12.144+0800][59461][gc,phases   ] GC(8) Concurrent Process Non-Strong References 0.210ms
[2018-12-17T14:15:12.144+0800][59461][gc,phases   ] GC(8) Concurrent Reset Relocation Set 0.158ms
[2018-12-17T14:15:12.144+0800][59461][gc,phases   ] GC(8) Concurrent Destroy Detached Pages 0.007ms
[2018-12-17T14:15:12.144+0800][59454][gc          ] Allocation Stall (main) 70.440ms
[2018-12-17T14:15:12.147+0800][59461][gc,phases   ] GC(8) Concurrent Select Relocation Set 2.952ms
[2018-12-17T14:15:12.147+0800][59461][gc,phases   ] GC(8) Concurrent Prepare Relocation Set 0.337ms
[2018-12-17T14:15:12.149+0800][59468][gc,phases   ] GC(8) Pause Relocate Start 0.148ms
[2018-12-17T14:15:12.154+0800][59461][gc,phases   ] GC(8) Concurrent Relocate 4.659ms
[2018-12-17T14:15:12.154+0800][59461][gc,load     ] GC(8) Load: 0.85/0.82/0.91
[2018-12-17T14:15:12.154+0800][59461][gc,mmu      ] GC(8) MMU: 2ms/6.8%, 5ms/60.6%, 10ms/80.3%, 20ms/90.2%, 50ms/96.1%, 100ms/97.9%
[2018-12-17T14:15:12.154+0800][59461][gc,marking  ] GC(8) Mark: 1 stripe(s), 1 proactive flush(es), 1 terminate flush(es), 0 completion(s), 0 continuation(s) 
[2018-12-17T14:15:12.154+0800][59461][gc,reloc    ] GC(8) Relocation: Successful, 35M relocated
[2018-12-17T14:15:12.154+0800][59461][gc,nmethod  ] GC(8) NMethods: 39 registered, 0 unregistered
[2018-12-17T14:15:12.154+0800][59461][gc,metaspace] GC(8) Metaspace: 4M used, 4M capacity, 5M committed, 8M reserved
[2018-12-17T14:15:12.154+0800][59461][gc,ref      ] GC(8) Soft: 106 encountered, 0 discovered, 0 enqueued
[2018-12-17T14:15:12.154+0800][59461][gc,ref      ] GC(8) Weak: 169 encountered, 138 discovered, 0 enqueued
[2018-12-17T14:15:12.154+0800][59461][gc,ref      ] GC(8) Final: 0 encountered, 0 discovered, 0 enqueued
[2018-12-17T14:15:12.154+0800][59461][gc,ref      ] GC(8) Phantom: 1 encountered, 1 discovered, 0 enqueued
[2018-12-17T14:15:12.154+0800][59461][gc,heap     ] GC(8)                Mark Start          Mark End        Relocate Start      Relocate End           High               Low         
[2018-12-17T14:15:12.154+0800][59461][gc,heap     ] GC(8)  Capacity:     1024M (100%)       1024M (100%)       1024M (100%)       1024M (100%)       1024M (100%)       1024M (100%)   
[2018-12-17T14:15:12.154+0800][59461][gc,heap     ] GC(8)   Reserve:       42M (4%)           42M (4%)           42M (4%)           42M (4%)           42M (4%)           42M (4%)     
[2018-12-17T14:15:12.154+0800][59461][gc,heap     ] GC(8)      Free:       26M (3%)            6M (1%)          796M (78%)         782M (76%)         796M (78%)           6M (1%)     
[2018-12-17T14:15:12.154+0800][59461][gc,heap     ] GC(8)      Used:      956M (93%)         976M (95%)         186M (18%)         200M (20%)         976M (95%)         186M (18%)    
[2018-12-17T14:15:12.154+0800][59461][gc,heap     ] GC(8)      Live:         -               105M (10%)         105M (10%)         105M (10%)            -                  -          
[2018-12-17T14:15:12.154+0800][59461][gc,heap     ] GC(8) Allocated:         -                20M (2%)           30M (3%)           56M (5%)             -                  -          
[2018-12-17T14:15:12.154+0800][59461][gc,heap     ] GC(8)   Garbage:         -               850M (83%)          50M (5%)           44M (4%)             -                  -          
[2018-12-17T14:15:12.154+0800][59461][gc,heap     ] GC(8) Reclaimed:         -                  -               800M (78%)         806M (79%)            -                  -          
[2018-12-17T14:15:12.154+0800][59461][gc          ] GC(8) Garbage Collection (Allocation Rate) 956M(93%)->200M(20%)
[2018-12-17T14:15:12.166+0800][59461][gc,start    ] GC(9) Garbage Collection (Allocation Rate)
[2018-12-17T14:15:12.168+0800][59468][gc,phases   ] GC(9) Pause Mark Start 0.134ms
[2018-12-17T14:15:12.232+0800][59461][gc,phases   ] GC(9) Concurrent Mark 64.244ms
[2018-12-17T14:15:12.232+0800][59468][gc,phases   ] GC(9) Pause Mark End 0.096ms
[2018-12-17T14:15:12.233+0800][59461][gc,phases   ] GC(9) Concurrent Process Non-Strong References 0.229ms
[2018-12-17T14:15:12.233+0800][59461][gc,phases   ] GC(9) Concurrent Reset Relocation Set 0.008ms
[2018-12-17T14:15:12.233+0800][59461][gc,phases   ] GC(9) Concurrent Destroy Detached Pages 0.001ms
[2018-12-17T14:15:12.235+0800][59461][gc,phases   ] GC(9) Concurrent Select Relocation Set 2.405ms
[2018-12-17T14:15:12.235+0800][59461][gc,phases   ] GC(9) Concurrent Prepare Relocation Set 0.112ms
[2018-12-17T14:15:12.236+0800][59468][gc,phases   ] GC(9) Pause Relocate Start 0.094ms
[2018-12-17T14:15:12.238+0800][59461][gc,phases   ] GC(9) Concurrent Relocate 2.676ms
[2018-12-17T14:15:12.238+0800][59461][gc,load     ] GC(9) Load: 0.85/0.82/0.91
[2018-12-17T14:15:12.238+0800][59461][gc,mmu      ] GC(9) MMU: 2ms/6.8%, 5ms/60.6%, 10ms/80.3%, 20ms/90.2%, 50ms/96.1%, 100ms/97.9%
[2018-12-17T14:15:12.238+0800][59461][gc,marking  ] GC(9) Mark: 1 stripe(s), 1 proactive flush(es), 1 terminate flush(es), 0 completion(s), 0 continuation(s) 
[2018-12-17T14:15:12.238+0800][59461][gc,reloc    ] GC(9) Relocation: Successful, 35M relocated
[2018-12-17T14:15:12.238+0800][59461][gc,nmethod  ] GC(9) NMethods: 39 registered, 0 unregistered
[2018-12-17T14:15:12.238+0800][59461][gc,metaspace] GC(9) Metaspace: 4M used, 4M capacity, 5M committed, 8M reserved
[2018-12-17T14:15:12.238+0800][59461][gc,ref      ] GC(9) Soft: 106 encountered, 0 discovered, 0 enqueued
[2018-12-17T14:15:12.238+0800][59461][gc,ref      ] GC(9) Weak: 169 encountered, 138 discovered, 0 enqueued
[2018-12-17T14:15:12.238+0800][59461][gc,ref      ] GC(9) Final: 0 encountered, 0 discovered, 0 enqueued
[2018-12-17T14:15:12.238+0800][59461][gc,ref      ] GC(9) Phantom: 1 encountered, 1 discovered, 0 enqueued
[2018-12-17T14:15:12.238+0800][59461][gc,heap     ] GC(9)                Mark Start          Mark End        Relocate Start      Relocate End           High               Low         
[2018-12-17T14:15:12.238+0800][59461][gc,heap     ] GC(9)  Capacity:     1024M (100%)       1024M (100%)       1024M (100%)       1024M (100%)       1024M (100%)       1024M (100%)   
[2018-12-17T14:15:12.238+0800][59461][gc,heap     ] GC(9)   Reserve:       42M (4%)           42M (4%)           42M (4%)           42M (4%)           42M (4%)           42M (4%)     
[2018-12-17T14:15:12.238+0800][59461][gc,heap     ] GC(9)      Free:      732M (71%)         632M (62%)         732M (71%)         732M (71%)         732M (71%)         632M (62%)    
[2018-12-17T14:15:12.238+0800][59461][gc,heap     ] GC(9)      Used:      250M (24%)         350M (34%)         250M (24%)         250M (24%)         350M (34%)         250M (24%)    
[2018-12-17T14:15:12.238+0800][59461][gc,heap     ] GC(9)      Live:         -               105M (10%)         105M (10%)         105M (10%)            -                  -          
[2018-12-17T14:15:12.238+0800][59461][gc,heap     ] GC(9) Allocated:         -               100M (10%)         100M (10%)         106M (10%)            -                  -          
[2018-12-17T14:15:12.238+0800][59461][gc,heap     ] GC(9)   Garbage:         -               144M (14%)          44M (4%)           44M (4%)             -                  -          
[2018-12-17T14:15:12.238+0800][59461][gc,heap     ] GC(9) Reclaimed:         -                  -               100M (10%)         100M (10%)            -                  -          
[2018-12-17T14:15:12.238+0800][59461][gc          ] GC(9) Garbage Collection (Allocation Rate) 250M(24%)->250M(24%)
[2018-12-17T14:15:12.266+0800][59461][gc,start    ] GC(10) Garbage Collection (Allocation Rate)
[2018-12-17T14:15:12.267+0800][59468][gc,phases   ] GC(10) Pause Mark Start 0.081ms
[2018-12-17T14:15:12.315+0800][59454][gc,heap     ] Page Cache Flushed: 32M requested, 40M(720M->680M) flushed
[2018-12-17T14:15:12.325+0800][59461][gc,phases   ] GC(10) Concurrent Mark 58.324ms
[2018-12-17T14:15:12.326+0800][59468][gc,phases   ] GC(10) Pause Mark End 0.073ms
[2018-12-17T14:15:12.326+0800][59461][gc,phases   ] GC(10) Concurrent Process Non-Strong References 0.212ms
[2018-12-17T14:15:12.326+0800][59461][gc,phases   ] GC(10) Concurrent Reset Relocation Set 0.003ms
[2018-12-17T14:15:12.326+0800][59461][gc,phases   ] GC(10) Concurrent Destroy Detached Pages 0.003ms
[2018-12-17T14:15:12.328+0800][59461][gc,phases   ] GC(10) Concurrent Select Relocation Set 1.235ms
[2018-12-17T14:15:12.328+0800][59461][gc,phases   ] GC(10) Concurrent Prepare Relocation Set 0.050ms
[2018-12-17T14:15:12.328+0800][59468][gc,phases   ] GC(10) Pause Relocate Start 0.194ms
[2018-12-17T14:15:12.331+0800][59461][gc,phases   ] GC(10) Concurrent Relocate 2.432ms
[2018-12-17T14:15:12.331+0800][59461][gc,load     ] GC(10) Load: 0.85/0.82/0.91
[2018-12-17T14:15:12.331+0800][59461][gc,mmu      ] GC(10) MMU: 2ms/6.8%, 5ms/60.6%, 10ms/80.3%, 20ms/90.2%, 50ms/96.1%, 100ms/97.9%
[2018-12-17T14:15:12.331+0800][59461][gc,marking  ] GC(10) Mark: 1 stripe(s), 1 proactive flush(es), 1 terminate flush(es), 0 completion(s), 0 continuation(s) 
[2018-12-17T14:15:12.331+0800][59461][gc,reloc    ] GC(10) Relocation: Successful, 35M relocated
[2018-12-17T14:15:12.331+0800][59461][gc,nmethod  ] GC(10) NMethods: 39 registered, 0 unregistered
[2018-12-17T14:15:12.331+0800][59461][gc,metaspace] GC(10) Metaspace: 4M used, 4M capacity, 5M committed, 8M reserved
[2018-12-17T14:15:12.331+0800][59461][gc,ref      ] GC(10) Soft: 106 encountered, 0 discovered, 0 enqueued
[2018-12-17T14:15:12.331+0800][59461][gc,ref      ] GC(10) Weak: 169 encountered, 138 discovered, 0 enqueued
[2018-12-17T14:15:12.331+0800][59461][gc,ref      ] GC(10) Final: 0 encountered, 0 discovered, 0 enqueued
[2018-12-17T14:15:12.331+0800][59461][gc,ref      ] GC(10) Phantom: 1 encountered, 1 discovered, 0 enqueued
[2018-12-17T14:15:12.331+0800][59461][gc,heap     ] GC(10)                Mark Start          Mark End        Relocate Start      Relocate End           High               Low         
[2018-12-17T14:15:12.331+0800][59461][gc,heap     ] GC(10)  Capacity:     1024M (100%)       1024M (100%)       1024M (100%)       1024M (100%)       1024M (100%)       1024M (100%)   
[2018-12-17T14:15:12.331+0800][59461][gc,heap     ] GC(10)   Reserve:       42M (4%)           42M (4%)           42M (4%)           42M (4%)           42M (4%)           42M (4%)     
[2018-12-17T14:15:12.331+0800][59461][gc,heap     ] GC(10)      Free:      732M (71%)         688M (67%)         788M (77%)         786M (77%)         788M (77%)         688M (67%)    
[2018-12-17T14:15:12.331+0800][59461][gc,heap     ] GC(10)      Used:      250M (24%)         294M (29%)         194M (19%)         196M (19%)         294M (29%)         194M (19%)    
[2018-12-17T14:15:12.331+0800][59461][gc,heap     ] GC(10)      Live:         -               105M (10%)         105M (10%)         105M (10%)            -                  -          
[2018-12-17T14:15:12.331+0800][59461][gc,heap     ] GC(10) Allocated:         -                44M (4%)           44M (4%)           52M (5%)             -                  -          
[2018-12-17T14:15:12.331+0800][59461][gc,heap     ] GC(10)   Garbage:         -               144M (14%)          44M (4%)           46M (5%)             -                  -          
[2018-12-17T14:15:12.331+0800][59461][gc,heap     ] GC(10) Reclaimed:         -                  -               100M (10%)          98M (10%)            -                  -          
[2018-12-17T14:15:12.331+0800][59461][gc          ] GC(10) Garbage Collection (Allocation Rate) 250M(24%)->196M(19%)
[2018-12-17T14:15:12.332+0800][59454][gc,heap     ] Page Cache Flushed: 32M requested, 40M(786M->746M) flushed
[2018-12-17T14:15:12.366+0800][59461][gc,start    ] GC(11) Garbage Collection (Allocation Rate)
[2018-12-17T14:15:12.368+0800][59468][gc,phases   ] GC(11) Pause Mark Start 0.059ms
[2018-12-17T14:15:12.452+0800][59461][gc,phases   ] GC(11) Concurrent Mark 83.194ms
[2018-12-17T14:15:12.456+0800][59468][gc,phases   ] GC(11) Pause Mark End 0.082ms
[2018-12-17T14:15:12.456+0800][59461][gc,phases   ] GC(11) Concurrent Process Non-Strong References 0.229ms
[2018-12-17T14:15:12.456+0800][59461][gc,phases   ] GC(11) Concurrent Reset Relocation Set 0.002ms
[2018-12-17T14:15:12.456+0800][59461][gc,phases   ] GC(11) Concurrent Destroy Detached Pages 0.003ms
[2018-12-17T14:15:12.457+0800][59461][gc,phases   ] GC(11) Concurrent Select Relocation Set 1.374ms
[2018-12-17T14:15:12.458+0800][59461][gc,phases   ] GC(11) Concurrent Prepare Relocation Set 0.792ms
[2018-12-17T14:15:12.460+0800][59468][gc,phases   ] GC(11) Pause Relocate Start 0.056ms
[2018-12-17T14:15:12.488+0800][59461][gc,phases   ] GC(11) Concurrent Relocate 27.718ms
[2018-12-17T14:15:12.488+0800][59461][gc,load     ] GC(11) Load: 0.85/0.82/0.91
[2018-12-17T14:15:12.488+0800][59461][gc,mmu      ] GC(11) MMU: 2ms/6.8%, 5ms/60.6%, 10ms/80.3%, 20ms/90.2%, 50ms/96.1%, 100ms/97.9%
[2018-12-17T14:15:12.488+0800][59461][gc,marking  ] GC(11) Mark: 1 stripe(s), 1 proactive flush(es), 1 terminate flush(es), 0 completion(s), 0 continuation(s) 
[2018-12-17T14:15:12.488+0800][59461][gc,reloc    ] GC(11) Relocation: Successful, 56M relocated
[2018-12-17T14:15:12.488+0800][59461][gc,nmethod  ] GC(11) NMethods: 39 registered, 0 unregistered
[2018-12-17T14:15:12.488+0800][59461][gc,metaspace] GC(11) Metaspace: 4M used, 4M capacity, 5M committed, 8M reserved
[2018-12-17T14:15:12.488+0800][59461][gc,ref      ] GC(11) Soft: 106 encountered, 0 discovered, 0 enqueued
[2018-12-17T14:15:12.488+0800][59461][gc,ref      ] GC(11) Weak: 169 encountered, 138 discovered, 0 enqueued
[2018-12-17T14:15:12.488+0800][59461][gc,ref      ] GC(11) Final: 0 encountered, 0 discovered, 0 enqueued
[2018-12-17T14:15:12.488+0800][59461][gc,ref      ] GC(11) Phantom: 1 encountered, 1 discovered, 0 enqueued
[2018-12-17T14:15:12.488+0800][59461][gc,heap     ] GC(11)                Mark Start          Mark End        Relocate Start      Relocate End           High               Low         
[2018-12-17T14:15:12.488+0800][59461][gc,heap     ] GC(11)  Capacity:     1024M (100%)       1024M (100%)       1024M (100%)       1024M (100%)       1024M (100%)       1024M (100%)   
[2018-12-17T14:15:12.488+0800][59461][gc,heap     ] GC(11)   Reserve:       42M (4%)           42M (4%)           42M (4%)           42M (4%)           42M (4%)           42M (4%)     
[2018-12-17T14:15:12.488+0800][59461][gc,heap     ] GC(11)      Free:      684M (67%)         394M (38%)         454M (44%)         412M (40%)         684M (67%)         378M (37%)    
[2018-12-17T14:15:12.488+0800][59461][gc,heap     ] GC(11)      Used:      298M (29%)         588M (57%)         528M (52%)         570M (56%)         604M (59%)         298M (29%)    
[2018-12-17T14:15:12.488+0800][59461][gc,heap     ] GC(11)      Live:         -               136M (13%)         136M (13%)         136M (13%)            -                  -          
[2018-12-17T14:15:12.488+0800][59461][gc,heap     ] GC(11) Allocated:         -               290M (28%)         300M (29%)         482M (47%)            -                  -          
[2018-12-17T14:15:12.488+0800][59461][gc,heap     ] GC(11)   Garbage:         -               161M (16%)          91M (9%)           23M (2%)             -                  -          
[2018-12-17T14:15:12.488+0800][59461][gc,heap     ] GC(11) Reclaimed:         -                  -                70M (7%)          138M (13%)            -                  -          
[2018-12-17T14:15:12.488+0800][59461][gc          ] GC(11) Garbage Collection (Allocation Rate) 298M(29%)->570M(56%)
[2018-12-17T14:15:12.549+0800][59454][gc,heap     ] Page Cache Flushed: 10M requested, 32M(106M->74M) flushed
[2018-12-17T14:15:12.553+0800][59454][gc,heap     ] Page Cache Flushed: 10M requested, 32M(74M->42M) flushed
[2018-12-17T14:15:12.561+0800][59454][gc,heap     ] Page Cache Flushed: 10M requested, 32M(42M->10M) flushed
[2018-12-17T14:15:12.567+0800][59461][gc,start    ] GC(12) Garbage Collection (Allocation Rate)
[2018-12-17T14:15:12.569+0800][59468][gc,phases   ] GC(12) Pause Mark Start 0.075ms
[2018-12-17T14:15:12.569+0800][59454][gc,heap     ] Page Cache Flushed: 8M requested, 8M(10M->2M) flushed
[2018-12-17T14:15:12.651+0800][59461][gc,phases   ] GC(12) Concurrent Mark 82.053ms
[2018-12-17T14:15:12.651+0800][59468][gc,phases   ] GC(12) Pause Mark End 0.067ms
[2018-12-17T14:15:12.651+0800][59461][gc,phases   ] GC(12) Concurrent Process Non-Strong References 0.182ms
[2018-12-17T14:15:12.652+0800][59461][gc,phases   ] GC(12) Concurrent Reset Relocation Set 0.112ms
[2018-12-17T14:15:12.652+0800][59461][gc,phases   ] GC(12) Concurrent Destroy Detached Pages 0.007ms
[2018-12-17T14:15:12.652+0800][59454][gc          ] Allocation Stall (main) 79.402ms
[2018-12-17T14:15:12.657+0800][59461][gc,phases   ] GC(12) Concurrent Select Relocation Set 5.198ms
[2018-12-17T14:15:12.657+0800][59461][gc,phases   ] GC(12) Concurrent Prepare Relocation Set 0.209ms
[2018-12-17T14:15:12.658+0800][59468][gc,phases   ] GC(12) Pause Relocate Start 0.157ms
[2018-12-17T14:15:12.662+0800][59461][gc,phases   ] GC(12) Concurrent Relocate 3.348ms
[2018-12-17T14:15:12.662+0800][59461][gc,load     ] GC(12) Load: 0.85/0.82/0.91
[2018-12-17T14:15:12.662+0800][59461][gc,mmu      ] GC(12) MMU: 2ms/6.8%, 5ms/60.6%, 10ms/80.3%, 20ms/90.2%, 50ms/96.1%, 100ms/97.9%
[2018-12-17T14:15:12.662+0800][59461][gc,marking  ] GC(12) Mark: 1 stripe(s), 1 proactive flush(es), 1 terminate flush(es), 0 completion(s), 0 continuation(s) 
[2018-12-17T14:15:12.662+0800][59461][gc,reloc    ] GC(12) Relocation: Successful, 24M relocated
[2018-12-17T14:15:12.662+0800][59461][gc,nmethod  ] GC(12) NMethods: 39 registered, 0 unregistered
[2018-12-17T14:15:12.662+0800][59461][gc,metaspace] GC(12) Metaspace: 4M used, 4M capacity, 5M committed, 8M reserved
[2018-12-17T14:15:12.662+0800][59461][gc,ref      ] GC(12) Soft: 106 encountered, 0 discovered, 0 enqueued
[2018-12-17T14:15:12.662+0800][59461][gc,ref      ] GC(12) Weak: 169 encountered, 138 discovered, 0 enqueued
[2018-12-17T14:15:12.662+0800][59461][gc,ref      ] GC(12) Final: 0 encountered, 0 discovered, 0 enqueued
[2018-12-17T14:15:12.662+0800][59461][gc,ref      ] GC(12) Phantom: 1 encountered, 1 discovered, 0 enqueued
[2018-12-17T14:15:12.662+0800][59461][gc,heap     ] GC(12)                Mark Start          Mark End        Relocate Start      Relocate End           High               Low         
[2018-12-17T14:15:12.662+0800][59461][gc,heap     ] GC(12)  Capacity:     1024M (100%)       1024M (100%)       1024M (100%)       1024M (100%)       1024M (100%)       1024M (100%)   
[2018-12-17T14:15:12.662+0800][59461][gc,heap     ] GC(12)   Reserve:       42M (4%)           42M (4%)           42M (4%)           42M (4%)           42M (4%)           42M (4%)     
[2018-12-17T14:15:12.662+0800][59461][gc,heap     ] GC(12)      Free:       12M (1%)            2M (0%)          752M (73%)         712M (70%)         762M (74%)           2M (0%)     
[2018-12-17T14:15:12.662+0800][59461][gc,heap     ] GC(12)      Used:      970M (95%)         980M (96%)         230M (22%)         270M (26%)         980M (96%)         220M (21%)    
[2018-12-17T14:15:12.662+0800][59461][gc,heap     ] GC(12)      Live:         -               136M (13%)         136M (13%)         136M (13%)            -                  -          
[2018-12-17T14:15:12.662+0800][59461][gc,heap     ] GC(12) Allocated:         -                10M (1%)           70M (7%)          116M (11%)            -                  -          
[2018-12-17T14:15:12.662+0800][59461][gc,heap     ] GC(12)   Garbage:         -               833M (81%)          23M (2%)           23M (2%)             -                  -          
[2018-12-17T14:15:12.662+0800][59461][gc,heap     ] GC(12) Reclaimed:         -                  -               810M (79%)         810M (79%)            -                  -          
[2018-12-17T14:15:12.662+0800][59461][gc          ] GC(12) Garbage Collection (Allocation Rate) 970M(95%)->270M(26%)
[2018-12-17T14:15:12.667+0800][59461][gc,start    ] GC(13) Garbage Collection (Allocation Rate)
[2018-12-17T14:15:12.667+0800][59468][gc,phases   ] GC(13) Pause Mark Start 0.073ms
[2018-12-17T14:15:12.744+0800][59461][gc,phases   ] GC(13) Concurrent Mark 76.904ms
[2018-12-17T14:15:12.744+0800][59468][gc,phases   ] GC(13) Pause Mark End 0.059ms
[2018-12-17T14:15:12.744+0800][59461][gc,phases   ] GC(13) Concurrent Process Non-Strong References 0.122ms
[2018-12-17T14:15:12.744+0800][59461][gc,phases   ] GC(13) Concurrent Reset Relocation Set 0.003ms
[2018-12-17T14:15:12.744+0800][59461][gc,phases   ] GC(13) Concurrent Destroy Detached Pages 0.000ms
[2018-12-17T14:15:12.745+0800][59461][gc,phases   ] GC(13) Concurrent Select Relocation Set 1.251ms
[2018-12-17T14:15:12.746+0800][59461][gc,phases   ] GC(13) Concurrent Prepare Relocation Set 0.118ms
[2018-12-17T14:15:12.746+0800][59468][gc,phases   ] GC(13) Pause Relocate Start 0.092ms
[2018-12-17T14:15:12.748+0800][59461][gc,phases   ] GC(13) Concurrent Relocate 2.604ms
[2018-12-17T14:15:12.748+0800][59461][gc,load     ] GC(13) Load: 0.85/0.82/0.91
[2018-12-17T14:15:12.748+0800][59461][gc,mmu      ] GC(13) MMU: 2ms/6.8%, 5ms/60.6%, 10ms/80.3%, 20ms/90.2%, 50ms/96.1%, 100ms/97.9%
[2018-12-17T14:15:12.748+0800][59461][gc,marking  ] GC(13) Mark: 1 stripe(s), 1 proactive flush(es), 1 terminate flush(es), 0 completion(s), 0 continuation(s) 
[2018-12-17T14:15:12.748+0800][59461][gc,reloc    ] GC(13) Relocation: Successful, 24M relocated
[2018-12-17T14:15:12.748+0800][59461][gc,nmethod  ] GC(13) NMethods: 39 registered, 0 unregistered
[2018-12-17T14:15:12.748+0800][59461][gc,metaspace] GC(13) Metaspace: 4M used, 4M capacity, 5M committed, 8M reserved
[2018-12-17T14:15:12.748+0800][59461][gc,ref      ] GC(13) Soft: 106 encountered, 0 discovered, 0 enqueued
[2018-12-17T14:15:12.748+0800][59461][gc,ref      ] GC(13) Weak: 169 encountered, 138 discovered, 0 enqueued
[2018-12-17T14:15:12.748+0800][59461][gc,ref      ] GC(13) Final: 0 encountered, 0 discovered, 0 enqueued
[2018-12-17T14:15:12.748+0800][59461][gc,ref      ] GC(13) Phantom: 1 encountered, 1 discovered, 0 enqueued
[2018-12-17T14:15:12.748+0800][59461][gc,heap     ] GC(13)                Mark Start          Mark End        Relocate Start      Relocate End           High               Low         
[2018-12-17T14:15:12.748+0800][59461][gc,heap     ] GC(13)  Capacity:     1024M (100%)       1024M (100%)       1024M (100%)       1024M (100%)       1024M (100%)       1024M (100%)   
[2018-12-17T14:15:12.749+0800][59461][gc,heap     ] GC(13)   Reserve:       42M (4%)           42M (4%)           42M (4%)           42M (4%)           42M (4%)           42M (4%)     
[2018-12-17T14:15:12.749+0800][59461][gc,heap     ] GC(13)      Free:      702M (69%)         702M (69%)         822M (80%)         822M (80%)         822M (80%)         702M (69%)    
[2018-12-17T14:15:12.749+0800][59461][gc,heap     ] GC(13)      Used:      280M (27%)         280M (27%)         160M (16%)         160M (16%)         280M (27%)         160M (16%)    
[2018-12-17T14:15:12.749+0800][59461][gc,heap     ] GC(13)      Live:         -               136M (13%)         136M (13%)         136M (13%)            -                  -          
[2018-12-17T14:15:12.749+0800][59461][gc,heap     ] GC(13) Allocated:         -                 0M (0%)            0M (0%)            6M (1%)             -                  -          
[2018-12-17T14:15:12.749+0800][59461][gc,heap     ] GC(13)   Garbage:         -               143M (14%)          23M (2%)           23M (2%)             -                  -          
[2018-12-17T14:15:12.749+0800][59461][gc,heap     ] GC(13) Reclaimed:         -                  -               120M (12%)         120M (12%)            -                  -          
[2018-12-17T14:15:12.749+0800][59461][gc          ] GC(13) Garbage Collection (Allocation Rate) 280M(27%)->160M(16%)
[2018-12-17T14:15:12.766+0800][59461][gc,start    ] GC(14) Garbage Collection (Allocation Rate)
[2018-12-17T14:15:12.766+0800][59468][gc,phases   ] GC(14) Pause Mark Start 0.053ms
[2018-12-17T14:15:12.766+0800][59454][gc,heap     ] Page Cache Flushed: 2M requested, 10M(820M->810M) flushed
[2018-12-17T14:15:12.770+0800][59454][gc,heap     ] Page Cache Flushed: 32M requested, 40M(810M->770M) flushed
[2018-12-17T14:15:12.781+0800][59454][gc,heap     ] Page Cache Flushed: 24M requested, 30M(770M->740M) flushed
[2018-12-17T14:15:12.859+0800][59461][gc,phases   ] GC(14) Concurrent Mark 93.425ms
[2018-12-17T14:15:12.862+0800][59468][gc,phases   ] GC(14) Pause Mark End 0.076ms
[2018-12-17T14:15:12.862+0800][59461][gc,phases   ] GC(14) Concurrent Process Non-Strong References 0.163ms
[2018-12-17T14:15:12.862+0800][59461][gc,phases   ] GC(14) Concurrent Reset Relocation Set 0.004ms
[2018-12-17T14:15:12.862+0800][59461][gc,phases   ] GC(14) Concurrent Destroy Detached Pages 0.008ms
[2018-12-17T14:15:12.864+0800][59461][gc,phases   ] GC(14) Concurrent Select Relocation Set 2.374ms
[2018-12-17T14:15:12.865+0800][59461][gc,phases   ] GC(14) Concurrent Prepare Relocation Set 0.152ms
[2018-12-17T14:15:12.867+0800][59468][gc,phases   ] GC(14) Pause Relocate Start 0.099ms
[2018-12-17T14:15:12.871+0800][59461][gc,phases   ] GC(14) Concurrent Relocate 3.668ms
[2018-12-17T14:15:12.871+0800][59461][gc,load     ] GC(14) Load: 0.85/0.82/0.91
[2018-12-17T14:15:12.871+0800][59461][gc,mmu      ] GC(14) MMU: 2ms/6.8%, 5ms/60.6%, 10ms/80.3%, 20ms/90.2%, 50ms/96.1%, 100ms/97.9%
[2018-12-17T14:15:12.871+0800][59461][gc,marking  ] GC(14) Mark: 1 stripe(s), 2 proactive flush(es), 1 terminate flush(es), 0 completion(s), 0 continuation(s) 
[2018-12-17T14:15:12.871+0800][59461][gc,reloc    ] GC(14) Relocation: Successful, 25M relocated
[2018-12-17T14:15:12.871+0800][59461][gc,nmethod  ] GC(14) NMethods: 39 registered, 0 unregistered
[2018-12-17T14:15:12.871+0800][59461][gc,metaspace] GC(14) Metaspace: 4M used, 4M capacity, 5M committed, 8M reserved
[2018-12-17T14:15:12.871+0800][59461][gc,ref      ] GC(14) Soft: 106 encountered, 0 discovered, 0 enqueued
[2018-12-17T14:15:12.871+0800][59461][gc,ref      ] GC(14) Weak: 169 encountered, 138 discovered, 0 enqueued
[2018-12-17T14:15:12.871+0800][59461][gc,ref      ] GC(14) Final: 0 encountered, 0 discovered, 0 enqueued
[2018-12-17T14:15:12.871+0800][59461][gc,ref      ] GC(14) Phantom: 1 encountered, 1 discovered, 0 enqueued
[2018-12-17T14:15:12.871+0800][59461][gc,heap     ] GC(14)                Mark Start          Mark End        Relocate Start      Relocate End           High               Low         
[2018-12-17T14:15:12.871+0800][59461][gc,heap     ] GC(14)  Capacity:     1024M (100%)       1024M (100%)       1024M (100%)       1024M (100%)       1024M (100%)       1024M (100%)   
[2018-12-17T14:15:12.871+0800][59461][gc,heap     ] GC(14)   Reserve:       42M (4%)           42M (4%)           42M (4%)           42M (4%)           42M (4%)           42M (4%)     
[2018-12-17T14:15:12.871+0800][59461][gc,heap     ] GC(14)      Free:      816M (80%)         256M (25%)         236M (23%)         198M (19%)         816M (80%)         196M (19%)    
[2018-12-17T14:15:12.871+0800][59461][gc,heap     ] GC(14)      Used:      166M (16%)         726M (71%)         746M (73%)         784M (77%)         786M (77%)         166M (16%)    
[2018-12-17T14:15:12.871+0800][59461][gc,heap     ] GC(14)      Live:         -               141M (14%)         141M (14%)         141M (14%)            -                  -          
[2018-12-17T14:15:12.871+0800][59461][gc,heap     ] GC(14) Allocated:         -               560M (55%)         580M (57%)         624M (61%)            -                  -          
[2018-12-17T14:15:12.871+0800][59461][gc,heap     ] GC(14)   Garbage:         -                24M (2%)           24M (2%)           22M (2%)             -                  -          
[2018-12-17T14:15:12.871+0800][59461][gc,heap     ] GC(14) Reclaimed:         -                  -                 0M (0%)            2M (0%)             -                  -          
[2018-12-17T14:15:12.871+0800][59461][gc          ] GC(14) Garbage Collection (Allocation Rate) 166M(16%)->784M(77%)
[2018-12-17T14:15:12.892+0800][59461][gc,start    ] GC(15) Garbage Collection (Allocation Stall)
[2018-12-17T14:15:12.892+0800][59468][gc,ref      ] GC(15) Clearing All Soft References
[2018-12-17T14:15:12.892+0800][59468][gc,phases   ] GC(15) Pause Mark Start 0.098ms
[2018-12-17T14:15:12.950+0800][59461][gc,phases   ] GC(15) Concurrent Mark 58.175ms
[2018-12-17T14:15:12.951+0800][59468][gc,phases   ] GC(15) Pause Mark End 0.064ms
[2018-12-17T14:15:12.951+0800][59461][gc,phases   ] GC(15) Concurrent Process Non-Strong References 0.102ms
[2018-12-17T14:15:12.951+0800][59461][gc,phases   ] GC(15) Concurrent Reset Relocation Set 0.002ms
[2018-12-17T14:15:12.951+0800][59461][gc,phases   ] GC(15) Concurrent Destroy Detached Pages 0.000ms
[2018-12-17T14:15:12.951+0800][59454][gc          ] Allocation Stall (main) 58.911ms
[2018-12-17T14:15:12.954+0800][59461][gc,phases   ] GC(15) Concurrent Select Relocation Set 2.847ms
[2018-12-17T14:15:12.954+0800][59461][gc,phases   ] GC(15) Concurrent Prepare Relocation Set 0.159ms
[2018-12-17T14:15:12.955+0800][59468][gc,phases   ] GC(15) Pause Relocate Start 0.055ms
[2018-12-17T14:15:12.955+0800][59459][gc,heap     ] GC(15) Page Cache Flushed: 20M requested, 20M(712M->692M) flushed
[2018-12-17T14:15:12.965+0800][59461][gc,phases   ] GC(15) Concurrent Relocate 10.287ms
[2018-12-17T14:15:12.965+0800][59461][gc,load     ] GC(15) Load: 0.85/0.82/0.91
[2018-12-17T14:15:12.965+0800][59461][gc,mmu      ] GC(15) MMU: 2ms/6.8%, 5ms/60.6%, 10ms/80.3%, 20ms/90.2%, 50ms/96.1%, 100ms/97.9%
[2018-12-17T14:15:12.965+0800][59461][gc,marking  ] GC(15) Mark: 4 stripe(s), 10 proactive flush(es), 1 terminate flush(es), 0 completion(s), 0 continuation(s) 
[2018-12-17T14:15:12.965+0800][59461][gc,reloc    ] GC(15) Relocation: Successful, 47M relocated
[2018-12-17T14:15:12.965+0800][59461][gc,nmethod  ] GC(15) NMethods: 39 registered, 0 unregistered
[2018-12-17T14:15:12.965+0800][59461][gc,metaspace] GC(15) Metaspace: 4M used, 4M capacity, 5M committed, 8M reserved
[2018-12-17T14:15:12.965+0800][59461][gc,ref      ] GC(15) Soft: 101 encountered, 38 discovered, 13 enqueued
[2018-12-17T14:15:12.965+0800][59461][gc,ref      ] GC(15) Weak: 169 encountered, 88 discovered, 1 enqueued
[2018-12-17T14:15:12.965+0800][59461][gc,ref      ] GC(15) Final: 0 encountered, 0 discovered, 0 enqueued
[2018-12-17T14:15:12.965+0800][59461][gc,ref      ] GC(15) Phantom: 1 encountered, 1 discovered, 0 enqueued
[2018-12-17T14:15:12.965+0800][59461][gc,heap     ] GC(15)                Mark Start          Mark End        Relocate Start      Relocate End           High               Low         
[2018-12-17T14:15:12.965+0800][59461][gc,heap     ] GC(15)  Capacity:     1024M (100%)       1024M (100%)       1024M (100%)       1024M (100%)       1024M (100%)       1024M (100%)   
[2018-12-17T14:15:12.965+0800][59461][gc,heap     ] GC(15)   Reserve:       42M (4%)           42M (4%)           42M (4%)           42M (4%)           42M (4%)           42M (4%)     
[2018-12-17T14:15:12.965+0800][59461][gc,heap     ] GC(15)      Free:        8M (1%)            8M (1%)          728M (71%)         658M (64%)         728M (71%)           8M (1%)     
[2018-12-17T14:15:12.965+0800][59461][gc,heap     ] GC(15)      Used:      974M (95%)         974M (95%)         254M (25%)         324M (32%)         974M (95%)         254M (25%)    
[2018-12-17T14:15:12.965+0800][59461][gc,heap     ] GC(15)      Live:         -               166M (16%)         166M (16%)         166M (16%)            -                  -          
[2018-12-17T14:15:12.965+0800][59461][gc,heap     ] GC(15) Allocated:         -                 0M (0%)           20M (2%)          190M (19%)            -                  -          
[2018-12-17T14:15:12.965+0800][59461][gc,heap     ] GC(15)   Garbage:         -               807M (79%)          67M (7%)           69M (7%)             -                  -          
[2018-12-17T14:15:12.965+0800][59461][gc,heap     ] GC(15) Reclaimed:         -                  -               740M (72%)         738M (72%)            -                  -          
[2018-12-17T14:15:12.965+0800][59461][gc          ] GC(15) Garbage Collection (Allocation Stall) 974M(95%)->324M(32%)
[2018-12-17T14:15:12.966+0800][59461][gc,start    ] GC(16) Garbage Collection (Allocation Rate)
[2018-12-17T14:15:12.966+0800][59468][gc,phases   ] GC(16) Pause Mark Start 0.071ms
[2018-12-17T14:15:13.061+0800][59461][gc,phases   ] GC(16) Concurrent Mark 94.560ms
[2018-12-17T14:15:13.061+0800][59468][gc,phases   ] GC(16) Pause Mark End 0.082ms
[2018-12-17T14:15:13.061+0800][59461][gc,phases   ] GC(16) Concurrent Process Non-Strong References 0.122ms
[2018-12-17T14:15:13.061+0800][59461][gc,phases   ] GC(16) Concurrent Reset Relocation Set 0.003ms
[2018-12-17T14:15:13.061+0800][59461][gc,phases   ] GC(16) Concurrent Destroy Detached Pages 0.003ms
[2018-12-17T14:15:13.062+0800][59461][gc,phases   ] GC(16) Concurrent Select Relocation Set 1.334ms
[2018-12-17T14:15:13.063+0800][59461][gc,phases   ] GC(16) Concurrent Prepare Relocation Set 0.103ms
[2018-12-17T14:15:13.063+0800][59468][gc,phases   ] GC(16) Pause Relocate Start 0.053ms
[2018-12-17T14:15:13.065+0800][59461][gc,phases   ] GC(16) Concurrent Relocate 2.742ms
[2018-12-17T14:15:13.066+0800][59461][gc,load     ] GC(16) Load: 0.85/0.82/0.91
[2018-12-17T14:15:13.066+0800][59461][gc,mmu      ] GC(16) MMU: 2ms/6.8%, 5ms/60.6%, 10ms/80.3%, 20ms/90.2%, 50ms/96.1%, 100ms/97.9%
[2018-12-17T14:15:13.066+0800][59461][gc,marking  ] GC(16) Mark: 1 stripe(s), 1 proactive flush(es), 1 terminate flush(es), 0 completion(s), 0 continuation(s) 
[2018-12-17T14:15:13.066+0800][59461][gc,reloc    ] GC(16) Relocation: Successful, 47M relocated
[2018-12-17T14:15:13.066+0800][59461][gc,nmethod  ] GC(16) NMethods: 39 registered, 0 unregistered
[2018-12-17T14:15:13.066+0800][59461][gc,metaspace] GC(16) Metaspace: 4M used, 4M capacity, 5M committed, 8M reserved
[2018-12-17T14:15:13.066+0800][59461][gc,ref      ] GC(16) Soft: 88 encountered, 0 discovered, 0 enqueued
[2018-12-17T14:15:13.066+0800][59461][gc,ref      ] GC(16) Weak: 168 encountered, 108 discovered, 0 enqueued
[2018-12-17T14:15:13.066+0800][59461][gc,ref      ] GC(16) Final: 0 encountered, 0 discovered, 0 enqueued
[2018-12-17T14:15:13.066+0800][59461][gc,ref      ] GC(16) Phantom: 1 encountered, 1 discovered, 0 enqueued
[2018-12-17T14:15:13.066+0800][59461][gc,heap     ] GC(16)                Mark Start          Mark End        Relocate Start      Relocate End           High               Low         
[2018-12-17T14:15:13.066+0800][59461][gc,heap     ] GC(16)  Capacity:     1024M (100%)       1024M (100%)       1024M (100%)       1024M (100%)       1024M (100%)       1024M (100%)   
[2018-12-17T14:15:13.066+0800][59461][gc,heap     ] GC(16)   Reserve:       42M (4%)           42M (4%)           42M (4%)           42M (4%)           42M (4%)           42M (4%)     
[2018-12-17T14:15:13.066+0800][59461][gc,heap     ] GC(16)      Free:      648M (63%)         518M (51%)         648M (63%)         650M (63%)         650M (63%)         518M (51%)    
[2018-12-17T14:15:13.066+0800][59461][gc,heap     ] GC(16)      Used:      334M (33%)         464M (45%)         334M (33%)         332M (32%)         464M (45%)         332M (32%)    
[2018-12-17T14:15:13.066+0800][59461][gc,heap     ] GC(16)      Live:         -               166M (16%)         166M (16%)         166M (16%)            -                  -          
[2018-12-17T14:15:13.066+0800][59461][gc,heap     ] GC(16) Allocated:         -               130M (13%)         130M (13%)         134M (13%)            -                  -          
[2018-12-17T14:15:13.066+0800][59461][gc,heap     ] GC(16)   Garbage:         -               167M (16%)          37M (4%)           35M (3%)             -                  -          
[2018-12-17T14:15:13.066+0800][59461][gc,heap     ] GC(16) Reclaimed:         -                  -               130M (13%)         132M (13%)            -                  -          
[2018-12-17T14:15:13.066+0800][59461][gc          ] GC(16) Garbage Collection (Allocation Rate) 334M(33%)->332M(32%)
[2018-12-17T14:15:13.066+0800][59461][gc,start    ] GC(17) Garbage Collection (Allocation Rate)
[2018-12-17T14:15:13.066+0800][59468][gc,phases   ] GC(17) Pause Mark Start 0.048ms
[2018-12-17T14:15:13.082+0800][59454][gc,heap     ] Page Cache Flushed: 2M requested, 10M(686M->676M) flushed
[2018-12-17T14:15:13.084+0800][59454][gc,heap     ] Page Cache Flushed: 2M requested, 10M(676M->666M) flushed
[2018-12-17T14:15:13.085+0800][59454][gc,heap     ] Page Cache Flushed: 2M requested, 10M(666M->656M) flushed
[2018-12-17T14:15:13.163+0800][59461][gc,phases   ] GC(17) Concurrent Mark 97.269ms
[2018-12-17T14:15:13.166+0800][59468][gc,phases   ] GC(17) Pause Mark End 0.081ms
[2018-12-17T14:15:13.166+0800][59461][gc,phases   ] GC(17) Concurrent Process Non-Strong References 0.153ms
[2018-12-17T14:15:13.166+0800][59461][gc,phases   ] GC(17) Concurrent Reset Relocation Set 0.004ms
[2018-12-17T14:15:13.166+0800][59461][gc,phases   ] GC(17) Concurrent Destroy Detached Pages 0.004ms
[2018-12-17T14:15:13.168+0800][59461][gc,phases   ] GC(17) Concurrent Select Relocation Set 2.297ms
[2018-12-17T14:15:13.169+0800][59461][gc,phases   ] GC(17) Concurrent Prepare Relocation Set 0.150ms
[2018-12-17T14:15:13.169+0800][59468][gc,phases   ] GC(17) Pause Relocate Start 0.118ms
[2018-12-17T14:15:13.172+0800][59461][gc,phases   ] GC(17) Concurrent Relocate 3.031ms
[2018-12-17T14:15:13.172+0800][59461][gc,load     ] GC(17) Load: 0.85/0.82/0.91
[2018-12-17T14:15:13.172+0800][59461][gc,mmu      ] GC(17) MMU: 2ms/6.8%, 5ms/60.6%, 10ms/80.3%, 20ms/90.2%, 50ms/96.1%, 100ms/97.9%
[2018-12-17T14:15:13.172+0800][59461][gc,marking  ] GC(17) Mark: 1 stripe(s), 1 proactive flush(es), 1 terminate flush(es), 0 completion(s), 0 continuation(s) 
[2018-12-17T14:15:13.172+0800][59461][gc,reloc    ] GC(17) Relocation: Successful, 47M relocated
[2018-12-17T14:15:13.172+0800][59461][gc,nmethod  ] GC(17) NMethods: 39 registered, 0 unregistered
[2018-12-17T14:15:13.172+0800][59461][gc,metaspace] GC(17) Metaspace: 4M used, 4M capacity, 5M committed, 8M reserved
[2018-12-17T14:15:13.172+0800][59461][gc,ref      ] GC(17) Soft: 88 encountered, 0 discovered, 0 enqueued
[2018-12-17T14:15:13.172+0800][59461][gc,ref      ] GC(17) Weak: 168 encountered, 132 discovered, 0 enqueued
[2018-12-17T14:15:13.172+0800][59461][gc,ref      ] GC(17) Final: 0 encountered, 0 discovered, 0 enqueued
[2018-12-17T14:15:13.172+0800][59461][gc,ref      ] GC(17) Phantom: 1 encountered, 1 discovered, 0 enqueued
[2018-12-17T14:15:13.172+0800][59461][gc,heap     ] GC(17)                Mark Start          Mark End        Relocate Start      Relocate End           High               Low         
[2018-12-17T14:15:13.172+0800][59461][gc,heap     ] GC(17)  Capacity:     1024M (100%)       1024M (100%)       1024M (100%)       1024M (100%)       1024M (100%)       1024M (100%)   
[2018-12-17T14:15:13.172+0800][59461][gc,heap     ] GC(17)   Reserve:       42M (4%)           42M (4%)           42M (4%)           42M (4%)           42M (4%)           42M (4%)     
[2018-12-17T14:15:13.172+0800][59461][gc,heap     ] GC(17)      Free:      650M (63%)          94M (9%)          214M (21%)         172M (17%)         650M (63%)          84M (8%)     
[2018-12-17T14:15:13.172+0800][59461][gc,heap     ] GC(17)      Used:      332M (32%)         888M (87%)         768M (75%)         810M (79%)         898M (88%)         332M (32%)    
[2018-12-17T14:15:13.172+0800][59461][gc,heap     ] GC(17)      Live:         -               166M (16%)         166M (16%)         166M (16%)            -                  -          
[2018-12-17T14:15:13.172+0800][59461][gc,heap     ] GC(17) Allocated:         -               556M (54%)         566M (55%)         612M (60%)            -                  -          
[2018-12-17T14:15:13.172+0800][59461][gc,heap     ] GC(17)   Garbage:         -               165M (16%)          35M (3%)           37M (4%)             -                  -          
[2018-12-17T14:15:13.172+0800][59461][gc,heap     ] GC(17) Reclaimed:         -                  -               130M (13%)         128M (12%)            -                  -          
[2018-12-17T14:15:13.172+0800][59461][gc          ] GC(17) Garbage Collection (Allocation Rate) 332M(32%)->810M(79%)
[2018-12-17T14:15:13.188+0800][59454][gc,heap     ] Page Cache Flushed: 10M requested, 32M(34M->2M) flushed
[2018-12-17T14:15:13.191+0800][59461][gc,start    ] GC(18) Garbage Collection (Allocation Stall)
[2018-12-17T14:15:13.191+0800][59468][gc,ref      ] GC(18) Clearing All Soft References
[2018-12-17T14:15:13.191+0800][59468][gc,phases   ] GC(18) Pause Mark Start 0.104ms
[2018-12-17T14:15:13.267+0800][59461][gc,phases   ] GC(18) Concurrent Mark 76.495ms
[2018-12-17T14:15:13.267+0800][59468][gc,phases   ] GC(18) Pause Mark End 0.075ms
[2018-12-17T14:15:13.268+0800][59461][gc,phases   ] GC(18) Concurrent Process Non-Strong References 0.079ms
[2018-12-17T14:15:13.268+0800][59461][gc,phases   ] GC(18) Concurrent Reset Relocation Set 0.002ms
[2018-12-17T14:15:13.268+0800][59461][gc,phases   ] GC(18) Concurrent Destroy Detached Pages 0.003ms
[2018-12-17T14:15:13.268+0800][59454][gc          ] Allocation Stall (main) 77.137ms
[2018-12-17T14:15:13.269+0800][59461][gc,phases   ] GC(18) Concurrent Select Relocation Set 1.379ms
[2018-12-17T14:15:13.270+0800][59461][gc,phases   ] GC(18) Concurrent Prepare Relocation Set 0.823ms
[2018-12-17T14:15:13.271+0800][59468][gc,phases   ] GC(18) Pause Relocate Start 0.146ms
[2018-12-17T14:15:13.271+0800][59455][gc,heap     ] GC(18) Page Cache Flushed: 28M requested, 30M(660M->630M) flushed
[2018-12-17T14:15:13.279+0800][59461][gc,phases   ] GC(18) Concurrent Relocate 7.951ms
[2018-12-17T14:15:13.279+0800][59461][gc,load     ] GC(18) Load: 0.85/0.82/0.91
[2018-12-17T14:15:13.279+0800][59461][gc,mmu      ] GC(18) MMU: 2ms/6.8%, 5ms/60.6%, 10ms/80.3%, 20ms/90.2%, 50ms/96.1%, 100ms/97.9%
[2018-12-17T14:15:13.279+0800][59461][gc,marking  ] GC(18) Mark: 4 stripe(s), 10 proactive flush(es), 1 terminate flush(es), 0 completion(s), 0 continuation(s) 
[2018-12-17T14:15:13.279+0800][59461][gc,reloc    ] GC(18) Relocation: Successful, 67M relocated
[2018-12-17T14:15:13.279+0800][59461][gc,nmethod  ] GC(18) NMethods: 39 registered, 0 unregistered
[2018-12-17T14:15:13.279+0800][59461][gc,metaspace] GC(18) Metaspace: 4M used, 4M capacity, 5M committed, 8M reserved
[2018-12-17T14:15:13.279+0800][59461][gc,ref      ] GC(18) Soft: 88 encountered, 23 discovered, 0 enqueued
[2018-12-17T14:15:13.279+0800][59461][gc,ref      ] GC(18) Weak: 168 encountered, 17 discovered, 0 enqueued
[2018-12-17T14:15:13.279+0800][59461][gc,ref      ] GC(18) Final: 0 encountered, 0 discovered, 0 enqueued
[2018-12-17T14:15:13.279+0800][59461][gc,ref      ] GC(18) Phantom: 1 encountered, 1 discovered, 0 enqueued
[2018-12-17T14:15:13.279+0800][59461][gc,heap     ] GC(18)                Mark Start          Mark End        Relocate Start      Relocate End           High               Low         
[2018-12-17T14:15:13.279+0800][59461][gc,heap     ] GC(18)  Capacity:     1024M (100%)       1024M (100%)       1024M (100%)       1024M (100%)       1024M (100%)       1024M (100%)   
[2018-12-17T14:15:13.279+0800][59461][gc,heap     ] GC(18)   Reserve:       42M (4%)           42M (4%)           42M (4%)           42M (4%)           42M (4%)           42M (4%)     
[2018-12-17T14:15:13.279+0800][59461][gc,heap     ] GC(18)      Free:        2M (0%)            2M (0%)          672M (66%)         634M (62%)         682M (67%)           2M (0%)     
[2018-12-17T14:15:13.279+0800][59461][gc,heap     ] GC(18)      Used:      980M (96%)         980M (96%)         310M (30%)         348M (34%)         980M (96%)         300M (29%)    
[2018-12-17T14:15:13.279+0800][59461][gc,heap     ] GC(18)      Live:         -               197M (19%)         197M (19%)         197M (19%)            -                  -          
[2018-12-17T14:15:13.279+0800][59461][gc,heap     ] GC(18) Allocated:         -                 0M (0%)           30M (3%)          174M (17%)            -                  -          
[2018-12-17T14:15:13.279+0800][59461][gc,heap     ] GC(18)   Garbage:         -               782M (76%)          82M (8%)           82M (8%)             -                  -          
[2018-12-17T14:15:13.279+0800][59461][gc,heap     ] GC(18) Reclaimed:         -                  -               700M (68%)         700M (68%)            -                  -          
[2018-12-17T14:15:13.279+0800][59461][gc          ] GC(18) Garbage Collection (Allocation Stall) 980M(96%)->348M(34%)
[2018-12-17T14:15:13.366+0800][59461][gc,start    ] GC(19) Garbage Collection (Allocation Rate)
[2018-12-17T14:15:13.366+0800][59468][gc,phases   ] GC(19) Pause Mark Start 0.072ms
[2018-12-17T14:15:13.402+0800][59454][gc,heap     ] Page Cache Flushed: 2M requested, 10M(466M->456M) flushed
[2018-12-17T14:15:13.404+0800][59454][gc,heap     ] Page Cache Flushed: 2M requested, 10M(456M->446M) flushed
[2018-12-17T14:15:13.488+0800][59461][gc,phases   ] GC(19) Concurrent Mark 121.072ms
[2018-12-17T14:15:13.488+0800][59468][gc,phases   ] GC(19) Pause Mark End 0.072ms
[2018-12-17T14:15:13.488+0800][59461][gc,phases   ] GC(19) Concurrent Process Non-Strong References 0.126ms
[2018-12-17T14:15:13.488+0800][59461][gc,phases   ] GC(19) Concurrent Reset Relocation Set 0.221ms
[2018-12-17T14:15:13.488+0800][59461][gc,phases   ] GC(19) Concurrent Destroy Detached Pages 0.005ms
[2018-12-17T14:15:13.488+0800][59454][gc          ] Allocation Stall (main) 37.701ms
[2018-12-17T14:15:13.489+0800][59461][gc,phases   ] GC(19) Concurrent Select Relocation Set 1.278ms
[2018-12-17T14:15:13.491+0800][59461][gc,phases   ] GC(19) Concurrent Prepare Relocation Set 1.058ms
[2018-12-17T14:15:13.491+0800][59468][gc,phases   ] GC(19) Pause Relocate Start 0.224ms
[2018-12-17T14:15:13.501+0800][59461][gc,phases   ] GC(19) Concurrent Relocate 9.835ms
[2018-12-17T14:15:13.501+0800][59461][gc,load     ] GC(19) Load: 0.85/0.82/0.91
[2018-12-17T14:15:13.501+0800][59461][gc,mmu      ] GC(19) MMU: 2ms/6.8%, 5ms/60.6%, 10ms/80.3%, 20ms/90.2%, 50ms/96.1%, 100ms/97.9%
[2018-12-17T14:15:13.501+0800][59461][gc,marking  ] GC(19) Mark: 1 stripe(s), 1 proactive flush(es), 1 terminate flush(es), 0 completion(s), 0 continuation(s) 
[2018-12-17T14:15:13.501+0800][59461][gc,reloc    ] GC(19) Relocation: Successful, 67M relocated
[2018-12-17T14:15:13.501+0800][59461][gc,nmethod  ] GC(19) NMethods: 39 registered, 0 unregistered
[2018-12-17T14:15:13.501+0800][59461][gc,metaspace] GC(19) Metaspace: 4M used, 4M capacity, 5M committed, 8M reserved
[2018-12-17T14:15:13.501+0800][59461][gc,ref      ] GC(19) Soft: 88 encountered, 0 discovered, 0 enqueued
[2018-12-17T14:15:13.501+0800][59461][gc,ref      ] GC(19) Weak: 168 encountered, 108 discovered, 0 enqueued
[2018-12-17T14:15:13.501+0800][59461][gc,ref      ] GC(19) Final: 0 encountered, 0 discovered, 0 enqueued
[2018-12-17T14:15:13.501+0800][59461][gc,ref      ] GC(19) Phantom: 1 encountered, 1 discovered, 0 enqueued
[2018-12-17T14:15:13.501+0800][59461][gc,heap     ] GC(19)                Mark Start          Mark End        Relocate Start      Relocate End           High               Low         
[2018-12-17T14:15:13.501+0800][59461][gc,heap     ] GC(19)  Capacity:     1024M (100%)       1024M (100%)       1024M (100%)       1024M (100%)       1024M (100%)       1024M (100%)   
[2018-12-17T14:15:13.501+0800][59461][gc,heap     ] GC(19)   Reserve:       42M (4%)           42M (4%)           42M (4%)           42M (4%)           42M (4%)           42M (4%)     
[2018-12-17T14:15:13.501+0800][59461][gc,heap     ] GC(19)      Free:      434M (42%)           8M (1%)          278M (27%)         170M (17%)         434M (42%)           8M (1%)     
[2018-12-17T14:15:13.501+0800][59461][gc,heap     ] GC(19)      Used:      548M (54%)         974M (95%)         704M (69%)         812M (79%)         974M (95%)         548M (54%)    
[2018-12-17T14:15:13.501+0800][59461][gc,heap     ] GC(19)      Live:         -               197M (19%)         197M (19%)         197M (19%)            -                  -          
[2018-12-17T14:15:13.501+0800][59461][gc,heap     ] GC(19) Allocated:         -               426M (42%)         456M (45%)         574M (56%)            -                  -          
[2018-12-17T14:15:13.501+0800][59461][gc,heap     ] GC(19)   Garbage:         -               350M (34%)          50M (5%)           48M (5%)             -                  -          
[2018-12-17T14:15:13.501+0800][59461][gc,heap     ] GC(19) Reclaimed:         -                  -               300M (29%)         302M (29%)            -                  -          
[2018-12-17T14:15:13.501+0800][59461][gc          ] GC(19) Garbage Collection (Allocation Rate) 548M(54%)->812M(79%)
[2018-12-17T14:15:13.517+0800][59454][gc,heap     ] Page Cache Flushed: 10M requested, 32M(40M->8M) flushed
[2018-12-17T14:15:13.520+0800][59461][gc,start    ] GC(20) Garbage Collection (Allocation Stall)
[2018-12-17T14:15:13.520+0800][59468][gc,ref      ] GC(20) Clearing All Soft References
[2018-12-17T14:15:13.520+0800][59468][gc,phases   ] GC(20) Pause Mark Start 0.092ms
[2018-12-17T14:15:13.613+0800][59461][gc,phases   ] GC(20) Concurrent Mark 93.141ms
[2018-12-17T14:15:13.614+0800][59468][gc,phases   ] GC(20) Pause Mark End 0.083ms
[2018-12-17T14:15:13.614+0800][59461][gc,phases   ] GC(20) Concurrent Process Non-Strong References 0.104ms
[2018-12-17T14:15:13.614+0800][59461][gc,phases   ] GC(20) Concurrent Reset Relocation Set 0.194ms
[2018-12-17T14:15:13.614+0800][59461][gc,phases   ] GC(20) Concurrent Destroy Detached Pages 0.003ms
[2018-12-17T14:15:13.614+0800][59454][gc          ] Allocation Stall (main) 93.990ms
[2018-12-17T14:15:13.615+0800][59461][gc,phases   ] GC(20) Concurrent Select Relocation Set 1.322ms
[2018-12-17T14:15:13.616+0800][59461][gc,phases   ] GC(20) Concurrent Prepare Relocation Set 1.081ms
[2018-12-17T14:15:13.617+0800][59468][gc,phases   ] GC(20) Pause Relocate Start 0.073ms
[2018-12-17T14:15:13.617+0800][59455][gc,heap     ] GC(20) Page Cache Flushed: 30M requested, 30M(624M->594M) flushed
[2018-12-17T14:15:13.619+0800][59456][gc,heap     ] GC(20) Page Cache Flushed: 32M requested, 40M(594M->554M) flushed
[2018-12-17T14:15:13.621+0800][59459][gc,heap     ] GC(20) Page Cache Flushed: 24M requested, 30M(554M->524M) flushed
[2018-12-17T14:15:13.623+0800][59458][gc,heap     ] GC(20) Page Cache Flushed: 26M requested, 30M(524M->494M) flushed
[2018-12-17T14:15:13.637+0800][59461][gc,phases   ] GC(20) Concurrent Relocate 19.953ms
[2018-12-17T14:15:13.637+0800][59461][gc,load     ] GC(20) Load: 0.85/0.82/0.91
[2018-12-17T14:15:13.637+0800][59461][gc,mmu      ] GC(20) MMU: 2ms/6.8%, 5ms/60.6%, 10ms/80.3%, 20ms/90.2%, 50ms/96.1%, 100ms/97.9%
[2018-12-17T14:15:13.637+0800][59461][gc,marking  ] GC(20) Mark: 4 stripe(s), 10 proactive flush(es), 1 terminate flush(es), 0 completion(s), 0 continuation(s) 
[2018-12-17T14:15:13.637+0800][59461][gc,reloc    ] GC(20) Relocation: Successful, 86M relocated
[2018-12-17T14:15:13.637+0800][59461][gc,nmethod  ] GC(20) NMethods: 39 registered, 0 unregistered
[2018-12-17T14:15:13.637+0800][59461][gc,metaspace] GC(20) Metaspace: 4M used, 4M capacity, 5M committed, 8M reserved
[2018-12-17T14:15:13.637+0800][59461][gc,ref      ] GC(20) Soft: 88 encountered, 44 discovered, 0 enqueued
[2018-12-17T14:15:13.637+0800][59461][gc,ref      ] GC(20) Weak: 168 encountered, 31 discovered, 0 enqueued
[2018-12-17T14:15:13.637+0800][59461][gc,ref      ] GC(20) Final: 0 encountered, 0 discovered, 0 enqueued
[2018-12-17T14:15:13.637+0800][59461][gc,ref      ] GC(20) Phantom: 1 encountered, 1 discovered, 0 enqueued
[2018-12-17T14:15:13.637+0800][59461][gc,heap     ] GC(20)                Mark Start          Mark End        Relocate Start      Relocate End           High               Low         
[2018-12-17T14:15:13.637+0800][59461][gc,heap     ] GC(20)  Capacity:     1024M (100%)       1024M (100%)       1024M (100%)       1024M (100%)       1024M (100%)       1024M (100%)   
[2018-12-17T14:15:13.637+0800][59461][gc,heap     ] GC(20)   Reserve:       42M (4%)           42M (4%)           42M (4%)           42M (4%)           42M (4%)           42M (4%)     
[2018-12-17T14:15:13.637+0800][59461][gc,heap     ] GC(20)      Free:        0M (0%)            0M (0%)          630M (62%)         568M (55%)         640M (62%)           0M (0%)     
[2018-12-17T14:15:13.637+0800][59461][gc,heap     ] GC(20)      Used:      982M (96%)         982M (96%)         352M (34%)         414M (40%)         982M (96%)         342M (33%)    
[2018-12-17T14:15:13.637+0800][59461][gc,heap     ] GC(20)      Live:         -               228M (22%)         228M (22%)         228M (22%)            -                  -          
[2018-12-17T14:15:13.637+0800][59461][gc,heap     ] GC(20) Allocated:         -                 0M (0%)           30M (3%)          390M (38%)            -                  -          
[2018-12-17T14:15:13.637+0800][59461][gc,heap     ] GC(20)   Garbage:         -               753M (74%)          93M (9%)          153M (15%)            -                  -          
[2018-12-17T14:15:13.637+0800][59461][gc,heap     ] GC(20) Reclaimed:         -                  -               660M (64%)         600M (59%)            -                  -          
[2018-12-17T14:15:13.637+0800][59461][gc          ] GC(20) Garbage Collection (Allocation Stall) 982M(96%)->414M(40%)
[2018-12-17T14:15:13.666+0800][59461][gc,start    ] GC(21) Garbage Collection (Allocation Rate)
[2018-12-17T14:15:13.666+0800][59468][gc,phases   ] GC(21) Pause Mark Start 0.087ms
[2018-12-17T14:15:13.797+0800][59454][gc,heap     ] Page Cache Flushed: 10M requested, 32M(160M->128M) flushed
[2018-12-17T14:15:13.799+0800][59454][gc,heap     ] Page Cache Flushed: 10M requested, 32M(128M->96M) flushed
[2018-12-17T14:15:13.802+0800][59454][gc,heap     ] Page Cache Flushed: 4M requested, 32M(96M->64M) flushed
[2018-12-17T14:15:13.804+0800][59461][gc,phases   ] GC(21) Concurrent Mark 138.341ms
[2018-12-17T14:15:13.807+0800][59468][gc,phases   ] GC(21) Pause Mark End 0.085ms
[2018-12-17T14:15:13.807+0800][59461][gc,phases   ] GC(21) Concurrent Process Non-Strong References 0.139ms
[2018-12-17T14:15:13.807+0800][59461][gc,phases   ] GC(21) Concurrent Reset Relocation Set 0.190ms
[2018-12-17T14:15:13.807+0800][59461][gc,phases   ] GC(21) Concurrent Destroy Detached Pages 0.007ms
[2018-12-17T14:15:13.809+0800][59461][gc,phases   ] GC(21) Concurrent Select Relocation Set 1.278ms
[2018-12-17T14:15:13.809+0800][59461][gc,phases   ] GC(21) Concurrent Prepare Relocation Set 0.442ms
[2018-12-17T14:15:13.809+0800][59468][gc,phases   ] GC(21) Pause Relocate Start 0.082ms
[2018-12-17T14:15:13.813+0800][59461][gc,phases   ] GC(21) Concurrent Relocate 3.859ms
[2018-12-17T14:15:13.813+0800][59461][gc,load     ] GC(21) Load: 0.85/0.82/0.91
[2018-12-17T14:15:13.813+0800][59461][gc,mmu      ] GC(21) MMU: 2ms/6.8%, 5ms/60.6%, 10ms/80.3%, 20ms/90.2%, 50ms/96.1%, 100ms/97.9%
[2018-12-17T14:15:13.813+0800][59461][gc,marking  ] GC(21) Mark: 1 stripe(s), 1 proactive flush(es), 1 terminate flush(es), 0 completion(s), 0 continuation(s) 
[2018-12-17T14:15:13.813+0800][59461][gc,reloc    ] GC(21) Relocation: Successful, 22M relocated
[2018-12-17T14:15:13.813+0800][59461][gc,nmethod  ] GC(21) NMethods: 39 registered, 0 unregistered
[2018-12-17T14:15:13.813+0800][59461][gc,metaspace] GC(21) Metaspace: 4M used, 4M capacity, 5M committed, 8M reserved
[2018-12-17T14:15:13.813+0800][59461][gc,ref      ] GC(21) Soft: 88 encountered, 0 discovered, 0 enqueued
[2018-12-17T14:15:13.813+0800][59461][gc,ref      ] GC(21) Weak: 168 encountered, 132 discovered, 0 enqueued
[2018-12-17T14:15:13.813+0800][59461][gc,ref      ] GC(21) Final: 0 encountered, 0 discovered, 0 enqueued
[2018-12-17T14:15:13.814+0800][59461][gc,ref      ] GC(21) Phantom: 1 encountered, 1 discovered, 0 enqueued
[2018-12-17T14:15:13.814+0800][59461][gc,heap     ] GC(21)                Mark Start          Mark End        Relocate Start      Relocate End           High               Low         
[2018-12-17T14:15:13.814+0800][59461][gc,heap     ] GC(21)  Capacity:     1024M (100%)       1024M (100%)       1024M (100%)       1024M (100%)       1024M (100%)       1024M (100%)   
[2018-12-17T14:15:13.814+0800][59461][gc,heap     ] GC(21)   Reserve:       42M (4%)           42M (4%)           42M (4%)           42M (4%)           42M (4%)           42M (4%)     
[2018-12-17T14:15:13.814+0800][59461][gc,heap     ] GC(21)      Free:      388M (38%)          82M (8%)          412M (40%)         374M (37%)         412M (40%)          72M (7%)     
[2018-12-17T14:15:13.814+0800][59461][gc,heap     ] GC(21)      Used:      594M (58%)         900M (88%)         570M (56%)         608M (59%)         910M (89%)         570M (56%)    
[2018-12-17T14:15:13.814+0800][59461][gc,heap     ] GC(21)      Live:         -               228M (22%)         228M (22%)         228M (22%)            -                  -          
[2018-12-17T14:15:13.814+0800][59461][gc,heap     ] GC(21) Allocated:         -               306M (30%)         316M (31%)         358M (35%)            -                  -          
[2018-12-17T14:15:13.814+0800][59461][gc,heap     ] GC(21)   Garbage:         -               365M (36%)          25M (3%)           23M (2%)             -                  -          
[2018-12-17T14:15:13.814+0800][59461][gc,heap     ] GC(21) Reclaimed:         -                  -               340M (33%)         342M (33%)            -                  -          
[2018-12-17T14:15:13.814+0800][59461][gc          ] GC(21) Garbage Collection (Allocation Rate) 594M(58%)->608M(59%)
[2018-12-17T14:15:13.842+0800][59454][gc,heap     ] Page Cache Flushed: 4M requested, 32M(68M->36M) flushed
[2018-12-17T14:15:13.851+0800][59454][gc,heap     ] Page Cache Flushed: 2M requested, 32M(36M->4M) flushed
[2018-12-17T14:15:13.863+0800][59461][gc,start    ] GC(22) Garbage Collection (Allocation Stall)
[2018-12-17T14:15:13.863+0800][59468][gc,ref      ] GC(22) Clearing All Soft References
[2018-12-17T14:15:13.863+0800][59468][gc,phases   ] GC(22) Pause Mark Start 0.102ms
[2018-12-17T14:15:13.956+0800][59461][gc,phases   ] GC(22) Concurrent Mark 93.433ms
[2018-12-17T14:15:13.957+0800][59468][gc,phases   ] GC(22) Pause Mark End 0.076ms
[2018-12-17T14:15:13.957+0800][59461][gc,phases   ] GC(22) Concurrent Process Non-Strong References 0.103ms
[2018-12-17T14:15:13.957+0800][59461][gc,phases   ] GC(22) Concurrent Reset Relocation Set 0.002ms
[2018-12-17T14:15:13.957+0800][59461][gc,phases   ] GC(22) Concurrent Destroy Detached Pages 0.003ms
[2018-12-17T14:15:13.957+0800][59454][gc          ] Allocation Stall (main) 94.117ms
[2018-12-17T14:15:13.958+0800][59461][gc,phases   ] GC(22) Concurrent Select Relocation Set 1.354ms
[2018-12-17T14:15:13.958+0800][59461][gc,phases   ] GC(22) Concurrent Prepare Relocation Set 0.001ms
[2018-12-17T14:15:13.959+0800][59468][gc,phases   ] GC(22) Pause Relocate Start 0.063ms
[2018-12-17T14:15:13.959+0800][59458][gc,heap     ] GC(22) Page Cache Flushed: 22M requested, 30M(624M->594M) flushed
[2018-12-17T14:15:13.967+0800][59461][gc,phases   ] GC(22) Concurrent Relocate 7.800ms
[2018-12-17T14:15:13.967+0800][59461][gc,load     ] GC(22) Load: 0.85/0.82/0.91
[2018-12-17T14:15:13.967+0800][59461][gc,mmu      ] GC(22) MMU: 2ms/6.8%, 5ms/60.6%, 10ms/80.3%, 20ms/90.2%, 50ms/96.1%, 100ms/97.9%
[2018-12-17T14:15:13.967+0800][59461][gc,marking  ] GC(22) Mark: 4 stripe(s), 10 proactive flush(es), 1 terminate flush(es), 0 completion(s), 0 continuation(s) 
[2018-12-17T14:15:13.967+0800][59461][gc,reloc    ] GC(22) Relocation: Successful, 45M relocated
[2018-12-17T14:15:13.967+0800][59461][gc,nmethod  ] GC(22) NMethods: 39 registered, 0 unregistered
[2018-12-17T14:15:13.967+0800][59461][gc,metaspace] GC(22) Metaspace: 4M used, 4M capacity, 5M committed, 8M reserved
[2018-12-17T14:15:13.967+0800][59461][gc,ref      ] GC(22) Soft: 88 encountered, 14 discovered, 0 enqueued
[2018-12-17T14:15:13.967+0800][59461][gc,ref      ] GC(22) Weak: 168 encountered, 63 discovered, 0 enqueued
[2018-12-17T14:15:13.967+0800][59461][gc,ref      ] GC(22) Final: 0 encountered, 0 discovered, 0 enqueued
[2018-12-17T14:15:13.967+0800][59461][gc,ref      ] GC(22) Phantom: 1 encountered, 1 discovered, 0 enqueued
[2018-12-17T14:15:13.967+0800][59461][gc,heap     ] GC(22)                Mark Start          Mark End        Relocate Start      Relocate End           High               Low         
[2018-12-17T14:15:13.967+0800][59461][gc,heap     ] GC(22)  Capacity:     1024M (100%)       1024M (100%)       1024M (100%)       1024M (100%)       1024M (100%)       1024M (100%)   
[2018-12-17T14:15:13.967+0800][59461][gc,heap     ] GC(22)   Reserve:       42M (4%)           42M (4%)           42M (4%)           42M (4%)           42M (4%)           42M (4%)     
[2018-12-17T14:15:13.967+0800][59461][gc,heap     ] GC(22)      Free:        4M (0%)            4M (0%)          634M (62%)         586M (57%)         634M (62%)           4M (0%)     
[2018-12-17T14:15:13.967+0800][59461][gc,heap     ] GC(22)      Used:      978M (96%)         978M (96%)         348M (34%)         396M (39%)         978M (96%)         348M (34%)    
[2018-12-17T14:15:13.967+0800][59461][gc,heap     ] GC(22)      Live:         -               259M (25%)         259M (25%)         259M (25%)            -                  -          
[2018-12-17T14:15:13.967+0800][59461][gc,heap     ] GC(22) Allocated:         -                 0M (0%)           20M (2%)          164M (16%)            -                  -          
[2018-12-17T14:15:13.967+0800][59461][gc,heap     ] GC(22)   Garbage:         -               718M (70%)          68M (7%)           68M (7%)             -                  -          
[2018-12-17T14:15:13.967+0800][59461][gc,heap     ] GC(22) Reclaimed:         -                  -               650M (63%)         650M (63%)            -                  -          
[2018-12-17T14:15:13.967+0800][59461][gc          ] GC(22) Garbage Collection (Allocation Stall) 978M(96%)->396M(39%)
[2018-12-17T14:15:14.066+0800][59461][gc,start    ] GC(23) Garbage Collection (Allocation Rate)
[2018-12-17T14:15:14.066+0800][59468][gc,phases   ] GC(23) Pause Mark Start 0.092ms
[2018-12-17T14:15:14.092+0800][59454][gc,heap     ] Page Cache Flushed: 2M requested, 10M(366M->356M) flushed
[2018-12-17T14:15:14.094+0800][59454][gc,heap     ] Page Cache Flushed: 2M requested, 10M(356M->346M) flushed
[2018-12-17T14:15:14.095+0800][59454][gc,heap     ] Page Cache Flushed: 2M requested, 10M(346M->336M) flushed
[2018-12-17T14:15:14.097+0800][59454][gc,heap     ] Page Cache Flushed: 2M requested, 10M(336M->326M) flushed
[2018-12-17T14:15:14.134+0800][59454][gc,heap     ] Page Cache Flushed: 10M requested, 32M(32M->0M) flushed
[2018-12-17T14:15:14.213+0800][59461][gc,phases   ] GC(23) Concurrent Mark 146.501ms
[2018-12-17T14:15:14.213+0800][59468][gc,phases   ] GC(23) Pause Mark End 0.082ms
[2018-12-17T14:15:14.213+0800][59461][gc,phases   ] GC(23) Concurrent Process Non-Strong References 0.124ms
[2018-12-17T14:15:14.213+0800][59461][gc,phases   ] GC(23) Concurrent Reset Relocation Set 0.002ms
[2018-12-17T14:15:14.213+0800][59461][gc,phases   ] GC(23) Concurrent Destroy Detached Pages 0.006ms
[2018-12-17T14:15:14.213+0800][59454][gc          ] Allocation Stall (main) 72.057ms
[2018-12-17T14:15:14.214+0800][59461][gc,phases   ] GC(23) Concurrent Select Relocation Set 1.320ms
[2018-12-17T14:15:14.214+0800][59461][gc,phases   ] GC(23) Concurrent Prepare Relocation Set 0.000ms
[2018-12-17T14:15:14.215+0800][59468][gc,phases   ] GC(23) Pause Relocate Start 0.055ms
[2018-12-17T14:15:14.215+0800][59461][gc,phases   ] GC(23) Concurrent Relocate 0.045ms
[2018-12-17T14:15:14.215+0800][59461][gc,load     ] GC(23) Load: 0.85/0.82/0.91
[2018-12-17T14:15:14.215+0800][59461][gc,mmu      ] GC(23) MMU: 2ms/6.8%, 5ms/60.6%, 10ms/80.3%, 20ms/90.2%, 50ms/96.1%, 100ms/97.9%
[2018-12-17T14:15:14.215+0800][59461][gc,marking  ] GC(23) Mark: 1 stripe(s), 1 proactive flush(es), 1 terminate flush(es), 0 completion(s), 0 continuation(s) 
[2018-12-17T14:15:14.215+0800][59461][gc,reloc    ] GC(23) Relocation: Successful, 45M relocated
[2018-12-17T14:15:14.215+0800][59461][gc,nmethod  ] GC(23) NMethods: 39 registered, 0 unregistered
[2018-12-17T14:15:14.215+0800][59461][gc,metaspace] GC(23) Metaspace: 4M used, 4M capacity, 5M committed, 8M reserved
[2018-12-17T14:15:14.215+0800][59461][gc,ref      ] GC(23) Soft: 88 encountered, 0 discovered, 0 enqueued
[2018-12-17T14:15:14.215+0800][59461][gc,ref      ] GC(23) Weak: 168 encountered, 132 discovered, 0 enqueued
[2018-12-17T14:15:14.215+0800][59461][gc,ref      ] GC(23) Final: 0 encountered, 0 discovered, 0 enqueued
[2018-12-17T14:15:14.215+0800][59461][gc,ref      ] GC(23) Phantom: 1 encountered, 1 discovered, 0 enqueued
[2018-12-17T14:15:14.215+0800][59461][gc,heap     ] GC(23)                Mark Start          Mark End        Relocate Start      Relocate End           High               Low         
[2018-12-17T14:15:14.215+0800][59461][gc,heap     ] GC(23)  Capacity:     1024M (100%)       1024M (100%)       1024M (100%)       1024M (100%)       1024M (100%)       1024M (100%)   
[2018-12-17T14:15:14.215+0800][59461][gc,heap     ] GC(23)   Reserve:       42M (4%)           42M (4%)           42M (4%)           42M (4%)           42M (4%)           42M (4%)     
[2018-12-17T14:15:14.215+0800][59461][gc,heap     ] GC(23)      Free:      336M (33%)           0M (0%)          330M (32%)         320M (31%)         336M (33%)           0M (0%)     
[2018-12-17T14:15:14.215+0800][59461][gc,heap     ] GC(23)      Used:      646M (63%)         982M (96%)         652M (64%)         662M (65%)         982M (96%)         646M (63%)    
[2018-12-17T14:15:14.215+0800][59461][gc,heap     ] GC(23)      Live:         -               259M (25%)         259M (25%)         259M (25%)            -                  -          
[2018-12-17T14:15:14.215+0800][59461][gc,heap     ] GC(23) Allocated:         -               336M (33%)         356M (35%)         366M (36%)            -                  -          
[2018-12-17T14:15:14.215+0800][59461][gc,heap     ] GC(23)   Garbage:         -               386M (38%)          36M (4%)           36M (4%)             -                  -          
[2018-12-17T14:15:14.215+0800][59461][gc,heap     ] GC(23) Reclaimed:         -                  -               350M (34%)         350M (34%)            -                  -          
[2018-12-17T14:15:14.215+0800][59461][gc          ] GC(23) Garbage Collection (Allocation Rate) 646M(63%)->662M(65%)
[2018-12-17T14:15:14.247+0800][59461][gc,start    ] GC(24) Garbage Collection (Allocation Stall)
[2018-12-17T14:15:14.247+0800][59468][gc,ref      ] GC(24) Clearing All Soft References
[2018-12-17T14:15:14.247+0800][59468][gc,phases   ] GC(24) Pause Mark Start 0.122ms
[2018-12-17T14:15:14.342+0800][59461][gc,phases   ] GC(24) Concurrent Mark 94.514ms
[2018-12-17T14:15:14.342+0800][59468][gc,phases   ] GC(24) Pause Mark End 0.080ms
[2018-12-17T14:15:14.342+0800][59461][gc,phases   ] GC(24) Concurrent Process Non-Strong References 0.099ms
[2018-12-17T14:15:14.342+0800][59461][gc,phases   ] GC(24) Concurrent Reset Relocation Set 0.001ms
[2018-12-17T14:15:14.342+0800][59461][gc,phases   ] GC(24) Concurrent Destroy Detached Pages 0.001ms
[2018-12-17T14:15:14.342+0800][59454][gc          ] Allocation Stall (main) 95.241ms
[2018-12-17T14:15:14.343+0800][59461][gc,phases   ] GC(24) Concurrent Select Relocation Set 1.264ms
[2018-12-17T14:15:14.343+0800][59461][gc,phases   ] GC(24) Concurrent Prepare Relocation Set 0.123ms
[2018-12-17T14:15:14.344+0800][59468][gc,phases   ] GC(24) Pause Relocate Start 0.057ms
[2018-12-17T14:15:14.344+0800][59458][gc,heap     ] GC(24) Page Cache Flushed: 22M requested, 30M(580M->550M) flushed
[2018-12-17T14:15:14.351+0800][59461][gc,phases   ] GC(24) Concurrent Relocate 7.262ms
[2018-12-17T14:15:14.351+0800][59461][gc,load     ] GC(24) Load: 0.85/0.82/0.91
[2018-12-17T14:15:14.351+0800][59461][gc,mmu      ] GC(24) MMU: 2ms/6.8%, 5ms/60.6%, 10ms/80.3%, 20ms/90.2%, 50ms/96.1%, 100ms/97.9%
[2018-12-17T14:15:14.351+0800][59461][gc,marking  ] GC(24) Mark: 4 stripe(s), 10 proactive flush(es), 1 terminate flush(es), 0 completion(s), 0 continuation(s) 
[2018-12-17T14:15:14.351+0800][59461][gc,reloc    ] GC(24) Relocation: Successful, 66M relocated
[2018-12-17T14:15:14.351+0800][59461][gc,nmethod  ] GC(24) NMethods: 39 registered, 0 unregistered
[2018-12-17T14:15:14.351+0800][59461][gc,metaspace] GC(24) Metaspace: 4M used, 4M capacity, 5M committed, 8M reserved
[2018-12-17T14:15:14.351+0800][59461][gc,ref      ] GC(24) Soft: 88 encountered, 18 discovered, 0 enqueued
[2018-12-17T14:15:14.351+0800][59461][gc,ref      ] GC(24) Weak: 168 encountered, 46 discovered, 0 enqueued
[2018-12-17T14:15:14.351+0800][59461][gc,ref      ] GC(24) Final: 0 encountered, 0 discovered, 0 enqueued
[2018-12-17T14:15:14.351+0800][59461][gc,ref      ] GC(24) Phantom: 1 encountered, 1 discovered, 0 enqueued
[2018-12-17T14:15:14.351+0800][59461][gc,heap     ] GC(24)                Mark Start          Mark End        Relocate Start      Relocate End           High               Low         
[2018-12-17T14:15:14.351+0800][59461][gc,heap     ] GC(24)  Capacity:     1024M (100%)       1024M (100%)       1024M (100%)       1024M (100%)       1024M (100%)       1024M (100%)   
[2018-12-17T14:15:14.351+0800][59461][gc,heap     ] GC(24)   Reserve:       42M (4%)           42M (4%)           42M (4%)           42M (4%)           42M (4%)           42M (4%)     
[2018-12-17T14:15:14.351+0800][59461][gc,heap     ] GC(24)      Free:        0M (0%)            0M (0%)          590M (58%)         552M (54%)         590M (58%)           0M (0%)     
[2018-12-17T14:15:14.351+0800][59461][gc,heap     ] GC(24)      Used:      982M (96%)         982M (96%)         392M (38%)         430M (42%)         982M (96%)         392M (38%)    
[2018-12-17T14:15:14.351+0800][59461][gc,heap     ] GC(24)      Live:         -               289M (28%)         289M (28%)         289M (28%)            -                  -          
[2018-12-17T14:15:14.351+0800][59461][gc,heap     ] GC(24) Allocated:         -                 0M (0%)           20M (2%)          158M (15%)            -                  -          
[2018-12-17T14:15:14.351+0800][59461][gc,heap     ] GC(24)   Garbage:         -               692M (68%)          82M (8%)           82M (8%)             -                  -          
[2018-12-17T14:15:14.351+0800][59461][gc,heap     ] GC(24) Reclaimed:         -                  -               610M (60%)         610M (60%)            -                  -          
[2018-12-17T14:15:14.351+0800][59461][gc          ] GC(24) Garbage Collection (Allocation Stall) 982M(96%)->430M(42%)
[2018-12-17T14:15:14.366+0800][59461][gc,start    ] GC(25) Garbage Collection (Allocation Rate)
[2018-12-17T14:15:14.367+0800][59468][gc,phases   ] GC(25) Pause Mark Start 0.094ms
[2018-12-17T14:15:14.482+0800][59454][gc,heap     ] Page Cache Flushed: 2M requested, 10M(286M->276M) flushed
[2018-12-17T14:15:14.484+0800][59454][gc,heap     ] Page Cache Flushed: 2M requested, 10M(276M->266M) flushed
[2018-12-17T14:15:14.485+0800][59454][gc,heap     ] Page Cache Flushed: 2M requested, 10M(266M->256M) flushed
[2018-12-17T14:15:14.487+0800][59454][gc,heap     ] Page Cache Flushed: 2M requested, 10M(256M->246M) flushed
[2018-12-17T14:15:14.509+0800][59454][gc,heap     ] Page Cache Flushed: 10M requested, 32M(32M->0M) flushed
[2018-12-17T14:15:14.534+0800][59461][gc,phases   ] GC(25) Concurrent Mark 167.004ms
[2018-12-17T14:15:14.534+0800][59468][gc,phases   ] GC(25) Pause Mark End 0.071ms
[2018-12-17T14:15:14.534+0800][59461][gc,phases   ] GC(25) Concurrent Process Non-Strong References 0.132ms
[2018-12-17T14:15:14.534+0800][59461][gc,phases   ] GC(25) Concurrent Reset Relocation Set 0.003ms
[2018-12-17T14:15:14.534+0800][59461][gc,phases   ] GC(25) Concurrent Destroy Detached Pages 0.006ms
[2018-12-17T14:15:14.534+0800][59454][gc          ] Allocation Stall (main) 20.201ms
[2018-12-17T14:15:14.535+0800][59461][gc,phases   ] GC(25) Concurrent Select Relocation Set 1.244ms
[2018-12-17T14:15:14.536+0800][59461][gc,phases   ] GC(25) Concurrent Prepare Relocation Set 0.115ms
[2018-12-17T14:15:14.536+0800][59468][gc,phases   ] GC(25) Pause Relocate Start 0.054ms
[2018-12-17T14:15:14.540+0800][59461][gc,phases   ] GC(25) Concurrent Relocate 3.796ms
[2018-12-17T14:15:14.540+0800][59461][gc,load     ] GC(25) Load: 0.85/0.82/0.91
[2018-12-17T14:15:14.540+0800][59461][gc,mmu      ] GC(25) MMU: 2ms/6.8%, 5ms/60.6%, 10ms/80.3%, 20ms/90.2%, 50ms/96.1%, 100ms/97.9%
[2018-12-17T14:15:14.540+0800][59461][gc,marking  ] GC(25) Mark: 1 stripe(s), 1 proactive flush(es), 1 terminate flush(es), 0 completion(s), 0 continuation(s) 
[2018-12-17T14:15:14.540+0800][59461][gc,reloc    ] GC(25) Relocation: Successful, 66M relocated
[2018-12-17T14:15:14.540+0800][59461][gc,nmethod  ] GC(25) NMethods: 39 registered, 0 unregistered
[2018-12-17T14:15:14.540+0800][59461][gc,metaspace] GC(25) Metaspace: 4M used, 4M capacity, 5M committed, 8M reserved
[2018-12-17T14:15:14.540+0800][59461][gc,ref      ] GC(25) Soft: 88 encountered, 0 discovered, 0 enqueued
[2018-12-17T14:15:14.540+0800][59461][gc,ref      ] GC(25) Weak: 168 encountered, 132 discovered, 0 enqueued
[2018-12-17T14:15:14.540+0800][59461][gc,ref      ] GC(25) Final: 0 encountered, 0 discovered, 0 enqueued
[2018-12-17T14:15:14.540+0800][59461][gc,ref      ] GC(25) Phantom: 1 encountered, 1 discovered, 0 enqueued
[2018-12-17T14:15:14.540+0800][59461][gc,heap     ] GC(25)                Mark Start          Mark End        Relocate Start      Relocate End           High               Low         
[2018-12-17T14:15:14.540+0800][59461][gc,heap     ] GC(25)  Capacity:     1024M (100%)       1024M (100%)       1024M (100%)       1024M (100%)       1024M (100%)       1024M (100%)   
[2018-12-17T14:15:14.540+0800][59461][gc,heap     ] GC(25)   Reserve:       42M (4%)           42M (4%)           42M (4%)           42M (4%)           42M (4%)           42M (4%)     
[2018-12-17T14:15:14.540+0800][59461][gc,heap     ] GC(25)      Free:      392M (38%)           6M (1%)          236M (23%)         198M (19%)         392M (38%)           6M (1%)     
[2018-12-17T14:15:14.540+0800][59461][gc,heap     ] GC(25)      Used:      590M (58%)         976M (95%)         746M (73%)         784M (77%)         976M (95%)         590M (58%)    
[2018-12-17T14:15:14.540+0800][59461][gc,heap     ] GC(25)      Live:         -               289M (28%)         289M (28%)         289M (28%)            -                  -          
[2018-12-17T14:15:14.540+0800][59461][gc,heap     ] GC(25) Allocated:         -               386M (38%)         406M (40%)         448M (44%)            -                  -          
[2018-12-17T14:15:14.540+0800][59461][gc,heap     ] GC(25)   Garbage:         -               300M (29%)          50M (5%)           48M (5%)             -                  -          
[2018-12-17T14:15:14.540+0800][59461][gc,heap     ] GC(25) Reclaimed:         -                  -               250M (24%)         252M (25%)            -                  -          
[2018-12-17T14:15:14.540+0800][59461][gc          ] GC(25) Garbage Collection (Allocation Rate) 590M(58%)->784M(77%)
[2018-12-17T14:15:14.558+0800][59461][gc,start    ] GC(26) Garbage Collection (Allocation Stall)
[2018-12-17T14:15:14.559+0800][59468][gc,ref      ] GC(26) Clearing All Soft References
[2018-12-17T14:15:14.559+0800][59468][gc,phases   ] GC(26) Pause Mark Start 0.122ms
[2018-12-17T14:15:14.678+0800][59461][gc,phases   ] GC(26) Concurrent Mark 119.577ms
[2018-12-17T14:15:14.679+0800][59468][gc,phases   ] GC(26) Pause Mark End 0.070ms
[2018-12-17T14:15:14.679+0800][59461][gc,phases   ] GC(26) Concurrent Process Non-Strong References 0.104ms
[2018-12-17T14:15:14.679+0800][59461][gc,phases   ] GC(26) Concurrent Reset Relocation Set 0.002ms
[2018-12-17T14:15:14.679+0800][59461][gc,phases   ] GC(26) Concurrent Destroy Detached Pages 0.001ms
[2018-12-17T14:15:14.679+0800][59454][gc          ] Allocation Stall (main) 120.294ms
[2018-12-17T14:15:14.680+0800][59461][gc,phases   ] GC(26) Concurrent Select Relocation Set 1.408ms
[2018-12-17T14:15:14.680+0800][59461][gc,phases   ] GC(26) Concurrent Prepare Relocation Set 0.002ms
[2018-12-17T14:15:14.681+0800][59468][gc,phases   ] GC(26) Pause Relocate Start 0.063ms
[2018-12-17T14:15:14.681+0800][59456][gc,heap     ] GC(26) Page Cache Flushed: 18M requested, 20M(534M->514M) flushed
[2018-12-17T14:15:14.682+0800][59455][gc,heap     ] GC(26) Page Cache Flushed: 30M requested, 30M(514M->484M) flushed
[2018-12-17T14:15:14.683+0800][59459][gc,heap     ] GC(26) Page Cache Flushed: 32M requested, 40M(484M->444M) flushed
[2018-12-17T14:15:14.685+0800][59458][gc,heap     ] GC(26) Page Cache Flushed: 24M requested, 30M(444M->414M) flushed
[2018-12-17T14:15:14.698+0800][59461][gc,phases   ] GC(26) Concurrent Relocate 17.064ms
[2018-12-17T14:15:14.698+0800][59461][gc,load     ] GC(26) Load: 0.85/0.82/0.91
[2018-12-17T14:15:14.698+0800][59461][gc,mmu      ] GC(26) MMU: 2ms/6.8%, 5ms/60.6%, 10ms/80.3%, 20ms/90.2%, 50ms/96.1%, 100ms/97.9%
[2018-12-17T14:15:14.698+0800][59461][gc,marking  ] GC(26) Mark: 4 stripe(s), 10 proactive flush(es), 1 terminate flush(es), 0 completion(s), 0 continuation(s) 
[2018-12-17T14:15:14.698+0800][59461][gc,reloc    ] GC(26) Relocation: Successful, 86M relocated
[2018-12-17T14:15:14.698+0800][59461][gc,nmethod  ] GC(26) NMethods: 39 registered, 0 unregistered
[2018-12-17T14:15:14.698+0800][59461][gc,metaspace] GC(26) Metaspace: 4M used, 4M capacity, 5M committed, 8M reserved
[2018-12-17T14:15:14.698+0800][59461][gc,ref      ] GC(26) Soft: 88 encountered, 36 discovered, 0 enqueued
[2018-12-17T14:15:14.698+0800][59461][gc,ref      ] GC(26) Weak: 168 encountered, 131 discovered, 0 enqueued
[2018-12-17T14:15:14.698+0800][59461][gc,ref      ] GC(26) Final: 0 encountered, 0 discovered, 0 enqueued
[2018-12-17T14:15:14.698+0800][59461][gc,ref      ] GC(26) Phantom: 1 encountered, 1 discovered, 0 enqueued
[2018-12-17T14:15:14.698+0800][59461][gc,heap     ] GC(26)                Mark Start          Mark End        Relocate Start      Relocate End           High               Low         
[2018-12-17T14:15:14.698+0800][59461][gc,heap     ] GC(26)  Capacity:     1024M (100%)       1024M (100%)       1024M (100%)       1024M (100%)       1024M (100%)       1024M (100%)   
[2018-12-17T14:15:14.698+0800][59461][gc,heap     ] GC(26)   Reserve:       42M (4%)           42M (4%)           42M (4%)           42M (4%)           42M (4%)           42M (4%)     
[2018-12-17T14:15:14.698+0800][59461][gc,heap     ] GC(26)      Free:        8M (1%)            8M (1%)          548M (54%)         502M (49%)         548M (54%)           8M (1%)     
[2018-12-17T14:15:14.698+0800][59461][gc,heap     ] GC(26)      Used:      974M (95%)         974M (95%)         434M (42%)         480M (47%)         974M (95%)         434M (42%)    
[2018-12-17T14:15:14.698+0800][59461][gc,heap     ] GC(26)      Live:         -               320M (31%)         320M (31%)         320M (31%)            -                  -          
[2018-12-17T14:15:14.698+0800][59461][gc,heap     ] GC(26) Allocated:         -                 0M (0%)           20M (2%)          354M (35%)            -                  -          
[2018-12-17T14:15:14.698+0800][59461][gc,heap     ] GC(26)   Garbage:         -               653M (64%)          93M (9%)          157M (15%)            -                  -          
[2018-12-17T14:15:14.698+0800][59461][gc,heap     ] GC(26) Reclaimed:         -                  -               560M (55%)         496M (48%)            -                  -          
[2018-12-17T14:15:14.698+0800][59461][gc          ] GC(26) Garbage Collection (Allocation Stall) 974M(95%)->480M(47%)
[2018-12-17T14:15:14.728+0800][59454][gc,heap     ] Page Cache Flushed: 10M requested, 32M(228M->196M) flushed
[2018-12-17T14:15:14.731+0800][59454][gc,heap     ] Page Cache Flushed: 10M requested, 32M(196M->164M) flushed
[2018-12-17T14:15:14.733+0800][59454][gc,heap     ] Page Cache Flushed: 2M requested, 32M(164M->132M) flushed
[2018-12-17T14:15:14.743+0800][59454][gc,heap     ] Page Cache Flushed: 10M requested, 32M(132M->100M) flushed
[2018-12-17T14:15:14.751+0800][59454][gc,heap     ] Page Cache Flushed: 8M requested, 32M(100M->68M) flushed
[2018-12-17T14:15:14.760+0800][59454][gc,heap     ] Page Cache Flushed: 6M requested, 32M(68M->36M) flushed
[2018-12-17T14:15:14.767+0800][59461][gc,start    ] GC(27) Garbage Collection (Allocation Rate)
[2018-12-17T14:15:14.767+0800][59468][gc,phases   ] GC(27) Pause Mark Start 0.112ms
[2018-12-17T14:15:14.951+0800][59461][gc,phases   ] GC(27) Concurrent Mark 183.958ms
[2018-12-17T14:15:14.951+0800][59468][gc,phases   ] GC(27) Pause Mark End 0.077ms
[2018-12-17T14:15:14.951+0800][59461][gc,phases   ] GC(27) Concurrent Process Non-Strong References 0.124ms
[2018-12-17T14:15:14.951+0800][59461][gc,phases   ] GC(27) Concurrent Reset Relocation Set 0.003ms
[2018-12-17T14:15:14.951+0800][59461][gc,phases   ] GC(27) Concurrent Destroy Detached Pages 0.011ms
[2018-12-17T14:15:14.952+0800][59461][gc,heap     ] GC(27) Page Cache Flushed: 24M requested, 30M(30M->0M) flushed
[2018-12-17T14:15:14.954+0800][59461][gc,phases   ] GC(27) Concurrent Select Relocation Set 3.058ms
[2018-12-17T14:15:14.954+0800][59454][gc          ] Allocation Stall (main) 73.376ms
[2018-12-17T14:15:14.954+0800][59461][gc,phases   ] GC(27) Concurrent Prepare Relocation Set 0.000ms
[2018-12-17T14:15:14.955+0800][59468][gc,phases   ] GC(27) Pause Relocate Start 0.062ms
[2018-12-17T14:15:14.955+0800][59461][gc,phases   ] GC(27) Concurrent Relocate 0.028ms
[2018-12-17T14:15:14.955+0800][59461][gc,load     ] GC(27) Load: 0.85/0.82/0.91
[2018-12-17T14:15:14.955+0800][59461][gc,mmu      ] GC(27) MMU: 2ms/6.8%, 5ms/60.6%, 10ms/80.3%, 20ms/90.2%, 50ms/96.1%, 100ms/97.9%
[2018-12-17T14:15:14.955+0800][59461][gc,marking  ] GC(27) Mark: 1 stripe(s), 1 proactive flush(es), 1 terminate flush(es), 0 completion(s), 0 continuation(s) 
[2018-12-17T14:15:14.955+0800][59461][gc,reloc    ] GC(27) Relocation: Successful, 24M relocated
[2018-12-17T14:15:14.955+0800][59461][gc,nmethod  ] GC(27) NMethods: 39 registered, 0 unregistered
[2018-12-17T14:15:14.955+0800][59461][gc,metaspace] GC(27) Metaspace: 4M used, 4M capacity, 5M committed, 8M reserved
[2018-12-17T14:15:14.955+0800][59461][gc,ref      ] GC(27) Soft: 88 encountered, 0 discovered, 0 enqueued
[2018-12-17T14:15:14.955+0800][59461][gc,ref      ] GC(27) Weak: 168 encountered, 132 discovered, 0 enqueued
[2018-12-17T14:15:14.955+0800][59461][gc,ref      ] GC(27) Final: 0 encountered, 0 discovered, 0 enqueued
[2018-12-17T14:15:14.955+0800][59461][gc,ref      ] GC(27) Phantom: 1 encountered, 1 discovered, 0 enqueued
[2018-12-17T14:15:14.955+0800][59461][gc,heap     ] GC(27)                Mark Start          Mark End        Relocate Start      Relocate End           High               Low         
[2018-12-17T14:15:14.955+0800][59461][gc,heap     ] GC(27)  Capacity:     1024M (100%)       1024M (100%)       1024M (100%)       1024M (100%)       1024M (100%)       1024M (100%)   
[2018-12-17T14:15:14.955+0800][59461][gc,heap     ] GC(27)   Reserve:       42M (4%)           42M (4%)           42M (4%)           42M (4%)           42M (4%)           42M (4%)     
[2018-12-17T14:15:14.955+0800][59461][gc,heap     ] GC(27)      Free:       52M (5%)            8M (1%)          556M (54%)         556M (54%)         556M (54%)           6M (1%)     
[2018-12-17T14:15:14.955+0800][59461][gc,heap     ] GC(27)      Used:      930M (91%)         974M (95%)         426M (42%)         426M (42%)         976M (95%)         426M (42%)    
[2018-12-17T14:15:14.955+0800][59461][gc,heap     ] GC(27)      Live:         -               320M (31%)         320M (31%)         320M (31%)            -                  -          
[2018-12-17T14:15:14.955+0800][59461][gc,heap     ] GC(27) Allocated:         -                44M (4%)           76M (7%)           76M (7%)             -                  -          
[2018-12-17T14:15:14.955+0800][59461][gc,heap     ] GC(27)   Garbage:         -               609M (60%)          29M (3%)           29M (3%)             -                  -          
[2018-12-17T14:15:14.955+0800][59461][gc,heap     ] GC(27) Reclaimed:         -                  -               580M (57%)         580M (57%)            -                  -          
[2018-12-17T14:15:14.955+0800][59461][gc          ] GC(27) Garbage Collection (Allocation Rate) 930M(91%)->426M(42%)
[2018-12-17T14:15:14.967+0800][59461][gc,start    ] GC(28) Garbage Collection (Allocation Rate)
[2018-12-17T14:15:14.968+0800][59468][gc,phases   ] GC(28) Pause Mark Start 0.079ms
[2018-12-17T14:15:15.170+0800][59461][gc,phases   ] GC(28) Concurrent Mark 202.322ms
[2018-12-17T14:15:15.170+0800][59468][gc,phases   ] GC(28) Pause Mark End 0.079ms
[2018-12-17T14:15:15.170+0800][59461][gc,phases   ] GC(28) Concurrent Process Non-Strong References 0.130ms
[2018-12-17T14:15:15.170+0800][59461][gc,phases   ] GC(28) Concurrent Reset Relocation Set 0.000ms
[2018-12-17T14:15:15.170+0800][59461][gc,phases   ] GC(28) Concurrent Destroy Detached Pages 0.004ms
[2018-12-17T14:15:15.172+0800][59454][gc          ] Allocation Stall (main) 137.557ms
[2018-12-17T14:15:15.172+0800][59461][gc,phases   ] GC(28) Concurrent Select Relocation Set 1.326ms
[2018-12-17T14:15:15.172+0800][59461][gc,phases   ] GC(28) Concurrent Prepare Relocation Set 0.120ms
[2018-12-17T14:15:15.174+0800][59468][gc,phases   ] GC(28) Pause Relocate Start 0.062ms
[2018-12-17T14:15:15.179+0800][59454][gc          ] Allocation Stall (main) 3.752ms
[2018-12-17T14:15:15.183+0800][59457][gc,heap     ] GC(28) Page Cache Flushed: 10M requested, 32M(64M->32M) flushed
[2018-12-17T14:15:15.185+0800][59454][gc          ] Allocation Stall (main) 3.643ms
[2018-12-17T14:15:15.187+0800][59454][gc,heap     ] Page Cache Flushed: 10M requested, 32M(34M->2M) flushed
[2018-12-17T14:15:15.190+0800][59461][gc,phases   ] GC(28) Concurrent Relocate 15.685ms
[2018-12-17T14:15:15.190+0800][59461][gc,load     ] GC(28) Load: 0.85/0.82/0.91
[2018-12-17T14:15:15.190+0800][59461][gc,mmu      ] GC(28) MMU: 2ms/6.8%, 5ms/60.6%, 10ms/80.3%, 20ms/90.2%, 50ms/96.1%, 100ms/97.9%
[2018-12-17T14:15:15.190+0800][59461][gc,marking  ] GC(28) Mark: 1 stripe(s), 1 proactive flush(es), 1 terminate flush(es), 0 completion(s), 0 continuation(s) 
[2018-12-17T14:15:15.190+0800][59461][gc,reloc    ] GC(28) Relocation: Successful, 47M relocated
[2018-12-17T14:15:15.190+0800][59461][gc,nmethod  ] GC(28) NMethods: 39 registered, 0 unregistered
[2018-12-17T14:15:15.190+0800][59461][gc,metaspace] GC(28) Metaspace: 4M used, 4M capacity, 5M committed, 8M reserved
[2018-12-17T14:15:15.190+0800][59461][gc,ref      ] GC(28) Soft: 88 encountered, 0 discovered, 0 enqueued
[2018-12-17T14:15:15.190+0800][59461][gc,ref      ] GC(28) Weak: 168 encountered, 108 discovered, 0 enqueued
[2018-12-17T14:15:15.190+0800][59461][gc,ref      ] GC(28) Final: 0 encountered, 0 discovered, 0 enqueued
[2018-12-17T14:15:15.190+0800][59461][gc,ref      ] GC(28) Phantom: 1 encountered, 1 discovered, 0 enqueued
[2018-12-17T14:15:15.190+0800][59461][gc,heap     ] GC(28)                Mark Start          Mark End        Relocate Start      Relocate End           High               Low         
[2018-12-17T14:15:15.190+0800][59461][gc,heap     ] GC(28)  Capacity:     1024M (100%)       1024M (100%)       1024M (100%)       1024M (100%)       1024M (100%)       1024M (100%)   
[2018-12-17T14:15:15.190+0800][59461][gc,heap     ] GC(28)   Reserve:       42M (4%)           42M (4%)           42M (4%)           42M (4%)           42M (4%)           36M (4%)     
[2018-12-17T14:15:15.190+0800][59461][gc,heap     ] GC(28)      Free:      516M (50%)           6M (1%)           36M (4%)           20M (2%)          516M (50%)           0M (0%)     
[2018-12-17T14:15:15.190+0800][59461][gc,heap     ] GC(28)      Used:      466M (46%)         976M (95%)         946M (92%)         962M (94%)         988M (96%)         466M (46%)    
[2018-12-17T14:15:15.190+0800][59461][gc,heap     ] GC(28)      Live:         -               351M (34%)         351M (34%)         351M (34%)            -                  -          
[2018-12-17T14:15:15.190+0800][59461][gc,heap     ] GC(28) Allocated:         -               510M (50%)         520M (51%)         604M (59%)            -                  -          
[2018-12-17T14:15:15.190+0800][59461][gc,heap     ] GC(28)   Garbage:         -               114M (11%)          74M (7%)           40M (4%)             -                  -          
[2018-12-17T14:15:15.190+0800][59461][gc,heap     ] GC(28) Reclaimed:         -                  -                40M (4%)           74M (7%)             -                  -          
[2018-12-17T14:15:15.190+0800][59461][gc          ] GC(28) Garbage Collection (Allocation Rate) 466M(46%)->962M(94%)
[2018-12-17T14:15:15.193+0800][59454][gc,heap     ] Page Cache Flushed: 4M requested, 4M(4M->0M) flushed
[2018-12-17T14:15:15.195+0800][59461][gc,start    ] GC(29) Garbage Collection (Allocation Stall)
[2018-12-17T14:15:15.195+0800][59468][gc,ref      ] GC(29) Clearing All Soft References
[2018-12-17T14:15:15.195+0800][59468][gc,phases   ] GC(29) Pause Mark Start 0.099ms
[2018-12-17T14:15:15.331+0800][59461][gc,phases   ] GC(29) Concurrent Mark 135.067ms
[2018-12-17T14:15:15.331+0800][59468][gc,phases   ] GC(29) Pause Mark End 0.073ms
[2018-12-17T14:15:15.331+0800][59461][gc,phases   ] GC(29) Concurrent Process Non-Strong References 0.093ms
[2018-12-17T14:15:15.331+0800][59461][gc,phases   ] GC(29) Concurrent Reset Relocation Set 0.003ms
[2018-12-17T14:15:15.331+0800][59461][gc,phases   ] GC(29) Concurrent Destroy Detached Pages 0.006ms
[2018-12-17T14:15:15.332+0800][59461][gc,phases   ] GC(29) Concurrent Select Relocation Set 1.303ms
[2018-12-17T14:15:15.332+0800][59461][gc,phases   ] GC(29) Concurrent Prepare Relocation Set 0.000ms
[2018-12-17T14:15:15.332+0800][59454][gc          ] Allocation Stall (main) 137.001ms
[2018-12-17T14:15:15.335+0800][59468][gc,phases   ] GC(29) Pause Relocate Start 0.050ms
[2018-12-17T14:15:15.335+0800][59461][gc,phases   ] GC(29) Concurrent Relocate 0.018ms
[2018-12-17T14:15:15.335+0800][59461][gc,load     ] GC(29) Load: 0.85/0.82/0.91
[2018-12-17T14:15:15.335+0800][59461][gc,mmu      ] GC(29) MMU: 2ms/6.8%, 5ms/60.6%, 10ms/80.3%, 20ms/90.2%, 50ms/96.1%, 100ms/97.9%
[2018-12-17T14:15:15.335+0800][59461][gc,marking  ] GC(29) Mark: 4 stripe(s), 10 proactive flush(es), 1 terminate flush(es), 0 completion(s), 0 continuation(s) 
[2018-12-17T14:15:15.335+0800][59461][gc,reloc    ] GC(29) Relocation: Successful, 47M relocated
[2018-12-17T14:15:15.335+0800][59461][gc,nmethod  ] GC(29) NMethods: 39 registered, 0 unregistered
[2018-12-17T14:15:15.335+0800][59461][gc,metaspace] GC(29) Metaspace: 4M used, 4M capacity, 5M committed, 8M reserved
[2018-12-17T14:15:15.335+0800][59461][gc,ref      ] GC(29) Soft: 88 encountered, 20 discovered, 0 enqueued
[2018-12-17T14:15:15.335+0800][59461][gc,ref      ] GC(29) Weak: 168 encountered, 35 discovered, 0 enqueued
[2018-12-17T14:15:15.335+0800][59461][gc,ref      ] GC(29) Final: 0 encountered, 0 discovered, 0 enqueued
[2018-12-17T14:15:15.335+0800][59461][gc,ref      ] GC(29) Phantom: 1 encountered, 1 discovered, 0 enqueued
[2018-12-17T14:15:15.335+0800][59461][gc,heap     ] GC(29)                Mark Start          Mark End        Relocate Start      Relocate End           High               Low         
[2018-12-17T14:15:15.335+0800][59461][gc,heap     ] GC(29)  Capacity:     1024M (100%)       1024M (100%)       1024M (100%)       1024M (100%)       1024M (100%)       1024M (100%)   
[2018-12-17T14:15:15.335+0800][59461][gc,heap     ] GC(29)   Reserve:       42M (4%)           42M (4%)           42M (4%)           42M (4%)           42M (4%)           42M (4%)     
[2018-12-17T14:15:15.335+0800][59461][gc,heap     ] GC(29)      Free:        0M (0%)            0M (0%)          580M (57%)         570M (56%)         580M (57%)           0M (0%)     
[2018-12-17T14:15:15.335+0800][59461][gc,heap     ] GC(29)      Used:      982M (96%)         982M (96%)         402M (39%)         412M (40%)         982M (96%)         402M (39%)    
[2018-12-17T14:15:15.335+0800][59461][gc,heap     ] GC(29)      Live:         -               351M (34%)         351M (34%)         351M (34%)            -                  -          
[2018-12-17T14:15:15.335+0800][59461][gc,heap     ] GC(29) Allocated:         -                 0M (0%)           10M (1%)           20M (2%)             -                  -          
[2018-12-17T14:15:15.335+0800][59461][gc,heap     ] GC(29)   Garbage:         -               630M (62%)          40M (4%)           40M (4%)             -                  -          
[2018-12-17T14:15:15.335+0800][59461][gc,heap     ] GC(29) Reclaimed:         -                  -               590M (58%)         590M (58%)            -                  -          
[2018-12-17T14:15:15.335+0800][59461][gc          ] GC(29) Garbage Collection (Allocation Stall) 982M(96%)->412M(40%)
[2018-12-17T14:15:15.366+0800][59461][gc,start    ] GC(30) Garbage Collection (Allocation Rate)
[2018-12-17T14:15:15.367+0800][59468][gc,phases   ] GC(30) Pause Mark Start 0.073ms
[2018-12-17T14:15:15.469+0800][59454][gc,heap     ] Page Cache Flushed: 2M requested, 10M(220M->210M) flushed
[2018-12-17T14:15:15.475+0800][59454][gc,heap     ] Page Cache Flushed: 2M requested, 10M(210M->200M) flushed
[2018-12-17T14:15:15.476+0800][59454][gc,heap     ] Page Cache Flushed: 24M requested, 30M(200M->170M) flushed
[2018-12-17T14:15:15.486+0800][59454][gc,heap     ] Page Cache Flushed: 26M requested, 30M(170M->140M) flushed
[2018-12-17T14:15:15.565+0800][59461][gc,phases   ] GC(30) Concurrent Mark 197.981ms
[2018-12-17T14:15:15.565+0800][59468][gc,phases   ] GC(30) Pause Mark End 0.079ms
[2018-12-17T14:15:15.566+0800][59461][gc,phases   ] GC(30) Concurrent Process Non-Strong References 0.124ms
[2018-12-17T14:15:15.566+0800][59461][gc,phases   ] GC(30) Concurrent Reset Relocation Set 0.000ms
[2018-12-17T14:15:15.566+0800][59461][gc,phases   ] GC(30) Concurrent Destroy Detached Pages 0.006ms
[2018-12-17T14:15:15.567+0800][59461][gc,phases   ] GC(30) Concurrent Select Relocation Set 1.256ms
[2018-12-17T14:15:15.567+0800][59461][gc,phases   ] GC(30) Concurrent Prepare Relocation Set 0.000ms
[2018-12-17T14:15:15.567+0800][59454][gc          ] Allocation Stall (main) 53.479ms
[2018-12-17T14:15:15.568+0800][59468][gc,phases   ] GC(30) Pause Relocate Start 0.053ms
[2018-12-17T14:15:15.568+0800][59461][gc,phases   ] GC(30) Concurrent Relocate 0.025ms
[2018-12-17T14:15:15.568+0800][59461][gc,load     ] GC(30) Load: 0.85/0.82/0.91
[2018-12-17T14:15:15.568+0800][59461][gc,mmu      ] GC(30) MMU: 2ms/6.8%, 5ms/60.6%, 10ms/80.3%, 20ms/90.2%, 50ms/96.1%, 100ms/97.9%
[2018-12-17T14:15:15.568+0800][59461][gc,marking  ] GC(30) Mark: 1 stripe(s), 1 proactive flush(es), 1 terminate flush(es), 0 completion(s), 0 continuation(s) 
[2018-12-17T14:15:15.568+0800][59461][gc,reloc    ] GC(30) Relocation: Successful, 47M relocated
[2018-12-17T14:15:15.568+0800][59461][gc,nmethod  ] GC(30) NMethods: 39 registered, 0 unregistered
[2018-12-17T14:15:15.568+0800][59461][gc,metaspace] GC(30) Metaspace: 4M used, 4M capacity, 5M committed, 8M reserved
[2018-12-17T14:15:15.568+0800][59461][gc,ref      ] GC(30) Soft: 88 encountered, 0 discovered, 0 enqueued
[2018-12-17T14:15:15.568+0800][59461][gc,ref      ] GC(30) Weak: 168 encountered, 108 discovered, 0 enqueued
[2018-12-17T14:15:15.568+0800][59461][gc,ref      ] GC(30) Final: 0 encountered, 0 discovered, 0 enqueued
[2018-12-17T14:15:15.568+0800][59461][gc,ref      ] GC(30) Phantom: 1 encountered, 1 discovered, 0 enqueued
[2018-12-17T14:15:15.568+0800][59461][gc,heap     ] GC(30)                Mark Start          Mark End        Relocate Start      Relocate End           High               Low         
[2018-12-17T14:15:15.568+0800][59461][gc,heap     ] GC(30)  Capacity:     1024M (100%)       1024M (100%)       1024M (100%)       1024M (100%)       1024M (100%)       1024M (100%)   
[2018-12-17T14:15:15.568+0800][59461][gc,heap     ] GC(30)   Reserve:       42M (4%)           42M (4%)           42M (4%)           42M (4%)           42M (4%)           42M (4%)     
[2018-12-17T14:15:15.568+0800][59461][gc,heap     ] GC(30)      Free:      240M (23%)           4M (0%)          344M (34%)         334M (33%)         344M (34%)           4M (0%)     
[2018-12-17T14:15:15.568+0800][59461][gc,heap     ] GC(30)      Used:      742M (72%)         978M (96%)         638M (62%)         648M (63%)         978M (96%)         638M (62%)    
[2018-12-17T14:15:15.568+0800][59461][gc,heap     ] GC(30)      Live:         -               351M (34%)         351M (34%)         351M (34%)            -                  -          
[2018-12-17T14:15:15.568+0800][59461][gc,heap     ] GC(30) Allocated:         -               236M (23%)         246M (24%)         256M (25%)            -                  -          
[2018-12-17T14:15:15.568+0800][59461][gc,heap     ] GC(30)   Garbage:         -               390M (38%)          40M (4%)           40M (4%)             -                  -          
[2018-12-17T14:15:15.568+0800][59461][gc,heap     ] GC(30) Reclaimed:         -                  -               350M (34%)         350M (34%)            -                  -          
[2018-12-17T14:15:15.568+0800][59461][gc          ] GC(30) Garbage Collection (Allocation Rate) 742M(72%)->648M(63%)
[2018-12-17T14:15:15.600+0800][59461][gc,start    ] GC(31) Garbage Collection (Allocation Stall)
[2018-12-17T14:15:15.600+0800][59468][gc,ref      ] GC(31) Clearing All Soft References
[2018-12-17T14:15:15.601+0800][59468][gc,phases   ] GC(31) Pause Mark Start 0.106ms
[2018-12-17T14:15:15.726+0800][59461][gc,phases   ] GC(31) Concurrent Mark 125.198ms
[2018-12-17T14:15:15.726+0800][59468][gc,phases   ] GC(31) Pause Mark End 0.061ms
[2018-12-17T14:15:15.726+0800][59461][gc,phases   ] GC(31) Concurrent Process Non-Strong References 0.113ms
[2018-12-17T14:15:15.726+0800][59461][gc,phases   ] GC(31) Concurrent Reset Relocation Set 0.000ms
[2018-12-17T14:15:15.726+0800][59461][gc,phases   ] GC(31) Concurrent Destroy Detached Pages 0.001ms
[2018-12-17T14:15:15.728+0800][59461][gc,phases   ] GC(31) Concurrent Select Relocation Set 1.710ms
[2018-12-17T14:15:15.728+0800][59461][gc,phases   ] GC(31) Concurrent Prepare Relocation Set 0.001ms
[2018-12-17T14:15:15.728+0800][59454][gc          ] Allocation Stall (main) 127.619ms
[2018-12-17T14:15:15.729+0800][59468][gc,phases   ] GC(31) Pause Relocate Start 0.047ms
[2018-12-17T14:15:15.729+0800][59455][gc,heap     ] GC(31) Page Cache Flushed: 18M requested, 20M(490M->470M) flushed
[2018-12-17T14:15:15.738+0800][59461][gc,phases   ] GC(31) Concurrent Relocate 8.825ms
[2018-12-17T14:15:15.738+0800][59461][gc,load     ] GC(31) Load: 0.85/0.82/0.91
[2018-12-17T14:15:15.738+0800][59461][gc,mmu      ] GC(31) MMU: 2ms/6.8%, 5ms/60.6%, 10ms/80.3%, 20ms/90.2%, 50ms/96.1%, 100ms/97.9%
[2018-12-17T14:15:15.738+0800][59461][gc,marking  ] GC(31) Mark: 4 stripe(s), 10 proactive flush(es), 1 terminate flush(es), 0 completion(s), 0 continuation(s) 
[2018-12-17T14:15:15.738+0800][59461][gc,reloc    ] GC(31) Relocation: Successful, 68M relocated
[2018-12-17T14:15:15.738+0800][59461][gc,nmethod  ] GC(31) NMethods: 39 registered, 0 unregistered
[2018-12-17T14:15:15.738+0800][59461][gc,metaspace] GC(31) Metaspace: 4M used, 4M capacity, 5M committed, 8M reserved
[2018-12-17T14:15:15.738+0800][59461][gc,ref      ] GC(31) Soft: 88 encountered, 38 discovered, 0 enqueued
[2018-12-17T14:15:15.738+0800][59461][gc,ref      ] GC(31) Weak: 168 encountered, 119 discovered, 0 enqueued
[2018-12-17T14:15:15.738+0800][59461][gc,ref      ] GC(31) Final: 0 encountered, 0 discovered, 0 enqueued
[2018-12-17T14:15:15.739+0800][59461][gc,ref      ] GC(31) Phantom: 1 encountered, 1 discovered, 0 enqueued
[2018-12-17T14:15:15.739+0800][59461][gc,heap     ] GC(31)                Mark Start          Mark End        Relocate Start      Relocate End           High               Low         
[2018-12-17T14:15:15.739+0800][59461][gc,heap     ] GC(31)  Capacity:     1024M (100%)       1024M (100%)       1024M (100%)       1024M (100%)       1024M (100%)       1024M (100%)   
[2018-12-17T14:15:15.739+0800][59461][gc,heap     ] GC(31)   Reserve:       42M (4%)           42M (4%)           42M (4%)           42M (4%)           42M (4%)           42M (4%)     
[2018-12-17T14:15:15.739+0800][59461][gc,heap     ] GC(31)      Free:        4M (0%)            4M (0%)          504M (49%)         486M (47%)         504M (49%)           4M (0%)     
[2018-12-17T14:15:15.739+0800][59461][gc,heap     ] GC(31)      Used:      978M (96%)         978M (96%)         478M (47%)         496M (48%)         978M (96%)         478M (47%)    
[2018-12-17T14:15:15.739+0800][59461][gc,heap     ] GC(31)      Live:         -               382M (37%)         382M (37%)         382M (37%)            -                  -          
[2018-12-17T14:15:15.739+0800][59461][gc,heap     ] GC(31) Allocated:         -                 0M (0%)           10M (1%)          124M (12%)            -                  -          
[2018-12-17T14:15:15.739+0800][59461][gc,heap     ] GC(31)   Garbage:         -               595M (58%)          85M (8%)           85M (8%)             -                  -          
[2018-12-17T14:15:15.739+0800][59461][gc,heap     ] GC(31) Reclaimed:         -                  -               510M (50%)         510M (50%)            -                  -          
[2018-12-17T14:15:15.739+0800][59461][gc          ] GC(31) Garbage Collection (Allocation Stall) 978M(96%)->496M(48%)
[2018-12-17T14:15:15.767+0800][59461][gc,start    ] GC(32) Garbage Collection (Allocation Rate)
[2018-12-17T14:15:15.768+0800][59468][gc,phases   ] GC(32) Pause Mark Start 0.095ms
[2018-12-17T14:15:15.806+0800][59454][gc,heap     ] Page Cache Flushed: 10M requested, 32M(96M->64M) flushed
[2018-12-17T14:15:15.809+0800][59454][gc,heap     ] Page Cache Flushed: 10M requested, 32M(64M->32M) flushed
[2018-12-17T14:15:15.914+0800][59454][gc,heap     ] Page Cache Flushed: 2M requested, 32M(32M->0M) flushed
[2018-12-17T14:15:15.985+0800][59461][gc,phases   ] GC(32) Concurrent Mark 217.218ms
[2018-12-17T14:15:15.985+0800][59468][gc,phases   ] GC(32) Pause Mark End 0.083ms
[2018-12-17T14:15:15.986+0800][59461][gc,phases   ] GC(32) Concurrent Process Non-Strong References 0.126ms
[2018-12-17T14:15:15.986+0800][59461][gc,phases   ] GC(32) Concurrent Reset Relocation Set 0.002ms
[2018-12-17T14:15:15.986+0800][59461][gc,phases   ] GC(32) Concurrent Destroy Detached Pages 0.005ms
[2018-12-17T14:15:15.987+0800][59461][gc,heap     ] GC(32) Page Cache Flushed: 8M requested, 10M(10M->0M) flushed
[2018-12-17T14:15:15.987+0800][59461][gc,phases   ] GC(32) Concurrent Select Relocation Set 1.837ms
[2018-12-17T14:15:15.987+0800][59461][gc,phases   ] GC(32) Concurrent Prepare Relocation Set 0.000ms
[2018-12-17T14:15:15.987+0800][59454][gc          ] Allocation Stall (main) 68.634ms
[2018-12-17T14:15:15.988+0800][59468][gc,phases   ] GC(32) Pause Relocate Start 0.074ms
[2018-12-17T14:15:15.988+0800][59461][gc,phases   ] GC(32) Concurrent Relocate 0.029ms
[2018-12-17T14:15:15.989+0800][59461][gc,load     ] GC(32) Load: 0.85/0.82/0.91
[2018-12-17T14:15:15.989+0800][59461][gc,mmu      ] GC(32) MMU: 2ms/6.8%, 5ms/60.6%, 10ms/80.3%, 20ms/90.2%, 50ms/96.1%, 100ms/97.9%
[2018-12-17T14:15:15.989+0800][59461][gc,marking  ] GC(32) Mark: 1 stripe(s), 1 proactive flush(es), 1 terminate flush(es), 0 completion(s), 0 continuation(s) 
[2018-12-17T14:15:15.989+0800][59461][gc,reloc    ] GC(32) Relocation: Successful, 68M relocated
[2018-12-17T14:15:15.989+0800][59461][gc,nmethod  ] GC(32) NMethods: 39 registered, 0 unregistered
[2018-12-17T14:15:15.989+0800][59461][gc,metaspace] GC(32) Metaspace: 4M used, 4M capacity, 5M committed, 8M reserved
[2018-12-17T14:15:15.989+0800][59461][gc,ref      ] GC(32) Soft: 88 encountered, 0 discovered, 0 enqueued
[2018-12-17T14:15:15.989+0800][59461][gc,ref      ] GC(32) Weak: 168 encountered, 108 discovered, 0 enqueued
[2018-12-17T14:15:15.989+0800][59461][gc,ref      ] GC(32) Final: 0 encountered, 0 discovered, 0 enqueued
[2018-12-17T14:15:15.989+0800][59461][gc,ref      ] GC(32) Phantom: 1 encountered, 1 discovered, 0 enqueued
[2018-12-17T14:15:15.989+0800][59461][gc,heap     ] GC(32)                Mark Start          Mark End        Relocate Start      Relocate End           High               Low         
[2018-12-17T14:15:15.989+0800][59461][gc,heap     ] GC(32)  Capacity:     1024M (100%)       1024M (100%)       1024M (100%)       1024M (100%)       1024M (100%)       1024M (100%)   
[2018-12-17T14:15:15.989+0800][59461][gc,heap     ] GC(32)   Reserve:       42M (4%)           42M (4%)           42M (4%)           42M (4%)           42M (4%)           42M (4%)     
[2018-12-17T14:15:15.989+0800][59461][gc,heap     ] GC(32)      Free:      326M (32%)          24M (2%)          212M (21%)         212M (21%)         326M (32%)           2M (0%)     
[2018-12-17T14:15:15.989+0800][59461][gc,heap     ] GC(32)      Used:      656M (64%)         958M (94%)         770M (75%)         770M (75%)         980M (96%)         656M (64%)    
[2018-12-17T14:15:15.989+0800][59461][gc,heap     ] GC(32)      Live:         -               382M (37%)         382M (37%)         382M (37%)            -                  -          
[2018-12-17T14:15:15.989+0800][59461][gc,heap     ] GC(32) Allocated:         -               302M (29%)         334M (33%)         334M (33%)            -                  -          
[2018-12-17T14:15:15.989+0800][59461][gc,heap     ] GC(32)   Garbage:         -               273M (27%)          53M (5%)           53M (5%)             -                  -          
[2018-12-17T14:15:15.989+0800][59461][gc,heap     ] GC(32) Reclaimed:         -                  -               220M (21%)         220M (21%)            -                  -          
[2018-12-17T14:15:15.989+0800][59461][gc          ] GC(32) Garbage Collection (Allocation Rate) 656M(64%)->770M(75%)
[2018-12-17T14:15:15.999+0800][59454][gc,heap     ] Page Cache Flushed: 30M requested, 30M(210M->180M) flushed
[2018-12-17T14:15:16.034+0800][59461][gc,start    ] GC(33) Garbage Collection (Allocation Stall)
[2018-12-17T14:15:16.034+0800][59468][gc,ref      ] GC(33) Clearing All Soft References
[2018-12-17T14:15:16.034+0800][59468][gc,phases   ] GC(33) Pause Mark Start 0.125ms
[2018-12-17T14:15:16.184+0800][59461][gc,phases   ] GC(33) Concurrent Mark 149.605ms
[2018-12-17T14:15:16.184+0800][59468][gc,phases   ] GC(33) Pause Mark End 0.081ms
[2018-12-17T14:15:16.184+0800][59461][gc,phases   ] GC(33) Concurrent Process Non-Strong References 0.095ms
[2018-12-17T14:15:16.184+0800][59461][gc,phases   ] GC(33) Concurrent Reset Relocation Set 0.001ms
[2018-12-17T14:15:16.184+0800][59461][gc,phases   ] GC(33) Concurrent Destroy Detached Pages 0.006ms
[2018-12-17T14:15:16.186+0800][59461][gc,phases   ] GC(33) Concurrent Select Relocation Set 1.622ms
[2018-12-17T14:15:16.186+0800][59454][gc          ] Allocation Stall (main) 152.068ms
[2018-12-17T14:15:16.186+0800][59461][gc,phases   ] GC(33) Concurrent Prepare Relocation Set 0.236ms
[2018-12-17T14:15:16.189+0800][59468][gc,phases   ] GC(33) Pause Relocate Start 0.062ms
[2018-12-17T14:15:16.189+0800][59456][gc,heap     ] GC(33) Page Cache Flushed: 22M requested, 30M(450M->420M) flushed
[2018-12-17T14:15:16.191+0800][59459][gc,heap     ] GC(33) Page Cache Flushed: 24M requested, 30M(420M->390M) flushed
[2018-12-17T14:15:16.192+0800][59457][gc,heap     ] GC(33) Page Cache Flushed: 26M requested, 30M(390M->360M) flushed
[2018-12-17T14:15:16.194+0800][59455][gc,heap     ] GC(33) Page Cache Flushed: 28M requested, 30M(360M->330M) flushed
[2018-12-17T14:15:16.215+0800][59458][gc,heap     ] GC(33) Page Cache Flushed: 2M requested, 10M(460M->450M) flushed
[2018-12-17T14:15:16.233+0800][59461][gc,phases   ] GC(33) Concurrent Relocate 43.869ms
[2018-12-17T14:15:16.233+0800][59461][gc,load     ] GC(33) Load: 0.85/0.82/0.91
[2018-12-17T14:15:16.233+0800][59461][gc,mmu      ] GC(33) MMU: 2ms/6.8%, 5ms/60.6%, 10ms/80.3%, 20ms/90.2%, 50ms/96.1%, 100ms/97.9%
[2018-12-17T14:15:16.233+0800][59461][gc,marking  ] GC(33) Mark: 4 stripe(s), 10 proactive flush(es), 1 terminate flush(es), 0 completion(s), 0 continuation(s) 
[2018-12-17T14:15:16.233+0800][59461][gc,reloc    ] GC(33) Relocation: Successful, 88M relocated
[2018-12-17T14:15:16.233+0800][59461][gc,nmethod  ] GC(33) NMethods: 39 registered, 0 unregistered
[2018-12-17T14:15:16.233+0800][59461][gc,metaspace] GC(33) Metaspace: 4M used, 4M capacity, 5M committed, 8M reserved
[2018-12-17T14:15:16.233+0800][59461][gc,ref      ] GC(33) Soft: 88 encountered, 38 discovered, 0 enqueued
[2018-12-17T14:15:16.233+0800][59461][gc,ref      ] GC(33) Weak: 168 encountered, 57 discovered, 0 enqueued
[2018-12-17T14:15:16.233+0800][59461][gc,ref      ] GC(33) Final: 0 encountered, 0 discovered, 0 enqueued
[2018-12-17T14:15:16.233+0800][59461][gc,ref      ] GC(33) Phantom: 1 encountered, 1 discovered, 0 enqueued
[2018-12-17T14:15:16.233+0800][59461][gc,heap     ] GC(33)                Mark Start          Mark End        Relocate Start      Relocate End           High               Low         
[2018-12-17T14:15:16.233+0800][59461][gc,heap     ] GC(33)  Capacity:     1024M (100%)       1024M (100%)       1024M (100%)       1024M (100%)       1024M (100%)       1024M (100%)   
[2018-12-17T14:15:16.233+0800][59461][gc,heap     ] GC(33)   Reserve:       42M (4%)           42M (4%)           42M (4%)           42M (4%)           42M (4%)           42M (4%)     
[2018-12-17T14:15:16.233+0800][59461][gc,heap     ] GC(33)      Free:        0M (0%)            0M (0%)          460M (45%)         444M (43%)         460M (45%)           0M (0%)     
[2018-12-17T14:15:16.233+0800][59461][gc,heap     ] GC(33)      Used:      982M (96%)         982M (96%)         522M (51%)         538M (53%)         982M (96%)         522M (51%)    
[2018-12-17T14:15:16.233+0800][59461][gc,heap     ] GC(33)      Live:         -               412M (40%)         412M (40%)         412M (40%)            -                  -          
[2018-12-17T14:15:16.233+0800][59461][gc,heap     ] GC(33) Allocated:         -                 0M (0%)           10M (1%)          318M (31%)            -                  -          
[2018-12-17T14:15:16.233+0800][59461][gc,heap     ] GC(33)   Garbage:         -               569M (56%)          99M (10%)         163M (16%)            -                  -          
[2018-12-17T14:15:16.233+0800][59461][gc,heap     ] GC(33) Reclaimed:         -                  -               470M (46%)         406M (40%)            -                  -          
[2018-12-17T14:15:16.233+0800][59461][gc          ] GC(33) Garbage Collection (Allocation Stall) 982M(96%)->538M(53%)
[2018-12-17T14:15:16.266+0800][59461][gc,start    ] GC(34) Garbage Collection (Allocation Rate)
[2018-12-17T14:15:16.268+0800][59468][gc,phases   ] GC(34) Pause Mark Start 0.098ms
[2018-12-17T14:15:16.279+0800][59454][gc,heap     ] Page Cache Flushed: 10M requested, 32M(228M->196M) flushed
[2018-12-17T14:15:16.283+0800][59454][gc,heap     ] Page Cache Flushed: 10M requested, 32M(196M->164M) flushed
[2018-12-17T14:15:16.290+0800][59454][gc,heap     ] Page Cache Flushed: 10M requested, 32M(164M->132M) flushed
[2018-12-17T14:15:16.300+0800][59454][gc,heap     ] Page Cache Flushed: 8M requested, 32M(132M->100M) flushed
[2018-12-17T14:15:16.310+0800][59454][gc,heap     ] Page Cache Flushed: 6M requested, 32M(100M->68M) flushed
[2018-12-17T14:15:16.320+0800][59454][gc,heap     ] Page Cache Flushed: 4M requested, 32M(68M->36M) flushed
[2018-12-17T14:15:16.331+0800][59454][gc,heap     ] Page Cache Flushed: 2M requested, 32M(36M->4M) flushed
[2018-12-17T14:15:16.505+0800][59461][gc,phases   ] GC(34) Concurrent Mark 237.153ms
[2018-12-17T14:15:16.505+0800][59468][gc,phases   ] GC(34) Pause Mark End 0.087ms
[2018-12-17T14:15:16.505+0800][59461][gc,phases   ] GC(34) Concurrent Process Non-Strong References 0.134ms
[2018-12-17T14:15:16.505+0800][59461][gc,phases   ] GC(34) Concurrent Reset Relocation Set 0.005ms
[2018-12-17T14:15:16.505+0800][59461][gc,phases   ] GC(34) Concurrent Destroy Detached Pages 0.015ms
[2018-12-17T14:15:16.507+0800][59461][gc,phases   ] GC(34) Concurrent Select Relocation Set 1.472ms
[2018-12-17T14:15:16.507+0800][59454][gc          ] Allocation Stall (main) 161.593ms
[2018-12-17T14:15:16.507+0800][59461][gc,phases   ] GC(34) Concurrent Prepare Relocation Set 0.247ms
[2018-12-17T14:15:16.508+0800][59468][gc,phases   ] GC(34) Pause Relocate Start 0.066ms
[2018-12-17T14:15:16.515+0800][59461][gc,phases   ] GC(34) Concurrent Relocate 6.245ms
[2018-12-17T14:15:16.515+0800][59461][gc,load     ] GC(34) Load: 0.85/0.82/0.91
[2018-12-17T14:15:16.515+0800][59461][gc,mmu      ] GC(34) MMU: 2ms/6.8%, 5ms/60.6%, 10ms/80.3%, 20ms/90.2%, 50ms/96.1%, 100ms/97.9%
[2018-12-17T14:15:16.515+0800][59461][gc,marking  ] GC(34) Mark: 1 stripe(s), 1 proactive flush(es), 1 terminate flush(es), 0 completion(s), 0 continuation(s) 
[2018-12-17T14:15:16.515+0800][59461][gc,reloc    ] GC(34) Relocation: Successful, 26M relocated
[2018-12-17T14:15:16.515+0800][59461][gc,nmethod  ] GC(34) NMethods: 39 registered, 0 unregistered
[2018-12-17T14:15:16.515+0800][59461][gc,metaspace] GC(34) Metaspace: 4M used, 4M capacity, 5M committed, 8M reserved
[2018-12-17T14:15:16.515+0800][59461][gc,ref      ] GC(34) Soft: 88 encountered, 0 discovered, 0 enqueued
[2018-12-17T14:15:16.515+0800][59461][gc,ref      ] GC(34) Weak: 168 encountered, 108 discovered, 0 enqueued
[2018-12-17T14:15:16.515+0800][59461][gc,ref      ] GC(34) Final: 0 encountered, 0 discovered, 0 enqueued
[2018-12-17T14:15:16.515+0800][59461][gc,ref      ] GC(34) Phantom: 1 encountered, 1 discovered, 0 enqueued
[2018-12-17T14:15:16.515+0800][59461][gc,heap     ] GC(34)                Mark Start          Mark End        Relocate Start      Relocate End           High               Low         
[2018-12-17T14:15:16.515+0800][59461][gc,heap     ] GC(34)  Capacity:     1024M (100%)       1024M (100%)       1024M (100%)       1024M (100%)       1024M (100%)       1024M (100%)   
[2018-12-17T14:15:16.515+0800][59461][gc,heap     ] GC(34)   Reserve:       42M (4%)           42M (4%)           42M (4%)           42M (4%)           42M (4%)           42M (4%)     
[2018-12-17T14:15:16.515+0800][59461][gc,heap     ] GC(34)      Free:      254M (25%)           4M (0%)          274M (27%)         236M (23%)         274M (27%)           4M (0%)     
[2018-12-17T14:15:16.515+0800][59461][gc,heap     ] GC(34)      Used:      728M (71%)         978M (96%)         708M (69%)         746M (73%)         978M (96%)         708M (69%)    
[2018-12-17T14:15:16.515+0800][59461][gc,heap     ] GC(34)      Live:         -               412M (40%)         412M (40%)         412M (40%)            -                  -          
[2018-12-17T14:15:16.515+0800][59461][gc,heap     ] GC(34) Allocated:         -               250M (24%)         260M (25%)         302M (29%)            -                  -          
[2018-12-17T14:15:16.515+0800][59461][gc,heap     ] GC(34)   Garbage:         -               315M (31%)          35M (3%)           33M (3%)             -                  -          
[2018-12-17T14:15:16.515+0800][59461][gc,heap     ] GC(34) Reclaimed:         -                  -               280M (27%)         282M (28%)            -                  -          
[2018-12-17T14:15:16.515+0800][59461][gc          ] GC(34) Garbage Collection (Allocation Rate) 728M(71%)->746M(73%)
[2018-12-17T14:15:16.559+0800][59461][gc,start    ] GC(35) Garbage Collection (Allocation Stall)
[2018-12-17T14:15:16.559+0800][59468][gc,ref      ] GC(35) Clearing All Soft References
[2018-12-17T14:15:16.559+0800][59468][gc,phases   ] GC(35) Pause Mark Start 0.130ms
[2018-12-17T14:15:16.709+0800][59461][gc,phases   ] GC(35) Concurrent Mark 149.302ms
[2018-12-17T14:15:16.709+0800][59468][gc,phases   ] GC(35) Pause Mark End 0.088ms
[2018-12-17T14:15:16.709+0800][59461][gc,phases   ] GC(35) Concurrent Process Non-Strong References 0.117ms
[2018-12-17T14:15:16.709+0800][59461][gc,phases   ] GC(35) Concurrent Reset Relocation Set 0.003ms
[2018-12-17T14:15:16.709+0800][59461][gc,phases   ] GC(35) Concurrent Destroy Detached Pages 0.001ms
[2018-12-17T14:15:16.710+0800][59461][gc,phases   ] GC(35) Concurrent Select Relocation Set 1.250ms
[2018-12-17T14:15:16.710+0800][59454][gc          ] Allocation Stall (main) 151.409ms
[2018-12-17T14:15:16.710+0800][59461][gc,phases   ] GC(35) Concurrent Prepare Relocation Set 0.000ms
[2018-12-17T14:15:16.713+0800][59468][gc,phases   ] GC(35) Pause Relocate Start 0.070ms
[2018-12-17T14:15:16.713+0800][59461][gc,phases   ] GC(35) Concurrent Relocate 0.024ms
[2018-12-17T14:15:16.713+0800][59461][gc,load     ] GC(35) Load: 0.86/0.83/0.91
[2018-12-17T14:15:16.713+0800][59461][gc,mmu      ] GC(35) MMU: 2ms/6.8%, 5ms/60.6%, 10ms/80.3%, 20ms/90.2%, 50ms/96.1%, 100ms/97.9%
[2018-12-17T14:15:16.713+0800][59461][gc,marking  ] GC(35) Mark: 4 stripe(s), 10 proactive flush(es), 1 terminate flush(es), 0 completion(s), 0 continuation(s) 
[2018-12-17T14:15:16.713+0800][59461][gc,reloc    ] GC(35) Relocation: Successful, 26M relocated
[2018-12-17T14:15:16.713+0800][59461][gc,nmethod  ] GC(35) NMethods: 39 registered, 0 unregistered
[2018-12-17T14:15:16.713+0800][59461][gc,metaspace] GC(35) Metaspace: 4M used, 4M capacity, 5M committed, 8M reserved
[2018-12-17T14:15:16.713+0800][59461][gc,ref      ] GC(35) Soft: 88 encountered, 37 discovered, 0 enqueued
[2018-12-17T14:15:16.713+0800][59461][gc,ref      ] GC(35) Weak: 168 encountered, 113 discovered, 0 enqueued
[2018-12-17T14:15:16.713+0800][59461][gc,ref      ] GC(35) Final: 0 encountered, 0 discovered, 0 enqueued
[2018-12-17T14:15:16.713+0800][59461][gc,ref      ] GC(35) Phantom: 1 encountered, 1 discovered, 0 enqueued
[2018-12-17T14:15:16.713+0800][59461][gc,heap     ] GC(35)                Mark Start          Mark End        Relocate Start      Relocate End           High               Low         
[2018-12-17T14:15:16.713+0800][59461][gc,heap     ] GC(35)  Capacity:     1024M (100%)       1024M (100%)       1024M (100%)       1024M (100%)       1024M (100%)       1024M (100%)   
[2018-12-17T14:15:16.713+0800][59461][gc,heap     ] GC(35)   Reserve:       42M (4%)           42M (4%)           42M (4%)           42M (4%)           42M (4%)           42M (4%)     
[2018-12-17T14:15:16.713+0800][59461][gc,heap     ] GC(35)      Free:        6M (1%)            6M (1%)          526M (51%)         526M (51%)         526M (51%)           6M (1%)     
[2018-12-17T14:15:16.713+0800][59461][gc,heap     ] GC(35)      Used:      976M (95%)         976M (95%)         456M (45%)         456M (45%)         976M (95%)         456M (45%)    
[2018-12-17T14:15:16.713+0800][59461][gc,heap     ] GC(35)      Live:         -               412M (40%)         412M (40%)         412M (40%)            -                  -          
[2018-12-17T14:15:16.713+0800][59461][gc,heap     ] GC(35) Allocated:         -                 0M (0%)           10M (1%)           10M (1%)             -                  -          
[2018-12-17T14:15:16.713+0800][59461][gc,heap     ] GC(35)   Garbage:         -               563M (55%)          33M (3%)           33M (3%)             -                  -          
[2018-12-17T14:15:16.713+0800][59461][gc,heap     ] GC(35) Reclaimed:         -                  -               530M (52%)         530M (52%)            -                  -          
[2018-12-17T14:15:16.713+0800][59461][gc          ] GC(35) Garbage Collection (Allocation Stall) 976M(95%)->456M(45%)
[2018-12-17T14:15:16.766+0800][59461][gc,start    ] GC(36) Garbage Collection (Allocation Rate)
[2018-12-17T14:15:16.767+0800][59468][gc,phases   ] GC(36) Pause Mark Start 0.142ms
[2018-12-17T14:15:16.816+0800][59454][gc,heap     ] Page Cache Flushed: 2M requested, 10M(520M->510M) flushed
[2018-12-17T14:15:16.819+0800][59454][gc,heap     ] Page Cache Flushed: 28M requested, 30M(510M->480M) flushed
[2018-12-17T14:15:16.828+0800][59454][gc,heap     ] Page Cache Flushed: 30M requested, 30M(480M->450M) flushed
[2018-12-17T14:15:17.002+0800][59461][gc,phases   ] GC(36) Concurrent Mark 235.230ms
[2018-12-17T14:15:17.002+0800][59468][gc,phases   ] GC(36) Pause Mark End 0.084ms
[2018-12-17T14:15:17.002+0800][59461][gc,phases   ] GC(36) Concurrent Process Non-Strong References 0.121ms
[2018-12-17T14:15:17.002+0800][59461][gc,phases   ] GC(36) Concurrent Reset Relocation Set 0.001ms
[2018-12-17T14:15:17.002+0800][59461][gc,phases   ] GC(36) Concurrent Destroy Detached Pages 0.006ms
[2018-12-17T14:15:17.004+0800][59461][gc,phases   ] GC(36) Concurrent Select Relocation Set 1.266ms
[2018-12-17T14:15:17.004+0800][59461][gc,phases   ] GC(36) Concurrent Prepare Relocation Set 0.000ms
[2018-12-17T14:15:17.004+0800][59454][gc          ] Allocation Stall (main) 123.307ms
[2018-12-17T14:15:17.005+0800][59468][gc,phases   ] GC(36) Pause Relocate Start 0.063ms
[2018-12-17T14:15:17.005+0800][59461][gc,phases   ] GC(36) Concurrent Relocate 0.026ms
[2018-12-17T14:15:17.005+0800][59461][gc,load     ] GC(36) Load: 0.86/0.83/0.91
[2018-12-17T14:15:17.005+0800][59461][gc,mmu      ] GC(36) MMU: 2ms/6.8%, 5ms/60.6%, 10ms/80.3%, 20ms/90.2%, 50ms/96.1%, 100ms/97.9%
[2018-12-17T14:15:17.005+0800][59461][gc,marking  ] GC(36) Mark: 1 stripe(s), 1 proactive flush(es), 1 terminate flush(es), 0 completion(s), 0 continuation(s) 
[2018-12-17T14:15:17.005+0800][59461][gc,reloc    ] GC(36) Relocation: Successful, 26M relocated
[2018-12-17T14:15:17.005+0800][59461][gc,nmethod  ] GC(36) NMethods: 39 registered, 0 unregistered
[2018-12-17T14:15:17.005+0800][59461][gc,metaspace] GC(36) Metaspace: 4M used, 4M capacity, 5M committed, 8M reserved
[2018-12-17T14:15:17.005+0800][59461][gc,ref      ] GC(36) Soft: 88 encountered, 0 discovered, 0 enqueued
[2018-12-17T14:15:17.005+0800][59461][gc,ref      ] GC(36) Weak: 168 encountered, 108 discovered, 0 enqueued
[2018-12-17T14:15:17.005+0800][59461][gc,ref      ] GC(36) Final: 0 encountered, 0 discovered, 0 enqueued
[2018-12-17T14:15:17.005+0800][59461][gc,ref      ] GC(36) Phantom: 1 encountered, 1 discovered, 0 enqueued
[2018-12-17T14:15:17.005+0800][59461][gc,heap     ] GC(36)                Mark Start          Mark End        Relocate Start      Relocate End           High               Low         
[2018-12-17T14:15:17.005+0800][59461][gc,heap     ] GC(36)  Capacity:     1024M (100%)       1024M (100%)       1024M (100%)       1024M (100%)       1024M (100%)       1024M (100%)   
[2018-12-17T14:15:17.005+0800][59461][gc,heap     ] GC(36)   Reserve:       42M (4%)           42M (4%)           42M (4%)           42M (4%)           42M (4%)           42M (4%)     
[2018-12-17T14:15:17.005+0800][59461][gc,heap     ] GC(36)      Free:      526M (51%)           0M (0%)            0M (0%)            0M (0%)          526M (51%)           0M (0%)     
[2018-12-17T14:15:17.005+0800][59461][gc,heap     ] GC(36)      Used:      456M (45%)         982M (96%)         982M (96%)         982M (96%)         982M (96%)         456M (45%)    
[2018-12-17T14:15:17.005+0800][59461][gc,heap     ] GC(36)      Live:         -               412M (40%)         412M (40%)         412M (40%)            -                  -          
[2018-12-17T14:15:17.005+0800][59461][gc,heap     ] GC(36) Allocated:         -               526M (51%)         536M (52%)         536M (52%)            -                  -          
[2018-12-17T14:15:17.005+0800][59461][gc,heap     ] GC(36)   Garbage:         -                43M (4%)           33M (3%)           33M (3%)             -                  -          
[2018-12-17T14:15:17.005+0800][59461][gc,heap     ] GC(36) Reclaimed:         -                  -                10M (1%)           10M (1%)             -                  -          
[2018-12-17T14:15:17.005+0800][59461][gc          ] GC(36) Garbage Collection (Allocation Rate) 456M(45%)->982M(96%)
[2018-12-17T14:15:17.005+0800][59461][gc,start    ] GC(37) Garbage Collection (Allocation Stall)
[2018-12-17T14:15:17.005+0800][59468][gc,ref      ] GC(37) Clearing All Soft References
[2018-12-17T14:15:17.005+0800][59468][gc,phases   ] GC(37) Pause Mark Start 0.069ms
[2018-12-17T14:15:17.164+0800][59461][gc,phases   ] GC(37) Concurrent Mark 158.552ms
[2018-12-17T14:15:17.164+0800][59468][gc,phases   ] GC(37) Pause Mark End 0.077ms
[2018-12-17T14:15:17.164+0800][59461][gc,phases   ] GC(37) Concurrent Process Non-Strong References 0.072ms
[2018-12-17T14:15:17.164+0800][59461][gc,phases   ] GC(37) Concurrent Reset Relocation Set 0.000ms
[2018-12-17T14:15:17.164+0800][59461][gc,phases   ] GC(37) Concurrent Destroy Detached Pages 0.000ms
[2018-12-17T14:15:17.165+0800][59461][gc,phases   ] GC(37) Concurrent Select Relocation Set 1.311ms
[2018-12-17T14:15:17.165+0800][59461][gc,phases   ] GC(37) Concurrent Prepare Relocation Set 0.001ms
[2018-12-17T14:15:17.165+0800][59454][gc          ] Allocation Stall (main) 160.603ms
[2018-12-17T14:15:17.166+0800][59468][gc,phases   ] GC(37) Pause Relocate Start 0.057ms
[2018-12-17T14:15:17.167+0800][59455][gc,heap     ] GC(37) Page Cache Flushed: 22M requested, 30M(440M->410M) flushed
[2018-12-17T14:15:17.175+0800][59461][gc,phases   ] GC(37) Concurrent Relocate 8.964ms
[2018-12-17T14:15:17.176+0800][59461][gc,load     ] GC(37) Load: 0.86/0.83/0.91
[2018-12-17T14:15:17.176+0800][59461][gc,mmu      ] GC(37) MMU: 2ms/6.8%, 5ms/60.6%, 10ms/80.3%, 20ms/90.2%, 50ms/96.1%, 100ms/97.9%
[2018-12-17T14:15:17.176+0800][59461][gc,marking  ] GC(37) Mark: 4 stripe(s), 10 proactive flush(es), 1 terminate flush(es), 0 completion(s), 0 continuation(s) 
[2018-12-17T14:15:17.176+0800][59461][gc,reloc    ] GC(37) Relocation: Successful, 49M relocated
[2018-12-17T14:15:17.176+0800][59461][gc,nmethod  ] GC(37) NMethods: 39 registered, 0 unregistered
[2018-12-17T14:15:17.176+0800][59461][gc,metaspace] GC(37) Metaspace: 4M used, 4M capacity, 5M committed, 8M reserved
[2018-12-17T14:15:17.176+0800][59461][gc,ref      ] GC(37) Soft: 88 encountered, 31 discovered, 0 enqueued
[2018-12-17T14:15:17.176+0800][59461][gc,ref      ] GC(37) Weak: 168 encountered, 28 discovered, 0 enqueued
[2018-12-17T14:15:17.176+0800][59461][gc,ref      ] GC(37) Final: 0 encountered, 0 discovered, 0 enqueued
[2018-12-17T14:15:17.176+0800][59461][gc,ref      ] GC(37) Phantom: 1 encountered, 1 discovered, 0 enqueued
[2018-12-17T14:15:17.176+0800][59461][gc,heap     ] GC(37)                Mark Start          Mark End        Relocate Start      Relocate End           High               Low         
[2018-12-17T14:15:17.176+0800][59461][gc,heap     ] GC(37)  Capacity:     1024M (100%)       1024M (100%)       1024M (100%)       1024M (100%)       1024M (100%)       1024M (100%)   
[2018-12-17T14:15:17.176+0800][59461][gc,heap     ] GC(37)   Reserve:       42M (4%)           42M (4%)           42M (4%)           42M (4%)           42M (4%)           42M (4%)     
[2018-12-17T14:15:17.176+0800][59461][gc,heap     ] GC(37)      Free:        0M (0%)            0M (0%)          450M (44%)         402M (39%)         450M (44%)           0M (0%)     
[2018-12-17T14:15:17.176+0800][59461][gc,heap     ] GC(37)      Used:      982M (96%)         982M (96%)         532M (52%)         580M (57%)         982M (96%)         532M (52%)    
[2018-12-17T14:15:17.176+0800][59461][gc,heap     ] GC(37)      Live:         -               443M (43%)         443M (43%)         443M (43%)            -                  -          
[2018-12-17T14:15:17.176+0800][59461][gc,heap     ] GC(37) Allocated:         -                 0M (0%)           10M (1%)          154M (15%)            -                  -          
[2018-12-17T14:15:17.176+0800][59461][gc,heap     ] GC(37)   Garbage:         -               538M (53%)          78M (8%)           78M (8%)             -                  -          
[2018-12-17T14:15:17.176+0800][59461][gc,heap     ] GC(37) Reclaimed:         -                  -               460M (45%)         460M (45%)            -                  -          
[2018-12-17T14:15:17.176+0800][59461][gc          ] GC(37) Garbage Collection (Allocation Stall) 982M(96%)->580M(57%)
[2018-12-17T14:15:17.229+0800][59454][gc,heap     ] Page Cache Flushed: 10M requested, 32M(96M->64M) flushed
[2018-12-17T14:15:17.231+0800][59454][gc,heap     ] Page Cache Flushed: 10M requested, 32M(64M->32M) flushed
[2018-12-17T14:15:17.237+0800][59454][gc,heap     ] Page Cache Flushed: 10M requested, 32M(32M->0M) flushed
[2018-12-17T14:15:17.245+0800][59461][gc,start    ] GC(38) Garbage Collection (Allocation Stall)
[2018-12-17T14:15:17.245+0800][59468][gc,ref      ] GC(38) Clearing All Soft References
[2018-12-17T14:15:17.245+0800][59468][gc,phases   ] GC(38) Pause Mark Start 0.119ms
[2018-12-17T14:15:17.405+0800][59461][gc,phases   ] GC(38) Concurrent Mark 159.541ms
[2018-12-17T14:15:17.405+0800][59468][gc,phases   ] GC(38) Pause Mark End 0.091ms
[2018-12-17T14:15:17.405+0800][59461][gc,phases   ] GC(38) Concurrent Process Non-Strong References 0.088ms
[2018-12-17T14:15:17.405+0800][59461][gc,phases   ] GC(38) Concurrent Reset Relocation Set 0.003ms
[2018-12-17T14:15:17.405+0800][59461][gc,phases   ] GC(38) Concurrent Destroy Detached Pages 0.007ms
[2018-12-17T14:15:17.406+0800][59461][gc,phases   ] GC(38) Concurrent Select Relocation Set 1.229ms
[2018-12-17T14:15:17.406+0800][59454][gc          ] Allocation Stall (main) 161.584ms
[2018-12-17T14:15:17.406+0800][59461][gc,phases   ] GC(38) Concurrent Prepare Relocation Set 0.000ms
[2018-12-17T14:15:17.408+0800][59468][gc,phases   ] GC(38) Pause Relocate Start 0.067ms
[2018-12-17T14:15:17.408+0800][59461][gc,phases   ] GC(38) Concurrent Relocate 0.020ms
[2018-12-17T14:15:17.408+0800][59461][gc,load     ] GC(38) Load: 0.86/0.83/0.91
[2018-12-17T14:15:17.408+0800][59461][gc,mmu      ] GC(38) MMU: 2ms/6.8%, 5ms/60.6%, 10ms/80.3%, 20ms/90.2%, 50ms/96.1%, 100ms/97.9%
[2018-12-17T14:15:17.408+0800][59461][gc,marking  ] GC(38) Mark: 4 stripe(s), 10 proactive flush(es), 1 terminate flush(es), 0 completion(s), 0 continuation(s) 
[2018-12-17T14:15:17.408+0800][59461][gc,reloc    ] GC(38) Relocation: Successful, 49M relocated
[2018-12-17T14:15:17.408+0800][59461][gc,nmethod  ] GC(38) NMethods: 39 registered, 0 unregistered
[2018-12-17T14:15:17.408+0800][59461][gc,metaspace] GC(38) Metaspace: 4M used, 4M capacity, 5M committed, 8M reserved
[2018-12-17T14:15:17.408+0800][59461][gc,ref      ] GC(38) Soft: 88 encountered, 36 discovered, 0 enqueued
[2018-12-17T14:15:17.408+0800][59461][gc,ref      ] GC(38) Weak: 168 encountered, 48 discovered, 0 enqueued
[2018-12-17T14:15:17.408+0800][59461][gc,ref      ] GC(38) Final: 0 encountered, 0 discovered, 0 enqueued
[2018-12-17T14:15:17.408+0800][59461][gc,ref      ] GC(38) Phantom: 1 encountered, 1 discovered, 0 enqueued
[2018-12-17T14:15:17.408+0800][59461][gc,heap     ] GC(38)                Mark Start          Mark End        Relocate Start      Relocate End           High               Low         
[2018-12-17T14:15:17.408+0800][59461][gc,heap     ] GC(38)  Capacity:     1024M (100%)       1024M (100%)       1024M (100%)       1024M (100%)       1024M (100%)       1024M (100%)   
[2018-12-17T14:15:17.408+0800][59461][gc,heap     ] GC(38)   Reserve:       42M (4%)           42M (4%)           42M (4%)           42M (4%)           42M (4%)           42M (4%)     
[2018-12-17T14:15:17.408+0800][59461][gc,heap     ] GC(38)      Free:        2M (0%)            2M (0%)          482M (47%)         472M (46%)         482M (47%)           2M (0%)     
[2018-12-17T14:15:17.408+0800][59461][gc,heap     ] GC(38)      Used:      980M (96%)         980M (96%)         500M (49%)         510M (50%)         980M (96%)         500M (49%)    
[2018-12-17T14:15:17.408+0800][59461][gc,heap     ] GC(38)      Live:         -               443M (43%)         443M (43%)         443M (43%)            -                  -          
[2018-12-17T14:15:17.408+0800][59461][gc,heap     ] GC(38) Allocated:         -                 0M (0%)           10M (1%)           20M (2%)             -                  -          
[2018-12-17T14:15:17.408+0800][59461][gc,heap     ] GC(38)   Garbage:         -               536M (52%)          46M (5%)           46M (5%)             -                  -          
[2018-12-17T14:15:17.408+0800][59461][gc,heap     ] GC(38) Reclaimed:         -                  -               490M (48%)         490M (48%)            -                  -          
[2018-12-17T14:15:17.408+0800][59461][gc          ] GC(38) Garbage Collection (Allocation Stall) 980M(96%)->510M(50%)
[2018-12-17T14:15:17.466+0800][59461][gc,start    ] GC(39) Garbage Collection (Allocation Rate)
[2018-12-17T14:15:17.466+0800][59468][gc,phases   ] GC(39) Pause Mark Start 0.066ms
[2018-12-17T14:15:17.514+0800][59454][gc,heap     ] Page Cache Flushed: 2M requested, 10M(440M->430M) flushed
[2018-12-17T14:15:17.519+0800][59454][gc,heap     ] Page Cache Flushed: 32M requested, 40M(430M->390M) flushed
[2018-12-17T14:15:17.530+0800][59454][gc,heap     ] Page Cache Flushed: 24M requested, 30M(390M->360M) flushed
[2018-12-17T14:15:17.722+0800][59461][gc,phases   ] GC(39) Concurrent Mark 255.683ms
[2018-12-17T14:15:17.722+0800][59468][gc,phases   ] GC(39) Pause Mark End 0.077ms
[2018-12-17T14:15:17.722+0800][59461][gc,phases   ] GC(39) Concurrent Process Non-Strong References 0.124ms
[2018-12-17T14:15:17.722+0800][59461][gc,phases   ] GC(39) Concurrent Reset Relocation Set 0.001ms
[2018-12-17T14:15:17.722+0800][59461][gc,phases   ] GC(39) Concurrent Destroy Detached Pages 0.008ms
[2018-12-17T14:15:17.724+0800][59461][gc,phases   ] GC(39) Concurrent Select Relocation Set 1.616ms
[2018-12-17T14:15:17.724+0800][59461][gc,phases   ] GC(39) Concurrent Prepare Relocation Set 0.001ms
[2018-12-17T14:15:17.724+0800][59454][gc          ] Allocation Stall (main) 141.950ms
[2018-12-17T14:15:17.725+0800][59468][gc,phases   ] GC(39) Pause Relocate Start 0.066ms
[2018-12-17T14:15:17.726+0800][59461][gc,phases   ] GC(39) Concurrent Relocate 0.024ms
[2018-12-17T14:15:17.726+0800][59461][gc,load     ] GC(39) Load: 0.86/0.83/0.91
[2018-12-17T14:15:17.726+0800][59461][gc,mmu      ] GC(39) MMU: 2ms/6.8%, 5ms/60.6%, 10ms/80.3%, 20ms/90.2%, 50ms/96.1%, 100ms/97.9%
[2018-12-17T14:15:17.726+0800][59461][gc,marking  ] GC(39) Mark: 1 stripe(s), 1 proactive flush(es), 1 terminate flush(es), 0 completion(s), 0 continuation(s) 
[2018-12-17T14:15:17.726+0800][59461][gc,reloc    ] GC(39) Relocation: Successful, 49M relocated
[2018-12-17T14:15:17.726+0800][59461][gc,nmethod  ] GC(39) NMethods: 39 registered, 0 unregistered
[2018-12-17T14:15:17.726+0800][59461][gc,metaspace] GC(39) Metaspace: 4M used, 4M capacity, 5M committed, 8M reserved
[2018-12-17T14:15:17.726+0800][59461][gc,ref      ] GC(39) Soft: 88 encountered, 0 discovered, 0 enqueued
[2018-12-17T14:15:17.726+0800][59461][gc,ref      ] GC(39) Weak: 168 encountered, 108 discovered, 0 enqueued
[2018-12-17T14:15:17.726+0800][59461][gc,ref      ] GC(39) Final: 0 encountered, 0 discovered, 0 enqueued
[2018-12-17T14:15:17.726+0800][59461][gc,ref      ] GC(39) Phantom: 1 encountered, 1 discovered, 0 enqueued
[2018-12-17T14:15:17.726+0800][59461][gc,heap     ] GC(39)                Mark Start          Mark End        Relocate Start      Relocate End           High               Low         
[2018-12-17T14:15:17.726+0800][59461][gc,heap     ] GC(39)  Capacity:     1024M (100%)       1024M (100%)       1024M (100%)       1024M (100%)       1024M (100%)       1024M (100%)   
[2018-12-17T14:15:17.726+0800][59461][gc,heap     ] GC(39)   Reserve:       42M (4%)           42M (4%)           42M (4%)           42M (4%)           42M (4%)           42M (4%)     
[2018-12-17T14:15:17.726+0800][59461][gc,heap     ] GC(39)      Free:      442M (43%)           6M (1%)           46M (4%)           36M (4%)          442M (43%)           6M (1%)     
[2018-12-17T14:15:17.726+0800][59461][gc,heap     ] GC(39)      Used:      540M (53%)         976M (95%)         936M (91%)         946M (92%)         976M (95%)         540M (53%)    
[2018-12-17T14:15:17.726+0800][59461][gc,heap     ] GC(39)      Live:         -               443M (43%)         443M (43%)         443M (43%)            -                  -          
[2018-12-17T14:15:17.726+0800][59461][gc,heap     ] GC(39) Allocated:         -               436M (43%)         446M (44%)         456M (45%)            -                  -          
[2018-12-17T14:15:17.726+0800][59461][gc,heap     ] GC(39)   Garbage:         -                96M (9%)           46M (5%)           46M (5%)             -                  -          
[2018-12-17T14:15:17.726+0800][59461][gc,heap     ] GC(39) Reclaimed:         -                  -                50M (5%)           50M (5%)             -                  -          
[2018-12-17T14:15:17.726+0800][59461][gc          ] GC(39) Garbage Collection (Allocation Rate) 540M(53%)->946M(92%)
[2018-12-17T14:15:17.732+0800][59461][gc,start    ] GC(40) Garbage Collection (Allocation Stall)
[2018-12-17T14:15:17.733+0800][59468][gc,ref      ] GC(40) Clearing All Soft References
[2018-12-17T14:15:17.733+0800][59468][gc,phases   ] GC(40) Pause Mark Start 0.133ms
[2018-12-17T14:15:17.905+0800][59461][gc,phases   ] GC(40) Concurrent Mark 172.414ms
[2018-12-17T14:15:17.905+0800][59468][gc,phases   ] GC(40) Pause Mark End 0.082ms
[2018-12-17T14:15:17.905+0800][59461][gc,phases   ] GC(40) Concurrent Process Non-Strong References 0.108ms
[2018-12-17T14:15:17.905+0800][59461][gc,phases   ] GC(40) Concurrent Reset Relocation Set 0.000ms
[2018-12-17T14:15:17.905+0800][59461][gc,phases   ] GC(40) Concurrent Destroy Detached Pages 0.001ms
[2018-12-17T14:15:17.907+0800][59461][gc,phases   ] GC(40) Concurrent Select Relocation Set 1.233ms
[2018-12-17T14:15:17.907+0800][59454][gc          ] Allocation Stall (main) 174.364ms
[2018-12-17T14:15:17.907+0800][59461][gc,phases   ] GC(40) Concurrent Prepare Relocation Set 0.128ms
[2018-12-17T14:15:17.908+0800][59468][gc,phases   ] GC(40) Pause Relocate Start 0.076ms
[2018-12-17T14:15:17.908+0800][59457][gc,heap     ] GC(40) Page Cache Flushed: 20M requested, 20M(390M->370M) flushed
[2018-12-17T14:15:17.918+0800][59461][gc,phases   ] GC(40) Concurrent Relocate 10.347ms
[2018-12-17T14:15:17.918+0800][59461][gc,load     ] GC(40) Load: 0.86/0.83/0.91
[2018-12-17T14:15:17.918+0800][59461][gc,mmu      ] GC(40) MMU: 2ms/6.8%, 5ms/60.6%, 10ms/80.3%, 20ms/90.2%, 50ms/96.1%, 100ms/97.9%
[2018-12-17T14:15:17.918+0800][59461][gc,marking  ] GC(40) Mark: 4 stripe(s), 10 proactive flush(es), 1 terminate flush(es), 0 completion(s), 0 continuation(s) 
[2018-12-17T14:15:17.918+0800][59461][gc,reloc    ] GC(40) Relocation: Successful, 70M relocated
[2018-12-17T14:15:17.918+0800][59461][gc,nmethod  ] GC(40) NMethods: 39 registered, 0 unregistered
[2018-12-17T14:15:17.918+0800][59461][gc,metaspace] GC(40) Metaspace: 4M used, 4M capacity, 5M committed, 8M reserved
[2018-12-17T14:15:17.918+0800][59461][gc,ref      ] GC(40) Soft: 88 encountered, 25 discovered, 0 enqueued
[2018-12-17T14:15:17.918+0800][59461][gc,ref      ] GC(40) Weak: 168 encountered, 91 discovered, 0 enqueued
[2018-12-17T14:15:17.918+0800][59461][gc,ref      ] GC(40) Final: 0 encountered, 0 discovered, 0 enqueued
[2018-12-17T14:15:17.918+0800][59461][gc,ref      ] GC(40) Phantom: 1 encountered, 1 discovered, 0 enqueued
[2018-12-17T14:15:17.918+0800][59461][gc,heap     ] GC(40)                Mark Start          Mark End        Relocate Start      Relocate End           High               Low         
[2018-12-17T14:15:17.918+0800][59461][gc,heap     ] GC(40)  Capacity:     1024M (100%)       1024M (100%)       1024M (100%)       1024M (100%)       1024M (100%)       1024M (100%)   
[2018-12-17T14:15:17.918+0800][59461][gc,heap     ] GC(40)   Reserve:       42M (4%)           42M (4%)           42M (4%)           42M (4%)           42M (4%)           42M (4%)     
[2018-12-17T14:15:17.918+0800][59461][gc,heap     ] GC(40)      Free:        6M (1%)            6M (1%)          406M (40%)         328M (32%)         406M (40%)           6M (1%)     
[2018-12-17T14:15:17.918+0800][59461][gc,heap     ] GC(40)      Used:      976M (95%)         976M (95%)         576M (56%)         654M (64%)         976M (95%)         576M (56%)    
[2018-12-17T14:15:17.918+0800][59461][gc,heap     ] GC(40)      Live:         -               474M (46%)         474M (46%)         474M (46%)            -                  -          
[2018-12-17T14:15:17.918+0800][59461][gc,heap     ] GC(40) Allocated:         -                 0M (0%)           10M (1%)          188M (18%)            -                  -          
[2018-12-17T14:15:17.918+0800][59461][gc,heap     ] GC(40)   Garbage:         -               501M (49%)          91M (9%)           91M (9%)             -                  -          
[2018-12-17T14:15:17.918+0800][59461][gc,heap     ] GC(40) Reclaimed:         -                  -               410M (40%)         410M (40%)            -                  -          
[2018-12-17T14:15:17.918+0800][59461][gc          ] GC(40) Garbage Collection (Allocation Stall) 976M(95%)->654M(64%)
[2018-12-17T14:15:17.945+0800][59454][gc,heap     ] Page Cache Flushed: 10M requested, 32M(100M->68M) flushed
[2018-12-17T14:15:17.947+0800][59454][gc,heap     ] Page Cache Flushed: 10M requested, 32M(68M->36M) flushed
[2018-12-17T14:15:17.951+0800][59454][gc,heap     ] Page Cache Flushed: 8M requested, 32M(36M->4M) flushed
[2018-12-17T14:15:17.958+0800][59461][gc,start    ] GC(41) Garbage Collection (Allocation Stall)
[2018-12-17T14:15:17.959+0800][59468][gc,ref      ] GC(41) Clearing All Soft References
[2018-12-17T14:15:17.959+0800][59468][gc,phases   ] GC(41) Pause Mark Start 0.130ms
[2018-12-17T14:15:18.135+0800][59461][gc,phases   ] GC(41) Concurrent Mark 176.674ms
[2018-12-17T14:15:18.136+0800][59468][gc,phases   ] GC(41) Pause Mark End 0.076ms
[2018-12-17T14:15:18.136+0800][59461][gc,phases   ] GC(41) Concurrent Process Non-Strong References 0.080ms
[2018-12-17T14:15:18.136+0800][59461][gc,phases   ] GC(41) Concurrent Reset Relocation Set 0.003ms
[2018-12-17T14:15:18.136+0800][59461][gc,phases   ] GC(41) Concurrent Destroy Detached Pages 0.005ms
[2018-12-17T14:15:18.137+0800][59461][gc,phases   ] GC(41) Concurrent Select Relocation Set 1.322ms
[2018-12-17T14:15:18.137+0800][59454][gc          ] Allocation Stall (main) 178.674ms
[2018-12-17T14:15:18.137+0800][59461][gc,phases   ] GC(41) Concurrent Prepare Relocation Set 0.120ms
[2018-12-17T14:15:18.138+0800][59468][gc,phases   ] GC(41) Pause Relocate Start 0.070ms
[2018-12-17T14:15:18.140+0800][59461][gc,phases   ] GC(41) Concurrent Relocate 1.751ms
[2018-12-17T14:15:18.140+0800][59461][gc,load     ] GC(41) Load: 0.86/0.83/0.91
[2018-12-17T14:15:18.140+0800][59461][gc,mmu      ] GC(41) MMU: 2ms/6.8%, 5ms/60.6%, 10ms/80.3%, 20ms/90.2%, 50ms/96.1%, 100ms/97.9%
[2018-12-17T14:15:18.140+0800][59461][gc,marking  ] GC(41) Mark: 4 stripe(s), 10 proactive flush(es), 1 terminate flush(es), 0 completion(s), 0 continuation(s) 
[2018-12-17T14:15:18.140+0800][59461][gc,reloc    ] GC(41) Relocation: Successful, 70M relocated
[2018-12-17T14:15:18.140+0800][59461][gc,nmethod  ] GC(41) NMethods: 39 registered, 0 unregistered
[2018-12-17T14:15:18.140+0800][59461][gc,metaspace] GC(41) Metaspace: 4M used, 4M capacity, 5M committed, 8M reserved
[2018-12-17T14:15:18.140+0800][59461][gc,ref      ] GC(41) Soft: 88 encountered, 8 discovered, 0 enqueued
[2018-12-17T14:15:18.140+0800][59461][gc,ref      ] GC(41) Weak: 168 encountered, 80 discovered, 0 enqueued
[2018-12-17T14:15:18.140+0800][59461][gc,ref      ] GC(41) Final: 0 encountered, 0 discovered, 0 enqueued
[2018-12-17T14:15:18.140+0800][59461][gc,ref      ] GC(41) Phantom: 1 encountered, 1 discovered, 0 enqueued
[2018-12-17T14:15:18.140+0800][59461][gc,heap     ] GC(41)                Mark Start          Mark End        Relocate Start      Relocate End           High               Low         
[2018-12-17T14:15:18.140+0800][59461][gc,heap     ] GC(41)  Capacity:     1024M (100%)       1024M (100%)       1024M (100%)       1024M (100%)       1024M (100%)       1024M (100%)   
[2018-12-17T14:15:18.140+0800][59461][gc,heap     ] GC(41)   Reserve:       42M (4%)           42M (4%)           42M (4%)           42M (4%)           42M (4%)           42M (4%)     
[2018-12-17T14:15:18.140+0800][59461][gc,heap     ] GC(41)      Free:        8M (1%)            8M (1%)          438M (43%)         418M (41%)         438M (43%)           8M (1%)     
[2018-12-17T14:15:18.140+0800][59461][gc,heap     ] GC(41)      Used:      974M (95%)         974M (95%)         544M (53%)         564M (55%)         974M (95%)         544M (53%)    
[2018-12-17T14:15:18.140+0800][59461][gc,heap     ] GC(41)      Live:         -               474M (46%)         474M (46%)         474M (46%)            -                  -          
[2018-12-17T14:15:18.140+0800][59461][gc,heap     ] GC(41) Allocated:         -                 0M (0%)           10M (1%)           34M (3%)             -                  -          
[2018-12-17T14:15:18.140+0800][59461][gc,heap     ] GC(41)   Garbage:         -               499M (49%)          59M (6%)           59M (6%)             -                  -          
[2018-12-17T14:15:18.140+0800][59461][gc,heap     ] GC(41) Reclaimed:         -                  -               440M (43%)         440M (43%)            -                  -          
[2018-12-17T14:15:18.140+0800][59461][gc          ] GC(41) Garbage Collection (Allocation Stall) 974M(95%)->564M(55%)
[2018-12-17T14:15:18.167+0800][59461][gc,start    ] GC(42) Garbage Collection (Allocation Rate)
[2018-12-17T14:15:18.167+0800][59468][gc,phases   ] GC(42) Pause Mark Start 0.089ms
[2018-12-17T14:15:18.256+0800][59454][gc,heap     ] Page Cache Flushed: 2M requested, 10M(290M->280M) flushed
[2018-12-17T14:15:18.258+0800][59454][gc,heap     ] Page Cache Flushed: 26M requested, 30M(280M->250M) flushed
[2018-12-17T14:15:18.267+0800][59454][gc,heap     ] Page Cache Flushed: 28M requested, 30M(250M->220M) flushed
[2018-12-17T14:15:18.442+0800][59461][gc,phases   ] GC(42) Concurrent Mark 275.280ms
[2018-12-17T14:15:18.442+0800][59468][gc,phases   ] GC(42) Pause Mark End 0.105ms
[2018-12-17T14:15:18.442+0800][59461][gc,phases   ] GC(42) Concurrent Process Non-Strong References 0.146ms
[2018-12-17T14:15:18.443+0800][59461][gc,phases   ] GC(42) Concurrent Reset Relocation Set 0.003ms
[2018-12-17T14:15:18.443+0800][59461][gc,phases   ] GC(42) Concurrent Destroy Detached Pages 0.008ms
[2018-12-17T14:15:18.444+0800][59461][gc,phases   ] GC(42) Concurrent Select Relocation Set 1.612ms
[2018-12-17T14:15:18.444+0800][59454][gc          ] Allocation Stall (main) 146.335ms
[2018-12-17T14:15:18.444+0800][59461][gc,phases   ] GC(42) Concurrent Prepare Relocation Set 0.255ms
[2018-12-17T14:15:18.446+0800][59468][gc,phases   ] GC(42) Pause Relocate Start 0.111ms
[2018-12-17T14:15:18.452+0800][59461][gc,phases   ] GC(42) Concurrent Relocate 6.679ms
[2018-12-17T14:15:18.453+0800][59461][gc,load     ] GC(42) Load: 0.86/0.83/0.91
[2018-12-17T14:15:18.453+0800][59461][gc,mmu      ] GC(42) MMU: 2ms/6.8%, 5ms/60.6%, 10ms/80.3%, 20ms/90.2%, 50ms/96.1%, 100ms/97.9%
[2018-12-17T14:15:18.453+0800][59461][gc,marking  ] GC(42) Mark: 1 stripe(s), 1 proactive flush(es), 1 terminate flush(es), 0 completion(s), 0 continuation(s) 
[2018-12-17T14:15:18.453+0800][59461][gc,reloc    ] GC(42) Relocation: Successful, 70M relocated
[2018-12-17T14:15:18.453+0800][59461][gc,nmethod  ] GC(42) NMethods: 39 registered, 0 unregistered
[2018-12-17T14:15:18.453+0800][59461][gc,metaspace] GC(42) Metaspace: 4M used, 4M capacity, 5M committed, 8M reserved
[2018-12-17T14:15:18.453+0800][59461][gc,ref      ] GC(42) Soft: 88 encountered, 0 discovered, 0 enqueued
[2018-12-17T14:15:18.453+0800][59461][gc,ref      ] GC(42) Weak: 168 encountered, 108 discovered, 0 enqueued
[2018-12-17T14:15:18.453+0800][59461][gc,ref      ] GC(42) Final: 0 encountered, 0 discovered, 0 enqueued
[2018-12-17T14:15:18.453+0800][59461][gc,ref      ] GC(42) Phantom: 1 encountered, 1 discovered, 0 enqueued
[2018-12-17T14:15:18.453+0800][59461][gc,heap     ] GC(42)                Mark Start          Mark End        Relocate Start      Relocate End           High               Low         
[2018-12-17T14:15:18.453+0800][59461][gc,heap     ] GC(42)  Capacity:     1024M (100%)       1024M (100%)       1024M (100%)       1024M (100%)       1024M (100%)       1024M (100%)   
[2018-12-17T14:15:18.453+0800][59461][gc,heap     ] GC(42)   Reserve:       42M (4%)           42M (4%)           42M (4%)           42M (4%)           42M (4%)           42M (4%)     
[2018-12-17T14:15:18.453+0800][59461][gc,heap     ] GC(42)      Free:      298M (29%)           2M (0%)          142M (14%)         104M (10%)         298M (29%)           2M (0%)     
[2018-12-17T14:15:18.453+0800][59461][gc,heap     ] GC(42)      Used:      684M (67%)         980M (96%)         840M (82%)         878M (86%)         980M (96%)         684M (67%)    
[2018-12-17T14:15:18.453+0800][59461][gc,heap     ] GC(42)      Live:         -               474M (46%)         474M (46%)         474M (46%)            -                  -          
[2018-12-17T14:15:18.453+0800][59461][gc,heap     ] GC(42) Allocated:         -               296M (29%)         306M (30%)         348M (34%)            -                  -          
[2018-12-17T14:15:18.453+0800][59461][gc,heap     ] GC(42)   Garbage:         -               209M (20%)          59M (6%)           57M (6%)             -                  -          
[2018-12-17T14:15:18.453+0800][59461][gc,heap     ] GC(42) Reclaimed:         -                  -               150M (15%)         152M (15%)            -                  -          
[2018-12-17T14:15:18.453+0800][59461][gc          ] GC(42) Garbage Collection (Allocation Rate) 684M(67%)->878M(86%)
[2018-12-17T14:15:18.466+0800][59461][gc,start    ] GC(43) Garbage Collection (Allocation Rate)
[2018-12-17T14:15:18.467+0800][59468][gc,phases   ] GC(43) Pause Mark Start 0.138ms
[2018-12-17T14:15:18.768+0800][59461][gc,phases   ] GC(43) Concurrent Mark 300.940ms
[2018-12-17T14:15:18.768+0800][59468][gc,phases   ] GC(43) Pause Mark End 0.104ms
[2018-12-17T14:15:18.768+0800][59461][gc,phases   ] GC(43) Concurrent Process Non-Strong References 0.134ms
[2018-12-17T14:15:18.768+0800][59461][gc,phases   ] GC(43) Concurrent Reset Relocation Set 0.003ms
[2018-12-17T14:15:18.768+0800][59461][gc,phases   ] GC(43) Concurrent Destroy Detached Pages 0.001ms
[2018-12-17T14:15:18.770+0800][59461][gc,phases   ] GC(43) Concurrent Select Relocation Set 1.471ms
[2018-12-17T14:15:18.770+0800][59454][gc          ] Allocation Stall (main) 294.564ms
[2018-12-17T14:15:18.770+0800][59461][gc,phases   ] GC(43) Concurrent Prepare Relocation Set 0.004ms
[2018-12-17T14:15:18.771+0800][59468][gc,phases   ] GC(43) Pause Relocate Start 0.085ms
[2018-12-17T14:15:18.811+0800][59461][gc,phases   ] GC(43) Concurrent Relocate 39.893ms
[2018-12-17T14:15:18.811+0800][59461][gc,load     ] GC(43) Load: 0.86/0.83/0.91
[2018-12-17T14:15:18.811+0800][59461][gc,mmu      ] GC(43) MMU: 2ms/6.8%, 5ms/60.6%, 10ms/80.3%, 20ms/90.2%, 50ms/96.1%, 100ms/97.9%
[2018-12-17T14:15:18.811+0800][59461][gc,marking  ] GC(43) Mark: 1 stripe(s), 1 proactive flush(es), 1 terminate flush(es), 0 completion(s), 0 continuation(s) 
[2018-12-17T14:15:18.811+0800][59461][gc,reloc    ] GC(43) Relocation: Successful, 91M relocated
[2018-12-17T14:15:18.811+0800][59461][gc,nmethod  ] GC(43) NMethods: 39 registered, 0 unregistered
[2018-12-17T14:15:18.811+0800][59461][gc,metaspace] GC(43) Metaspace: 4M used, 4M capacity, 5M committed, 8M reserved
[2018-12-17T14:15:18.811+0800][59461][gc,ref      ] GC(43) Soft: 88 encountered, 0 discovered, 0 enqueued
[2018-12-17T14:15:18.811+0800][59461][gc,ref      ] GC(43) Weak: 168 encountered, 108 discovered, 0 enqueued
[2018-12-17T14:15:18.811+0800][59461][gc,ref      ] GC(43) Final: 0 encountered, 0 discovered, 0 enqueued
[2018-12-17T14:15:18.811+0800][59461][gc,ref      ] GC(43) Phantom: 1 encountered, 1 discovered, 0 enqueued
[2018-12-17T14:15:18.811+0800][59461][gc,heap     ] GC(43)                Mark Start          Mark End        Relocate Start      Relocate End           High               Low         
[2018-12-17T14:15:18.811+0800][59461][gc,heap     ] GC(43)  Capacity:     1024M (100%)       1024M (100%)       1024M (100%)       1024M (100%)       1024M (100%)       1024M (100%)   
[2018-12-17T14:15:18.811+0800][59461][gc,heap     ] GC(43)   Reserve:       42M (4%)           42M (4%)           42M (4%)           42M (4%)           42M (4%)           42M (4%)     
[2018-12-17T14:15:18.811+0800][59461][gc,heap     ] GC(43)      Free:       34M (3%)            4M (0%)          334M (33%)         208M (20%)         334M (33%)           4M (0%)     
[2018-12-17T14:15:18.811+0800][59461][gc,heap     ] GC(43)      Used:      948M (93%)         978M (96%)         648M (63%)         774M (76%)         978M (96%)         648M (63%)    
[2018-12-17T14:15:18.811+0800][59461][gc,heap     ] GC(43)      Live:         -               505M (49%)         505M (49%)         505M (49%)            -                  -          
[2018-12-17T14:15:18.811+0800][59461][gc,heap     ] GC(43) Allocated:         -                30M (3%)           40M (4%)          326M (32%)            -                  -          
[2018-12-17T14:15:18.811+0800][59461][gc,heap     ] GC(43)   Garbage:         -               442M (43%)         102M (10%)          38M (4%)             -                  -          
[2018-12-17T14:15:18.811+0800][59461][gc,heap     ] GC(43) Reclaimed:         -                  -               340M (33%)         404M (39%)            -                  -          
[2018-12-17T14:15:18.811+0800][59461][gc          ] GC(43) Garbage Collection (Allocation Rate) 948M(93%)->774M(76%)
[2018-12-17T14:15:18.838+0800][59454][gc,heap     ] Page Cache Flushed: 10M requested, 32M(100M->68M) flushed
[2018-12-17T14:15:18.843+0800][59454][gc,heap     ] Page Cache Flushed: 10M requested, 32M(68M->36M) flushed
[2018-12-17T14:15:18.850+0800][59454][gc,heap     ] Page Cache Flushed: 8M requested, 32M(36M->4M) flushed
[2018-12-17T14:15:18.860+0800][59461][gc,start    ] GC(44) Garbage Collection (Allocation Stall)
[2018-12-17T14:15:18.860+0800][59468][gc,ref      ] GC(44) Clearing All Soft References
[2018-12-17T14:15:18.861+0800][59468][gc,phases   ] GC(44) Pause Mark Start 0.136ms
[2018-12-17T14:15:19.051+0800][59461][gc,phases   ] GC(44) Concurrent Mark 190.339ms
[2018-12-17T14:15:19.051+0800][59468][gc,phases   ] GC(44) Pause Mark End 0.093ms
[2018-12-17T14:15:19.051+0800][59461][gc,phases   ] GC(44) Concurrent Process Non-Strong References 0.107ms
[2018-12-17T14:15:19.051+0800][59461][gc,phases   ] GC(44) Concurrent Reset Relocation Set 0.005ms
[2018-12-17T14:15:19.051+0800][59461][gc,phases   ] GC(44) Concurrent Destroy Detached Pages 0.006ms
[2018-12-17T14:15:19.053+0800][59461][gc,phases   ] GC(44) Concurrent Select Relocation Set 1.883ms
[2018-12-17T14:15:19.053+0800][59461][gc,phases   ] GC(44) Concurrent Prepare Relocation Set 0.001ms
[2018-12-17T14:15:19.053+0800][59454][gc          ] Allocation Stall (main) 193.064ms
[2018-12-17T14:15:19.055+0800][59468][gc,phases   ] GC(44) Pause Relocate Start 0.115ms
[2018-12-17T14:15:19.055+0800][59461][gc,phases   ] GC(44) Concurrent Relocate 0.025ms
[2018-12-17T14:15:19.055+0800][59461][gc,load     ] GC(44) Load: 0.86/0.83/0.91
[2018-12-17T14:15:19.055+0800][59461][gc,mmu      ] GC(44) MMU: 2ms/6.8%, 5ms/60.6%, 10ms/80.3%, 20ms/90.2%, 50ms/96.1%, 100ms/97.9%
[2018-12-17T14:15:19.055+0800][59461][gc,marking  ] GC(44) Mark: 4 stripe(s), 10 proactive flush(es), 1 terminate flush(es), 0 completion(s), 0 continuation(s) 
[2018-12-17T14:15:19.055+0800][59461][gc,reloc    ] GC(44) Relocation: Successful, 28M relocated
[2018-12-17T14:15:19.055+0800][59461][gc,nmethod  ] GC(44) NMethods: 39 registered, 0 unregistered
[2018-12-17T14:15:19.055+0800][59461][gc,metaspace] GC(44) Metaspace: 4M used, 4M capacity, 5M committed, 8M reserved
[2018-12-17T14:15:19.055+0800][59461][gc,ref      ] GC(44) Soft: 88 encountered, 33 discovered, 0 enqueued
[2018-12-17T14:15:19.055+0800][59461][gc,ref      ] GC(44) Weak: 168 encountered, 117 discovered, 0 enqueued
[2018-12-17T14:15:19.055+0800][59461][gc,ref      ] GC(44) Final: 0 encountered, 0 discovered, 0 enqueued
[2018-12-17T14:15:19.055+0800][59461][gc,ref      ] GC(44) Phantom: 1 encountered, 1 discovered, 0 enqueued
[2018-12-17T14:15:19.055+0800][59461][gc,heap     ] GC(44)                Mark Start          Mark End        Relocate Start      Relocate End           High               Low         
[2018-12-17T14:15:19.055+0800][59461][gc,heap     ] GC(44)  Capacity:     1024M (100%)       1024M (100%)       1024M (100%)       1024M (100%)       1024M (100%)       1024M (100%)   
[2018-12-17T14:15:19.055+0800][59461][gc,heap     ] GC(44)   Reserve:       42M (4%)           42M (4%)           42M (4%)           42M (4%)           42M (4%)           42M (4%)     
[2018-12-17T14:15:19.055+0800][59461][gc,heap     ] GC(44)      Free:        8M (1%)            8M (1%)          428M (42%)         418M (41%)         428M (42%)           8M (1%)     
[2018-12-17T14:15:19.055+0800][59461][gc,heap     ] GC(44)      Used:      974M (95%)         974M (95%)         554M (54%)         564M (55%)         974M (95%)         554M (54%)    
[2018-12-17T14:15:19.055+0800][59461][gc,heap     ] GC(44)      Live:         -               505M (49%)         505M (49%)         505M (49%)            -                  -          
[2018-12-17T14:15:19.055+0800][59461][gc,heap     ] GC(44) Allocated:         -                 0M (0%)           10M (1%)           20M (2%)             -                  -          
[2018-12-17T14:15:19.055+0800][59461][gc,heap     ] GC(44)   Garbage:         -               468M (46%)          38M (4%)           38M (4%)             -                  -          
[2018-12-17T14:15:19.056+0800][59461][gc,heap     ] GC(44) Reclaimed:         -                  -               430M (42%)         430M (42%)            -                  -          
[2018-12-17T14:15:19.056+0800][59461][gc          ] GC(44) Garbage Collection (Allocation Stall) 974M(95%)->564M(55%)
[2018-12-17T14:15:19.066+0800][59461][gc,start    ] GC(45) Garbage Collection (Allocation Rate)
[2018-12-17T14:15:19.067+0800][59468][gc,phases   ] GC(45) Pause Mark Start 0.096ms
[2018-12-17T14:15:19.183+0800][59454][gc,heap     ] Page Cache Flushed: 2M requested, 10M(200M->190M) flushed
[2018-12-17T14:15:19.185+0800][59454][gc,heap     ] Page Cache Flushed: 26M requested, 30M(190M->160M) flushed
[2018-12-17T14:15:19.194+0800][59454][gc,heap     ] Page Cache Flushed: 28M requested, 30M(160M->130M) flushed
[2018-12-17T14:15:19.357+0800][59461][gc,phases   ] GC(45) Concurrent Mark 289.903ms
[2018-12-17T14:15:19.357+0800][59468][gc,phases   ] GC(45) Pause Mark End 0.095ms
[2018-12-17T14:15:19.357+0800][59461][gc,phases   ] GC(45) Concurrent Process Non-Strong References 0.139ms
[2018-12-17T14:15:19.357+0800][59461][gc,phases   ] GC(45) Concurrent Reset Relocation Set 0.001ms
[2018-12-17T14:15:19.357+0800][59461][gc,phases   ] GC(45) Concurrent Destroy Detached Pages 0.009ms
[2018-12-17T14:15:19.359+0800][59461][gc,phases   ] GC(45) Concurrent Select Relocation Set 1.595ms
[2018-12-17T14:15:19.359+0800][59454][gc          ] Allocation Stall (main) 142.445ms
[2018-12-17T14:15:19.359+0800][59461][gc,phases   ] GC(45) Concurrent Prepare Relocation Set 0.000ms
[2018-12-17T14:15:19.360+0800][59468][gc,phases   ] GC(45) Pause Relocate Start 0.066ms
[2018-12-17T14:15:19.360+0800][59461][gc,phases   ] GC(45) Concurrent Relocate 0.029ms
[2018-12-17T14:15:19.360+0800][59461][gc,load     ] GC(45) Load: 0.86/0.83/0.91
[2018-12-17T14:15:19.360+0800][59461][gc,mmu      ] GC(45) MMU: 2ms/6.8%, 5ms/60.6%, 10ms/80.3%, 20ms/90.2%, 50ms/96.1%, 100ms/97.9%
[2018-12-17T14:15:19.360+0800][59461][gc,marking  ] GC(45) Mark: 1 stripe(s), 1 proactive flush(es), 1 terminate flush(es), 0 completion(s), 0 continuation(s) 
[2018-12-17T14:15:19.360+0800][59461][gc,reloc    ] GC(45) Relocation: Successful, 28M relocated
[2018-12-17T14:15:19.360+0800][59461][gc,nmethod  ] GC(45) NMethods: 39 registered, 0 unregistered
[2018-12-17T14:15:19.360+0800][59461][gc,metaspace] GC(45) Metaspace: 4M used, 4M capacity, 5M committed, 8M reserved
[2018-12-17T14:15:19.360+0800][59461][gc,ref      ] GC(45) Soft: 88 encountered, 0 discovered, 0 enqueued
[2018-12-17T14:15:19.360+0800][59461][gc,ref      ] GC(45) Weak: 168 encountered, 108 discovered, 0 enqueued
[2018-12-17T14:15:19.360+0800][59461][gc,ref      ] GC(45) Final: 0 encountered, 0 discovered, 0 enqueued
[2018-12-17T14:15:19.360+0800][59461][gc,ref      ] GC(45) Phantom: 1 encountered, 1 discovered, 0 enqueued
[2018-12-17T14:15:19.360+0800][59461][gc,heap     ] GC(45)                Mark Start          Mark End        Relocate Start      Relocate End           High               Low         
[2018-12-17T14:15:19.360+0800][59461][gc,heap     ] GC(45)  Capacity:     1024M (100%)       1024M (100%)       1024M (100%)       1024M (100%)       1024M (100%)       1024M (100%)   
[2018-12-17T14:15:19.360+0800][59461][gc,heap     ] GC(45)   Reserve:       42M (4%)           42M (4%)           42M (4%)           42M (4%)           42M (4%)           42M (4%)     
[2018-12-17T14:15:19.360+0800][59461][gc,heap     ] GC(45)      Free:      328M (32%)           2M (0%)          102M (10%)          92M (9%)          328M (32%)           2M (0%)     
[2018-12-17T14:15:19.360+0800][59461][gc,heap     ] GC(45)      Used:      654M (64%)         980M (96%)         880M (86%)         890M (87%)         980M (96%)         654M (64%)    
[2018-12-17T14:15:19.360+0800][59461][gc,heap     ] GC(45)      Live:         -               505M (49%)         505M (49%)         505M (49%)            -                  -          
[2018-12-17T14:15:19.360+0800][59461][gc,heap     ] GC(45) Allocated:         -               326M (32%)         336M (33%)         346M (34%)            -                  -          
[2018-12-17T14:15:19.360+0800][59461][gc,heap     ] GC(45)   Garbage:         -               148M (15%)          38M (4%)           38M (4%)             -                  -          
[2018-12-17T14:15:19.360+0800][59461][gc,heap     ] GC(45) Reclaimed:         -                  -               110M (11%)         110M (11%)            -                  -          
[2018-12-17T14:15:19.360+0800][59461][gc          ] GC(45) Garbage Collection (Allocation Rate) 654M(64%)->890M(87%)
[2018-12-17T14:15:19.367+0800][59461][gc,start    ] GC(46) Garbage Collection (Allocation Rate)
[2018-12-17T14:15:19.367+0800][59468][gc,phases   ] GC(46) Pause Mark Start 0.101ms
[2018-12-17T14:15:19.678+0800][59461][gc,phases   ] GC(46) Concurrent Mark 310.943ms
[2018-12-17T14:15:19.678+0800][59468][gc,phases   ] GC(46) Pause Mark End 0.074ms
[2018-12-17T14:15:19.678+0800][59461][gc,phases   ] GC(46) Concurrent Process Non-Strong References 0.121ms
[2018-12-17T14:15:19.678+0800][59461][gc,phases   ] GC(46) Concurrent Reset Relocation Set 0.000ms
[2018-12-17T14:15:19.678+0800][59461][gc,phases   ] GC(46) Concurrent Destroy Detached Pages 0.001ms
[2018-12-17T14:15:19.680+0800][59461][gc,phases   ] GC(46) Concurrent Select Relocation Set 1.229ms
[2018-12-17T14:15:19.680+0800][59454][gc          ] Allocation Stall (main) 308.257ms
[2018-12-17T14:15:19.680+0800][59461][gc,phases   ] GC(46) Concurrent Prepare Relocation Set 0.133ms
[2018-12-17T14:15:19.681+0800][59468][gc,phases   ] GC(46) Pause Relocate Start 0.059ms
[2018-12-17T14:15:19.698+0800][59461][gc,phases   ] GC(46) Concurrent Relocate 17.657ms
[2018-12-17T14:15:19.699+0800][59461][gc,load     ] GC(46) Load: 0.86/0.83/0.91
[2018-12-17T14:15:19.699+0800][59461][gc,mmu      ] GC(46) MMU: 2ms/6.8%, 5ms/60.6%, 10ms/80.3%, 20ms/90.2%, 50ms/96.1%, 100ms/97.9%
[2018-12-17T14:15:19.699+0800][59461][gc,marking  ] GC(46) Mark: 1 stripe(s), 1 proactive flush(es), 1 terminate flush(es), 0 completion(s), 0 continuation(s) 
[2018-12-17T14:15:19.699+0800][59461][gc,reloc    ] GC(46) Relocation: Successful, 51M relocated
[2018-12-17T14:15:19.699+0800][59461][gc,nmethod  ] GC(46) NMethods: 39 registered, 0 unregistered
[2018-12-17T14:15:19.699+0800][59461][gc,metaspace] GC(46) Metaspace: 4M used, 4M capacity, 5M committed, 8M reserved
[2018-12-17T14:15:19.699+0800][59461][gc,ref      ] GC(46) Soft: 88 encountered, 0 discovered, 0 enqueued
[2018-12-17T14:15:19.699+0800][59461][gc,ref      ] GC(46) Weak: 168 encountered, 108 discovered, 0 enqueued
[2018-12-17T14:15:19.699+0800][59461][gc,ref      ] GC(46) Final: 0 encountered, 0 discovered, 0 enqueued
[2018-12-17T14:15:19.699+0800][59461][gc,ref      ] GC(46) Phantom: 1 encountered, 1 discovered, 0 enqueued
[2018-12-17T14:15:19.699+0800][59461][gc,heap     ] GC(46)                Mark Start          Mark End        Relocate Start      Relocate End           High               Low         
[2018-12-17T14:15:19.699+0800][59461][gc,heap     ] GC(46)  Capacity:     1024M (100%)       1024M (100%)       1024M (100%)       1024M (100%)       1024M (100%)       1024M (100%)   
[2018-12-17T14:15:19.699+0800][59461][gc,heap     ] GC(46)   Reserve:       42M (4%)           42M (4%)           42M (4%)           42M (4%)           42M (4%)           42M (4%)     
[2018-12-17T14:15:19.699+0800][59461][gc,heap     ] GC(46)      Free:       32M (3%)            2M (0%)          322M (31%)         166M (16%)         322M (31%)           2M (0%)     
[2018-12-17T14:15:19.699+0800][59461][gc,heap     ] GC(46)      Used:      950M (93%)         980M (96%)         660M (64%)         816M (80%)         980M (96%)         660M (64%)    
[2018-12-17T14:15:19.699+0800][59461][gc,heap     ] GC(46)      Live:         -               535M (52%)         535M (52%)         535M (52%)            -                  -          
[2018-12-17T14:15:19.699+0800][59461][gc,heap     ] GC(46) Allocated:         -                30M (3%)           40M (4%)          264M (26%)            -                  -          
[2018-12-17T14:15:19.699+0800][59461][gc,heap     ] GC(46)   Garbage:         -               414M (40%)          84M (8%)           50M (5%)             -                  -          
[2018-12-17T14:15:19.699+0800][59461][gc,heap     ] GC(46) Reclaimed:         -                  -               330M (32%)         364M (36%)            -                  -          
[2018-12-17T14:15:19.699+0800][59461][gc          ] GC(46) Garbage Collection (Allocation Rate) 950M(93%)->816M(80%)
[2018-12-17T14:15:19.711+0800][59454][gc,heap     ] Page Cache Flushed: 10M requested, 32M(68M->36M) flushed
[2018-12-17T14:15:19.715+0800][59454][gc,heap     ] Page Cache Flushed: 10M requested, 32M(36M->4M) flushed
[2018-12-17T14:15:19.720+0800][59461][gc,start    ] GC(47) Garbage Collection (Allocation Stall)
[2018-12-17T14:15:19.721+0800][59468][gc,ref      ] GC(47) Clearing All Soft References
[2018-12-17T14:15:19.721+0800][59468][gc,phases   ] GC(47) Pause Mark Start 0.121ms
[2018-12-17T14:15:19.900+0800][59461][gc,phases   ] GC(47) Concurrent Mark 179.154ms
[2018-12-17T14:15:19.900+0800][59468][gc,phases   ] GC(47) Pause Mark End 0.065ms
[2018-12-17T14:15:19.900+0800][59461][gc,phases   ] GC(47) Concurrent Process Non-Strong References 0.080ms
[2018-12-17T14:15:19.900+0800][59461][gc,phases   ] GC(47) Concurrent Reset Relocation Set 0.003ms
[2018-12-17T14:15:19.900+0800][59461][gc,phases   ] GC(47) Concurrent Destroy Detached Pages 0.004ms
[2018-12-17T14:15:19.902+0800][59461][gc,phases   ] GC(47) Concurrent Select Relocation Set 1.313ms
[2018-12-17T14:15:19.902+0800][59454][gc          ] Allocation Stall (main) 181.124ms
[2018-12-17T14:15:19.902+0800][59461][gc,phases   ] GC(47) Concurrent Prepare Relocation Set 0.000ms
[2018-12-17T14:15:19.903+0800][59468][gc,phases   ] GC(47) Pause Relocate Start 0.048ms
[2018-12-17T14:15:19.903+0800][59461][gc,phases   ] GC(47) Concurrent Relocate 0.016ms
[2018-12-17T14:15:19.903+0800][59461][gc,load     ] GC(47) Load: 0.86/0.83/0.91
[2018-12-17T14:15:19.903+0800][59461][gc,mmu      ] GC(47) MMU: 2ms/6.8%, 5ms/60.6%, 10ms/80.3%, 20ms/90.2%, 50ms/96.1%, 100ms/97.9%
[2018-12-17T14:15:19.903+0800][59461][gc,marking  ] GC(47) Mark: 4 stripe(s), 10 proactive flush(es), 1 terminate flush(es), 0 completion(s), 0 continuation(s) 
[2018-12-17T14:15:19.903+0800][59461][gc,reloc    ] GC(47) Relocation: Successful, 51M relocated
[2018-12-17T14:15:19.903+0800][59461][gc,nmethod  ] GC(47) NMethods: 39 registered, 0 unregistered
[2018-12-17T14:15:19.903+0800][59461][gc,metaspace] GC(47) Metaspace: 4M used, 4M capacity, 5M committed, 8M reserved
[2018-12-17T14:15:19.903+0800][59461][gc,ref      ] GC(47) Soft: 88 encountered, 27 discovered, 0 enqueued
[2018-12-17T14:15:19.903+0800][59461][gc,ref      ] GC(47) Weak: 168 encountered, 71 discovered, 0 enqueued
[2018-12-17T14:15:19.903+0800][59461][gc,ref      ] GC(47) Final: 0 encountered, 0 discovered, 0 enqueued
[2018-12-17T14:15:19.903+0800][59461][gc,ref      ] GC(47) Phantom: 1 encountered, 1 discovered, 0 enqueued
[2018-12-17T14:15:19.903+0800][59461][gc,heap     ] GC(47)                Mark Start          Mark End        Relocate Start      Relocate End           High               Low         
[2018-12-17T14:15:19.903+0800][59461][gc,heap     ] GC(47)  Capacity:     1024M (100%)       1024M (100%)       1024M (100%)       1024M (100%)       1024M (100%)       1024M (100%)   
[2018-12-17T14:15:19.903+0800][59461][gc,heap     ] GC(47)   Reserve:       42M (4%)           42M (4%)           42M (4%)           42M (4%)           42M (4%)           42M (4%)     
[2018-12-17T14:15:19.903+0800][59461][gc,heap     ] GC(47)      Free:        6M (1%)            6M (1%)          386M (38%)         376M (37%)         386M (38%)           6M (1%)     
[2018-12-17T14:15:19.903+0800][59461][gc,heap     ] GC(47)      Used:      976M (95%)         976M (95%)         596M (58%)         606M (59%)         976M (95%)         596M (58%)    
[2018-12-17T14:15:19.903+0800][59461][gc,heap     ] GC(47)      Live:         -               535M (52%)         535M (52%)         535M (52%)            -                  -          
[2018-12-17T14:15:19.903+0800][59461][gc,heap     ] GC(47) Allocated:         -                 0M (0%)           10M (1%)           20M (2%)             -                  -          
[2018-12-17T14:15:19.903+0800][59461][gc,heap     ] GC(47)   Garbage:         -               440M (43%)          50M (5%)           50M (5%)             -                  -          
[2018-12-17T14:15:19.903+0800][59461][gc,heap     ] GC(47) Reclaimed:         -                  -               390M (38%)         390M (38%)            -                  -          
[2018-12-17T14:15:19.903+0800][59461][gc          ] GC(47) Garbage Collection (Allocation Stall) 976M(95%)->606M(59%)
[2018-12-17T14:15:19.939+0800][59461][gc,start    ] GC(48) Garbage Collection (Allocation Stall)
[2018-12-17T14:15:19.939+0800][59468][gc,ref      ] GC(48) Clearing All Soft References
[2018-12-17T14:15:19.939+0800][59468][gc,phases   ] GC(48) Pause Mark Start 0.089ms
[2018-12-17T14:15:20.124+0800][59461][gc,phases   ] GC(48) Concurrent Mark 185.314ms
[2018-12-17T14:15:20.125+0800][59468][gc,phases   ] GC(48) Pause Mark End 0.071ms
[2018-12-17T14:15:20.125+0800][59461][gc,phases   ] GC(48) Concurrent Process Non-Strong References 0.089ms
[2018-12-17T14:15:20.125+0800][59461][gc,phases   ] GC(48) Concurrent Reset Relocation Set 0.000ms
[2018-12-17T14:15:20.125+0800][59461][gc,phases   ] GC(48) Concurrent Destroy Detached Pages 0.001ms
[2018-12-17T14:15:20.126+0800][59461][gc,phases   ] GC(48) Concurrent Select Relocation Set 1.279ms
[2018-12-17T14:15:20.126+0800][59461][gc,phases   ] GC(48) Concurrent Prepare Relocation Set 0.000ms
[2018-12-17T14:15:20.126+0800][59454][gc          ] Allocation Stall (main) 187.193ms
[2018-12-17T14:15:20.127+0800][59468][gc,phases   ] GC(48) Pause Relocate Start 0.050ms
[2018-12-17T14:15:20.127+0800][59461][gc,phases   ] GC(48) Concurrent Relocate 0.026ms
[2018-12-17T14:15:20.127+0800][59461][gc,load     ] GC(48) Load: 0.86/0.83/0.91
[2018-12-17T14:15:20.127+0800][59461][gc,mmu      ] GC(48) MMU: 2ms/6.8%, 5ms/60.6%, 10ms/80.3%, 20ms/90.2%, 50ms/96.1%, 100ms/97.9%
[2018-12-17T14:15:20.127+0800][59461][gc,marking  ] GC(48) Mark: 4 stripe(s), 10 proactive flush(es), 1 terminate flush(es), 0 completion(s), 0 continuation(s) 
[2018-12-17T14:15:20.127+0800][59461][gc,reloc    ] GC(48) Relocation: Successful, 51M relocated
[2018-12-17T14:15:20.127+0800][59461][gc,nmethod  ] GC(48) NMethods: 39 registered, 0 unregistered
[2018-12-17T14:15:20.127+0800][59461][gc,metaspace] GC(48) Metaspace: 4M used, 4M capacity, 5M committed, 8M reserved
[2018-12-17T14:15:20.127+0800][59461][gc,ref      ] GC(48) Soft: 88 encountered, 43 discovered, 0 enqueued
[2018-12-17T14:15:20.127+0800][59461][gc,ref      ] GC(48) Weak: 168 encountered, 93 discovered, 0 enqueued
[2018-12-17T14:15:20.127+0800][59461][gc,ref      ] GC(48) Final: 0 encountered, 0 discovered, 0 enqueued
[2018-12-17T14:15:20.127+0800][59461][gc,ref      ] GC(48) Phantom: 1 encountered, 1 discovered, 0 enqueued
[2018-12-17T14:15:20.127+0800][59461][gc,heap     ] GC(48)                Mark Start          Mark End        Relocate Start      Relocate End           High               Low         
[2018-12-17T14:15:20.127+0800][59461][gc,heap     ] GC(48)  Capacity:     1024M (100%)       1024M (100%)       1024M (100%)       1024M (100%)       1024M (100%)       1024M (100%)   
[2018-12-17T14:15:20.127+0800][59461][gc,heap     ] GC(48)   Reserve:       42M (4%)           42M (4%)           42M (4%)           42M (4%)           42M (4%)           42M (4%)     
[2018-12-17T14:15:20.127+0800][59461][gc,heap     ] GC(48)      Free:        6M (1%)            6M (1%)          386M (38%)         386M (38%)         386M (38%)           6M (1%)     
[2018-12-17T14:15:20.127+0800][59461][gc,heap     ] GC(48)      Used:      976M (95%)         976M (95%)         596M (58%)         596M (58%)         976M (95%)         596M (58%)    
[2018-12-17T14:15:20.127+0800][59461][gc,heap     ] GC(48)      Live:         -               535M (52%)         535M (52%)         535M (52%)            -                  -          
[2018-12-17T14:15:20.127+0800][59461][gc,heap     ] GC(48) Allocated:         -                 0M (0%)           10M (1%)           10M (1%)             -                  -          
[2018-12-17T14:15:20.127+0800][59461][gc,heap     ] GC(48)   Garbage:         -               440M (43%)          50M (5%)           50M (5%)             -                  -          
[2018-12-17T14:15:20.127+0800][59461][gc,heap     ] GC(48) Reclaimed:         -                  -               390M (38%)         390M (38%)            -                  -          
[2018-12-17T14:15:20.127+0800][59461][gc          ] GC(48) Garbage Collection (Allocation Stall) 976M(95%)->596M(58%)
[2018-12-17T14:15:20.166+0800][59461][gc,start    ] GC(49) Garbage Collection (Allocation Rate)
[2018-12-17T14:15:20.166+0800][59468][gc,phases   ] GC(49) Pause Mark Start 0.054ms
[2018-12-17T14:15:20.230+0800][59454][gc,heap     ] Page Cache Flushed: 2M requested, 10M(380M->370M) flushed
[2018-12-17T14:15:20.233+0800][59454][gc,heap     ] Page Cache Flushed: 28M requested, 30M(370M->340M) flushed
[2018-12-17T14:15:20.243+0800][59454][gc,heap     ] Page Cache Flushed: 30M requested, 30M(340M->310M) flushed
[2018-12-17T14:15:20.473+0800][59461][gc,phases   ] GC(49) Concurrent Mark 307.001ms
[2018-12-17T14:15:20.474+0800][59468][gc,phases   ] GC(49) Pause Mark End 0.068ms
[2018-12-17T14:15:20.474+0800][59461][gc,phases   ] GC(49) Concurrent Process Non-Strong References 0.103ms
[2018-12-17T14:15:20.474+0800][59461][gc,phases   ] GC(49) Concurrent Reset Relocation Set 0.000ms
[2018-12-17T14:15:20.474+0800][59461][gc,phases   ] GC(49) Concurrent Destroy Detached Pages 0.006ms
[2018-12-17T14:15:20.475+0800][59461][gc,phases   ] GC(49) Concurrent Select Relocation Set 1.252ms
[2018-12-17T14:15:20.475+0800][59454][gc          ] Allocation Stall (main) 190.705ms
[2018-12-17T14:15:20.475+0800][59461][gc,phases   ] GC(49) Concurrent Prepare Relocation Set 0.000ms
[2018-12-17T14:15:20.478+0800][59468][gc,phases   ] GC(49) Pause Relocate Start 0.049ms
[2018-12-17T14:15:20.478+0800][59461][gc,phases   ] GC(49) Concurrent Relocate 0.005ms
[2018-12-17T14:15:20.478+0800][59461][gc,load     ] GC(49) Load: 0.86/0.83/0.91
[2018-12-17T14:15:20.478+0800][59461][gc,mmu      ] GC(49) MMU: 2ms/6.8%, 5ms/60.6%, 10ms/80.3%, 20ms/90.2%, 50ms/96.1%, 100ms/97.9%
[2018-12-17T14:15:20.478+0800][59461][gc,marking  ] GC(49) Mark: 1 stripe(s), 1 proactive flush(es), 1 terminate flush(es), 0 completion(s), 0 continuation(s) 
[2018-12-17T14:15:20.478+0800][59461][gc,reloc    ] GC(49) Relocation: Successful, 51M relocated
[2018-12-17T14:15:20.478+0800][59461][gc,nmethod  ] GC(49) NMethods: 39 registered, 0 unregistered
[2018-12-17T14:15:20.478+0800][59461][gc,metaspace] GC(49) Metaspace: 4M used, 4M capacity, 5M committed, 8M reserved
[2018-12-17T14:15:20.478+0800][59461][gc,ref      ] GC(49) Soft: 88 encountered, 0 discovered, 0 enqueued
[2018-12-17T14:15:20.478+0800][59461][gc,ref      ] GC(49) Weak: 168 encountered, 108 discovered, 0 enqueued
[2018-12-17T14:15:20.478+0800][59461][gc,ref      ] GC(49) Final: 0 encountered, 0 discovered, 0 enqueued
[2018-12-17T14:15:20.478+0800][59461][gc,ref      ] GC(49) Phantom: 1 encountered, 1 discovered, 0 enqueued
[2018-12-17T14:15:20.478+0800][59461][gc,heap     ] GC(49)                Mark Start          Mark End        Relocate Start      Relocate End           High               Low         
[2018-12-17T14:15:20.478+0800][59461][gc,heap     ] GC(49)  Capacity:     1024M (100%)       1024M (100%)       1024M (100%)       1024M (100%)       1024M (100%)       1024M (100%)   
[2018-12-17T14:15:20.478+0800][59461][gc,heap     ] GC(49)   Reserve:       42M (4%)           42M (4%)           42M (4%)           42M (4%)           42M (4%)           42M (4%)     
[2018-12-17T14:15:20.478+0800][59461][gc,heap     ] GC(49)      Free:      386M (38%)           0M (0%)            0M (0%)            0M (0%)          386M (38%)           0M (0%)     
[2018-12-17T14:15:20.478+0800][59461][gc,heap     ] GC(49)      Used:      596M (58%)         982M (96%)         982M (96%)         982M (96%)         982M (96%)         596M (58%)    
[2018-12-17T14:15:20.478+0800][59461][gc,heap     ] GC(49)      Live:         -               535M (52%)         535M (52%)         535M (52%)            -                  -          
[2018-12-17T14:15:20.478+0800][59461][gc,heap     ] GC(49) Allocated:         -               386M (38%)         396M (39%)         396M (39%)            -                  -          
[2018-12-17T14:15:20.478+0800][59461][gc,heap     ] GC(49)   Garbage:         -                60M (6%)           50M (5%)           50M (5%)             -                  -          
[2018-12-17T14:15:20.478+0800][59461][gc,heap     ] GC(49) Reclaimed:         -                  -                10M (1%)           10M (1%)             -                  -          
[2018-12-17T14:15:20.478+0800][59461][gc          ] GC(49) Garbage Collection (Allocation Rate) 596M(58%)->982M(96%)
[2018-12-17T14:15:20.478+0800][59461][gc,start    ] GC(50) Garbage Collection (Allocation Stall)
[2018-12-17T14:15:20.478+0800][59468][gc,ref      ] GC(50) Clearing All Soft References
[2018-12-17T14:15:20.478+0800][59468][gc,phases   ] GC(50) Pause Mark Start 0.068ms
[2018-12-17T14:15:20.686+0800][59461][gc,phases   ] GC(50) Concurrent Mark 208.010ms
[2018-12-17T14:15:20.686+0800][59468][gc,phases   ] GC(50) Pause Mark End 0.073ms
[2018-12-17T14:15:20.686+0800][59461][gc,phases   ] GC(50) Concurrent Process Non-Strong References 0.103ms
[2018-12-17T14:15:20.686+0800][59461][gc,phases   ] GC(50) Concurrent Reset Relocation Set 0.000ms
[2018-12-17T14:15:20.686+0800][59461][gc,phases   ] GC(50) Concurrent Destroy Detached Pages 0.001ms
[2018-12-17T14:15:20.688+0800][59461][gc,phases   ] GC(50) Concurrent Select Relocation Set 1.237ms
[2018-12-17T14:15:20.688+0800][59461][gc,phases   ] GC(50) Concurrent Prepare Relocation Set 0.001ms
[2018-12-17T14:15:20.688+0800][59454][gc          ] Allocation Stall (main) 209.975ms
[2018-12-17T14:15:20.689+0800][59468][gc,phases   ] GC(50) Pause Relocate Start 0.051ms
[2018-12-17T14:15:20.689+0800][59459][gc,heap     ] GC(50) Page Cache Flushed: 22M requested, 30M(300M->270M) flushed
[2018-12-17T14:15:20.699+0800][59461][gc,phases   ] GC(50) Concurrent Relocate 10.453ms
[2018-12-17T14:15:20.699+0800][59461][gc,load     ] GC(50) Load: 0.86/0.83/0.91
[2018-12-17T14:15:20.699+0800][59461][gc,mmu      ] GC(50) MMU: 2ms/6.8%, 5ms/60.6%, 10ms/80.3%, 20ms/90.2%, 50ms/96.1%, 100ms/97.9%
[2018-12-17T14:15:20.699+0800][59461][gc,marking  ] GC(50) Mark: 4 stripe(s), 10 proactive flush(es), 1 terminate flush(es), 0 completion(s), 0 continuation(s) 
[2018-12-17T14:15:20.699+0800][59461][gc,reloc    ] GC(50) Relocation: Successful, 72M relocated
[2018-12-17T14:15:20.699+0800][59461][gc,nmethod  ] GC(50) NMethods: 39 registered, 0 unregistered
[2018-12-17T14:15:20.699+0800][59461][gc,metaspace] GC(50) Metaspace: 4M used, 4M capacity, 5M committed, 8M reserved
[2018-12-17T14:15:20.699+0800][59461][gc,ref      ] GC(50) Soft: 88 encountered, 12 discovered, 0 enqueued
[2018-12-17T14:15:20.699+0800][59461][gc,ref      ] GC(50) Weak: 168 encountered, 21 discovered, 0 enqueued
[2018-12-17T14:15:20.699+0800][59461][gc,ref      ] GC(50) Final: 0 encountered, 0 discovered, 0 enqueued
[2018-12-17T14:15:20.699+0800][59461][gc,ref      ] GC(50) Phantom: 1 encountered, 1 discovered, 0 enqueued
[2018-12-17T14:15:20.699+0800][59461][gc,heap     ] GC(50)                Mark Start          Mark End        Relocate Start      Relocate End           High               Low         
[2018-12-17T14:15:20.699+0800][59461][gc,heap     ] GC(50)  Capacity:     1024M (100%)       1024M (100%)       1024M (100%)       1024M (100%)       1024M (100%)       1024M (100%)   
[2018-12-17T14:15:20.699+0800][59461][gc,heap     ] GC(50)   Reserve:       42M (4%)           42M (4%)           42M (4%)           42M (4%)           42M (4%)           42M (4%)     
[2018-12-17T14:15:20.699+0800][59461][gc,heap     ] GC(50)      Free:        0M (0%)            0M (0%)          310M (30%)         242M (24%)         310M (30%)           0M (0%)     
[2018-12-17T14:15:20.699+0800][59461][gc,heap     ] GC(50)      Used:      982M (96%)         982M (96%)         672M (66%)         740M (72%)         982M (96%)         672M (66%)    
[2018-12-17T14:15:20.699+0800][59461][gc,heap     ] GC(50)      Live:         -               566M (55%)         566M (55%)         566M (55%)            -                  -          
[2018-12-17T14:15:20.699+0800][59461][gc,heap     ] GC(50) Allocated:         -                 0M (0%)           10M (1%)          174M (17%)            -                  -          
[2018-12-17T14:15:20.699+0800][59461][gc,heap     ] GC(50)   Garbage:         -               415M (41%)          95M (9%)           95M (9%)             -                  -          
[2018-12-17T14:15:20.699+0800][59461][gc,heap     ] GC(50) Reclaimed:         -                  -               320M (31%)         320M (31%)            -                  -          
[2018-12-17T14:15:20.699+0800][59461][gc          ] GC(50) Garbage Collection (Allocation Stall) 982M(96%)->740M(72%)
[2018-12-17T14:15:20.717+0800][59454][gc,heap     ] Page Cache Flushed: 10M requested, 32M(96M->64M) flushed
[2018-12-17T14:15:20.719+0800][59454][gc,heap     ] Page Cache Flushed: 10M requested, 32M(64M->32M) flushed
[2018-12-17T14:15:20.725+0800][59454][gc,heap     ] Page Cache Flushed: 10M requested, 32M(32M->0M) flushed
[2018-12-17T14:15:20.733+0800][59461][gc,start    ] GC(51) Garbage Collection (Allocation Stall)
[2018-12-17T14:15:20.733+0800][59468][gc,ref      ] GC(51) Clearing All Soft References
[2018-12-17T14:15:20.733+0800][59468][gc,phases   ] GC(51) Pause Mark Start 0.116ms
[2018-12-17T14:15:20.944+0800][59461][gc,phases   ] GC(51) Concurrent Mark 210.443ms
[2018-12-17T14:15:20.944+0800][59468][gc,phases   ] GC(51) Pause Mark End 0.064ms
[2018-12-17T14:15:20.944+0800][59461][gc,phases   ] GC(51) Concurrent Process Non-Strong References 0.097ms
[2018-12-17T14:15:20.944+0800][59461][gc,phases   ] GC(51) Concurrent Reset Relocation Set 0.002ms
[2018-12-17T14:15:20.944+0800][59461][gc,phases   ] GC(51) Concurrent Destroy Detached Pages 0.005ms
[2018-12-17T14:15:20.945+0800][59461][gc,phases   ] GC(51) Concurrent Select Relocation Set 1.264ms
[2018-12-17T14:15:20.945+0800][59454][gc          ] Allocation Stall (main) 212.332ms
[2018-12-17T14:15:20.945+0800][59461][gc,phases   ] GC(51) Concurrent Prepare Relocation Set 0.000ms
[2018-12-17T14:15:20.946+0800][59468][gc,phases   ] GC(51) Pause Relocate Start 0.059ms
[2018-12-17T14:15:20.947+0800][59461][gc,phases   ] GC(51) Concurrent Relocate 0.021ms
[2018-12-17T14:15:20.947+0800][59461][gc,load     ] GC(51) Load: 0.86/0.83/0.91
[2018-12-17T14:15:20.947+0800][59461][gc,mmu      ] GC(51) MMU: 2ms/6.8%, 5ms/60.6%, 10ms/80.3%, 20ms/90.2%, 50ms/96.1%, 100ms/97.9%
[2018-12-17T14:15:20.947+0800][59461][gc,marking  ] GC(51) Mark: 4 stripe(s), 10 proactive flush(es), 1 terminate flush(es), 0 completion(s), 0 continuation(s) 
[2018-12-17T14:15:20.947+0800][59461][gc,reloc    ] GC(51) Relocation: Successful, 72M relocated
[2018-12-17T14:15:20.947+0800][59461][gc,nmethod  ] GC(51) NMethods: 39 registered, 0 unregistered
[2018-12-17T14:15:20.947+0800][59461][gc,metaspace] GC(51) Metaspace: 4M used, 4M capacity, 5M committed, 8M reserved
[2018-12-17T14:15:20.947+0800][59461][gc,ref      ] GC(51) Soft: 88 encountered, 29 discovered, 0 enqueued
[2018-12-17T14:15:20.947+0800][59461][gc,ref      ] GC(51) Weak: 168 encountered, 49 discovered, 0 enqueued
[2018-12-17T14:15:20.947+0800][59461][gc,ref      ] GC(51) Final: 0 encountered, 0 discovered, 0 enqueued
[2018-12-17T14:15:20.947+0800][59461][gc,ref      ] GC(51) Phantom: 1 encountered, 1 discovered, 0 enqueued
[2018-12-17T14:15:20.947+0800][59461][gc,heap     ] GC(51)                Mark Start          Mark End        Relocate Start      Relocate End           High               Low         
[2018-12-17T14:15:20.947+0800][59461][gc,heap     ] GC(51)  Capacity:     1024M (100%)       1024M (100%)       1024M (100%)       1024M (100%)       1024M (100%)       1024M (100%)   
[2018-12-17T14:15:20.947+0800][59461][gc,heap     ] GC(51)   Reserve:       42M (4%)           42M (4%)           42M (4%)           42M (4%)           42M (4%)           42M (4%)     
[2018-12-17T14:15:20.947+0800][59461][gc,heap     ] GC(51)      Free:        2M (0%)            2M (0%)          342M (33%)         332M (32%)         342M (33%)           2M (0%)     
[2018-12-17T14:15:20.947+0800][59461][gc,heap     ] GC(51)      Used:      980M (96%)         980M (96%)         640M (62%)         650M (63%)         980M (96%)         640M (62%)    
[2018-12-17T14:15:20.947+0800][59461][gc,heap     ] GC(51)      Live:         -               566M (55%)         566M (55%)         566M (55%)            -                  -          
[2018-12-17T14:15:20.947+0800][59461][gc,heap     ] GC(51) Allocated:         -                 0M (0%)           10M (1%)           20M (2%)             -                  -          
[2018-12-17T14:15:20.947+0800][59461][gc,heap     ] GC(51)   Garbage:         -               413M (40%)          63M (6%)           63M (6%)             -                  -          
[2018-12-17T14:15:20.947+0800][59461][gc,heap     ] GC(51) Reclaimed:         -                  -               350M (34%)         350M (34%)            -                  -          
[2018-12-17T14:15:20.947+0800][59461][gc          ] GC(51) Garbage Collection (Allocation Stall) 980M(96%)->650M(63%)
[2018-12-17T14:15:20.966+0800][59461][gc,start    ] GC(52) Garbage Collection (Allocation Rate)
[2018-12-17T14:15:20.966+0800][59462][gc,stats    ] === Garbage Collection Statistics =======================================================================================================================
[2018-12-17T14:15:20.966+0800][59462][gc,stats    ]                                                              Last 10s              Last 10m              Last 10h                Total
[2018-12-17T14:15:20.966+0800][59462][gc,stats    ]                                                              Avg / Max             Avg / Max             Avg / Max             Avg / Max
[2018-12-17T14:15:20.966+0800][59462][gc,stats    ]   Collector: Garbage Collection Cycle                    154.948 / 345.168     154.948 / 345.168     154.948 / 345.168     154.948 / 345.168     ms
[2018-12-17T14:15:20.966+0800][59462][gc,stats    ]  Contention: Mark Segment Reset Contention                     2 / 9                 2 / 9                 2 / 9                 2 / 9           ops/s
[2018-12-17T14:15:20.966+0800][59462][gc,stats    ]  Contention: Mark SeqNum Reset Contention                      0 / 2                 0 / 2                 0 / 2                 0 / 2           ops/s
[2018-12-17T14:15:20.966+0800][59462][gc,stats    ]  Contention: Relocation Contention                             0 / 5                 0 / 5                 0 / 5                 0 / 5           ops/s
[2018-12-17T14:15:20.966+0800][59462][gc,stats    ]    Critical: Allocation Stall                            128.845 / 308.257     128.845 / 308.257     128.845 / 308.257     128.845 / 308.257     ms
[2018-12-17T14:15:20.966+0800][59462][gc,stats    ]    Critical: Allocation Stall                                  3 / 6                 3 / 6                 3 / 6                 3 / 6           ops/s
[2018-12-17T14:15:20.966+0800][59462][gc,stats    ]    Critical: GC Locker Stall                               0.000 / 0.000         0.000 / 0.000         0.000 / 0.000         0.000 / 0.000       ms
[2018-12-17T14:15:20.966+0800][59462][gc,stats    ]    Critical: GC Locker Stall                                   0 / 0                 0 / 0                 0 / 0                 0 / 0           ops/s
[2018-12-17T14:15:20.966+0800][59462][gc,stats    ]      Memory: Allocation Rate                                1927 / 3098           1927 / 3098           1927 / 3098           1927 / 3098        MB/s
[2018-12-17T14:15:20.966+0800][59462][gc,stats    ]      Memory: Heap Used After Mark                            832 / 982             832 / 982             832 / 982             832 / 982         MB
[2018-12-17T14:15:20.966+0800][59462][gc,stats    ]      Memory: Heap Used After Relocation                      540 / 982             540 / 982             540 / 982             540 / 982         MB
[2018-12-17T14:15:20.966+0800][59462][gc,stats    ]      Memory: Heap Used Before Mark                           690 / 982             690 / 982             690 / 982             690 / 982         MB
[2018-12-17T14:15:20.966+0800][59462][gc,stats    ]      Memory: Heap Used Before Relocation                     505 / 982             505 / 982             505 / 982             505 / 982         MB
[2018-12-17T14:15:20.966+0800][59462][gc,stats    ]      Memory: Out Of Memory                                     0 / 0                 0 / 0                 0 / 0                 0 / 0           ops/s
[2018-12-17T14:15:20.966+0800][59462][gc,stats    ]      Memory: Page Cache Flush                                287 / 516             287 / 516             287 / 516             287 / 516         MB/s
[2018-12-17T14:15:20.966+0800][59462][gc,stats    ]      Memory: Page Cache Hit L1                               172 / 303             172 / 303             172 / 303             172 / 303         ops/s
[2018-12-17T14:15:20.966+0800][59462][gc,stats    ]      Memory: Page Cache Hit L2                                 0 / 0                 0 / 0                 0 / 0                 0 / 0           ops/s
[2018-12-17T14:15:20.966+0800][59462][gc,stats    ]      Memory: Page Cache Miss                                  34 / 102              34 / 102              34 / 102              34 / 102         ops/s
[2018-12-17T14:15:20.966+0800][59462][gc,stats    ]      Memory: Undo Object Allocation Failed                     0 / 0                 0 / 0                 0 / 0                 0 / 0           ops/s
[2018-12-17T14:15:20.966+0800][59462][gc,stats    ]      Memory: Undo Object Allocation Succeeded                  0 / 5                 0 / 5                 0 / 5                 0 / 5           ops/s
[2018-12-17T14:15:20.966+0800][59462][gc,stats    ]      Memory: Undo Page Allocation                              2 / 6                 2 / 6                 2 / 6                 2 / 6           ops/s
[2018-12-17T14:15:20.966+0800][59462][gc,stats    ]       Phase: Concurrent Destroy Detached Pages             0.073 / 1.222         0.073 / 1.222         0.073 / 1.222         0.073 / 1.222       ms
[2018-12-17T14:15:20.966+0800][59462][gc,stats    ]       Phase: Concurrent Mark                             142.312 / 310.943     142.312 / 310.943     142.312 / 310.943     142.312 / 310.943     ms
[2018-12-17T14:15:20.966+0800][59462][gc,stats    ]       Phase: Concurrent Mark Continue                      0.000 / 0.000         0.000 / 0.000         0.000 / 0.000         0.000 / 0.000       ms
[2018-12-17T14:15:20.966+0800][59462][gc,stats    ]       Phase: Concurrent Prepare Relocation Set             0.172 / 1.081         0.172 / 1.081         0.172 / 1.081         0.172 / 1.081       ms
[2018-12-17T14:15:20.966+0800][59462][gc,stats    ]       Phase: Concurrent Process Non-Strong References      0.135 / 0.264         0.135 / 0.264         0.135 / 0.264         0.135 / 0.264       ms
[2018-12-17T14:15:20.966+0800][59462][gc,stats    ]       Phase: Concurrent Relocate                           7.653 / 43.869        7.653 / 43.869        7.653 / 43.869        7.653 / 43.869      ms
[2018-12-17T14:15:20.966+0800][59462][gc,stats    ]       Phase: Concurrent Reset Relocation Set               0.020 / 0.221         0.020 / 0.221         0.020 / 0.221         0.020 / 0.221       ms
[2018-12-17T14:15:20.966+0800][59462][gc,stats    ]       Phase: Concurrent Select Relocation Set              1.728 / 5.198         1.728 / 5.198         1.728 / 5.198         1.728 / 5.198       ms
[2018-12-17T14:15:20.966+0800][59462][gc,stats    ]       Phase: Pause Mark End                                0.082 / 0.127         0.082 / 0.127         0.082 / 0.127         0.082 / 0.127       ms
[2018-12-17T14:15:20.966+0800][59462][gc,stats    ]       Phase: Pause Mark Start                              0.107 / 0.332         0.107 / 0.332         0.107 / 0.332         0.107 / 0.332       ms
[2018-12-17T14:15:20.966+0800][59462][gc,stats    ]       Phase: Pause Relocate Start                          0.164 / 1.865         0.164 / 1.865         0.164 / 1.865         0.164 / 1.865       ms
[2018-12-17T14:15:20.966+0800][59462][gc,stats    ]    Subphase: Concurrent Mark                             142.913 / 310.887     142.913 / 310.887     142.913 / 310.887     142.913 / 310.887     ms
[2018-12-17T14:15:20.967+0800][59462][gc,stats    ]    Subphase: Concurrent Mark Idle                          1.070 / 3.907         1.070 / 3.907         1.070 / 3.907         1.070 / 3.907       ms
[2018-12-17T14:15:20.967+0800][59462][gc,stats    ]    Subphase: Concurrent Mark Try Flush                     0.230 / 4.609         0.230 / 4.609         0.230 / 4.609         0.230 / 4.609       ms
[2018-12-17T14:15:20.967+0800][59462][gc,stats    ]    Subphase: Concurrent Mark Try Terminate                 1.061 / 4.611         1.061 / 4.611         1.061 / 4.611         1.061 / 4.611       ms
[2018-12-17T14:15:20.967+0800][59462][gc,stats    ]    Subphase: Concurrent References Enqueue                 0.001 / 0.008         0.001 / 0.008         0.001 / 0.008         0.001 / 0.008       ms
[2018-12-17T14:15:20.967+0800][59462][gc,stats    ]    Subphase: Concurrent References Process                 0.044 / 0.084         0.044 / 0.084         0.044 / 0.084         0.044 / 0.084       ms
[2018-12-17T14:15:20.967+0800][59462][gc,stats    ]    Subphase: Concurrent Weak Roots                         0.033 / 0.148         0.033 / 0.148         0.033 / 0.148         0.033 / 0.148       ms
[2018-12-17T14:15:20.967+0800][59462][gc,stats    ]    Subphase: Concurrent Weak Roots JNIWeakHandles          0.000 / 0.000         0.000 / 0.000         0.000 / 0.000         0.000 / 0.000       ms
[2018-12-17T14:15:20.967+0800][59468][gc,phases   ] GC(52) Pause Mark Start 0.080ms
[2018-12-17T14:15:20.967+0800][59462][gc,stats    ]    Subphase: Concurrent Weak Roots StringTable             0.032 / 0.131         0.032 / 0.131         0.032 / 0.131         0.032 / 0.131       ms
[2018-12-17T14:15:20.967+0800][59462][gc,stats    ]    Subphase: Concurrent Weak Roots VMWeakHandles           0.005 / 0.016         0.005 / 0.016         0.005 / 0.016         0.005 / 0.016       ms
[2018-12-17T14:15:20.967+0800][59462][gc,stats    ]    Subphase: Pause Mark Try Complete                       0.001 / 0.001         0.001 / 0.001         0.001 / 0.001         0.001 / 0.001       ms
[2018-12-17T14:15:20.967+0800][59462][gc,stats    ]    Subphase: Pause Remap TLABS                             0.001 / 0.009         0.001 / 0.009         0.001 / 0.009         0.001 / 0.009       ms
[2018-12-17T14:15:20.967+0800][59462][gc,stats    ]    Subphase: Pause Retire TLABS                            0.007 / 0.025         0.007 / 0.025         0.007 / 0.025         0.007 / 0.025       ms
[2018-12-17T14:15:20.967+0800][59462][gc,stats    ]    Subphase: Pause Roots                                   0.034 / 1.742         0.034 / 1.742         0.034 / 1.742         0.034 / 1.742       ms
[2018-12-17T14:15:20.967+0800][59462][gc,stats    ]    Subphase: Pause Roots ClassLoaderDataGraph              0.022 / 1.570         0.022 / 1.570         0.022 / 1.570         0.022 / 1.570       ms
[2018-12-17T14:15:20.967+0800][59462][gc,stats    ]    Subphase: Pause Roots CodeCache                         0.022 / 1.742         0.022 / 1.742         0.022 / 1.742         0.022 / 1.742       ms
[2018-12-17T14:15:20.967+0800][59462][gc,stats    ]    Subphase: Pause Roots JNIHandles                        0.008 / 0.952         0.008 / 0.952         0.008 / 0.952         0.008 / 0.952       ms
[2018-12-17T14:15:20.967+0800][59462][gc,stats    ]    Subphase: Pause Roots JNIWeakHandles                    0.000 / 0.000         0.000 / 0.000         0.000 / 0.000         0.000 / 0.000       ms
[2018-12-17T14:15:20.967+0800][59462][gc,stats    ]    Subphase: Pause Roots JRFWeak                           0.000 / 0.000         0.000 / 0.000         0.000 / 0.000         0.000 / 0.000       ms
[2018-12-17T14:15:20.967+0800][59462][gc,stats    ]    Subphase: Pause Roots JVMTIExport                       0.001 / 0.003         0.001 / 0.003         0.001 / 0.003         0.001 / 0.003       ms
[2018-12-17T14:15:20.967+0800][59462][gc,stats    ]    Subphase: Pause Roots JVMTIWeakExport                   0.001 / 0.001         0.001 / 0.001         0.001 / 0.001         0.001 / 0.001       ms
[2018-12-17T14:15:20.967+0800][59462][gc,stats    ]    Subphase: Pause Roots Management                        0.002 / 0.023         0.002 / 0.023         0.002 / 0.023         0.002 / 0.023       ms
[2018-12-17T14:15:20.967+0800][59462][gc,stats    ]    Subphase: Pause Roots ObjectSynchronizer                0.000 / 0.001         0.000 / 0.001         0.000 / 0.001         0.000 / 0.001       ms
[2018-12-17T14:15:20.967+0800][59462][gc,stats    ]    Subphase: Pause Roots Setup                             0.002 / 0.012         0.002 / 0.012         0.002 / 0.012         0.002 / 0.012       ms
[2018-12-17T14:15:20.967+0800][59462][gc,stats    ]    Subphase: Pause Roots StringTable                       0.000 / 0.000         0.000 / 0.000         0.000 / 0.000         0.000 / 0.000       ms
[2018-12-17T14:15:20.967+0800][59462][gc,stats    ]    Subphase: Pause Roots SystemDictionary                  0.011 / 0.664         0.011 / 0.664         0.011 / 0.664         0.011 / 0.664       ms
[2018-12-17T14:15:20.967+0800][59462][gc,stats    ]    Subphase: Pause Roots Teardown                          0.001 / 0.017         0.001 / 0.017         0.001 / 0.017         0.001 / 0.017       ms
[2018-12-17T14:15:20.967+0800][59462][gc,stats    ]    Subphase: Pause Roots Threads                           0.010 / 0.168         0.010 / 0.168         0.010 / 0.168         0.010 / 0.168       ms
[2018-12-17T14:15:20.967+0800][59462][gc,stats    ]    Subphase: Pause Roots Universe                          0.006 / 0.348         0.006 / 0.348         0.006 / 0.348         0.006 / 0.348       ms
[2018-12-17T14:15:20.967+0800][59462][gc,stats    ]    Subphase: Pause Roots VMWeakHandles                     0.000 / 0.000         0.000 / 0.000         0.000 / 0.000         0.000 / 0.000       ms
[2018-12-17T14:15:20.967+0800][59462][gc,stats    ]    Subphase: Pause Weak Roots                              0.001 / 0.005         0.001 / 0.005         0.001 / 0.005         0.001 / 0.005       ms
[2018-12-17T14:15:20.967+0800][59462][gc,stats    ]    Subphase: Pause Weak Roots JFRWeak                      0.001 / 0.002         0.001 / 0.002         0.001 / 0.002         0.001 / 0.002       ms
[2018-12-17T14:15:20.967+0800][59462][gc,stats    ]    Subphase: Pause Weak Roots JNIWeakHandles               0.000 / 0.000         0.000 / 0.000         0.000 / 0.000         0.000 / 0.000       ms
[2018-12-17T14:15:20.967+0800][59462][gc,stats    ]    Subphase: Pause Weak Roots JVMTIWeakExport              0.001 / 0.003         0.001 / 0.003         0.001 / 0.003         0.001 / 0.003       ms
[2018-12-17T14:15:20.967+0800][59462][gc,stats    ]    Subphase: Pause Weak Roots Setup                        0.000 / 0.001         0.000 / 0.001         0.000 / 0.001         0.000 / 0.001       ms
[2018-12-17T14:15:20.967+0800][59462][gc,stats    ]    Subphase: Pause Weak Roots StringTable                  0.000 / 0.000         0.000 / 0.000         0.000 / 0.000         0.000 / 0.000       ms
[2018-12-17T14:15:20.967+0800][59462][gc,stats    ]    Subphase: Pause Weak Roots SymbolTable                  0.000 / 0.000         0.000 / 0.000         0.000 / 0.000         0.000 / 0.000       ms
[2018-12-17T14:15:20.967+0800][59462][gc,stats    ]    Subphase: Pause Weak Roots Teardown                     0.001 / 0.003         0.001 / 0.003         0.001 / 0.003         0.001 / 0.003       ms
[2018-12-17T14:15:20.967+0800][59462][gc,stats    ]    Subphase: Pause Weak Roots VMWeakHandles                0.000 / 0.000         0.000 / 0.000         0.000 / 0.000         0.000 / 0.000       ms
[2018-12-17T14:15:20.967+0800][59462][gc,stats    ]      System: Java Threads                                      9 / 10                9 / 10                9 / 10                9 / 10          threads
[2018-12-17T14:15:20.967+0800][59462][gc,stats    ] =========================================================================================================================================================
[2018-12-17T14:15:21.084+0800][59454][gc,heap     ] Page Cache Flushed: 2M requested, 10M(20M->10M) flushed
[2018-12-17T14:15:21.292+0800][59461][gc,phases   ] GC(52) Concurrent Mark 325.684ms
[2018-12-17T14:15:21.292+0800][59468][gc,phases   ] GC(52) Pause Mark End 0.078ms
[2018-12-17T14:15:21.293+0800][59461][gc,phases   ] GC(52) Concurrent Process Non-Strong References 0.089ms
[2018-12-17T14:15:21.293+0800][59461][gc,phases   ] GC(52) Concurrent Reset Relocation Set 0.000ms
[2018-12-17T14:15:21.293+0800][59461][gc,phases   ] GC(52) Concurrent Destroy Detached Pages 0.003ms
[2018-12-17T14:15:21.294+0800][59461][gc,heap     ] GC(52) Page Cache Flushed: 32M requested, 40M(40M->0M) flushed
[2018-12-17T14:15:21.295+0800][59461][gc,phases   ] GC(52) Concurrent Select Relocation Set 2.815ms
[2018-12-17T14:15:21.295+0800][59461][gc,phases   ] GC(52) Concurrent Prepare Relocation Set 0.000ms
[2018-12-17T14:15:21.295+0800][59454][gc          ] Allocation Stall (main) 206.601ms
[2018-12-17T14:15:21.296+0800][59468][gc,phases   ] GC(52) Pause Relocate Start 0.065ms
[2018-12-17T14:15:21.296+0800][59461][gc,phases   ] GC(52) Concurrent Relocate 0.005ms
[2018-12-17T14:15:21.296+0800][59461][gc,load     ] GC(52) Load: 0.86/0.83/0.91
[2018-12-17T14:15:21.296+0800][59461][gc,mmu      ] GC(52) MMU: 2ms/6.8%, 5ms/60.6%, 10ms/80.3%, 20ms/90.2%, 50ms/96.1%, 100ms/97.9%
[2018-12-17T14:15:21.296+0800][59461][gc,marking  ] GC(52) Mark: 1 stripe(s), 1 proactive flush(es), 1 terminate flush(es), 0 completion(s), 0 continuation(s) 
[2018-12-17T14:15:21.296+0800][59461][gc,reloc    ] GC(52) Relocation: Successful, 72M relocated
[2018-12-17T14:15:21.296+0800][59461][gc,nmethod  ] GC(52) NMethods: 39 registered, 0 unregistered
[2018-12-17T14:15:21.296+0800][59461][gc,metaspace] GC(52) Metaspace: 4M used, 4M capacity, 5M committed, 8M reserved
[2018-12-17T14:15:21.297+0800][59461][gc,ref      ] GC(52) Soft: 88 encountered, 0 discovered, 0 enqueued
[2018-12-17T14:15:21.297+0800][59461][gc,ref      ] GC(52) Weak: 168 encountered, 108 discovered, 0 enqueued
[2018-12-17T14:15:21.297+0800][59461][gc,ref      ] GC(52) Final: 0 encountered, 0 discovered, 0 enqueued
[2018-12-17T14:15:21.297+0800][59461][gc,ref      ] GC(52) Phantom: 1 encountered, 1 discovered, 0 enqueued
[2018-12-17T14:15:21.297+0800][59461][gc,heap     ] GC(52)                Mark Start          Mark End        Relocate Start      Relocate End           High               Low         
[2018-12-17T14:15:21.297+0800][59461][gc,heap     ] GC(52)  Capacity:     1024M (100%)       1024M (100%)       1024M (100%)       1024M (100%)       1024M (100%)       1024M (100%)   
[2018-12-17T14:15:21.297+0800][59461][gc,heap     ] GC(52)   Reserve:       42M (4%)           42M (4%)           42M (4%)           42M (4%)           42M (4%)           42M (4%)     
[2018-12-17T14:15:21.297+0800][59461][gc,heap     ] GC(52)      Free:      132M (13%)          10M (1%)          198M (19%)         198M (19%)         198M (19%)           8M (1%)     
[2018-12-17T14:15:21.297+0800][59461][gc,heap     ] GC(52)      Used:      850M (83%)         972M (95%)         784M (77%)         784M (77%)         974M (95%)         784M (77%)    
[2018-12-17T14:15:21.297+0800][59461][gc,heap     ] GC(52)      Live:         -               566M (55%)         566M (55%)         566M (55%)            -                  -          
[2018-12-17T14:15:21.297+0800][59461][gc,heap     ] GC(52) Allocated:         -               122M (12%)         154M (15%)         154M (15%)            -                  -          
[2018-12-17T14:15:21.297+0800][59461][gc,heap     ] GC(52)   Garbage:         -               283M (28%)          63M (6%)           63M (6%)             -                  -          
[2018-12-17T14:15:21.297+0800][59461][gc,heap     ] GC(52) Reclaimed:         -                  -               220M (21%)         220M (21%)            -                  -          
[2018-12-17T14:15:21.297+0800][59461][gc          ] GC(52) Garbage Collection (Allocation Rate) 850M(83%)->784M(77%)
[2018-12-17T14:15:21.307+0800][59454][gc,heap     ] Page Cache Flushed: 24M requested, 30M(190M->160M) flushed
[2018-12-17T14:15:21.347+0800][59461][gc,start    ] GC(53) Garbage Collection (Allocation Stall)
[2018-12-17T14:15:21.347+0800][59468][gc,ref      ] GC(53) Clearing All Soft References
[2018-12-17T14:15:21.347+0800][59468][gc,phases   ] GC(53) Pause Mark Start 0.094ms
[2018-12-17T14:15:21.561+0800][59461][gc,phases   ] GC(53) Concurrent Mark 213.595ms
[2018-12-17T14:15:21.561+0800][59468][gc,phases   ] GC(53) Pause Mark End 0.079ms
[2018-12-17T14:15:21.561+0800][59461][gc,phases   ] GC(53) Concurrent Process Non-Strong References 0.077ms
[2018-12-17T14:15:21.561+0800][59461][gc,phases   ] GC(53) Concurrent Reset Relocation Set 0.000ms
[2018-12-17T14:15:21.561+0800][59461][gc,phases   ] GC(53) Concurrent Destroy Detached Pages 0.006ms
[2018-12-17T14:15:21.562+0800][59461][gc,phases   ] GC(53) Concurrent Select Relocation Set 1.235ms
[2018-12-17T14:15:21.562+0800][59454][gc          ] Allocation Stall (main) 215.487ms
[2018-12-17T14:15:21.562+0800][59461][gc,phases   ] GC(53) Concurrent Prepare Relocation Set 0.120ms
[2018-12-17T14:15:21.565+0800][59468][gc,phases   ] GC(53) Pause Relocate Start 0.077ms
[2018-12-17T14:15:21.565+0800][59456][gc,heap     ] GC(53) Page Cache Flushed: 16M requested, 20M(250M->230M) flushed
[2018-12-17T14:15:21.567+0800][59457][gc,heap     ] GC(53) Page Cache Flushed: 28M requested, 30M(230M->200M) flushed
[2018-12-17T14:15:21.569+0800][59458][gc,heap     ] GC(53) Page Cache Flushed: 30M requested, 30M(200M->170M) flushed
[2018-12-17T14:15:21.571+0800][59459][gc,heap     ] GC(53) Page Cache Flushed: 32M requested, 40M(170M->130M) flushed
[2018-12-17T14:15:21.602+0800][59454][gc,heap     ] Page Cache Flushed: 10M requested, 32M(128M->96M) flushed
[2018-12-17T14:15:21.607+0800][59454][gc,heap     ] Page Cache Flushed: 10M requested, 32M(98M->66M) flushed
[2018-12-17T14:15:21.609+0800][59461][gc,phases   ] GC(53) Concurrent Relocate 43.584ms
[2018-12-17T14:15:21.609+0800][59461][gc,load     ] GC(53) Load: 1.19/0.89/0.93
[2018-12-17T14:15:21.609+0800][59461][gc,mmu      ] GC(53) MMU: 2ms/6.8%, 5ms/60.6%, 10ms/80.3%, 20ms/90.2%, 50ms/96.1%, 100ms/97.9%
[2018-12-17T14:15:21.609+0800][59461][gc,marking  ] GC(53) Mark: 4 stripe(s), 10 proactive flush(es), 1 terminate flush(es), 0 completion(s), 0 continuation(s) 
[2018-12-17T14:15:21.609+0800][59461][gc,reloc    ] GC(53) Relocation: Successful, 93M relocated
[2018-12-17T14:15:21.609+0800][59461][gc,nmethod  ] GC(53) NMethods: 39 registered, 0 unregistered
[2018-12-17T14:15:21.609+0800][59461][gc,metaspace] GC(53) Metaspace: 4M used, 4M capacity, 5M committed, 8M reserved
[2018-12-17T14:15:21.609+0800][59461][gc,ref      ] GC(53) Soft: 88 encountered, 15 discovered, 0 enqueued
[2018-12-17T14:15:21.609+0800][59461][gc,ref      ] GC(53) Weak: 168 encountered, 131 discovered, 0 enqueued
[2018-12-17T14:15:21.609+0800][59461][gc,ref      ] GC(53) Final: 0 encountered, 0 discovered, 0 enqueued
[2018-12-17T14:15:21.609+0800][59461][gc,ref      ] GC(53) Phantom: 1 encountered, 1 discovered, 0 enqueued
[2018-12-17T14:15:21.609+0800][59461][gc,heap     ] GC(53)                Mark Start          Mark End        Relocate Start      Relocate End           High               Low         
[2018-12-17T14:15:21.609+0800][59461][gc,heap     ] GC(53)  Capacity:     1024M (100%)       1024M (100%)       1024M (100%)       1024M (100%)       1024M (100%)       1024M (100%)   
[2018-12-17T14:15:21.609+0800][59461][gc,heap     ] GC(53)   Reserve:       42M (4%)           42M (4%)           42M (4%)           42M (4%)           42M (4%)           42M (4%)     
[2018-12-17T14:15:21.609+0800][59461][gc,heap     ] GC(53)      Free:        6M (1%)            6M (1%)          266M (26%)         170M (17%)         266M (26%)           6M (1%)     
[2018-12-17T14:15:21.609+0800][59461][gc,heap     ] GC(53)      Used:      976M (95%)         976M (95%)         716M (70%)         812M (79%)         976M (95%)         716M (70%)    
[2018-12-17T14:15:21.609+0800][59461][gc,heap     ] GC(53)      Live:         -               597M (58%)         597M (58%)         597M (58%)            -                  -          
[2018-12-17T14:15:21.609+0800][59461][gc,heap     ] GC(53) Allocated:         -                 0M (0%)           10M (1%)          398M (39%)            -                  -          
[2018-12-17T14:15:21.609+0800][59461][gc,heap     ] GC(53)   Garbage:         -               378M (37%)         108M (11%)         172M (17%)            -                  -          
[2018-12-17T14:15:21.609+0800][59461][gc,heap     ] GC(53) Reclaimed:         -                  -               270M (26%)         206M (20%)            -                  -          
[2018-12-17T14:15:21.609+0800][59461][gc          ] GC(53) Garbage Collection (Allocation Stall) 976M(95%)->812M(79%)
[2018-12-17T14:15:21.609+0800][59454][gc,heap     ] Page Cache Flushed: 4M requested, 32M(164M->132M) flushed
[2018-12-17T14:15:21.617+0800][59454][gc,heap     ] Page Cache Flushed: 2M requested, 32M(132M->100M) flushed
[2018-12-17T14:15:21.628+0800][59454][gc,heap     ] Page Cache Flushed: 10M requested, 32M(100M->68M) flushed
[2018-12-17T14:15:21.635+0800][59454][gc,heap     ] Page Cache Flushed: 8M requested, 32M(68M->36M) flushed
[2018-12-17T14:15:21.643+0800][59454][gc,heap     ] Page Cache Flushed: 6M requested, 32M(36M->4M) flushed
[2018-12-17T14:15:21.651+0800][59454][gc,heap     ] Page Cache Flushed: 4M requested, 4M(4M->0M) flushed
[2018-12-17T14:15:21.653+0800][59461][gc,start    ] GC(54) Garbage Collection (Allocation Stall)
[2018-12-17T14:15:21.653+0800][59468][gc,ref      ] GC(54) Clearing All Soft References
[2018-12-17T14:15:21.654+0800][59468][gc,phases   ] GC(54) Pause Mark Start 0.097ms
[2018-12-17T14:15:21.875+0800][59461][gc,phases   ] GC(54) Concurrent Mark 221.266ms
[2018-12-17T14:15:21.875+0800][59468][gc,phases   ] GC(54) Pause Mark End 0.093ms
[2018-12-17T14:15:21.875+0800][59461][gc,phases   ] GC(54) Concurrent Process Non-Strong References 0.121ms
[2018-12-17T14:15:21.875+0800][59461][gc,phases   ] GC(54) Concurrent Reset Relocation Set 0.006ms
[2018-12-17T14:15:21.875+0800][59461][gc,phases   ] GC(54) Concurrent Destroy Detached Pages 0.015ms
[2018-12-17T14:15:21.877+0800][59461][gc,phases   ] GC(54) Concurrent Select Relocation Set 2.093ms
[2018-12-17T14:15:21.877+0800][59454][gc          ] Allocation Stall (main) 224.046ms
[2018-12-17T14:15:21.878+0800][59461][gc,phases   ] GC(54) Concurrent Prepare Relocation Set 0.259ms
[2018-12-17T14:15:21.880+0800][59468][gc,phases   ] GC(54) Pause Relocate Start 0.074ms
[2018-12-17T14:15:21.882+0800][59461][gc,phases   ] GC(54) Concurrent Relocate 2.142ms
[2018-12-17T14:15:21.882+0800][59461][gc,load     ] GC(54) Load: 1.19/0.89/0.93
[2018-12-17T14:15:21.882+0800][59461][gc,mmu      ] GC(54) MMU: 2ms/6.8%, 5ms/60.6%, 10ms/80.3%, 20ms/90.2%, 50ms/96.1%, 100ms/97.9%
[2018-12-17T14:15:21.882+0800][59461][gc,marking  ] GC(54) Mark: 4 stripe(s), 10 proactive flush(es), 1 terminate flush(es), 0 completion(s), 0 continuation(s) 
[2018-12-17T14:15:21.882+0800][59461][gc,reloc    ] GC(54) Relocation: Successful, 30M relocated
[2018-12-17T14:15:21.882+0800][59461][gc,nmethod  ] GC(54) NMethods: 39 registered, 0 unregistered
[2018-12-17T14:15:21.882+0800][59461][gc,metaspace] GC(54) Metaspace: 4M used, 4M capacity, 5M committed, 8M reserved
[2018-12-17T14:15:21.882+0800][59461][gc,ref      ] GC(54) Soft: 88 encountered, 21 discovered, 0 enqueued
[2018-12-17T14:15:21.882+0800][59461][gc,ref      ] GC(54) Weak: 168 encountered, 92 discovered, 0 enqueued
[2018-12-17T14:15:21.882+0800][59461][gc,ref      ] GC(54) Final: 0 encountered, 0 discovered, 0 enqueued
[2018-12-17T14:15:21.882+0800][59461][gc,ref      ] GC(54) Phantom: 1 encountered, 1 discovered, 0 enqueued
[2018-12-17T14:15:21.882+0800][59461][gc,heap     ] GC(54)                Mark Start          Mark End        Relocate Start      Relocate End           High               Low         
[2018-12-17T14:15:21.882+0800][59461][gc,heap     ] GC(54)  Capacity:     1024M (100%)       1024M (100%)       1024M (100%)       1024M (100%)       1024M (100%)       1024M (100%)   
[2018-12-17T14:15:21.882+0800][59461][gc,heap     ] GC(54)   Reserve:       42M (4%)           42M (4%)           42M (4%)           42M (4%)           42M (4%)           42M (4%)     
[2018-12-17T14:15:21.882+0800][59461][gc,heap     ] GC(54)      Free:        0M (0%)            0M (0%)          330M (32%)         300M (29%)         330M (32%)           0M (0%)     
[2018-12-17T14:15:21.882+0800][59461][gc,heap     ] GC(54)      Used:      982M (96%)         982M (96%)         652M (64%)         682M (67%)         982M (96%)         652M (64%)    
[2018-12-17T14:15:21.882+0800][59461][gc,heap     ] GC(54)      Live:         -               597M (58%)         597M (58%)         597M (58%)            -                  -          
[2018-12-17T14:15:21.882+0800][59461][gc,heap     ] GC(54) Allocated:         -                 0M (0%)           10M (1%)           44M (4%)             -                  -          
[2018-12-17T14:15:21.882+0800][59461][gc,heap     ] GC(54)   Garbage:         -               384M (38%)          44M (4%)           44M (4%)             -                  -          
[2018-12-17T14:15:21.882+0800][59461][gc,heap     ] GC(54) Reclaimed:         -                  -               340M (33%)         340M (33%)            -                  -          
[2018-12-17T14:15:21.882+0800][59461][gc          ] GC(54) Garbage Collection (Allocation Stall) 982M(96%)->682M(67%)
[2018-12-17T14:15:21.911+0800][59461][gc,start    ] GC(55) Garbage Collection (Allocation Stall)
[2018-12-17T14:15:21.911+0800][59468][gc,ref      ] GC(55) Clearing All Soft References
[2018-12-17T14:15:21.911+0800][59468][gc,phases   ] GC(55) Pause Mark Start 0.083ms
[2018-12-17T14:15:22.140+0800][59461][gc,phases   ] GC(55) Concurrent Mark 228.264ms
[2018-12-17T14:15:22.140+0800][59468][gc,phases   ] GC(55) Pause Mark End 0.114ms
[2018-12-17T14:15:22.140+0800][59461][gc,phases   ] GC(55) Concurrent Process Non-Strong References 0.078ms
[2018-12-17T14:15:22.140+0800][59461][gc,phases   ] GC(55) Concurrent Reset Relocation Set 0.003ms
[2018-12-17T14:15:22.140+0800][59461][gc,phases   ] GC(55) Concurrent Destroy Detached Pages 0.001ms
[2018-12-17T14:15:22.141+0800][59461][gc,phases   ] GC(55) Concurrent Select Relocation Set 1.321ms
[2018-12-17T14:15:22.141+0800][59454][gc          ] Allocation Stall (main) 230.301ms
[2018-12-17T14:15:22.141+0800][59461][gc,phases   ] GC(55) Concurrent Prepare Relocation Set 0.120ms
[2018-12-17T14:15:22.144+0800][59468][gc,phases   ] GC(55) Pause Relocate Start 0.091ms
[2018-12-17T14:15:22.148+0800][59461][gc,phases   ] GC(55) Concurrent Relocate 3.248ms
[2018-12-17T14:15:22.148+0800][59461][gc,load     ] GC(55) Load: 1.19/0.89/0.93
[2018-12-17T14:15:22.148+0800][59461][gc,mmu      ] GC(55) MMU: 2ms/6.8%, 5ms/60.6%, 10ms/80.3%, 20ms/90.2%, 50ms/96.1%, 100ms/97.9%
[2018-12-17T14:15:22.148+0800][59461][gc,marking  ] GC(55) Mark: 4 stripe(s), 10 proactive flush(es), 1 terminate flush(es), 0 completion(s), 0 continuation(s) 
[2018-12-17T14:15:22.148+0800][59461][gc,reloc    ] GC(55) Relocation: Successful, 30M relocated
[2018-12-17T14:15:22.148+0800][59461][gc,nmethod  ] GC(55) NMethods: 39 registered, 0 unregistered
[2018-12-17T14:15:22.148+0800][59461][gc,metaspace] GC(55) Metaspace: 4M used, 4M capacity, 5M committed, 8M reserved
[2018-12-17T14:15:22.148+0800][59461][gc,ref      ] GC(55) Soft: 88 encountered, 11 discovered, 0 enqueued
[2018-12-17T14:15:22.148+0800][59461][gc,ref      ] GC(55) Weak: 168 encountered, 16 discovered, 0 enqueued
[2018-12-17T14:15:22.148+0800][59461][gc,ref      ] GC(55) Final: 0 encountered, 0 discovered, 0 enqueued
[2018-12-17T14:15:22.148+0800][59461][gc,ref      ] GC(55) Phantom: 1 encountered, 1 discovered, 0 enqueued
[2018-12-17T14:15:22.148+0800][59461][gc,heap     ] GC(55)                Mark Start          Mark End        Relocate Start      Relocate End           High               Low         
[2018-12-17T14:15:22.148+0800][59461][gc,heap     ] GC(55)  Capacity:     1024M (100%)       1024M (100%)       1024M (100%)       1024M (100%)       1024M (100%)       1024M (100%)   
[2018-12-17T14:15:22.148+0800][59461][gc,heap     ] GC(55)   Reserve:       42M (4%)           42M (4%)           42M (4%)           42M (4%)           42M (4%)           42M (4%)     
[2018-12-17T14:15:22.148+0800][59461][gc,heap     ] GC(55)      Free:        0M (0%)            0M (0%)          330M (32%)         310M (30%)         330M (32%)           0M (0%)     
[2018-12-17T14:15:22.148+0800][59461][gc,heap     ] GC(55)      Used:      982M (96%)         982M (96%)         652M (64%)         672M (66%)         982M (96%)         652M (64%)    
[2018-12-17T14:15:22.148+0800][59461][gc,heap     ] GC(55)      Live:         -               597M (58%)         597M (58%)         597M (58%)            -                  -          
[2018-12-17T14:15:22.148+0800][59461][gc,heap     ] GC(55) Allocated:         -                 0M (0%)           10M (1%)           34M (3%)             -                  -          
[2018-12-17T14:15:22.148+0800][59461][gc,heap     ] GC(55)   Garbage:         -               384M (38%)          44M (4%)           44M (4%)             -                  -          
[2018-12-17T14:15:22.148+0800][59461][gc,heap     ] GC(55) Reclaimed:         -                  -               340M (33%)         340M (33%)            -                  -          
[2018-12-17T14:15:22.148+0800][59461][gc          ] GC(55) Garbage Collection (Allocation Stall) 982M(96%)->672M(66%)
[2018-12-17T14:15:22.167+0800][59461][gc,start    ] GC(56) Garbage Collection (Allocation Rate)
[2018-12-17T14:15:22.167+0800][59468][gc,phases   ] GC(56) Pause Mark Start 0.119ms
[2018-12-17T14:15:22.277+0800][59454][gc,heap     ] Page Cache Flushed: 2M requested, 10M(180M->170M) flushed
[2018-12-17T14:15:22.281+0800][59454][gc,heap     ] Page Cache Flushed: 2M requested, 10M(170M->160M) flushed
[2018-12-17T14:15:22.281+0800][59454][gc,heap     ] Page Cache Flushed: 24M requested, 30M(160M->130M) flushed
[2018-12-17T14:15:22.294+0800][59454][gc,heap     ] Page Cache Flushed: 26M requested, 30M(130M->100M) flushed
[2018-12-17T14:15:22.516+0800][59461][gc,phases   ] GC(56) Concurrent Mark 348.233ms
[2018-12-17T14:15:22.516+0800][59468][gc,phases   ] GC(56) Pause Mark End 0.072ms
[2018-12-17T14:15:22.516+0800][59461][gc,phases   ] GC(56) Concurrent Process Non-Strong References 0.126ms
[2018-12-17T14:15:22.516+0800][59461][gc,phases   ] GC(56) Concurrent Reset Relocation Set 0.004ms
[2018-12-17T14:15:22.516+0800][59461][gc,phases   ] GC(56) Concurrent Destroy Detached Pages 0.009ms
[2018-12-17T14:15:22.518+0800][59461][gc,phases   ] GC(56) Concurrent Select Relocation Set 1.485ms
[2018-12-17T14:15:22.518+0800][59454][gc          ] Allocation Stall (main) 180.099ms
[2018-12-17T14:15:22.518+0800][59461][gc,phases   ] GC(56) Concurrent Prepare Relocation Set 0.207ms
[2018-12-17T14:15:22.520+0800][59468][gc,phases   ] GC(56) Pause Relocate Start 0.076ms
[2018-12-17T14:15:22.526+0800][59461][gc,phases   ] GC(56) Concurrent Relocate 5.816ms
[2018-12-17T14:15:22.526+0800][59461][gc,load     ] GC(56) Load: 1.19/0.89/0.93
[2018-12-17T14:15:22.526+0800][59461][gc,mmu      ] GC(56) MMU: 2ms/6.8%, 5ms/60.6%, 10ms/80.3%, 20ms/90.2%, 50ms/96.1%, 100ms/97.9%
[2018-12-17T14:15:22.526+0800][59461][gc,marking  ] GC(56) Mark: 1 stripe(s), 1 proactive flush(es), 1 terminate flush(es), 0 completion(s), 0 continuation(s) 
[2018-12-17T14:15:22.526+0800][59461][gc,reloc    ] GC(56) Relocation: Successful, 30M relocated
[2018-12-17T14:15:22.526+0800][59461][gc,nmethod  ] GC(56) NMethods: 39 registered, 0 unregistered
[2018-12-17T14:15:22.526+0800][59461][gc,metaspace] GC(56) Metaspace: 4M used, 4M capacity, 5M committed, 8M reserved
[2018-12-17T14:15:22.526+0800][59461][gc,ref      ] GC(56) Soft: 88 encountered, 0 discovered, 0 enqueued
[2018-12-17T14:15:22.526+0800][59461][gc,ref      ] GC(56) Weak: 168 encountered, 108 discovered, 0 enqueued
[2018-12-17T14:15:22.526+0800][59461][gc,ref      ] GC(56) Final: 0 encountered, 0 discovered, 0 enqueued
[2018-12-17T14:15:22.526+0800][59461][gc,ref      ] GC(56) Phantom: 1 encountered, 1 discovered, 0 enqueued
[2018-12-17T14:15:22.526+0800][59461][gc,heap     ] GC(56)                Mark Start          Mark End        Relocate Start      Relocate End           High               Low         
[2018-12-17T14:15:22.526+0800][59461][gc,heap     ] GC(56)  Capacity:     1024M (100%)       1024M (100%)       1024M (100%)       1024M (100%)       1024M (100%)       1024M (100%)   
[2018-12-17T14:15:22.526+0800][59461][gc,heap     ] GC(56)   Reserve:       42M (4%)           42M (4%)           42M (4%)           42M (4%)           42M (4%)           42M (4%)     
[2018-12-17T14:15:22.526+0800][59461][gc,heap     ] GC(56)      Free:      210M (21%)           4M (0%)          124M (12%)          86M (8%)          210M (21%)           4M (0%)     
[2018-12-17T14:15:22.526+0800][59461][gc,heap     ] GC(56)      Used:      772M (75%)         978M (96%)         858M (84%)         896M (88%)         978M (96%)         772M (75%)    
[2018-12-17T14:15:22.526+0800][59461][gc,heap     ] GC(56)      Live:         -               597M (58%)         597M (58%)         597M (58%)            -                  -          
[2018-12-17T14:15:22.526+0800][59461][gc,heap     ] GC(56) Allocated:         -               206M (20%)         216M (21%)         258M (25%)            -                  -          
[2018-12-17T14:15:22.526+0800][59461][gc,heap     ] GC(56)   Garbage:         -               174M (17%)          44M (4%)           42M (4%)             -                  -          
[2018-12-17T14:15:22.527+0800][59461][gc,heap     ] GC(56) Reclaimed:         -                  -               130M (13%)         132M (13%)            -                  -          
[2018-12-17T14:15:22.527+0800][59461][gc          ] GC(56) Garbage Collection (Allocation Rate) 772M(75%)->896M(88%)
[2018-12-17T14:15:22.534+0800][59461][gc,start    ] GC(57) Garbage Collection (Allocation Stall)
[2018-12-17T14:15:22.534+0800][59468][gc,ref      ] GC(57) Clearing All Soft References
[2018-12-17T14:15:22.534+0800][59468][gc,phases   ] GC(57) Pause Mark Start 0.142ms
[2018-12-17T14:15:22.754+0800][59461][gc,phases   ] GC(57) Concurrent Mark 219.530ms
[2018-12-17T14:15:22.754+0800][59468][gc,phases   ] GC(57) Pause Mark End 0.083ms
[2018-12-17T14:15:22.754+0800][59461][gc,phases   ] GC(57) Concurrent Process Non-Strong References 0.091ms
[2018-12-17T14:15:22.754+0800][59461][gc,phases   ] GC(57) Concurrent Reset Relocation Set 0.003ms
[2018-12-17T14:15:22.754+0800][59461][gc,phases   ] GC(57) Concurrent Destroy Detached Pages 0.000ms
[2018-12-17T14:15:22.756+0800][59454][gc          ] Allocation Stall (main) 221.501ms
[2018-12-17T14:15:22.756+0800][59461][gc,phases   ] GC(57) Concurrent Select Relocation Set 1.233ms
[2018-12-17T14:15:22.756+0800][59461][gc,phases   ] GC(57) Concurrent Prepare Relocation Set 0.001ms
[2018-12-17T14:15:22.757+0800][59468][gc,phases   ] GC(57) Pause Relocate Start 0.064ms
[2018-12-17T14:15:22.757+0800][59459][gc,heap     ] GC(57) Page Cache Flushed: 20M requested, 20M(244M->224M) flushed
[2018-12-17T14:15:22.766+0800][59461][gc,phases   ] GC(57) Concurrent Relocate 8.842ms
[2018-12-17T14:15:22.766+0800][59461][gc,load     ] GC(57) Load: 1.19/0.89/0.93
[2018-12-17T14:15:22.766+0800][59461][gc,mmu      ] GC(57) MMU: 2ms/6.8%, 5ms/60.6%, 10ms/80.3%, 20ms/90.2%, 50ms/96.1%, 100ms/97.9%
[2018-12-17T14:15:22.766+0800][59461][gc,marking  ] GC(57) Mark: 4 stripe(s), 10 proactive flush(es), 1 terminate flush(es), 0 completion(s), 0 continuation(s) 
[2018-12-17T14:15:22.766+0800][59461][gc,reloc    ] GC(57) Relocation: Successful, 53M relocated
[2018-12-17T14:15:22.766+0800][59461][gc,nmethod  ] GC(57) NMethods: 39 registered, 0 unregistered
[2018-12-17T14:15:22.766+0800][59461][gc,metaspace] GC(57) Metaspace: 4M used, 4M capacity, 5M committed, 8M reserved
[2018-12-17T14:15:22.766+0800][59461][gc,ref      ] GC(57) Soft: 88 encountered, 11 discovered, 0 enqueued
[2018-12-17T14:15:22.766+0800][59461][gc,ref      ] GC(57) Weak: 168 encountered, 50 discovered, 0 enqueued
[2018-12-17T14:15:22.766+0800][59461][gc,ref      ] GC(57) Final: 0 encountered, 0 discovered, 0 enqueued
[2018-12-17T14:15:22.766+0800][59461][gc,ref      ] GC(57) Phantom: 1 encountered, 1 discovered, 0 enqueued
[2018-12-17T14:15:22.766+0800][59461][gc,heap     ] GC(57)                Mark Start          Mark End        Relocate Start      Relocate End           High               Low         
[2018-12-17T14:15:22.766+0800][59461][gc,heap     ] GC(57)  Capacity:     1024M (100%)       1024M (100%)       1024M (100%)       1024M (100%)       1024M (100%)       1024M (100%)   
[2018-12-17T14:15:22.766+0800][59461][gc,heap     ] GC(57)   Reserve:       42M (4%)           42M (4%)           42M (4%)           42M (4%)           42M (4%)           42M (4%)     
[2018-12-17T14:15:22.766+0800][59461][gc,heap     ] GC(57)      Free:        6M (1%)            6M (1%)          256M (25%)         188M (18%)         256M (25%)           6M (1%)     
[2018-12-17T14:15:22.766+0800][59461][gc,heap     ] GC(57)      Used:      976M (95%)         976M (95%)         726M (71%)         794M (78%)         976M (95%)         726M (71%)    
[2018-12-17T14:15:22.766+0800][59461][gc,heap     ] GC(57)      Live:         -               628M (61%)         628M (61%)         628M (61%)            -                  -          
[2018-12-17T14:15:22.766+0800][59461][gc,heap     ] GC(57) Allocated:         -                 0M (0%)           10M (1%)          174M (17%)            -                  -          
[2018-12-17T14:15:22.766+0800][59461][gc,heap     ] GC(57)   Garbage:         -               347M (34%)          87M (9%)           87M (9%)             -                  -          
[2018-12-17T14:15:22.766+0800][59461][gc,heap     ] GC(57) Reclaimed:         -                  -               260M (25%)         260M (25%)            -                  -          
[2018-12-17T14:15:22.766+0800][59461][gc          ] GC(57) Garbage Collection (Allocation Stall) 976M(95%)->794M(78%)
[2018-12-17T14:15:22.766+0800][59461][gc,start    ] GC(58) Garbage Collection (Allocation Rate)
[2018-12-17T14:15:22.767+0800][59468][gc,phases   ] GC(58) Pause Mark Start 0.070ms
[2018-12-17T14:15:22.779+0800][59454][gc,heap     ] Page Cache Flushed: 10M requested, 32M(100M->68M) flushed
[2018-12-17T14:15:22.781+0800][59454][gc,heap     ] Page Cache Flushed: 10M requested, 32M(68M->36M) flushed
[2018-12-17T14:15:22.785+0800][59454][gc,heap     ] Page Cache Flushed: 8M requested, 32M(36M->4M) flushed
[2018-12-17T14:15:23.128+0800][59461][gc,phases   ] GC(58) Concurrent Mark 361.298ms
[2018-12-17T14:15:23.128+0800][59468][gc,phases   ] GC(58) Pause Mark End 0.073ms
[2018-12-17T14:15:23.128+0800][59461][gc,phases   ] GC(58) Concurrent Process Non-Strong References 0.119ms
[2018-12-17T14:15:23.128+0800][59461][gc,phases   ] GC(58) Concurrent Reset Relocation Set 0.002ms
[2018-12-17T14:15:23.128+0800][59461][gc,phases   ] GC(58) Concurrent Destroy Detached Pages 0.008ms
[2018-12-17T14:15:23.130+0800][59461][gc,phases   ] GC(58) Concurrent Select Relocation Set 1.524ms
[2018-12-17T14:15:23.130+0800][59461][gc,phases   ] GC(58) Concurrent Prepare Relocation Set 0.000ms
[2018-12-17T14:15:23.130+0800][59454][gc          ] Allocation Stall (main) 337.203ms
[2018-12-17T14:15:23.131+0800][59468][gc,phases   ] GC(58) Pause Relocate Start 0.069ms
[2018-12-17T14:15:23.131+0800][59461][gc,phases   ] GC(58) Concurrent Relocate 0.006ms
[2018-12-17T14:15:23.131+0800][59461][gc,load     ] GC(58) Load: 1.19/0.89/0.93
[2018-12-17T14:15:23.131+0800][59461][gc,mmu      ] GC(58) MMU: 2ms/6.8%, 5ms/60.6%, 10ms/80.3%, 20ms/90.2%, 50ms/96.1%, 100ms/97.9%
[2018-12-17T14:15:23.131+0800][59461][gc,marking  ] GC(58) Mark: 1 stripe(s), 1 proactive flush(es), 1 terminate flush(es), 0 completion(s), 0 continuation(s) 
[2018-12-17T14:15:23.131+0800][59461][gc,reloc    ] GC(58) Relocation: Successful, 53M relocated
[2018-12-17T14:15:23.131+0800][59461][gc,nmethod  ] GC(58) NMethods: 39 registered, 0 unregistered
[2018-12-17T14:15:23.131+0800][59461][gc,metaspace] GC(58) Metaspace: 4M used, 4M capacity, 5M committed, 8M reserved
[2018-12-17T14:15:23.131+0800][59461][gc,ref      ] GC(58) Soft: 88 encountered, 0 discovered, 0 enqueued
[2018-12-17T14:15:23.131+0800][59461][gc,ref      ] GC(58) Weak: 168 encountered, 73 discovered, 0 enqueued
[2018-12-17T14:15:23.131+0800][59461][gc,ref      ] GC(58) Final: 0 encountered, 0 discovered, 0 enqueued
[2018-12-17T14:15:23.131+0800][59461][gc,ref      ] GC(58) Phantom: 1 encountered, 1 discovered, 0 enqueued
[2018-12-17T14:15:23.132+0800][59461][gc,heap     ] GC(58)                Mark Start          Mark End        Relocate Start      Relocate End           High               Low         
[2018-12-17T14:15:23.132+0800][59461][gc,heap     ] GC(58)  Capacity:     1024M (100%)       1024M (100%)       1024M (100%)       1024M (100%)       1024M (100%)       1024M (100%)   
[2018-12-17T14:15:23.132+0800][59461][gc,heap     ] GC(58)   Reserve:       42M (4%)           42M (4%)           42M (4%)           42M (4%)           42M (4%)           42M (4%)     
[2018-12-17T14:15:23.132+0800][59461][gc,heap     ] GC(58)      Free:      188M (18%)           8M (1%)          108M (11%)          98M (10%)         188M (18%)           8M (1%)     
[2018-12-17T14:15:23.132+0800][59461][gc,heap     ] GC(58)      Used:      794M (78%)         974M (95%)         874M (85%)         884M (86%)         974M (95%)         794M (78%)    
[2018-12-17T14:15:23.132+0800][59461][gc,heap     ] GC(58)      Live:         -               628M (61%)         628M (61%)         628M (61%)            -                  -          
[2018-12-17T14:15:23.132+0800][59461][gc,heap     ] GC(58) Allocated:         -               180M (18%)         190M (19%)         200M (20%)            -                  -          
[2018-12-17T14:15:23.132+0800][59461][gc,heap     ] GC(58)   Garbage:         -               165M (16%)          55M (5%)           55M (5%)             -                  -          
[2018-12-17T14:15:23.132+0800][59461][gc,heap     ] GC(58) Reclaimed:         -                  -               110M (11%)         110M (11%)            -                  -          
[2018-12-17T14:15:23.132+0800][59461][gc          ] GC(58) Garbage Collection (Allocation Rate) 794M(78%)->884M(86%)
[2018-12-17T14:15:23.143+0800][59461][gc,start    ] GC(59) Garbage Collection (Allocation Stall)
[2018-12-17T14:15:23.143+0800][59468][gc,ref      ] GC(59) Clearing All Soft References
[2018-12-17T14:15:23.143+0800][59468][gc,phases   ] GC(59) Pause Mark Start 0.096ms
[2018-12-17T14:15:23.364+0800][59461][gc,phases   ] GC(59) Concurrent Mark 220.553ms
[2018-12-17T14:15:23.364+0800][59468][gc,phases   ] GC(59) Pause Mark End 0.087ms
[2018-12-17T14:15:23.364+0800][59461][gc,phases   ] GC(59) Concurrent Process Non-Strong References 0.102ms
[2018-12-17T14:15:23.364+0800][59461][gc,phases   ] GC(59) Concurrent Reset Relocation Set 0.000ms
[2018-12-17T14:15:23.364+0800][59461][gc,phases   ] GC(59) Concurrent Destroy Detached Pages 0.001ms
[2018-12-17T14:15:23.365+0800][59461][gc,phases   ] GC(59) Concurrent Select Relocation Set 1.364ms
[2018-12-17T14:15:23.365+0800][59454][gc          ] Allocation Stall (main) 222.625ms
[2018-12-17T14:15:23.365+0800][59461][gc,phases   ] GC(59) Concurrent Prepare Relocation Set 0.000ms
[2018-12-17T14:15:23.366+0800][59468][gc,phases   ] GC(59) Pause Relocate Start 0.058ms
[2018-12-17T14:15:23.366+0800][59461][gc,phases   ] GC(59) Concurrent Relocate 0.016ms
[2018-12-17T14:15:23.367+0800][59461][gc,load     ] GC(59) Load: 1.19/0.89/0.93
[2018-12-17T14:15:23.367+0800][59461][gc,mmu      ] GC(59) MMU: 2ms/6.8%, 5ms/60.6%, 10ms/80.3%, 20ms/90.2%, 50ms/96.1%, 100ms/97.9%
[2018-12-17T14:15:23.367+0800][59461][gc,marking  ] GC(59) Mark: 4 stripe(s), 10 proactive flush(es), 1 terminate flush(es), 0 completion(s), 0 continuation(s) 
[2018-12-17T14:15:23.367+0800][59461][gc,reloc    ] GC(59) Relocation: Successful, 53M relocated
[2018-12-17T14:15:23.367+0800][59461][gc,nmethod  ] GC(59) NMethods: 39 registered, 0 unregistered
[2018-12-17T14:15:23.367+0800][59461][gc,metaspace] GC(59) Metaspace: 4M used, 4M capacity, 5M committed, 8M reserved
[2018-12-17T14:15:23.367+0800][59461][gc,ref      ] GC(59) Soft: 88 encountered, 40 discovered, 0 enqueued
[2018-12-17T14:15:23.367+0800][59461][gc,ref      ] GC(59) Weak: 168 encountered, 75 discovered, 0 enqueued
[2018-12-17T14:15:23.367+0800][59461][gc,ref      ] GC(59) Final: 0 encountered, 0 discovered, 0 enqueued
[2018-12-17T14:15:23.367+0800][59461][gc,ref      ] GC(59) Phantom: 1 encountered, 1 discovered, 0 enqueued
[2018-12-17T14:15:23.367+0800][59461][gc,heap     ] GC(59)                Mark Start          Mark End        Relocate Start      Relocate End           High               Low         
[2018-12-17T14:15:23.367+0800][59461][gc,heap     ] GC(59)  Capacity:     1024M (100%)       1024M (100%)       1024M (100%)       1024M (100%)       1024M (100%)       1024M (100%)   
[2018-12-17T14:15:23.367+0800][59461][gc,heap     ] GC(59)   Reserve:       42M (4%)           42M (4%)           42M (4%)           42M (4%)           42M (4%)           42M (4%)     
[2018-12-17T14:15:23.367+0800][59461][gc,heap     ] GC(59)      Free:        8M (1%)            8M (1%)          288M (28%)         278M (27%)         288M (28%)           8M (1%)     
[2018-12-17T14:15:23.367+0800][59461][gc,heap     ] GC(59)      Used:      974M (95%)         974M (95%)         694M (68%)         704M (69%)         974M (95%)         694M (68%)    
[2018-12-17T14:15:23.367+0800][59461][gc,heap     ] GC(59)      Live:         -               628M (61%)         628M (61%)         628M (61%)            -                  -          
[2018-12-17T14:15:23.367+0800][59461][gc,heap     ] GC(59) Allocated:         -                 0M (0%)           10M (1%)           20M (2%)             -                  -          
[2018-12-17T14:15:23.367+0800][59461][gc,heap     ] GC(59)   Garbage:         -               345M (34%)          55M (5%)           55M (5%)             -                  -          
[2018-12-17T14:15:23.367+0800][59461][gc,heap     ] GC(59) Reclaimed:         -                  -               290M (28%)         290M (28%)            -                  -          
[2018-12-17T14:15:23.367+0800][59461][gc          ] GC(59) Garbage Collection (Allocation Stall) 974M(95%)->704M(69%)
[2018-12-17T14:15:23.400+0800][59461][gc,start    ] GC(60) Garbage Collection (Allocation Stall)
[2018-12-17T14:15:23.400+0800][59468][gc,ref      ] GC(60) Clearing All Soft References
[2018-12-17T14:15:23.400+0800][59468][gc,phases   ] GC(60) Pause Mark Start 0.119ms
[2018-12-17T14:15:23.632+0800][59461][gc,phases   ] GC(60) Concurrent Mark 231.633ms
[2018-12-17T14:15:23.632+0800][59468][gc,phases   ] GC(60) Pause Mark End 0.071ms
[2018-12-17T14:15:23.632+0800][59461][gc,phases   ] GC(60) Concurrent Process Non-Strong References 0.100ms
[2018-12-17T14:15:23.632+0800][59461][gc,phases   ] GC(60) Concurrent Reset Relocation Set 0.000ms
[2018-12-17T14:15:23.632+0800][59461][gc,phases   ] GC(60) Concurrent Destroy Detached Pages 0.001ms
[2018-12-17T14:15:23.633+0800][59461][gc,phases   ] GC(60) Concurrent Select Relocation Set 1.267ms
[2018-12-17T14:15:23.633+0800][59461][gc,phases   ] GC(60) Concurrent Prepare Relocation Set 0.000ms
[2018-12-17T14:15:23.633+0800][59454][gc          ] Allocation Stall (main) 233.570ms
[2018-12-17T14:15:23.634+0800][59468][gc,phases   ] GC(60) Pause Relocate Start 0.064ms
[2018-12-17T14:15:23.635+0800][59461][gc,phases   ] GC(60) Concurrent Relocate 0.017ms
[2018-12-17T14:15:23.635+0800][59461][gc,load     ] GC(60) Load: 1.19/0.89/0.93
[2018-12-17T14:15:23.635+0800][59461][gc,mmu      ] GC(60) MMU: 2ms/6.8%, 5ms/60.6%, 10ms/80.3%, 20ms/90.2%, 50ms/96.1%, 100ms/97.9%
[2018-12-17T14:15:23.635+0800][59461][gc,marking  ] GC(60) Mark: 4 stripe(s), 10 proactive flush(es), 1 terminate flush(es), 0 completion(s), 0 continuation(s) 
[2018-12-17T14:15:23.635+0800][59461][gc,reloc    ] GC(60) Relocation: Successful, 53M relocated
[2018-12-17T14:15:23.635+0800][59461][gc,nmethod  ] GC(60) NMethods: 39 registered, 0 unregistered
[2018-12-17T14:15:23.635+0800][59461][gc,metaspace] GC(60) Metaspace: 4M used, 4M capacity, 5M committed, 8M reserved
[2018-12-17T14:15:23.635+0800][59461][gc,ref      ] GC(60) Soft: 88 encountered, 23 discovered, 0 enqueued
[2018-12-17T14:15:23.635+0800][59461][gc,ref      ] GC(60) Weak: 168 encountered, 19 discovered, 0 enqueued
[2018-12-17T14:15:23.635+0800][59461][gc,ref      ] GC(60) Final: 0 encountered, 0 discovered, 0 enqueued
[2018-12-17T14:15:23.635+0800][59461][gc,ref      ] GC(60) Phantom: 1 encountered, 1 discovered, 0 enqueued
[2018-12-17T14:15:23.635+0800][59461][gc,heap     ] GC(60)                Mark Start          Mark End        Relocate Start      Relocate End           High               Low         
[2018-12-17T14:15:23.635+0800][59461][gc,heap     ] GC(60)  Capacity:     1024M (100%)       1024M (100%)       1024M (100%)       1024M (100%)       1024M (100%)       1024M (100%)   
[2018-12-17T14:15:23.635+0800][59461][gc,heap     ] GC(60)   Reserve:       42M (4%)           42M (4%)           42M (4%)           42M (4%)           42M (4%)           42M (4%)     
[2018-12-17T14:15:23.635+0800][59461][gc,heap     ] GC(60)      Free:        8M (1%)            8M (1%)          288M (28%)         278M (27%)         288M (28%)           8M (1%)     
[2018-12-17T14:15:23.635+0800][59461][gc,heap     ] GC(60)      Used:      974M (95%)         974M (95%)         694M (68%)         704M (69%)         974M (95%)         694M (68%)    
[2018-12-17T14:15:23.635+0800][59461][gc,heap     ] GC(60)      Live:         -               628M (61%)         628M (61%)         628M (61%)            -                  -          
[2018-12-17T14:15:23.635+0800][59461][gc,heap     ] GC(60) Allocated:         -                 0M (0%)           10M (1%)           20M (2%)             -                  -          
[2018-12-17T14:15:23.635+0800][59461][gc,heap     ] GC(60)   Garbage:         -               345M (34%)          55M (5%)           55M (5%)             -                  -          
[2018-12-17T14:15:23.635+0800][59461][gc,heap     ] GC(60) Reclaimed:         -                  -               290M (28%)         290M (28%)            -                  -          
[2018-12-17T14:15:23.635+0800][59461][gc          ] GC(60) Garbage Collection (Allocation Stall) 974M(95%)->704M(69%)
[2018-12-17T14:15:23.667+0800][59461][gc,start    ] GC(61) Garbage Collection (Allocation Rate)
[2018-12-17T14:15:23.667+0800][59468][gc,phases   ] GC(61) Pause Mark Start 0.071ms
[2018-12-17T14:15:23.746+0800][59454][gc,heap     ] Page Cache Flushed: 2M requested, 10M(210M->200M) flushed
[2018-12-17T14:15:23.747+0800][59454][gc,heap     ] Page Cache Flushed: 26M requested, 30M(200M->170M) flushed
[2018-12-17T14:15:23.757+0800][59454][gc,heap     ] Page Cache Flushed: 28M requested, 30M(170M->140M) flushed
[2018-12-17T14:15:24.029+0800][59461][gc,phases   ] GC(61) Concurrent Mark 361.589ms
[2018-12-17T14:15:24.029+0800][59468][gc,phases   ] GC(61) Pause Mark End 0.081ms
[2018-12-17T14:15:24.029+0800][59461][gc,phases   ] GC(61) Concurrent Process Non-Strong References 0.122ms
[2018-12-17T14:15:24.029+0800][59461][gc,phases   ] GC(61) Concurrent Reset Relocation Set 0.001ms
[2018-12-17T14:15:24.029+0800][59461][gc,phases   ] GC(61) Concurrent Destroy Detached Pages 0.007ms
[2018-12-17T14:15:24.030+0800][59461][gc,phases   ] GC(61) Concurrent Select Relocation Set 1.289ms
[2018-12-17T14:15:24.030+0800][59454][gc          ] Allocation Stall (main) 241.510ms
[2018-12-17T14:15:24.030+0800][59461][gc,phases   ] GC(61) Concurrent Prepare Relocation Set 0.000ms
[2018-12-17T14:15:24.031+0800][59468][gc,phases   ] GC(61) Pause Relocate Start 0.046ms
[2018-12-17T14:15:24.031+0800][59461][gc,phases   ] GC(61) Concurrent Relocate 0.023ms
[2018-12-17T14:15:24.031+0800][59461][gc,load     ] GC(61) Load: 1.19/0.89/0.93
[2018-12-17T14:15:24.031+0800][59461][gc,mmu      ] GC(61) MMU: 2ms/6.8%, 5ms/60.6%, 10ms/80.3%, 20ms/90.2%, 50ms/96.1%, 100ms/97.9%
[2018-12-17T14:15:24.031+0800][59461][gc,marking  ] GC(61) Mark: 1 stripe(s), 1 proactive flush(es), 1 terminate flush(es), 0 completion(s), 0 continuation(s) 
[2018-12-17T14:15:24.031+0800][59461][gc,reloc    ] GC(61) Relocation: Successful, 53M relocated
[2018-12-17T14:15:24.031+0800][59461][gc,nmethod  ] GC(61) NMethods: 39 registered, 0 unregistered
[2018-12-17T14:15:24.031+0800][59461][gc,metaspace] GC(61) Metaspace: 4M used, 4M capacity, 5M committed, 8M reserved
[2018-12-17T14:15:24.031+0800][59461][gc,ref      ] GC(61) Soft: 88 encountered, 0 discovered, 0 enqueued
[2018-12-17T14:15:24.031+0800][59461][gc,ref      ] GC(61) Weak: 168 encountered, 108 discovered, 0 enqueued
[2018-12-17T14:15:24.031+0800][59461][gc,ref      ] GC(61) Final: 0 encountered, 0 discovered, 0 enqueued
[2018-12-17T14:15:24.031+0800][59461][gc,ref      ] GC(61) Phantom: 1 encountered, 1 discovered, 0 enqueued
[2018-12-17T14:15:24.031+0800][59461][gc,heap     ] GC(61)                Mark Start          Mark End        Relocate Start      Relocate End           High               Low         
[2018-12-17T14:15:24.031+0800][59461][gc,heap     ] GC(61)  Capacity:     1024M (100%)       1024M (100%)       1024M (100%)       1024M (100%)       1024M (100%)       1024M (100%)   
[2018-12-17T14:15:24.031+0800][59461][gc,heap     ] GC(61)   Reserve:       42M (4%)           42M (4%)           42M (4%)           42M (4%)           42M (4%)           42M (4%)     
[2018-12-17T14:15:24.032+0800][59461][gc,heap     ] GC(61)      Free:      218M (21%)           2M (0%)           72M (7%)           62M (6%)          218M (21%)           2M (0%)     
[2018-12-17T14:15:24.032+0800][59461][gc,heap     ] GC(61)      Used:      764M (75%)         980M (96%)         910M (89%)         920M (90%)         980M (96%)         764M (75%)    
[2018-12-17T14:15:24.032+0800][59461][gc,heap     ] GC(61)      Live:         -               628M (61%)         628M (61%)         628M (61%)            -                  -          
[2018-12-17T14:15:24.032+0800][59461][gc,heap     ] GC(61) Allocated:         -               216M (21%)         226M (22%)         236M (23%)            -                  -          
[2018-12-17T14:15:24.032+0800][59461][gc,heap     ] GC(61)   Garbage:         -               135M (13%)          55M (5%)           55M (5%)             -                  -          
[2018-12-17T14:15:24.032+0800][59461][gc,heap     ] GC(61) Reclaimed:         -                  -                80M (8%)           80M (8%)             -                  -          
[2018-12-17T14:15:24.032+0800][59461][gc          ] GC(61) Garbage Collection (Allocation Rate) 764M(75%)->920M(90%)
[2018-12-17T14:15:24.038+0800][59461][gc,start    ] GC(62) Garbage Collection (Allocation Stall)
[2018-12-17T14:15:24.038+0800][59468][gc,ref      ] GC(62) Clearing All Soft References
[2018-12-17T14:15:24.038+0800][59468][gc,phases   ] GC(62) Pause Mark Start 0.092ms
[2018-12-17T14:15:24.260+0800][59461][gc,phases   ] GC(62) Concurrent Mark 221.618ms
[2018-12-17T14:15:24.260+0800][59468][gc,phases   ] GC(62) Pause Mark End 0.071ms
[2018-12-17T14:15:24.260+0800][59461][gc,phases   ] GC(62) Concurrent Process Non-Strong References 0.084ms
[2018-12-17T14:15:24.260+0800][59461][gc,phases   ] GC(62) Concurrent Reset Relocation Set 0.000ms
[2018-12-17T14:15:24.260+0800][59461][gc,phases   ] GC(62) Concurrent Destroy Detached Pages 0.001ms
[2018-12-17T14:15:24.261+0800][59461][gc,phases   ] GC(62) Concurrent Select Relocation Set 1.262ms
[2018-12-17T14:15:24.261+0800][59454][gc          ] Allocation Stall (main) 223.467ms
[2018-12-17T14:15:24.262+0800][59461][gc,phases   ] GC(62) Concurrent Prepare Relocation Set 0.122ms
[2018-12-17T14:15:24.263+0800][59468][gc,phases   ] GC(62) Pause Relocate Start 0.056ms
[2018-12-17T14:15:24.263+0800][59457][gc,heap     ] GC(62) Page Cache Flushed: 22M requested, 30M(200M->170M) flushed
[2018-12-17T14:15:24.273+0800][59461][gc,phases   ] GC(62) Concurrent Relocate 10.355ms
[2018-12-17T14:15:24.273+0800][59461][gc,load     ] GC(62) Load: 1.19/0.89/0.93
[2018-12-17T14:15:24.273+0800][59461][gc,mmu      ] GC(62) MMU: 2ms/6.8%, 5ms/60.6%, 10ms/80.3%, 20ms/90.2%, 50ms/96.1%, 100ms/97.9%
[2018-12-17T14:15:24.273+0800][59461][gc,marking  ] GC(62) Mark: 4 stripe(s), 10 proactive flush(es), 1 terminate flush(es), 0 completion(s), 0 continuation(s) 
[2018-12-17T14:15:24.273+0800][59461][gc,reloc    ] GC(62) Relocation: Successful, 74M relocated
[2018-12-17T14:15:24.273+0800][59461][gc,nmethod  ] GC(62) NMethods: 39 registered, 0 unregistered
[2018-12-17T14:15:24.273+0800][59461][gc,metaspace] GC(62) Metaspace: 4M used, 4M capacity, 5M committed, 8M reserved
[2018-12-17T14:15:24.273+0800][59461][gc,ref      ] GC(62) Soft: 88 encountered, 22 discovered, 0 enqueued
[2018-12-17T14:15:24.273+0800][59461][gc,ref      ] GC(62) Weak: 168 encountered, 78 discovered, 0 enqueued
[2018-12-17T14:15:24.273+0800][59461][gc,ref      ] GC(62) Final: 0 encountered, 0 discovered, 0 enqueued
[2018-12-17T14:15:24.273+0800][59461][gc,ref      ] GC(62) Phantom: 1 encountered, 1 discovered, 0 enqueued
[2018-12-17T14:15:24.273+0800][59461][gc,heap     ] GC(62)                Mark Start          Mark End        Relocate Start      Relocate End           High               Low         
[2018-12-17T14:15:24.273+0800][59461][gc,heap     ] GC(62)  Capacity:     1024M (100%)       1024M (100%)       1024M (100%)       1024M (100%)       1024M (100%)       1024M (100%)   
[2018-12-17T14:15:24.273+0800][59461][gc,heap     ] GC(62)   Reserve:       42M (4%)           42M (4%)           42M (4%)           42M (4%)           42M (4%)           42M (4%)     
[2018-12-17T14:15:24.273+0800][59461][gc,heap     ] GC(62)      Free:        2M (0%)            2M (0%)          212M (21%)         144M (14%)         212M (21%)           2M (0%)     
[2018-12-17T14:15:24.273+0800][59461][gc,heap     ] GC(62)      Used:      980M (96%)         980M (96%)         770M (75%)         838M (82%)         980M (96%)         770M (75%)    
[2018-12-17T14:15:24.273+0800][59461][gc,heap     ] GC(62)      Live:         -               658M (64%)         658M (64%)         658M (64%)            -                  -          
[2018-12-17T14:15:24.273+0800][59461][gc,heap     ] GC(62) Allocated:         -                 0M (0%)           10M (1%)          178M (17%)            -                  -          
[2018-12-17T14:15:24.273+0800][59461][gc,heap     ] GC(62)   Garbage:         -               321M (31%)         101M (10%)         101M (10%)            -                  -          
[2018-12-17T14:15:24.273+0800][59461][gc,heap     ] GC(62) Reclaimed:         -                  -               220M (21%)         220M (21%)            -                  -          
[2018-12-17T14:15:24.273+0800][59461][gc          ] GC(62) Garbage Collection (Allocation Stall) 980M(96%)->838M(82%)
[2018-12-17T14:15:24.281+0800][59454][gc,heap     ] Page Cache Flushed: 10M requested, 32M(100M->68M) flushed
[2018-12-17T14:15:24.284+0800][59454][gc,heap     ] Page Cache Flushed: 10M requested, 32M(68M->36M) flushed
[2018-12-17T14:15:24.287+0800][59454][gc,heap     ] Page Cache Flushed: 2M requested, 32M(36M->4M) flushed
[2018-12-17T14:15:24.297+0800][59461][gc,start    ] GC(63) Garbage Collection (Allocation Stall)
[2018-12-17T14:15:24.297+0800][59468][gc,ref      ] GC(63) Clearing All Soft References
[2018-12-17T14:15:24.297+0800][59468][gc,phases   ] GC(63) Pause Mark Start 0.095ms
[2018-12-17T14:15:24.552+0800][59461][gc,phases   ] GC(63) Concurrent Mark 254.139ms
[2018-12-17T14:15:24.552+0800][59468][gc,phases   ] GC(63) Pause Mark End 0.076ms
[2018-12-17T14:15:24.552+0800][59461][gc,phases   ] GC(63) Concurrent Process Non-Strong References 0.073ms
[2018-12-17T14:15:24.552+0800][59461][gc,phases   ] GC(63) Concurrent Reset Relocation Set 0.003ms
[2018-12-17T14:15:24.552+0800][59461][gc,phases   ] GC(63) Concurrent Destroy Detached Pages 0.006ms
[2018-12-17T14:15:24.553+0800][59461][gc,phases   ] GC(63) Concurrent Select Relocation Set 1.321ms
[2018-12-17T14:15:24.553+0800][59454][gc          ] Allocation Stall (main) 256.071ms
[2018-12-17T14:15:24.553+0800][59461][gc,phases   ] GC(63) Concurrent Prepare Relocation Set 0.121ms
[2018-12-17T14:15:24.554+0800][59468][gc,phases   ] GC(63) Pause Relocate Start 0.055ms
[2018-12-17T14:15:24.556+0800][59461][gc,phases   ] GC(63) Concurrent Relocate 1.760ms
[2018-12-17T14:15:24.556+0800][59461][gc,load     ] GC(63) Load: 1.19/0.89/0.93
[2018-12-17T14:15:24.556+0800][59461][gc,mmu      ] GC(63) MMU: 2ms/6.8%, 5ms/60.6%, 10ms/80.3%, 20ms/90.2%, 50ms/96.1%, 100ms/97.9%
[2018-12-17T14:15:24.556+0800][59461][gc,marking  ] GC(63) Mark: 4 stripe(s), 10 proactive flush(es), 1 terminate flush(es), 0 completion(s), 0 continuation(s) 
[2018-12-17T14:15:24.556+0800][59461][gc,reloc    ] GC(63) Relocation: Successful, 74M relocated
[2018-12-17T14:15:24.556+0800][59461][gc,nmethod  ] GC(63) NMethods: 39 registered, 0 unregistered
[2018-12-17T14:15:24.556+0800][59461][gc,metaspace] GC(63) Metaspace: 4M used, 4M capacity, 5M committed, 8M reserved
[2018-12-17T14:15:24.556+0800][59461][gc,ref      ] GC(63) Soft: 88 encountered, 31 discovered, 0 enqueued
[2018-12-17T14:15:24.556+0800][59461][gc,ref      ] GC(63) Weak: 168 encountered, 10 discovered, 0 enqueued
[2018-12-17T14:15:24.556+0800][59461][gc,ref      ] GC(63) Final: 0 encountered, 0 discovered, 0 enqueued
[2018-12-17T14:15:24.556+0800][59461][gc,ref      ] GC(63) Phantom: 1 encountered, 1 discovered, 0 enqueued
[2018-12-17T14:15:24.556+0800][59461][gc,heap     ] GC(63)                Mark Start          Mark End        Relocate Start      Relocate End           High               Low         
[2018-12-17T14:15:24.556+0800][59461][gc,heap     ] GC(63)  Capacity:     1024M (100%)       1024M (100%)       1024M (100%)       1024M (100%)       1024M (100%)       1024M (100%)   
[2018-12-17T14:15:24.556+0800][59461][gc,heap     ] GC(63)   Reserve:       42M (4%)           42M (4%)           42M (4%)           42M (4%)           42M (4%)           42M (4%)     
[2018-12-17T14:15:24.556+0800][59461][gc,heap     ] GC(63)      Free:        4M (0%)            4M (0%)          244M (24%)         224M (22%)         244M (24%)           4M (0%)     
[2018-12-17T14:15:24.556+0800][59461][gc,heap     ] GC(63)      Used:      978M (96%)         978M (96%)         738M (72%)         758M (74%)         978M (96%)         738M (72%)    
[2018-12-17T14:15:24.556+0800][59461][gc,heap     ] GC(63)      Live:         -               658M (64%)         658M (64%)         658M (64%)            -                  -          
[2018-12-17T14:15:24.556+0800][59461][gc,heap     ] GC(63) Allocated:         -                 0M (0%)           10M (1%)           34M (3%)             -                  -          
[2018-12-17T14:15:24.556+0800][59461][gc,heap     ] GC(63)   Garbage:         -               319M (31%)          69M (7%)           69M (7%)             -                  -          
[2018-12-17T14:15:24.556+0800][59461][gc,heap     ] GC(63) Reclaimed:         -                  -               250M (24%)         250M (24%)            -                  -          
[2018-12-17T14:15:24.556+0800][59461][gc          ] GC(63) Garbage Collection (Allocation Stall) 978M(96%)->758M(74%)
[2018-12-17T14:15:24.566+0800][59461][gc,start    ] GC(64) Garbage Collection (Allocation Rate)
[2018-12-17T14:15:24.568+0800][59468][gc,phases   ] GC(64) Pause Mark Start 0.103ms
[2018-12-17T14:15:24.957+0800][59461][gc,phases   ] GC(64) Concurrent Mark 388.767ms
[2018-12-17T14:15:24.957+0800][59468][gc,phases   ] GC(64) Pause Mark End 0.073ms
[2018-12-17T14:15:24.958+0800][59461][gc,phases   ] GC(64) Concurrent Process Non-Strong References 0.149ms
[2018-12-17T14:15:24.958+0800][59461][gc,phases   ] GC(64) Concurrent Reset Relocation Set 0.003ms
[2018-12-17T14:15:24.958+0800][59461][gc,phases   ] GC(64) Concurrent Destroy Detached Pages 0.001ms
[2018-12-17T14:15:24.959+0800][59461][gc,phases   ] GC(64) Concurrent Select Relocation Set 1.529ms
[2018-12-17T14:15:24.959+0800][59454][gc          ] Allocation Stall (main) 359.448ms
[2018-12-17T14:15:24.959+0800][59461][gc,phases   ] GC(64) Concurrent Prepare Relocation Set 0.245ms
[2018-12-17T14:15:24.961+0800][59468][gc,phases   ] GC(64) Pause Relocate Start 0.067ms
[2018-12-17T14:15:24.965+0800][59461][gc,phases   ] GC(64) Concurrent Relocate 3.849ms
[2018-12-17T14:15:24.965+0800][59461][gc,load     ] GC(64) Load: 1.19/0.89/0.93
[2018-12-17T14:15:24.965+0800][59461][gc,mmu      ] GC(64) MMU: 2ms/6.8%, 5ms/60.6%, 10ms/80.3%, 20ms/90.2%, 50ms/96.1%, 100ms/97.9%
[2018-12-17T14:15:24.965+0800][59461][gc,marking  ] GC(64) Mark: 1 stripe(s), 1 proactive flush(es), 1 terminate flush(es), 0 completion(s), 0 continuation(s) 
[2018-12-17T14:15:24.965+0800][59461][gc,reloc    ] GC(64) Relocation: Successful, 74M relocated
[2018-12-17T14:15:24.965+0800][59461][gc,nmethod  ] GC(64) NMethods: 39 registered, 0 unregistered
[2018-12-17T14:15:24.965+0800][59461][gc,metaspace] GC(64) Metaspace: 4M used, 4M capacity, 5M committed, 8M reserved
[2018-12-17T14:15:24.965+0800][59461][gc,ref      ] GC(64) Soft: 88 encountered, 0 discovered, 0 enqueued
[2018-12-17T14:15:24.965+0800][59461][gc,ref      ] GC(64) Weak: 168 encountered, 108 discovered, 0 enqueued
[2018-12-17T14:15:24.965+0800][59461][gc,ref      ] GC(64) Final: 0 encountered, 0 discovered, 0 enqueued
[2018-12-17T14:15:24.965+0800][59461][gc,ref      ] GC(64) Phantom: 1 encountered, 1 discovered, 0 enqueued
[2018-12-17T14:15:24.965+0800][59461][gc,heap     ] GC(64)                Mark Start          Mark End        Relocate Start      Relocate End           High               Low         
[2018-12-17T14:15:24.965+0800][59461][gc,heap     ] GC(64)  Capacity:     1024M (100%)       1024M (100%)       1024M (100%)       1024M (100%)       1024M (100%)       1024M (100%)   
[2018-12-17T14:15:24.965+0800][59461][gc,heap     ] GC(64)   Reserve:       42M (4%)           42M (4%)           42M (4%)           42M (4%)           42M (4%)           42M (4%)     
[2018-12-17T14:15:24.965+0800][59461][gc,heap     ] GC(64)      Free:      114M (11%)           4M (0%)          134M (13%)         106M (10%)         134M (13%)           4M (0%)     
[2018-12-17T14:15:24.965+0800][59461][gc,heap     ] GC(64)      Used:      868M (85%)         978M (96%)         848M (83%)         876M (86%)         978M (96%)         848M (83%)    
[2018-12-17T14:15:24.965+0800][59461][gc,heap     ] GC(64)      Live:         -               658M (64%)         658M (64%)         658M (64%)            -                  -          
[2018-12-17T14:15:24.965+0800][59461][gc,heap     ] GC(64) Allocated:         -               110M (11%)         120M (12%)         152M (15%)            -                  -          
[2018-12-17T14:15:24.965+0800][59461][gc,heap     ] GC(64)   Garbage:         -               209M (20%)          69M (7%)           67M (7%)             -                  -          
[2018-12-17T14:15:24.965+0800][59461][gc,heap     ] GC(64) Reclaimed:         -                  -               140M (14%)         142M (14%)            -                  -          
[2018-12-17T14:15:24.965+0800][59461][gc          ] GC(64) Garbage Collection (Allocation Rate) 868M(85%)->876M(86%)
[2018-12-17T14:15:24.966+0800][59461][gc,start    ] GC(65) Garbage Collection (Allocation Rate)
[2018-12-17T14:15:24.968+0800][59468][gc,phases   ] GC(65) Pause Mark Start 0.073ms
[2018-12-17T14:15:25.350+0800][59461][gc,phases   ] GC(65) Concurrent Mark 382.448ms
[2018-12-17T14:15:25.350+0800][59468][gc,phases   ] GC(65) Pause Mark End 0.107ms
[2018-12-17T14:15:25.351+0800][59461][gc,phases   ] GC(65) Concurrent Process Non-Strong References 0.192ms
[2018-12-17T14:15:25.351+0800][59461][gc,phases   ] GC(65) Concurrent Reset Relocation Set 0.003ms
[2018-12-17T14:15:25.351+0800][59461][gc,phases   ] GC(65) Concurrent Destroy Detached Pages 0.001ms
[2018-12-17T14:15:25.352+0800][59461][gc,phases   ] GC(65) Concurrent Select Relocation Set 1.710ms
[2018-12-17T14:15:25.352+0800][59454][gc          ] Allocation Stall (main) 366.772ms
[2018-12-17T14:15:25.352+0800][59461][gc,phases   ] GC(65) Concurrent Prepare Relocation Set 0.000ms
[2018-12-17T14:15:25.354+0800][59468][gc,phases   ] GC(65) Pause Relocate Start 0.083ms
[2018-12-17T14:15:25.354+0800][59461][gc,phases   ] GC(65) Concurrent Relocate 0.034ms
[2018-12-17T14:15:25.354+0800][59461][gc,load     ] GC(65) Load: 1.19/0.89/0.93
[2018-12-17T14:15:25.354+0800][59461][gc,mmu      ] GC(65) MMU: 2ms/6.8%, 5ms/60.6%, 10ms/80.3%, 20ms/90.2%, 50ms/96.1%, 100ms/97.9%
[2018-12-17T14:15:25.354+0800][59461][gc,marking  ] GC(65) Mark: 1 stripe(s), 1 proactive flush(es), 1 terminate flush(es), 0 completion(s), 0 continuation(s) 
[2018-12-17T14:15:25.354+0800][59461][gc,reloc    ] GC(65) Relocation: Successful, 74M relocated
[2018-12-17T14:15:25.354+0800][59461][gc,nmethod  ] GC(65) NMethods: 39 registered, 0 unregistered
[2018-12-17T14:15:25.354+0800][59461][gc,metaspace] GC(65) Metaspace: 4M used, 4M capacity, 5M committed, 8M reserved
[2018-12-17T14:15:25.354+0800][59461][gc,ref      ] GC(65) Soft: 88 encountered, 0 discovered, 0 enqueued
[2018-12-17T14:15:25.354+0800][59461][gc,ref      ] GC(65) Weak: 168 encountered, 108 discovered, 0 enqueued
[2018-12-17T14:15:25.354+0800][59461][gc,ref      ] GC(65) Final: 0 encountered, 0 discovered, 0 enqueued
[2018-12-17T14:15:25.354+0800][59461][gc,ref      ] GC(65) Phantom: 1 encountered, 1 discovered, 0 enqueued
[2018-12-17T14:15:25.354+0800][59461][gc,heap     ] GC(65)                Mark Start          Mark End        Relocate Start      Relocate End           High               Low         
[2018-12-17T14:15:25.355+0800][59461][gc,heap     ] GC(65)  Capacity:     1024M (100%)       1024M (100%)       1024M (100%)       1024M (100%)       1024M (100%)       1024M (100%)   
[2018-12-17T14:15:25.355+0800][59461][gc,heap     ] GC(65)   Reserve:       42M (4%)           42M (4%)           42M (4%)           42M (4%)           42M (4%)           42M (4%)     
[2018-12-17T14:15:25.355+0800][59461][gc,heap     ] GC(65)      Free:       96M (9%)            6M (1%)          156M (15%)         146M (14%)         156M (15%)           6M (1%)     
[2018-12-17T14:15:25.355+0800][59461][gc,heap     ] GC(65)      Used:      886M (87%)         976M (95%)         826M (81%)         836M (82%)         976M (95%)         826M (81%)    
[2018-12-17T14:15:25.355+0800][59461][gc,heap     ] GC(65)      Live:         -               658M (64%)         658M (64%)         658M (64%)            -                  -          
[2018-12-17T14:15:25.355+0800][59461][gc,heap     ] GC(65) Allocated:         -                90M (9%)          100M (10%)         110M (11%)            -                  -          
[2018-12-17T14:15:25.355+0800][59461][gc,heap     ] GC(65)   Garbage:         -               227M (22%)          67M (7%)           67M (7%)             -                  -          
[2018-12-17T14:15:25.355+0800][59461][gc,heap     ] GC(65) Reclaimed:         -                  -               160M (16%)         160M (16%)            -                  -          
[2018-12-17T14:15:25.355+0800][59461][gc          ] GC(65) Garbage Collection (Allocation Rate) 886M(87%)->836M(82%)
[2018-12-17T14:15:25.366+0800][59461][gc,start    ] GC(66) Garbage Collection (Allocation Rate)
[2018-12-17T14:15:25.368+0800][59468][gc,phases   ] GC(66) Pause Mark Start 0.095ms
[2018-12-17T14:15:25.488+0800][59454][gc,heap     ] Page Cache Flushed: 2M requested, 10M(20M->10M) flushed
[2018-12-17T14:15:25.748+0800][59461][gc,phases   ] GC(66) Concurrent Mark 380.353ms
[2018-12-17T14:15:25.748+0800][59468][gc,phases   ] GC(66) Pause Mark End 0.078ms
[2018-12-17T14:15:25.749+0800][59461][gc,phases   ] GC(66) Concurrent Process Non-Strong References 0.120ms
[2018-12-17T14:15:25.749+0800][59461][gc,phases   ] GC(66) Concurrent Reset Relocation Set 0.001ms
[2018-12-17T14:15:25.749+0800][59461][gc,phases   ] GC(66) Concurrent Destroy Detached Pages 0.005ms
[2018-12-17T14:15:25.750+0800][59461][gc,heap     ] GC(66) Page Cache Flushed: 28M requested, 30M(30M->0M) flushed
[2018-12-17T14:15:25.751+0800][59454][gc          ] Allocation Stall (main) 260.168ms
[2018-12-17T14:15:25.751+0800][59461][gc,phases   ] GC(66) Concurrent Select Relocation Set 2.843ms
[2018-12-17T14:15:25.752+0800][59461][gc,phases   ] GC(66) Concurrent Prepare Relocation Set 0.000ms
[2018-12-17T14:15:25.752+0800][59468][gc,phases   ] GC(66) Pause Relocate Start 0.056ms
[2018-12-17T14:15:25.752+0800][59461][gc,phases   ] GC(66) Concurrent Relocate 0.027ms
[2018-12-17T14:15:25.753+0800][59461][gc,load     ] GC(66) Load: 1.19/0.89/0.93
[2018-12-17T14:15:25.753+0800][59461][gc,mmu      ] GC(66) MMU: 2ms/6.8%, 5ms/60.6%, 10ms/80.3%, 20ms/90.2%, 50ms/96.1%, 100ms/97.9%
[2018-12-17T14:15:25.753+0800][59461][gc,marking  ] GC(66) Mark: 1 stripe(s), 1 proactive flush(es), 1 terminate flush(es), 0 completion(s), 0 continuation(s) 
[2018-12-17T14:15:25.753+0800][59461][gc,reloc    ] GC(66) Relocation: Successful, 74M relocated
[2018-12-17T14:15:25.753+0800][59461][gc,nmethod  ] GC(66) NMethods: 39 registered, 0 unregistered
[2018-12-17T14:15:25.753+0800][59461][gc,metaspace] GC(66) Metaspace: 4M used, 4M capacity, 5M committed, 8M reserved
[2018-12-17T14:15:25.753+0800][59461][gc,ref      ] GC(66) Soft: 88 encountered, 0 discovered, 0 enqueued
[2018-12-17T14:15:25.753+0800][59461][gc,ref      ] GC(66) Weak: 168 encountered, 73 discovered, 0 enqueued
[2018-12-17T14:15:25.753+0800][59461][gc,ref      ] GC(66) Final: 0 encountered, 0 discovered, 0 enqueued
[2018-12-17T14:15:25.753+0800][59461][gc,ref      ] GC(66) Phantom: 1 encountered, 1 discovered, 0 enqueued
[2018-12-17T14:15:25.753+0800][59461][gc,heap     ] GC(66)                Mark Start          Mark End        Relocate Start      Relocate End           High               Low         
[2018-12-17T14:15:25.753+0800][59461][gc,heap     ] GC(66)  Capacity:     1024M (100%)       1024M (100%)       1024M (100%)       1024M (100%)       1024M (100%)       1024M (100%)   
[2018-12-17T14:15:25.753+0800][59461][gc,heap     ] GC(66)   Reserve:       42M (4%)           42M (4%)           42M (4%)           42M (4%)           42M (4%)           42M (4%)     
[2018-12-17T14:15:25.753+0800][59461][gc,heap     ] GC(66)      Free:      106M (10%)          14M (1%)          132M (13%)         132M (13%)         132M (13%)           2M (0%)     
[2018-12-17T14:15:25.753+0800][59461][gc,heap     ] GC(66)      Used:      876M (86%)         968M (95%)         850M (83%)         850M (83%)         980M (96%)         850M (83%)    
[2018-12-17T14:15:25.753+0800][59461][gc,heap     ] GC(66)      Live:         -               658M (64%)         658M (64%)         658M (64%)            -                  -          
[2018-12-17T14:15:25.753+0800][59461][gc,heap     ] GC(66) Allocated:         -                92M (9%)          124M (12%)         124M (12%)            -                  -          
[2018-12-17T14:15:25.753+0800][59461][gc,heap     ] GC(66)   Garbage:         -               217M (21%)          67M (7%)           67M (7%)             -                  -          
[2018-12-17T14:15:25.753+0800][59461][gc,heap     ] GC(66) Reclaimed:         -                  -               150M (15%)         150M (15%)            -                  -          
[2018-12-17T14:15:25.753+0800][59461][gc          ] GC(66) Garbage Collection (Allocation Rate) 876M(86%)->850M(83%)
[2018-12-17T14:15:25.761+0800][59454][gc,heap     ] Page Cache Flushed: 30M requested, 30M(130M->100M) flushed
[2018-12-17T14:15:25.767+0800][59461][gc,start    ] GC(67) Garbage Collection (Allocation Rate)
[2018-12-17T14:15:25.767+0800][59468][gc,phases   ] GC(67) Pause Mark Start 0.069ms
[2018-12-17T14:15:25.767+0800][59454][gc,heap     ] Page Cache Flushed: 32M requested, 40M(100M->60M) flushed
[2018-12-17T14:15:26.169+0800][59461][gc,phases   ] GC(67) Concurrent Mark 401.665ms
[2018-12-17T14:15:26.169+0800][59468][gc,phases   ] GC(67) Pause Mark End 0.066ms
[2018-12-17T14:15:26.169+0800][59461][gc,phases   ] GC(67) Concurrent Process Non-Strong References 0.106ms
[2018-12-17T14:15:26.169+0800][59461][gc,phases   ] GC(67) Concurrent Reset Relocation Set 0.000ms
[2018-12-17T14:15:26.169+0800][59461][gc,phases   ] GC(67) Concurrent Destroy Detached Pages 0.008ms
[2018-12-17T14:15:26.171+0800][59461][gc,phases   ] GC(67) Concurrent Select Relocation Set 1.227ms
[2018-12-17T14:15:26.171+0800][59454][gc          ] Allocation Stall (main) 389.093ms
[2018-12-17T14:15:26.171+0800][59461][gc,phases   ] GC(67) Concurrent Prepare Relocation Set 0.002ms
[2018-12-17T14:15:26.173+0800][59468][gc,phases   ] GC(67) Pause Relocate Start 0.060ms
[2018-12-17T14:15:26.180+0800][59454][gc,heap     ] Page Cache Flushed: 4M requested, 32M(32M->0M) flushed
[2018-12-17T14:15:26.189+0800][59454][gc,heap     ] Page Cache Flushed: 2M requested, 32M(32M->0M) flushed
[2018-12-17T14:15:26.194+0800][59455][gc,heap     ] GC(67) Page Cache Flushed: 10M requested, 32M(32M->0M) flushed
[2018-12-17T14:15:26.195+0800][59454][gc          ] Allocation Stall (main) 2.103ms
[2018-12-17T14:15:26.203+0800][59455][gc,heap     ] GC(67) Page Cache Flushed: 10M requested, 32M(32M->0M) flushed
[2018-12-17T14:15:26.204+0800][59454][gc          ] Allocation Stall (main) 1.660ms
[2018-12-17T14:15:26.204+0800][59461][gc,phases   ] GC(67) Concurrent Relocate 31.160ms
[2018-12-17T14:15:26.204+0800][59461][gc,load     ] GC(67) Load: 1.19/0.89/0.93
[2018-12-17T14:15:26.204+0800][59461][gc,mmu      ] GC(67) MMU: 2ms/6.8%, 5ms/60.6%, 10ms/80.3%, 20ms/90.2%, 50ms/96.1%, 100ms/97.9%
[2018-12-17T14:15:26.204+0800][59461][gc,marking  ] GC(67) Mark: 1 stripe(s), 1 proactive flush(es), 1 terminate flush(es), 0 completion(s), 0 continuation(s) 
[2018-12-17T14:15:26.204+0800][59461][gc,reloc    ] GC(67) Relocation: Successful, 89M relocated
[2018-12-17T14:15:26.204+0800][59461][gc,nmethod  ] GC(67) NMethods: 39 registered, 0 unregistered
[2018-12-17T14:15:26.204+0800][59461][gc,metaspace] GC(67) Metaspace: 4M used, 4M capacity, 5M committed, 8M reserved
[2018-12-17T14:15:26.204+0800][59461][gc,ref      ] GC(67) Soft: 88 encountered, 0 discovered, 0 enqueued
[2018-12-17T14:15:26.204+0800][59461][gc,ref      ] GC(67) Weak: 168 encountered, 108 discovered, 0 enqueued
[2018-12-17T14:15:26.204+0800][59461][gc,ref      ] GC(67) Final: 0 encountered, 0 discovered, 0 enqueued
[2018-12-17T14:15:26.204+0800][59461][gc,ref      ] GC(67) Phantom: 1 encountered, 1 discovered, 0 enqueued
[2018-12-17T14:15:26.204+0800][59461][gc,heap     ] GC(67)                Mark Start          Mark End        Relocate Start      Relocate End           High               Low         
[2018-12-17T14:15:26.204+0800][59461][gc,heap     ] GC(67)  Capacity:     1024M (100%)       1024M (100%)       1024M (100%)       1024M (100%)       1024M (100%)       1024M (100%)   
[2018-12-17T14:15:26.204+0800][59461][gc,heap     ] GC(67)   Reserve:       42M (4%)           42M (4%)           42M (4%)           42M (4%)           42M (4%)           40M (4%)     
[2018-12-17T14:15:26.204+0800][59461][gc,heap     ] GC(67)      Free:      100M (10%)           6M (1%)           76M (7%)           22M (2%)          100M (10%)           0M (0%)     
[2018-12-17T14:15:26.204+0800][59461][gc,heap     ] GC(67)      Used:      882M (86%)         976M (95%)         906M (88%)         960M (94%)         984M (96%)         882M (86%)    
[2018-12-17T14:15:26.204+0800][59461][gc,heap     ] GC(67)      Live:         -               683M (67%)         683M (67%)         683M (67%)            -                  -          
[2018-12-17T14:15:26.204+0800][59461][gc,heap     ] GC(67) Allocated:         -                94M (9%)          104M (10%)         318M (31%)            -                  -          
[2018-12-17T14:15:26.204+0800][59461][gc,heap     ] GC(67)   Garbage:         -               198M (19%)         118M (12%)          22M (2%)             -                  -          
[2018-12-17T14:15:26.204+0800][59461][gc,heap     ] GC(67) Reclaimed:         -                  -                80M (8%)          176M (17%)            -                  -          
[2018-12-17T14:15:26.204+0800][59461][gc          ] GC(67) Garbage Collection (Allocation Rate) 882M(86%)->960M(94%)
[2018-12-17T14:15:26.211+0800][59461][gc,start    ] GC(68) Garbage Collection (Allocation Stall)
[2018-12-17T14:15:26.211+0800][59468][gc,ref      ] GC(68) Clearing All Soft References
[2018-12-17T14:15:26.211+0800][59468][gc,phases   ] GC(68) Pause Mark Start 0.102ms
[2018-12-17T14:15:26.437+0800][59461][gc,phases   ] GC(68) Concurrent Mark 225.777ms
[2018-12-17T14:15:26.437+0800][59468][gc,phases   ] GC(68) Pause Mark End 0.074ms
[2018-12-17T14:15:26.438+0800][59461][gc,phases   ] GC(68) Concurrent Process Non-Strong References 0.085ms
[2018-12-17T14:15:26.438+0800][59461][gc,phases   ] GC(68) Concurrent Reset Relocation Set 0.003ms
[2018-12-17T14:15:26.438+0800][59461][gc,phases   ] GC(68) Concurrent Destroy Detached Pages 0.004ms
[2018-12-17T14:15:26.439+0800][59461][gc,phases   ] GC(68) Concurrent Select Relocation Set 1.245ms
[2018-12-17T14:15:26.439+0800][59454][gc          ] Allocation Stall (main) 227.673ms
[2018-12-17T14:15:26.440+0800][59461][gc,phases   ] GC(68) Concurrent Prepare Relocation Set 1.289ms
[2018-12-17T14:15:26.441+0800][59468][gc,phases   ] GC(68) Pause Relocate Start 0.052ms
[2018-12-17T14:15:26.446+0800][59461][gc,phases   ] GC(68) Concurrent Relocate 4.744ms
[2018-12-17T14:15:26.446+0800][59461][gc,load     ] GC(68) Load: 1.19/0.89/0.93
[2018-12-17T14:15:26.446+0800][59461][gc,mmu      ] GC(68) MMU: 2ms/6.8%, 5ms/60.6%, 10ms/80.3%, 20ms/90.2%, 50ms/96.1%, 100ms/97.9%
[2018-12-17T14:15:26.446+0800][59461][gc,marking  ] GC(68) Mark: 4 stripe(s), 10 proactive flush(es), 1 terminate flush(es), 0 completion(s), 0 continuation(s) 
[2018-12-17T14:15:26.446+0800][59461][gc,reloc    ] GC(68) Relocation: Successful, 33M relocated
[2018-12-17T14:15:26.446+0800][59461][gc,nmethod  ] GC(68) NMethods: 39 registered, 0 unregistered
[2018-12-17T14:15:26.446+0800][59461][gc,metaspace] GC(68) Metaspace: 4M used, 4M capacity, 5M committed, 8M reserved
[2018-12-17T14:15:26.446+0800][59461][gc,ref      ] GC(68) Soft: 88 encountered, 14 discovered, 0 enqueued
[2018-12-17T14:15:26.446+0800][59461][gc,ref      ] GC(68) Weak: 168 encountered, 76 discovered, 0 enqueued
[2018-12-17T14:15:26.446+0800][59461][gc,ref      ] GC(68) Final: 0 encountered, 0 discovered, 0 enqueued
[2018-12-17T14:15:26.446+0800][59461][gc,ref      ] GC(68) Phantom: 1 encountered, 1 discovered, 0 enqueued
[2018-12-17T14:15:26.446+0800][59461][gc,heap     ] GC(68)                Mark Start          Mark End        Relocate Start      Relocate End           High               Low         
[2018-12-17T14:15:26.446+0800][59461][gc,heap     ] GC(68)  Capacity:     1024M (100%)       1024M (100%)       1024M (100%)       1024M (100%)       1024M (100%)       1024M (100%)   
[2018-12-17T14:15:26.446+0800][59461][gc,heap     ] GC(68)   Reserve:       42M (4%)           42M (4%)           42M (4%)           42M (4%)           42M (4%)           42M (4%)     
[2018-12-17T14:15:26.446+0800][59461][gc,heap     ] GC(68)      Free:        2M (0%)            2M (0%)          232M (23%)         182M (18%)         232M (23%)           2M (0%)     
[2018-12-17T14:15:26.446+0800][59461][gc,heap     ] GC(68)      Used:      980M (96%)         980M (96%)         750M (73%)         800M (78%)         980M (96%)         750M (73%)    
[2018-12-17T14:15:26.446+0800][59461][gc,heap     ] GC(68)      Live:         -               689M (67%)         689M (67%)         689M (67%)            -                  -          
[2018-12-17T14:15:26.446+0800][59461][gc,heap     ] GC(68) Allocated:         -                 0M (0%)           10M (1%)           70M (7%)             -                  -          
[2018-12-17T14:15:26.446+0800][59461][gc,heap     ] GC(68)   Garbage:         -               290M (28%)          50M (5%)           50M (5%)             -                  -          
[2018-12-17T14:15:26.446+0800][59461][gc,heap     ] GC(68) Reclaimed:         -                  -               240M (23%)         240M (23%)            -                  -          
[2018-12-17T14:15:26.446+0800][59461][gc          ] GC(68) Garbage Collection (Allocation Stall) 980M(96%)->800M(78%)
[2018-12-17T14:15:26.464+0800][59461][gc,start    ] GC(69) Garbage Collection (Allocation Stall)
[2018-12-17T14:15:26.464+0800][59468][gc,ref      ] GC(69) Clearing All Soft References
[2018-12-17T14:15:26.464+0800][59468][gc,phases   ] GC(69) Pause Mark Start 0.104ms
[2018-12-17T14:15:26.708+0800][59461][gc,phases   ] GC(69) Concurrent Mark 244.003ms
[2018-12-17T14:15:26.708+0800][59468][gc,phases   ] GC(69) Pause Mark End 0.075ms
[2018-12-17T14:15:26.708+0800][59461][gc,phases   ] GC(69) Concurrent Process Non-Strong References 0.096ms
[2018-12-17T14:15:26.708+0800][59461][gc,phases   ] GC(69) Concurrent Reset Relocation Set 0.251ms
[2018-12-17T14:15:26.708+0800][59461][gc,phases   ] GC(69) Concurrent Destroy Detached Pages 0.001ms
[2018-12-17T14:15:26.710+0800][59461][gc,phases   ] GC(69) Concurrent Select Relocation Set 1.247ms
[2018-12-17T14:15:26.710+0800][59454][gc          ] Allocation Stall (main) 246.200ms
[2018-12-17T14:15:26.711+0800][59461][gc,phases   ] GC(69) Concurrent Prepare Relocation Set 1.534ms
[2018-12-17T14:15:26.712+0800][59468][gc,phases   ] GC(69) Pause Relocate Start 0.053ms
[2018-12-17T14:15:26.716+0800][59461][gc,phases   ] GC(69) Concurrent Relocate 3.978ms
[2018-12-17T14:15:26.716+0800][59461][gc,load     ] GC(69) Load: 1.18/0.90/0.93
[2018-12-17T14:15:26.716+0800][59461][gc,mmu      ] GC(69) MMU: 2ms/6.8%, 5ms/60.6%, 10ms/80.3%, 20ms/90.2%, 50ms/96.1%, 100ms/97.9%
[2018-12-17T14:15:26.716+0800][59461][gc,marking  ] GC(69) Mark: 4 stripe(s), 10 proactive flush(es), 1 terminate flush(es), 0 completion(s), 0 continuation(s) 
[2018-12-17T14:15:26.716+0800][59461][gc,reloc    ] GC(69) Relocation: Successful, 33M relocated
[2018-12-17T14:15:26.716+0800][59461][gc,nmethod  ] GC(69) NMethods: 39 registered, 0 unregistered
[2018-12-17T14:15:26.716+0800][59461][gc,metaspace] GC(69) Metaspace: 4M used, 4M capacity, 5M committed, 8M reserved
[2018-12-17T14:15:26.716+0800][59461][gc,ref      ] GC(69) Soft: 88 encountered, 17 discovered, 0 enqueued
[2018-12-17T14:15:26.716+0800][59461][gc,ref      ] GC(69) Weak: 168 encountered, 60 discovered, 0 enqueued
[2018-12-17T14:15:26.716+0800][59461][gc,ref      ] GC(69) Final: 0 encountered, 0 discovered, 0 enqueued
[2018-12-17T14:15:26.716+0800][59461][gc,ref      ] GC(69) Phantom: 1 encountered, 1 discovered, 0 enqueued
[2018-12-17T14:15:26.716+0800][59461][gc,heap     ] GC(69)                Mark Start          Mark End        Relocate Start      Relocate End           High               Low         
[2018-12-17T14:15:26.716+0800][59461][gc,heap     ] GC(69)  Capacity:     1024M (100%)       1024M (100%)       1024M (100%)       1024M (100%)       1024M (100%)       1024M (100%)   
[2018-12-17T14:15:26.716+0800][59461][gc,heap     ] GC(69)   Reserve:       42M (4%)           42M (4%)           42M (4%)           42M (4%)           42M (4%)           42M (4%)     
[2018-12-17T14:15:26.716+0800][59461][gc,heap     ] GC(69)      Free:        2M (0%)            2M (0%)          232M (23%)         184M (18%)         232M (23%)           2M (0%)     
[2018-12-17T14:15:26.716+0800][59461][gc,heap     ] GC(69)      Used:      980M (96%)         980M (96%)         750M (73%)         798M (78%)         980M (96%)         750M (73%)    
[2018-12-17T14:15:26.716+0800][59461][gc,heap     ] GC(69)      Live:         -               689M (67%)         689M (67%)         689M (67%)            -                  -          
[2018-12-17T14:15:26.716+0800][59461][gc,heap     ] GC(69) Allocated:         -                 0M (0%)           10M (1%)           68M (7%)             -                  -          
[2018-12-17T14:15:26.716+0800][59461][gc,heap     ] GC(69)   Garbage:         -               290M (28%)          50M (5%)           48M (5%)             -                  -          
[2018-12-17T14:15:26.717+0800][59461][gc,heap     ] GC(69) Reclaimed:         -                  -               240M (23%)         242M (24%)            -                  -          
[2018-12-17T14:15:26.717+0800][59461][gc          ] GC(69) Garbage Collection (Allocation Stall) 980M(96%)->798M(78%)
[2018-12-17T14:15:26.734+0800][59461][gc,start    ] GC(70) Garbage Collection (Allocation Stall)
[2018-12-17T14:15:26.734+0800][59468][gc,ref      ] GC(70) Clearing All Soft References
[2018-12-17T14:15:26.735+0800][59468][gc,phases   ] GC(70) Pause Mark Start 0.092ms
[2018-12-17T14:15:26.998+0800][59461][gc,phases   ] GC(70) Concurrent Mark 263.206ms
[2018-12-17T14:15:26.998+0800][59468][gc,phases   ] GC(70) Pause Mark End 0.077ms
[2018-12-17T14:15:26.998+0800][59461][gc,phases   ] GC(70) Concurrent Process Non-Strong References 0.086ms
[2018-12-17T14:15:26.998+0800][59461][gc,phases   ] GC(70) Concurrent Reset Relocation Set 0.243ms
[2018-12-17T14:15:26.998+0800][59461][gc,phases   ] GC(70) Concurrent Destroy Detached Pages 0.001ms
[2018-12-17T14:15:27.000+0800][59454][gc          ] Allocation Stall (main) 265.322ms
[2018-12-17T14:15:27.000+0800][59461][gc,phases   ] GC(70) Concurrent Select Relocation Set 1.236ms
[2018-12-17T14:15:27.000+0800][59461][gc,phases   ] GC(70) Concurrent Prepare Relocation Set 0.001ms
[2018-12-17T14:15:27.002+0800][59468][gc,phases   ] GC(70) Pause Relocate Start 0.060ms
[2018-12-17T14:15:27.002+0800][59461][gc,phases   ] GC(70) Concurrent Relocate 0.015ms
[2018-12-17T14:15:27.002+0800][59461][gc,load     ] GC(70) Load: 1.18/0.90/0.93
[2018-12-17T14:15:27.002+0800][59461][gc,mmu      ] GC(70) MMU: 2ms/6.8%, 5ms/60.6%, 10ms/80.3%, 20ms/90.2%, 50ms/96.1%, 100ms/97.9%
[2018-12-17T14:15:27.002+0800][59461][gc,marking  ] GC(70) Mark: 4 stripe(s), 10 proactive flush(es), 1 terminate flush(es), 0 completion(s), 0 continuation(s) 
[2018-12-17T14:15:27.002+0800][59461][gc,reloc    ] GC(70) Relocation: Successful, 33M relocated
[2018-12-17T14:15:27.002+0800][59461][gc,nmethod  ] GC(70) NMethods: 39 registered, 0 unregistered
[2018-12-17T14:15:27.002+0800][59461][gc,metaspace] GC(70) Metaspace: 4M used, 4M capacity, 5M committed, 8M reserved
[2018-12-17T14:15:27.002+0800][59461][gc,ref      ] GC(70) Soft: 88 encountered, 26 discovered, 0 enqueued
[2018-12-17T14:15:27.002+0800][59461][gc,ref      ] GC(70) Weak: 168 encountered, 83 discovered, 0 enqueued
[2018-12-17T14:15:27.002+0800][59461][gc,ref      ] GC(70) Final: 0 encountered, 0 discovered, 0 enqueued
[2018-12-17T14:15:27.002+0800][59461][gc,ref      ] GC(70) Phantom: 1 encountered, 1 discovered, 0 enqueued
[2018-12-17T14:15:27.002+0800][59461][gc,heap     ] GC(70)                Mark Start          Mark End        Relocate Start      Relocate End           High               Low         
[2018-12-17T14:15:27.002+0800][59461][gc,heap     ] GC(70)  Capacity:     1024M (100%)       1024M (100%)       1024M (100%)       1024M (100%)       1024M (100%)       1024M (100%)   
[2018-12-17T14:15:27.002+0800][59461][gc,heap     ] GC(70)   Reserve:       42M (4%)           42M (4%)           42M (4%)           42M (4%)           42M (4%)           42M (4%)     
[2018-12-17T14:15:27.002+0800][59461][gc,heap     ] GC(70)      Free:        4M (0%)            4M (0%)          234M (23%)         224M (22%)         234M (23%)           4M (0%)     
[2018-12-17T14:15:27.002+0800][59461][gc,heap     ] GC(70)      Used:      978M (96%)         978M (96%)         748M (73%)         758M (74%)         978M (96%)         748M (73%)    
[2018-12-17T14:15:27.002+0800][59461][gc,heap     ] GC(70)      Live:         -               689M (67%)         689M (67%)         689M (67%)            -                  -          
[2018-12-17T14:15:27.002+0800][59461][gc,heap     ] GC(70) Allocated:         -                 0M (0%)           10M (1%)           20M (2%)             -                  -          
[2018-12-17T14:15:27.002+0800][59461][gc,heap     ] GC(70)   Garbage:         -               288M (28%)          48M (5%)           48M (5%)             -                  -          
[2018-12-17T14:15:27.002+0800][59461][gc,heap     ] GC(70) Reclaimed:         -                  -               240M (23%)         240M (23%)            -                  -          
[2018-12-17T14:15:27.002+0800][59461][gc          ] GC(70) Garbage Collection (Allocation Stall) 978M(96%)->758M(74%)
[2018-12-17T14:15:27.024+0800][59461][gc,start    ] GC(71) Garbage Collection (Allocation Stall)
[2018-12-17T14:15:27.024+0800][59468][gc,ref      ] GC(71) Clearing All Soft References
[2018-12-17T14:15:27.024+0800][59468][gc,phases   ] GC(71) Pause Mark Start 0.086ms
[2018-12-17T14:15:27.279+0800][59461][gc,phases   ] GC(71) Concurrent Mark 254.828ms
[2018-12-17T14:15:27.279+0800][59468][gc,phases   ] GC(71) Pause Mark End 0.067ms
[2018-12-17T14:15:27.279+0800][59461][gc,phases   ] GC(71) Concurrent Process Non-Strong References 0.073ms
[2018-12-17T14:15:27.279+0800][59461][gc,phases   ] GC(71) Concurrent Reset Relocation Set 0.000ms
[2018-12-17T14:15:27.279+0800][59461][gc,phases   ] GC(71) Concurrent Destroy Detached Pages 0.000ms
[2018-12-17T14:15:27.281+0800][59454][gc          ] Allocation Stall (main) 256.719ms
[2018-12-17T14:15:27.281+0800][59461][gc,phases   ] GC(71) Concurrent Select Relocation Set 1.303ms
[2018-12-17T14:15:27.281+0800][59461][gc,phases   ] GC(71) Concurrent Prepare Relocation Set 0.000ms
[2018-12-17T14:15:27.282+0800][59468][gc,phases   ] GC(71) Pause Relocate Start 0.058ms
[2018-12-17T14:15:27.282+0800][59461][gc,phases   ] GC(71) Concurrent Relocate 0.014ms
[2018-12-17T14:15:27.282+0800][59461][gc,load     ] GC(71) Load: 1.18/0.90/0.93
[2018-12-17T14:15:27.282+0800][59461][gc,mmu      ] GC(71) MMU: 2ms/6.8%, 5ms/60.6%, 10ms/80.3%, 20ms/90.2%, 50ms/96.1%, 100ms/97.9%
[2018-12-17T14:15:27.282+0800][59461][gc,marking  ] GC(71) Mark: 4 stripe(s), 10 proactive flush(es), 1 terminate flush(es), 0 completion(s), 0 continuation(s) 
[2018-12-17T14:15:27.282+0800][59461][gc,reloc    ] GC(71) Relocation: Successful, 33M relocated
[2018-12-17T14:15:27.282+0800][59461][gc,nmethod  ] GC(71) NMethods: 39 registered, 0 unregistered
[2018-12-17T14:15:27.282+0800][59461][gc,metaspace] GC(71) Metaspace: 4M used, 4M capacity, 5M committed, 8M reserved
[2018-12-17T14:15:27.282+0800][59461][gc,ref      ] GC(71) Soft: 88 encountered, 10 discovered, 0 enqueued
[2018-12-17T14:15:27.282+0800][59461][gc,ref      ] GC(71) Weak: 168 encountered, 28 discovered, 0 enqueued
[2018-12-17T14:15:27.282+0800][59461][gc,ref      ] GC(71) Final: 0 encountered, 0 discovered, 0 enqueued
[2018-12-17T14:15:27.282+0800][59461][gc,ref      ] GC(71) Phantom: 1 encountered, 1 discovered, 0 enqueued
[2018-12-17T14:15:27.282+0800][59461][gc,heap     ] GC(71)                Mark Start          Mark End        Relocate Start      Relocate End           High               Low         
[2018-12-17T14:15:27.282+0800][59461][gc,heap     ] GC(71)  Capacity:     1024M (100%)       1024M (100%)       1024M (100%)       1024M (100%)       1024M (100%)       1024M (100%)   
[2018-12-17T14:15:27.282+0800][59461][gc,heap     ] GC(71)   Reserve:       42M (4%)           42M (4%)           42M (4%)           42M (4%)           42M (4%)           42M (4%)     
[2018-12-17T14:15:27.282+0800][59461][gc,heap     ] GC(71)      Free:        4M (0%)            4M (0%)          234M (23%)         224M (22%)         234M (23%)           4M (0%)     
[2018-12-17T14:15:27.282+0800][59461][gc,heap     ] GC(71)      Used:      978M (96%)         978M (96%)         748M (73%)         758M (74%)         978M (96%)         748M (73%)    
[2018-12-17T14:15:27.282+0800][59461][gc,heap     ] GC(71)      Live:         -               689M (67%)         689M (67%)         689M (67%)            -                  -          
[2018-12-17T14:15:27.282+0800][59461][gc,heap     ] GC(71) Allocated:         -                 0M (0%)           10M (1%)           20M (2%)             -                  -          
[2018-12-17T14:15:27.282+0800][59461][gc,heap     ] GC(71)   Garbage:         -               288M (28%)          48M (5%)           48M (5%)             -                  -          
[2018-12-17T14:15:27.282+0800][59461][gc,heap     ] GC(71) Reclaimed:         -                  -               240M (23%)         240M (23%)            -                  -          
[2018-12-17T14:15:27.282+0800][59461][gc          ] GC(71) Garbage Collection (Allocation Stall) 978M(96%)->758M(74%)
[2018-12-17T14:15:27.366+0800][59461][gc,start    ] GC(72) Garbage Collection (Allocation Rate)
[2018-12-17T14:15:27.366+0800][59468][gc,phases   ] GC(72) Pause Mark Start 0.081ms
[2018-12-17T14:15:27.389+0800][59454][gc,heap     ] Page Cache Flushed: 32M requested, 40M(200M->160M) flushed
[2018-12-17T14:15:27.400+0800][59454][gc,heap     ] Page Cache Flushed: 32M requested, 40M(160M->120M) flushed
[2018-12-17T14:15:27.761+0800][59461][gc,phases   ] GC(72) Concurrent Mark 394.822ms
[2018-12-17T14:15:27.761+0800][59468][gc,phases   ] GC(72) Pause Mark End 0.070ms
[2018-12-17T14:15:27.761+0800][59461][gc,phases   ] GC(72) Concurrent Process Non-Strong References 0.106ms
[2018-12-17T14:15:27.761+0800][59461][gc,phases   ] GC(72) Concurrent Reset Relocation Set 0.000ms
[2018-12-17T14:15:27.761+0800][59461][gc,phases   ] GC(72) Concurrent Destroy Detached Pages 0.007ms
[2018-12-17T14:15:27.763+0800][59461][gc,phases   ] GC(72) Concurrent Select Relocation Set 1.237ms
[2018-12-17T14:15:27.763+0800][59461][gc,phases   ] GC(72) Concurrent Prepare Relocation Set 0.000ms
[2018-12-17T14:15:27.763+0800][59454][gc          ] Allocation Stall (main) 330.459ms
[2018-12-17T14:15:27.764+0800][59468][gc,phases   ] GC(72) Pause Relocate Start 0.051ms
[2018-12-17T14:15:27.764+0800][59461][gc,phases   ] GC(72) Concurrent Relocate 0.005ms
[2018-12-17T14:15:27.764+0800][59461][gc,load     ] GC(72) Load: 1.18/0.90/0.93
[2018-12-17T14:15:27.764+0800][59461][gc,mmu      ] GC(72) MMU: 2ms/6.8%, 5ms/60.6%, 10ms/80.3%, 20ms/90.2%, 50ms/96.1%, 100ms/97.9%
[2018-12-17T14:15:27.764+0800][59461][gc,marking  ] GC(72) Mark: 1 stripe(s), 1 proactive flush(es), 1 terminate flush(es), 0 completion(s), 0 continuation(s) 
[2018-12-17T14:15:27.764+0800][59461][gc,reloc    ] GC(72) Relocation: Successful, 33M relocated
[2018-12-17T14:15:27.764+0800][59461][gc,nmethod  ] GC(72) NMethods: 39 registered, 0 unregistered
[2018-12-17T14:15:27.764+0800][59461][gc,metaspace] GC(72) Metaspace: 4M used, 4M capacity, 5M committed, 8M reserved
[2018-12-17T14:15:27.764+0800][59461][gc,ref      ] GC(72) Soft: 88 encountered, 0 discovered, 0 enqueued
[2018-12-17T14:15:27.764+0800][59461][gc,ref      ] GC(72) Weak: 168 encountered, 108 discovered, 0 enqueued
[2018-12-17T14:15:27.764+0800][59461][gc,ref      ] GC(72) Final: 0 encountered, 0 discovered, 0 enqueued
[2018-12-17T14:15:27.764+0800][59461][gc,ref      ] GC(72) Phantom: 1 encountered, 1 discovered, 0 enqueued
[2018-12-17T14:15:27.764+0800][59461][gc,heap     ] GC(72)                Mark Start          Mark End        Relocate Start      Relocate End           High               Low         
[2018-12-17T14:15:27.764+0800][59461][gc,heap     ] GC(72)  Capacity:     1024M (100%)       1024M (100%)       1024M (100%)       1024M (100%)       1024M (100%)       1024M (100%)   
[2018-12-17T14:15:27.764+0800][59461][gc,heap     ] GC(72)   Reserve:       42M (4%)           42M (4%)           42M (4%)           42M (4%)           42M (4%)           42M (4%)     
[2018-12-17T14:15:27.764+0800][59461][gc,heap     ] GC(72)      Free:      204M (20%)           8M (1%)           38M (4%)           28M (3%)          204M (20%)           8M (1%)     
[2018-12-17T14:15:27.764+0800][59461][gc,heap     ] GC(72)      Used:      778M (76%)         974M (95%)         944M (92%)         954M (93%)         974M (95%)         778M (76%)    
[2018-12-17T14:15:27.764+0800][59461][gc,heap     ] GC(72)      Live:         -               689M (67%)         689M (67%)         689M (67%)            -                  -          
[2018-12-17T14:15:27.764+0800][59461][gc,heap     ] GC(72) Allocated:         -               196M (19%)         206M (20%)         216M (21%)            -                  -          
[2018-12-17T14:15:27.764+0800][59461][gc,heap     ] GC(72)   Garbage:         -                88M (9%)           48M (5%)           48M (5%)             -                  -          
[2018-12-17T14:15:27.764+0800][59461][gc,heap     ] GC(72) Reclaimed:         -                  -                40M (4%)           40M (4%)             -                  -          
[2018-12-17T14:15:27.764+0800][59461][gc          ] GC(72) Garbage Collection (Allocation Rate) 778M(76%)->954M(93%)
[2018-12-17T14:15:27.766+0800][59461][gc,start    ] GC(73) Garbage Collection (Allocation Rate)
[2018-12-17T14:15:27.767+0800][59468][gc,phases   ] GC(73) Pause Mark Start 0.095ms
[2018-12-17T14:15:28.184+0800][59461][gc,phases   ] GC(73) Concurrent Mark 416.838ms
[2018-12-17T14:15:28.184+0800][59468][gc,phases   ] GC(73) Pause Mark End 0.085ms
[2018-12-17T14:15:28.184+0800][59461][gc,phases   ] GC(73) Concurrent Process Non-Strong References 0.113ms
[2018-12-17T14:15:28.184+0800][59461][gc,phases   ] GC(73) Concurrent Reset Relocation Set 0.000ms
[2018-12-17T14:15:28.184+0800][59461][gc,phases   ] GC(73) Concurrent Destroy Detached Pages 0.001ms
[2018-12-17T14:15:28.185+0800][59461][gc,phases   ] GC(73) Concurrent Select Relocation Set 1.246ms
[2018-12-17T14:15:28.185+0800][59454][gc          ] Allocation Stall (main) 418.539ms
[2018-12-17T14:15:28.186+0800][59461][gc,phases   ] GC(73) Concurrent Prepare Relocation Set 0.410ms
[2018-12-17T14:15:28.188+0800][59468][gc,phases   ] GC(73) Pause Relocate Start 0.054ms
[2018-12-17T14:15:28.205+0800][59461][gc,phases   ] GC(73) Concurrent Relocate 17.381ms
[2018-12-17T14:15:28.205+0800][59461][gc,load     ] GC(73) Load: 1.18/0.90/0.93
[2018-12-17T14:15:28.205+0800][59461][gc,mmu      ] GC(73) MMU: 2ms/6.8%, 5ms/60.6%, 10ms/80.3%, 20ms/90.2%, 50ms/96.1%, 100ms/97.9%
[2018-12-17T14:15:28.205+0800][59461][gc,marking  ] GC(73) Mark: 1 stripe(s), 1 proactive flush(es), 1 terminate flush(es), 0 completion(s), 0 continuation(s) 
[2018-12-17T14:15:28.205+0800][59461][gc,reloc    ] GC(73) Relocation: Successful, 53M relocated
[2018-12-17T14:15:28.205+0800][59461][gc,nmethod  ] GC(73) NMethods: 39 registered, 0 unregistered
[2018-12-17T14:15:28.205+0800][59461][gc,metaspace] GC(73) Metaspace: 4M used, 4M capacity, 5M committed, 8M reserved
[2018-12-17T14:15:28.205+0800][59461][gc,ref      ] GC(73) Soft: 88 encountered, 0 discovered, 0 enqueued
[2018-12-17T14:15:28.206+0800][59461][gc,ref      ] GC(73) Weak: 168 encountered, 132 discovered, 0 enqueued
[2018-12-17T14:15:28.206+0800][59461][gc,ref      ] GC(73) Final: 0 encountered, 0 discovered, 0 enqueued
[2018-12-17T14:15:28.206+0800][59461][gc,ref      ] GC(73) Phantom: 1 encountered, 1 discovered, 0 enqueued
[2018-12-17T14:15:28.206+0800][59461][gc,heap     ] GC(73)                Mark Start          Mark End        Relocate Start      Relocate End           High               Low         
[2018-12-17T14:15:28.206+0800][59461][gc,heap     ] GC(73)  Capacity:     1024M (100%)       1024M (100%)       1024M (100%)       1024M (100%)       1024M (100%)       1024M (100%)   
[2018-12-17T14:15:28.206+0800][59461][gc,heap     ] GC(73)   Reserve:       42M (4%)           42M (4%)           42M (4%)           42M (4%)           42M (4%)           42M (4%)     
[2018-12-17T14:15:28.206+0800][59461][gc,heap     ] GC(73)      Free:        8M (1%)            8M (1%)          158M (15%)         112M (11%)         158M (15%)           8M (1%)     
[2018-12-17T14:15:28.206+0800][59461][gc,heap     ] GC(73)      Used:      974M (95%)         974M (95%)         824M (80%)         870M (85%)         974M (95%)         824M (80%)    
[2018-12-17T14:15:28.206+0800][59461][gc,heap     ] GC(73)      Live:         -               720M (70%)         720M (70%)         720M (70%)            -                  -          
[2018-12-17T14:15:28.206+0800][59461][gc,heap     ] GC(73) Allocated:         -                 0M (0%)           10M (1%)          124M (12%)            -                  -          
[2018-12-17T14:15:28.206+0800][59461][gc,heap     ] GC(73)   Garbage:         -               253M (25%)          93M (9%)           59M (6%)             -                  -          
[2018-12-17T14:15:28.206+0800][59461][gc,heap     ] GC(73) Reclaimed:         -                  -               160M (16%)         194M (19%)            -                  -          
[2018-12-17T14:15:28.206+0800][59461][gc          ] GC(73) Garbage Collection (Allocation Rate) 974M(95%)->870M(85%)
[2018-12-17T14:15:28.219+0800][59454][gc,heap     ] Page Cache Flushed: 10M requested, 32M(68M->36M) flushed
[2018-12-17T14:15:28.224+0800][59454][gc,heap     ] Page Cache Flushed: 10M requested, 32M(36M->4M) flushed
[2018-12-17T14:15:28.231+0800][59454][gc,heap     ] Page Cache Flushed: 2M requested, 2M(4M->2M) flushed
[2018-12-17T14:15:28.234+0800][59461][gc,start    ] GC(74) Garbage Collection (Allocation Stall)
[2018-12-17T14:15:28.234+0800][59468][gc,ref      ] GC(74) Clearing All Soft References
[2018-12-17T14:15:28.234+0800][59468][gc,phases   ] GC(74) Pause Mark Start 0.079ms
[2018-12-17T14:15:28.491+0800][59461][gc,phases   ] GC(74) Concurrent Mark 256.836ms
[2018-12-17T14:15:28.491+0800][59468][gc,phases   ] GC(74) Pause Mark End 0.073ms
[2018-12-17T14:15:28.492+0800][59461][gc,phases   ] GC(74) Concurrent Process Non-Strong References 0.080ms
[2018-12-17T14:15:28.492+0800][59461][gc,phases   ] GC(74) Concurrent Reset Relocation Set 0.003ms
[2018-12-17T14:15:28.492+0800][59461][gc,phases   ] GC(74) Concurrent Destroy Detached Pages 0.005ms
[2018-12-17T14:15:28.493+0800][59461][gc,phases   ] GC(74) Concurrent Select Relocation Set 1.286ms
[2018-12-17T14:15:28.493+0800][59454][gc          ] Allocation Stall (main) 258.702ms
[2018-12-17T14:15:28.493+0800][59461][gc,phases   ] GC(74) Concurrent Prepare Relocation Set 0.000ms
[2018-12-17T14:15:28.494+0800][59468][gc,phases   ] GC(74) Pause Relocate Start 0.048ms
[2018-12-17T14:15:28.494+0800][59461][gc,phases   ] GC(74) Concurrent Relocate 0.019ms
[2018-12-17T14:15:28.494+0800][59461][gc,load     ] GC(74) Load: 1.18/0.90/0.93
[2018-12-17T14:15:28.494+0800][59461][gc,mmu      ] GC(74) MMU: 2ms/6.8%, 5ms/60.6%, 10ms/80.3%, 20ms/90.2%, 50ms/96.1%, 100ms/97.9%
[2018-12-17T14:15:28.494+0800][59461][gc,marking  ] GC(74) Mark: 4 stripe(s), 10 proactive flush(es), 1 terminate flush(es), 0 completion(s), 0 continuation(s) 
[2018-12-17T14:15:28.494+0800][59461][gc,reloc    ] GC(74) Relocation: Successful, 53M relocated
[2018-12-17T14:15:28.494+0800][59461][gc,nmethod  ] GC(74) NMethods: 39 registered, 0 unregistered
[2018-12-17T14:15:28.494+0800][59461][gc,metaspace] GC(74) Metaspace: 4M used, 4M capacity, 5M committed, 8M reserved
[2018-12-17T14:15:28.494+0800][59461][gc,ref      ] GC(74) Soft: 88 encountered, 13 discovered, 0 enqueued
[2018-12-17T14:15:28.494+0800][59461][gc,ref      ] GC(74) Weak: 168 encountered, 34 discovered, 0 enqueued
[2018-12-17T14:15:28.494+0800][59461][gc,ref      ] GC(74) Final: 0 encountered, 0 discovered, 0 enqueued
[2018-12-17T14:15:28.494+0800][59461][gc,ref      ] GC(74) Phantom: 1 encountered, 1 discovered, 0 enqueued
[2018-12-17T14:15:28.494+0800][59461][gc,heap     ] GC(74)                Mark Start          Mark End        Relocate Start      Relocate End           High               Low         
[2018-12-17T14:15:28.494+0800][59461][gc,heap     ] GC(74)  Capacity:     1024M (100%)       1024M (100%)       1024M (100%)       1024M (100%)       1024M (100%)       1024M (100%)   
[2018-12-17T14:15:28.494+0800][59461][gc,heap     ] GC(74)   Reserve:       42M (4%)           42M (4%)           42M (4%)           42M (4%)           42M (4%)           42M (4%)     
[2018-12-17T14:15:28.494+0800][59461][gc,heap     ] GC(74)      Free:        2M (0%)            2M (0%)          192M (19%)         182M (18%)         192M (19%)           2M (0%)     
[2018-12-17T14:15:28.494+0800][59461][gc,heap     ] GC(74)      Used:      980M (96%)         980M (96%)         790M (77%)         800M (78%)         980M (96%)         790M (77%)    
[2018-12-17T14:15:28.494+0800][59461][gc,heap     ] GC(74)      Live:         -               720M (70%)         720M (70%)         720M (70%)            -                  -          
[2018-12-17T14:15:28.494+0800][59461][gc,heap     ] GC(74) Allocated:         -                 0M (0%)           10M (1%)           20M (2%)             -                  -          
[2018-12-17T14:15:28.494+0800][59461][gc,heap     ] GC(74)   Garbage:         -               259M (25%)          59M (6%)           59M (6%)             -                  -          
[2018-12-17T14:15:28.494+0800][59461][gc,heap     ] GC(74) Reclaimed:         -                  -               200M (20%)         200M (20%)            -                  -          
[2018-12-17T14:15:28.494+0800][59461][gc          ] GC(74) Garbage Collection (Allocation Stall) 980M(96%)->800M(78%)
[2018-12-17T14:15:28.512+0800][59461][gc,start    ] GC(75) Garbage Collection (Allocation Stall)
[2018-12-17T14:15:28.512+0800][59468][gc,ref      ] GC(75) Clearing All Soft References
[2018-12-17T14:15:28.513+0800][59468][gc,phases   ] GC(75) Pause Mark Start 0.092ms
[2018-12-17T14:15:28.762+0800][59461][gc,phases   ] GC(75) Concurrent Mark 248.937ms
[2018-12-17T14:15:28.762+0800][59468][gc,phases   ] GC(75) Pause Mark End 0.076ms
[2018-12-17T14:15:28.762+0800][59461][gc,phases   ] GC(75) Concurrent Process Non-Strong References 0.093ms
[2018-12-17T14:15:28.762+0800][59461][gc,phases   ] GC(75) Concurrent Reset Relocation Set 0.001ms
[2018-12-17T14:15:28.762+0800][59461][gc,phases   ] GC(75) Concurrent Destroy Detached Pages 0.001ms
[2018-12-17T14:15:28.763+0800][59454][gc          ] Allocation Stall (main) 250.853ms
[2018-12-17T14:15:28.763+0800][59461][gc,phases   ] GC(75) Concurrent Select Relocation Set 1.274ms
[2018-12-17T14:15:28.763+0800][59461][gc,phases   ] GC(75) Concurrent Prepare Relocation Set 0.000ms
[2018-12-17T14:15:28.764+0800][59468][gc,phases   ] GC(75) Pause Relocate Start 0.050ms
[2018-12-17T14:15:28.764+0800][59461][gc,phases   ] GC(75) Concurrent Relocate 0.017ms
[2018-12-17T14:15:28.764+0800][59461][gc,load     ] GC(75) Load: 1.18/0.90/0.93
[2018-12-17T14:15:28.764+0800][59461][gc,mmu      ] GC(75) MMU: 2ms/6.8%, 5ms/60.6%, 10ms/80.3%, 20ms/90.2%, 50ms/96.1%, 100ms/97.9%
[2018-12-17T14:15:28.764+0800][59461][gc,marking  ] GC(75) Mark: 4 stripe(s), 10 proactive flush(es), 1 terminate flush(es), 0 completion(s), 0 continuation(s) 
[2018-12-17T14:15:28.764+0800][59461][gc,reloc    ] GC(75) Relocation: Successful, 53M relocated
[2018-12-17T14:15:28.764+0800][59461][gc,nmethod  ] GC(75) NMethods: 39 registered, 0 unregistered
[2018-12-17T14:15:28.764+0800][59461][gc,metaspace] GC(75) Metaspace: 4M used, 4M capacity, 5M committed, 8M reserved
[2018-12-17T14:15:28.764+0800][59461][gc,ref      ] GC(75) Soft: 88 encountered, 34 discovered, 0 enqueued
[2018-12-17T14:15:28.764+0800][59461][gc,ref      ] GC(75) Weak: 168 encountered, 144 discovered, 0 enqueued
[2018-12-17T14:15:28.764+0800][59461][gc,ref      ] GC(75) Final: 0 encountered, 0 discovered, 0 enqueued
[2018-12-17T14:15:28.764+0800][59461][gc,ref      ] GC(75) Phantom: 1 encountered, 1 discovered, 0 enqueued
[2018-12-17T14:15:28.764+0800][59461][gc,heap     ] GC(75)                Mark Start          Mark End        Relocate Start      Relocate End           High               Low         
[2018-12-17T14:15:28.764+0800][59461][gc,heap     ] GC(75)  Capacity:     1024M (100%)       1024M (100%)       1024M (100%)       1024M (100%)       1024M (100%)       1024M (100%)   
[2018-12-17T14:15:28.764+0800][59461][gc,heap     ] GC(75)   Reserve:       42M (4%)           42M (4%)           42M (4%)           42M (4%)           42M (4%)           42M (4%)     
[2018-12-17T14:15:28.764+0800][59461][gc,heap     ] GC(75)      Free:        2M (0%)            2M (0%)          192M (19%)         182M (18%)         192M (19%)           2M (0%)     
[2018-12-17T14:15:28.764+0800][59461][gc,heap     ] GC(75)      Used:      980M (96%)         980M (96%)         790M (77%)         800M (78%)         980M (96%)         790M (77%)    
[2018-12-17T14:15:28.764+0800][59461][gc,heap     ] GC(75)      Live:         -               720M (70%)         720M (70%)         720M (70%)            -                  -          
[2018-12-17T14:15:28.764+0800][59461][gc,heap     ] GC(75) Allocated:         -                 0M (0%)           10M (1%)           20M (2%)             -                  -          
[2018-12-17T14:15:28.764+0800][59461][gc,heap     ] GC(75)   Garbage:         -               259M (25%)          59M (6%)           59M (6%)             -                  -          
[2018-12-17T14:15:28.764+0800][59461][gc,heap     ] GC(75) Reclaimed:         -                  -               200M (20%)         200M (20%)            -                  -          
[2018-12-17T14:15:28.764+0800][59461][gc          ] GC(75) Garbage Collection (Allocation Stall) 980M(96%)->800M(78%)
[2018-12-17T14:15:28.766+0800][59461][gc,start    ] GC(76) Garbage Collection (Allocation Rate)
[2018-12-17T14:15:28.766+0800][59468][gc,phases   ] GC(76) Pause Mark Start 0.054ms
[2018-12-17T14:15:29.180+0800][59461][gc,phases   ] GC(76) Concurrent Mark 414.001ms
[2018-12-17T14:15:29.181+0800][59468][gc,phases   ] GC(76) Pause Mark End 0.081ms
[2018-12-17T14:15:29.181+0800][59461][gc,phases   ] GC(76) Concurrent Process Non-Strong References 0.126ms
[2018-12-17T14:15:29.181+0800][59461][gc,phases   ] GC(76) Concurrent Reset Relocation Set 0.001ms
[2018-12-17T14:15:29.181+0800][59461][gc,phases   ] GC(76) Concurrent Destroy Detached Pages 0.001ms
[2018-12-17T14:15:29.182+0800][59454][gc          ] Allocation Stall (main) 393.968ms
[2018-12-17T14:15:29.182+0800][59461][gc,phases   ] GC(76) Concurrent Select Relocation Set 1.228ms
[2018-12-17T14:15:29.182+0800][59461][gc,phases   ] GC(76) Concurrent Prepare Relocation Set 0.000ms
[2018-12-17T14:15:29.183+0800][59468][gc,phases   ] GC(76) Pause Relocate Start 0.051ms
[2018-12-17T14:15:29.183+0800][59461][gc,phases   ] GC(76) Concurrent Relocate 0.025ms
[2018-12-17T14:15:29.183+0800][59461][gc,load     ] GC(76) Load: 1.18/0.90/0.93
[2018-12-17T14:15:29.183+0800][59461][gc,mmu      ] GC(76) MMU: 2ms/6.8%, 5ms/60.6%, 10ms/80.3%, 20ms/90.2%, 50ms/96.1%, 100ms/97.9%
[2018-12-17T14:15:29.183+0800][59461][gc,marking  ] GC(76) Mark: 1 stripe(s), 1 proactive flush(es), 1 terminate flush(es), 0 completion(s), 0 continuation(s) 
[2018-12-17T14:15:29.183+0800][59461][gc,reloc    ] GC(76) Relocation: Successful, 53M relocated
[2018-12-17T14:15:29.183+0800][59461][gc,nmethod  ] GC(76) NMethods: 39 registered, 0 unregistered
[2018-12-17T14:15:29.183+0800][59461][gc,metaspace] GC(76) Metaspace: 4M used, 4M capacity, 5M committed, 8M reserved
[2018-12-17T14:15:29.183+0800][59461][gc,ref      ] GC(76) Soft: 88 encountered, 0 discovered, 0 enqueued
[2018-12-17T14:15:29.183+0800][59461][gc,ref      ] GC(76) Weak: 168 encountered, 132 discovered, 0 enqueued
[2018-12-17T14:15:29.183+0800][59461][gc,ref      ] GC(76) Final: 0 encountered, 0 discovered, 0 enqueued
[2018-12-17T14:15:29.183+0800][59461][gc,ref      ] GC(76) Phantom: 1 encountered, 1 discovered, 0 enqueued
[2018-12-17T14:15:29.183+0800][59461][gc,heap     ] GC(76)                Mark Start          Mark End        Relocate Start      Relocate End           High               Low         
[2018-12-17T14:15:29.183+0800][59461][gc,heap     ] GC(76)  Capacity:     1024M (100%)       1024M (100%)       1024M (100%)       1024M (100%)       1024M (100%)       1024M (100%)   
[2018-12-17T14:15:29.183+0800][59461][gc,heap     ] GC(76)   Reserve:       42M (4%)           42M (4%)           42M (4%)           42M (4%)           42M (4%)           42M (4%)     
[2018-12-17T14:15:29.183+0800][59461][gc,heap     ] GC(76)      Free:      172M (17%)           2M (0%)           22M (2%)           12M (1%)          172M (17%)           2M (0%)     
[2018-12-17T14:15:29.183+0800][59461][gc,heap     ] GC(76)      Used:      810M (79%)         980M (96%)         960M (94%)         970M (95%)         980M (96%)         810M (79%)    
[2018-12-17T14:15:29.183+0800][59461][gc,heap     ] GC(76)      Live:         -               720M (70%)         720M (70%)         720M (70%)            -                  -          
[2018-12-17T14:15:29.183+0800][59461][gc,heap     ] GC(76) Allocated:         -               170M (17%)         180M (18%)         190M (19%)            -                  -          
[2018-12-17T14:15:29.183+0800][59461][gc,heap     ] GC(76)   Garbage:         -                89M (9%)           59M (6%)           59M (6%)             -                  -          
[2018-12-17T14:15:29.183+0800][59461][gc,heap     ] GC(76) Reclaimed:         -                  -                30M (3%)           30M (3%)             -                  -          
[2018-12-17T14:15:29.183+0800][59461][gc          ] GC(76) Garbage Collection (Allocation Rate) 810M(79%)->970M(95%)
[2018-12-17T14:15:29.185+0800][59461][gc,start    ] GC(77) Garbage Collection (Allocation Stall)
[2018-12-17T14:15:29.185+0800][59468][gc,ref      ] GC(77) Clearing All Soft References
[2018-12-17T14:15:29.185+0800][59468][gc,phases   ] GC(77) Pause Mark Start 0.085ms
[2018-12-17T14:15:29.426+0800][59461][gc,phases   ] GC(77) Concurrent Mark 240.420ms
[2018-12-17T14:15:29.426+0800][59468][gc,phases   ] GC(77) Pause Mark End 0.067ms
[2018-12-17T14:15:29.426+0800][59461][gc,phases   ] GC(77) Concurrent Process Non-Strong References 0.098ms
[2018-12-17T14:15:29.426+0800][59461][gc,phases   ] GC(77) Concurrent Reset Relocation Set 0.000ms
[2018-12-17T14:15:29.426+0800][59461][gc,phases   ] GC(77) Concurrent Destroy Detached Pages 0.000ms
[2018-12-17T14:15:29.427+0800][59461][gc,phases   ] GC(77) Concurrent Select Relocation Set 1.252ms
[2018-12-17T14:15:29.427+0800][59454][gc          ] Allocation Stall (main) 242.247ms
[2018-12-17T14:15:29.427+0800][59461][gc,phases   ] GC(77) Concurrent Prepare Relocation Set 0.000ms
[2018-12-17T14:15:29.428+0800][59468][gc,phases   ] GC(77) Pause Relocate Start 0.052ms
[2018-12-17T14:15:29.428+0800][59461][gc,phases   ] GC(77) Concurrent Relocate 0.016ms
[2018-12-17T14:15:29.428+0800][59461][gc,load     ] GC(77) Load: 1.18/0.90/0.93
[2018-12-17T14:15:29.428+0800][59461][gc,mmu      ] GC(77) MMU: 2ms/6.8%, 5ms/60.6%, 10ms/80.3%, 20ms/90.2%, 50ms/96.1%, 100ms/97.9%
[2018-12-17T14:15:29.428+0800][59461][gc,marking  ] GC(77) Mark: 4 stripe(s), 10 proactive flush(es), 1 terminate flush(es), 0 completion(s), 0 continuation(s) 
[2018-12-17T14:15:29.428+0800][59461][gc,reloc    ] GC(77) Relocation: Successful, 53M relocated
[2018-12-17T14:15:29.428+0800][59461][gc,nmethod  ] GC(77) NMethods: 39 registered, 0 unregistered
[2018-12-17T14:15:29.428+0800][59461][gc,metaspace] GC(77) Metaspace: 4M used, 4M capacity, 5M committed, 8M reserved
[2018-12-17T14:15:29.428+0800][59461][gc,ref      ] GC(77) Soft: 88 encountered, 37 discovered, 0 enqueued
[2018-12-17T14:15:29.428+0800][59461][gc,ref      ] GC(77) Weak: 168 encountered, 148 discovered, 0 enqueued
[2018-12-17T14:15:29.428+0800][59461][gc,ref      ] GC(77) Final: 0 encountered, 0 discovered, 0 enqueued
[2018-12-17T14:15:29.429+0800][59461][gc,ref      ] GC(77) Phantom: 1 encountered, 1 discovered, 0 enqueued
[2018-12-17T14:15:29.429+0800][59461][gc,heap     ] GC(77)                Mark Start          Mark End        Relocate Start      Relocate End           High               Low         
[2018-12-17T14:15:29.429+0800][59461][gc,heap     ] GC(77)  Capacity:     1024M (100%)       1024M (100%)       1024M (100%)       1024M (100%)       1024M (100%)       1024M (100%)   
[2018-12-17T14:15:29.429+0800][59461][gc,heap     ] GC(77)   Reserve:       42M (4%)           42M (4%)           42M (4%)           42M (4%)           42M (4%)           42M (4%)     
[2018-12-17T14:15:29.429+0800][59461][gc,heap     ] GC(77)      Free:        2M (0%)            2M (0%)          192M (19%)         182M (18%)         192M (19%)           2M (0%)     
[2018-12-17T14:15:29.429+0800][59461][gc,heap     ] GC(77)      Used:      980M (96%)         980M (96%)         790M (77%)         800M (78%)         980M (96%)         790M (77%)    
[2018-12-17T14:15:29.429+0800][59461][gc,heap     ] GC(77)      Live:         -               720M (70%)         720M (70%)         720M (70%)            -                  -          
[2018-12-17T14:15:29.429+0800][59461][gc,heap     ] GC(77) Allocated:         -                 0M (0%)           10M (1%)           20M (2%)             -                  -          
[2018-12-17T14:15:29.429+0800][59461][gc,heap     ] GC(77)   Garbage:         -               259M (25%)          59M (6%)           59M (6%)             -                  -          
[2018-12-17T14:15:29.429+0800][59461][gc,heap     ] GC(77) Reclaimed:         -                  -               200M (20%)         200M (20%)            -                  -          
[2018-12-17T14:15:29.429+0800][59461][gc          ] GC(77) Garbage Collection (Allocation Stall) 980M(96%)->800M(78%)
[2018-12-17T14:15:29.447+0800][59461][gc,start    ] GC(78) Garbage Collection (Allocation Stall)
[2018-12-17T14:15:29.447+0800][59468][gc,ref      ] GC(78) Clearing All Soft References
[2018-12-17T14:15:29.447+0800][59468][gc,phases   ] GC(78) Pause Mark Start 0.115ms
[2018-12-17T14:15:29.702+0800][59461][gc,phases   ] GC(78) Concurrent Mark 255.204ms
[2018-12-17T14:15:29.702+0800][59468][gc,phases   ] GC(78) Pause Mark End 0.078ms
[2018-12-17T14:15:29.702+0800][59461][gc,phases   ] GC(78) Concurrent Process Non-Strong References 0.081ms
[2018-12-17T14:15:29.702+0800][59461][gc,phases   ] GC(78) Concurrent Reset Relocation Set 0.001ms
[2018-12-17T14:15:29.703+0800][59461][gc,phases   ] GC(78) Concurrent Destroy Detached Pages 0.001ms
[2018-12-17T14:15:29.704+0800][59454][gc          ] Allocation Stall (main) 257.887ms
[2018-12-17T14:15:29.704+0800][59461][gc,phases   ] GC(78) Concurrent Select Relocation Set 1.944ms
[2018-12-17T14:15:29.704+0800][59461][gc,phases   ] GC(78) Concurrent Prepare Relocation Set 0.000ms
[2018-12-17T14:15:29.706+0800][59468][gc,phases   ] GC(78) Pause Relocate Start 0.069ms
[2018-12-17T14:15:29.706+0800][59461][gc,phases   ] GC(78) Concurrent Relocate 0.014ms
[2018-12-17T14:15:29.706+0800][59461][gc,load     ] GC(78) Load: 1.18/0.90/0.93
[2018-12-17T14:15:29.706+0800][59461][gc,mmu      ] GC(78) MMU: 2ms/6.8%, 5ms/60.6%, 10ms/80.3%, 20ms/90.2%, 50ms/96.1%, 100ms/97.9%
[2018-12-17T14:15:29.706+0800][59461][gc,marking  ] GC(78) Mark: 4 stripe(s), 10 proactive flush(es), 1 terminate flush(es), 0 completion(s), 0 continuation(s) 
[2018-12-17T14:15:29.706+0800][59461][gc,reloc    ] GC(78) Relocation: Successful, 53M relocated
[2018-12-17T14:15:29.706+0800][59461][gc,nmethod  ] GC(78) NMethods: 39 registered, 0 unregistered
[2018-12-17T14:15:29.706+0800][59461][gc,metaspace] GC(78) Metaspace: 4M used, 4M capacity, 5M committed, 8M reserved
[2018-12-17T14:15:29.706+0800][59461][gc,ref      ] GC(78) Soft: 88 encountered, 34 discovered, 0 enqueued
[2018-12-17T14:15:29.706+0800][59461][gc,ref      ] GC(78) Weak: 168 encountered, 23 discovered, 0 enqueued
[2018-12-17T14:15:29.706+0800][59461][gc,ref      ] GC(78) Final: 0 encountered, 0 discovered, 0 enqueued
[2018-12-17T14:15:29.706+0800][59461][gc,ref      ] GC(78) Phantom: 1 encountered, 1 discovered, 0 enqueued
[2018-12-17T14:15:29.706+0800][59461][gc,heap     ] GC(78)                Mark Start          Mark End        Relocate Start      Relocate End           High               Low         
[2018-12-17T14:15:29.706+0800][59461][gc,heap     ] GC(78)  Capacity:     1024M (100%)       1024M (100%)       1024M (100%)       1024M (100%)       1024M (100%)       1024M (100%)   
[2018-12-17T14:15:29.706+0800][59461][gc,heap     ] GC(78)   Reserve:       42M (4%)           42M (4%)           42M (4%)           42M (4%)           42M (4%)           42M (4%)     
[2018-12-17T14:15:29.706+0800][59461][gc,heap     ] GC(78)      Free:        2M (0%)            2M (0%)          192M (19%)         192M (19%)         192M (19%)           2M (0%)     
[2018-12-17T14:15:29.706+0800][59461][gc,heap     ] GC(78)      Used:      980M (96%)         980M (96%)         790M (77%)         790M (77%)         980M (96%)         790M (77%)    
[2018-12-17T14:15:29.706+0800][59461][gc,heap     ] GC(78)      Live:         -               720M (70%)         720M (70%)         720M (70%)            -                  -          
[2018-12-17T14:15:29.706+0800][59461][gc,heap     ] GC(78) Allocated:         -                 0M (0%)           10M (1%)           10M (1%)             -                  -          
[2018-12-17T14:15:29.706+0800][59461][gc,heap     ] GC(78)   Garbage:         -               259M (25%)          59M (6%)           59M (6%)             -                  -          
[2018-12-17T14:15:29.706+0800][59461][gc,heap     ] GC(78) Reclaimed:         -                  -               200M (20%)         200M (20%)            -                  -          
[2018-12-17T14:15:29.706+0800][59461][gc          ] GC(78) Garbage Collection (Allocation Stall) 980M(96%)->790M(77%)
[2018-12-17T14:15:29.766+0800][59461][gc,start    ] GC(79) Garbage Collection (Allocation Rate)
[2018-12-17T14:15:29.766+0800][59468][gc,phases   ] GC(79) Pause Mark Start 0.068ms
[2018-12-17T14:15:29.807+0800][59454][gc,heap     ] Page Cache Flushed: 2M requested, 10M(190M->180M) flushed
[2018-12-17T14:15:29.812+0800][59454][gc,heap     ] Page Cache Flushed: 32M requested, 40M(180M->140M) flushed
[2018-12-17T14:15:29.823+0800][59454][gc,heap     ] Page Cache Flushed: 24M requested, 30M(140M->110M) flushed
[2018-12-17T14:15:30.181+0800][59461][gc,phases   ] GC(79) Concurrent Mark 415.353ms
[2018-12-17T14:15:30.182+0800][59468][gc,phases   ] GC(79) Pause Mark End 0.096ms
[2018-12-17T14:15:30.182+0800][59461][gc,phases   ] GC(79) Concurrent Process Non-Strong References 0.153ms
[2018-12-17T14:15:30.182+0800][59461][gc,phases   ] GC(79) Concurrent Reset Relocation Set 0.001ms
[2018-12-17T14:15:30.182+0800][59461][gc,phases   ] GC(79) Concurrent Destroy Detached Pages 0.010ms
[2018-12-17T14:15:30.184+0800][59461][gc,phases   ] GC(79) Concurrent Select Relocation Set 1.657ms
[2018-12-17T14:15:30.184+0800][59454][gc          ] Allocation Stall (main) 333.068ms
[2018-12-17T14:15:30.184+0800][59461][gc,phases   ] GC(79) Concurrent Prepare Relocation Set 0.000ms
[2018-12-17T14:15:30.187+0800][59468][gc,phases   ] GC(79) Pause Relocate Start 0.072ms
[2018-12-17T14:15:30.187+0800][59461][gc,phases   ] GC(79) Concurrent Relocate 0.028ms
[2018-12-17T14:15:30.187+0800][59461][gc,load     ] GC(79) Load: 1.18/0.90/0.93
[2018-12-17T14:15:30.187+0800][59461][gc,mmu      ] GC(79) MMU: 2ms/6.8%, 5ms/60.6%, 10ms/80.3%, 20ms/90.2%, 50ms/96.1%, 100ms/97.9%
[2018-12-17T14:15:30.187+0800][59461][gc,marking  ] GC(79) Mark: 1 stripe(s), 1 proactive flush(es), 1 terminate flush(es), 0 completion(s), 0 continuation(s) 
[2018-12-17T14:15:30.187+0800][59461][gc,reloc    ] GC(79) Relocation: Successful, 53M relocated
[2018-12-17T14:15:30.187+0800][59461][gc,nmethod  ] GC(79) NMethods: 39 registered, 0 unregistered
[2018-12-17T14:15:30.187+0800][59461][gc,metaspace] GC(79) Metaspace: 4M used, 4M capacity, 5M committed, 8M reserved
[2018-12-17T14:15:30.187+0800][59461][gc,ref      ] GC(79) Soft: 88 encountered, 0 discovered, 0 enqueued
[2018-12-17T14:15:30.187+0800][59461][gc,ref      ] GC(79) Weak: 168 encountered, 108 discovered, 0 enqueued
[2018-12-17T14:15:30.187+0800][59461][gc,ref      ] GC(79) Final: 0 encountered, 0 discovered, 0 enqueued
[2018-12-17T14:15:30.187+0800][59461][gc,ref      ] GC(79) Phantom: 1 encountered, 1 discovered, 0 enqueued
[2018-12-17T14:15:30.187+0800][59461][gc,heap     ] GC(79)                Mark Start          Mark End        Relocate Start      Relocate End           High               Low         
[2018-12-17T14:15:30.187+0800][59461][gc,heap     ] GC(79)  Capacity:     1024M (100%)       1024M (100%)       1024M (100%)       1024M (100%)       1024M (100%)       1024M (100%)   
[2018-12-17T14:15:30.187+0800][59461][gc,heap     ] GC(79)   Reserve:       42M (4%)           42M (4%)           42M (4%)           42M (4%)           42M (4%)           42M (4%)     
[2018-12-17T14:15:30.187+0800][59461][gc,heap     ] GC(79)      Free:      192M (19%)           6M (1%)            6M (1%)            6M (1%)          192M (19%)           6M (1%)     
[2018-12-17T14:15:30.187+0800][59461][gc,heap     ] GC(79)      Used:      790M (77%)         976M (95%)         976M (95%)         976M (95%)         976M (95%)         790M (77%)    
[2018-12-17T14:15:30.187+0800][59461][gc,heap     ] GC(79)      Live:         -               720M (70%)         720M (70%)         720M (70%)            -                  -          
[2018-12-17T14:15:30.187+0800][59461][gc,heap     ] GC(79) Allocated:         -               186M (18%)         196M (19%)         196M (19%)            -                  -          
[2018-12-17T14:15:30.187+0800][59461][gc,heap     ] GC(79)   Garbage:         -                69M (7%)           59M (6%)           59M (6%)             -                  -          
[2018-12-17T14:15:30.187+0800][59461][gc,heap     ] GC(79) Reclaimed:         -                  -                10M (1%)           10M (1%)             -                  -          
[2018-12-17T14:15:30.187+0800][59461][gc          ] GC(79) Garbage Collection (Allocation Rate) 790M(77%)->976M(95%)
[2018-12-17T14:15:30.187+0800][59461][gc,start    ] GC(80) Garbage Collection (Allocation Stall)
[2018-12-17T14:15:30.187+0800][59468][gc,ref      ] GC(80) Clearing All Soft References
[2018-12-17T14:15:30.187+0800][59468][gc,phases   ] GC(80) Pause Mark Start 0.097ms
[2018-12-17T14:15:30.455+0800][59461][gc,phases   ] GC(80) Concurrent Mark 267.372ms
[2018-12-17T14:15:30.455+0800][59468][gc,phases   ] GC(80) Pause Mark End 0.081ms
[2018-12-17T14:15:30.455+0800][59461][gc,phases   ] GC(80) Concurrent Process Non-Strong References 0.097ms
[2018-12-17T14:15:30.455+0800][59461][gc,phases   ] GC(80) Concurrent Reset Relocation Set 0.000ms
[2018-12-17T14:15:30.455+0800][59461][gc,phases   ] GC(80) Concurrent Destroy Detached Pages 0.001ms
[2018-12-17T14:15:30.456+0800][59461][gc,phases   ] GC(80) Concurrent Select Relocation Set 1.302ms
[2018-12-17T14:15:30.456+0800][59454][gc          ] Allocation Stall (main) 269.492ms
[2018-12-17T14:15:30.456+0800][59461][gc,phases   ] GC(80) Concurrent Prepare Relocation Set 0.001ms
[2018-12-17T14:15:30.458+0800][59468][gc,phases   ] GC(80) Pause Relocate Start 0.071ms
[2018-12-17T14:15:30.458+0800][59455][gc,heap     ] GC(80) Page Cache Flushed: 16M requested, 20M(100M->80M) flushed
[2018-12-17T14:15:30.468+0800][59461][gc,phases   ] GC(80) Concurrent Relocate 9.728ms
[2018-12-17T14:15:30.468+0800][59461][gc,load     ] GC(80) Load: 1.18/0.90/0.93
[2018-12-17T14:15:30.468+0800][59461][gc,mmu      ] GC(80) MMU: 2ms/6.8%, 5ms/60.6%, 10ms/80.3%, 20ms/90.2%, 50ms/96.1%, 100ms/97.9%
[2018-12-17T14:15:30.468+0800][59461][gc,marking  ] GC(80) Mark: 4 stripe(s), 10 proactive flush(es), 1 terminate flush(es), 0 completion(s), 0 continuation(s) 
[2018-12-17T14:15:30.468+0800][59461][gc,reloc    ] GC(80) Relocation: Successful, 74M relocated
[2018-12-17T14:15:30.468+0800][59461][gc,nmethod  ] GC(80) NMethods: 39 registered, 0 unregistered
[2018-12-17T14:15:30.468+0800][59461][gc,metaspace] GC(80) Metaspace: 4M used, 4M capacity, 5M committed, 8M reserved
[2018-12-17T14:15:30.468+0800][59461][gc,ref      ] GC(80) Soft: 88 encountered, 13 discovered, 0 enqueued
[2018-12-17T14:15:30.468+0800][59461][gc,ref      ] GC(80) Weak: 168 encountered, 83 discovered, 0 enqueued
[2018-12-17T14:15:30.468+0800][59461][gc,ref      ] GC(80) Final: 0 encountered, 0 discovered, 0 enqueued
[2018-12-17T14:15:30.468+0800][59461][gc,ref      ] GC(80) Phantom: 1 encountered, 1 discovered, 0 enqueued
[2018-12-17T14:15:30.468+0800][59461][gc,heap     ] GC(80)                Mark Start          Mark End        Relocate Start      Relocate End           High               Low         
[2018-12-17T14:15:30.468+0800][59461][gc,heap     ] GC(80)  Capacity:     1024M (100%)       1024M (100%)       1024M (100%)       1024M (100%)       1024M (100%)       1024M (100%)   
[2018-12-17T14:15:30.468+0800][59461][gc,heap     ] GC(80)   Reserve:       42M (4%)           42M (4%)           42M (4%)           42M (4%)           42M (4%)           42M (4%)     
[2018-12-17T14:15:30.468+0800][59461][gc,heap     ] GC(80)      Free:        6M (1%)            6M (1%)          116M (11%)          88M (9%)          116M (11%)           6M (1%)     
[2018-12-17T14:15:30.468+0800][59461][gc,heap     ] GC(80)      Used:      976M (95%)         976M (95%)         866M (85%)         894M (87%)         976M (95%)         866M (85%)    
[2018-12-17T14:15:30.468+0800][59461][gc,heap     ] GC(80)      Live:         -               751M (73%)         751M (73%)         751M (73%)            -                  -          
[2018-12-17T14:15:30.468+0800][59461][gc,heap     ] GC(80) Allocated:         -                 0M (0%)           10M (1%)          134M (13%)            -                  -          
[2018-12-17T14:15:30.468+0800][59461][gc,heap     ] GC(80)   Garbage:         -               224M (22%)         104M (10%)         104M (10%)            -                  -          
[2018-12-17T14:15:30.468+0800][59461][gc,heap     ] GC(80) Reclaimed:         -                  -               120M (12%)         120M (12%)            -                  -          
[2018-12-17T14:15:30.468+0800][59461][gc          ] GC(80) Garbage Collection (Allocation Stall) 976M(95%)->894M(87%)
[2018-12-17T14:15:30.475+0800][59454][gc,heap     ] Page Cache Flushed: 10M requested, 32M(96M->64M) flushed
[2018-12-17T14:15:30.479+0800][59454][gc,heap     ] Page Cache Flushed: 10M requested, 32M(64M->32M) flushed
[2018-12-17T14:15:30.483+0800][59454][gc,heap     ] Page Cache Flushed: 4M requested, 32M(32M->0M) flushed
[2018-12-17T14:15:30.494+0800][59461][gc,start    ] GC(81) Garbage Collection (Allocation Stall)
[2018-12-17T14:15:30.494+0800][59468][gc,ref      ] GC(81) Clearing All Soft References
[2018-12-17T14:15:30.494+0800][59468][gc,phases   ] GC(81) Pause Mark Start 0.094ms
[2018-12-17T14:15:30.768+0800][59461][gc,phases   ] GC(81) Concurrent Mark 274.255ms
[2018-12-17T14:15:30.768+0800][59468][gc,phases   ] GC(81) Pause Mark End 0.075ms
[2018-12-17T14:15:30.769+0800][59461][gc,phases   ] GC(81) Concurrent Process Non-Strong References 0.080ms
[2018-12-17T14:15:30.769+0800][59461][gc,phases   ] GC(81) Concurrent Reset Relocation Set 0.003ms
[2018-12-17T14:15:30.769+0800][59461][gc,phases   ] GC(81) Concurrent Destroy Detached Pages 0.009ms
[2018-12-17T14:15:30.770+0800][59461][gc,phases   ] GC(81) Concurrent Select Relocation Set 1.612ms
[2018-12-17T14:15:30.770+0800][59454][gc          ] Allocation Stall (main) 276.562ms
[2018-12-17T14:15:30.770+0800][59461][gc,phases   ] GC(81) Concurrent Prepare Relocation Set 0.001ms
[2018-12-17T14:15:30.772+0800][59468][gc,phases   ] GC(81) Pause Relocate Start 0.051ms
[2018-12-17T14:15:30.772+0800][59461][gc,phases   ] GC(81) Concurrent Relocate 0.023ms
[2018-12-17T14:15:30.772+0800][59461][gc,load     ] GC(81) Load: 1.18/0.90/0.93
[2018-12-17T14:15:30.772+0800][59461][gc,mmu      ] GC(81) MMU: 2ms/6.8%, 5ms/60.6%, 10ms/80.3%, 20ms/90.2%, 50ms/96.1%, 100ms/97.9%
[2018-12-17T14:15:30.772+0800][59461][gc,marking  ] GC(81) Mark: 4 stripe(s), 10 proactive flush(es), 1 terminate flush(es), 0 completion(s), 0 continuation(s) 
[2018-12-17T14:15:30.772+0800][59461][gc,reloc    ] GC(81) Relocation: Successful, 74M relocated
[2018-12-17T14:15:30.772+0800][59461][gc,nmethod  ] GC(81) NMethods: 39 registered, 0 unregistered
[2018-12-17T14:15:30.772+0800][59461][gc,metaspace] GC(81) Metaspace: 4M used, 4M capacity, 5M committed, 8M reserved
[2018-12-17T14:15:30.772+0800][59461][gc,ref      ] GC(81) Soft: 88 encountered, 18 discovered, 0 enqueued
[2018-12-17T14:15:30.772+0800][59461][gc,ref      ] GC(81) Weak: 168 encountered, 17 discovered, 0 enqueued
[2018-12-17T14:15:30.772+0800][59461][gc,ref      ] GC(81) Final: 0 encountered, 0 discovered, 0 enqueued
[2018-12-17T14:15:30.772+0800][59461][gc,ref      ] GC(81) Phantom: 1 encountered, 1 discovered, 0 enqueued
[2018-12-17T14:15:30.772+0800][59461][gc,heap     ] GC(81)                Mark Start          Mark End        Relocate Start      Relocate End           High               Low         
[2018-12-17T14:15:30.772+0800][59461][gc,heap     ] GC(81)  Capacity:     1024M (100%)       1024M (100%)       1024M (100%)       1024M (100%)       1024M (100%)       1024M (100%)   
[2018-12-17T14:15:30.772+0800][59461][gc,heap     ] GC(81)   Reserve:       42M (4%)           42M (4%)           42M (4%)           42M (4%)           42M (4%)           42M (4%)     
[2018-12-17T14:15:30.772+0800][59461][gc,heap     ] GC(81)      Free:        8M (1%)            8M (1%)          148M (14%)         138M (13%)         148M (14%)           8M (1%)     
[2018-12-17T14:15:30.772+0800][59461][gc,heap     ] GC(81)      Used:      974M (95%)         974M (95%)         834M (81%)         844M (82%)         974M (95%)         834M (81%)    
[2018-12-17T14:15:30.772+0800][59461][gc,heap     ] GC(81)      Live:         -               751M (73%)         751M (73%)         751M (73%)            -                  -          
[2018-12-17T14:15:30.772+0800][59461][gc,heap     ] GC(81) Allocated:         -                 0M (0%)           10M (1%)           20M (2%)             -                  -          
[2018-12-17T14:15:30.772+0800][59461][gc,heap     ] GC(81)   Garbage:         -               222M (22%)          72M (7%)           72M (7%)             -                  -          
[2018-12-17T14:15:30.772+0800][59461][gc,heap     ] GC(81) Reclaimed:         -                  -               150M (15%)         150M (15%)            -                  -          
[2018-12-17T14:15:30.772+0800][59461][gc          ] GC(81) Garbage Collection (Allocation Stall) 974M(95%)->844M(82%)
[2018-12-17T14:15:30.798+0800][59461][gc,start    ] GC(82) Garbage Collection (Allocation Stall)
[2018-12-17T14:15:30.798+0800][59468][gc,ref      ] GC(82) Clearing All Soft References
[2018-12-17T14:15:30.798+0800][59468][gc,phases   ] GC(82) Pause Mark Start 0.080ms
[2018-12-17T14:15:30.966+0800][59462][gc,stats    ] === Garbage Collection Statistics =======================================================================================================================
[2018-12-17T14:15:30.966+0800][59462][gc,stats    ]                                                              Last 10s              Last 10m              Last 10h                Total
[2018-12-17T14:15:30.966+0800][59462][gc,stats    ]                                                              Avg / Max             Avg / Max             Avg / Max             Avg / Max
[2018-12-17T14:15:30.966+0800][59462][gc,stats    ]   Collector: Garbage Collection Cycle                    306.851 / 439.216     210.522 / 439.216     210.522 / 439.216     210.522 / 439.216     ms
[2018-12-17T14:15:30.966+0800][59462][gc,stats    ]  Contention: Mark Segment Reset Contention                     3 / 9                 3 / 9                 3 / 9                 3 / 9           ops/s
[2018-12-17T14:15:30.966+0800][59462][gc,stats    ]  Contention: Mark SeqNum Reset Contention                      1 / 2                 0 / 2                 0 / 2                 0 / 2           ops/s
[2018-12-17T14:15:30.966+0800][59462][gc,stats    ]  Contention: Relocation Contention                             0 / 0                 0 / 5                 0 / 5                 0 / 5           ops/s
[2018-12-17T14:15:30.966+0800][59462][gc,stats    ]    Critical: Allocation Stall                            256.232 / 418.539     187.079 / 418.539     187.079 / 418.539     187.079 / 418.539     ms
[2018-12-17T14:15:30.966+0800][59462][gc,stats    ]    Critical: Allocation Stall                                  3 / 5                 3 / 6                 3 / 6                 3 / 6           ops/s
[2018-12-17T14:15:30.966+0800][59462][gc,stats    ]    Critical: GC Locker Stall                               0.000 / 0.000         0.000 / 0.000         0.000 / 0.000         0.000 / 0.000       ms
[2018-12-17T14:15:30.966+0800][59462][gc,stats    ]    Critical: GC Locker Stall                                   0 / 0                 0 / 0                 0 / 0                 0 / 0           ops/s
[2018-12-17T14:15:30.966+0800][59462][gc,stats    ]      Memory: Allocation Rate                                 602 / 1026           1264 / 3098           1264 / 3098           1264 / 3098        MB/s
[2018-12-17T14:15:30.966+0800][59462][gc,stats    ]      Memory: Heap Used After Mark                            977 / 982             885 / 982             885 / 982             885 / 982         MB
[2018-12-17T14:15:30.966+0800][59462][gc,stats    ]      Memory: Heap Used After Relocation                      826 / 976             645 / 982             645 / 982             645 / 982         MB
[2018-12-17T14:15:30.966+0800][59462][gc,stats    ]      Memory: Heap Used Before Mark                           923 / 982             777 / 982             777 / 982             777 / 982         MB
[2018-12-17T14:15:30.966+0800][59462][gc,stats    ]      Memory: Heap Used Before Relocation                     801 / 976             614 / 982             614 / 982             614 / 982         MB
[2018-12-17T14:15:30.966+0800][59462][gc,stats    ]      Memory: Out Of Memory                                     0 / 0                 0 / 0                 0 / 0                 0 / 0           ops/s
[2018-12-17T14:15:30.966+0800][59462][gc,stats    ]      Memory: Page Cache Flush                                140 / 428             213 / 516             213 / 516             213 / 516         MB/s
[2018-12-17T14:15:30.966+0800][59462][gc,stats    ]      Memory: Page Cache Hit L1                                53 / 78              112 / 303             112 / 303             112 / 303         ops/s
[2018-12-17T14:15:30.966+0800][59462][gc,stats    ]      Memory: Page Cache Hit L2                                 0 / 0                 0 / 0                 0 / 0                 0 / 0           ops/s
[2018-12-17T14:15:30.966+0800][59462][gc,stats    ]      Memory: Page Cache Miss                                  11 / 36               22 / 102              22 / 102              22 / 102         ops/s
[2018-12-17T14:15:30.966+0800][59462][gc,stats    ]      Memory: Undo Object Allocation Failed                     0 / 0                 0 / 0                 0 / 0                 0 / 0           ops/s
[2018-12-17T14:15:30.966+0800][59462][gc,stats    ]      Memory: Undo Object Allocation Succeeded                  0 / 0                 0 / 5                 0 / 5                 0 / 5           ops/s
[2018-12-17T14:15:30.966+0800][59462][gc,stats    ]      Memory: Undo Page Allocation                              0 / 4                 1 / 6                 1 / 6                 1 / 6           ops/s
[2018-12-17T14:15:30.966+0800][59462][gc,stats    ]       Phase: Concurrent Destroy Detached Pages             0.004 / 0.015         0.048 / 1.222         0.048 / 1.222         0.048 / 1.222       ms
[2018-12-17T14:15:30.966+0800][59462][gc,stats    ]       Phase: Concurrent Mark                             297.750 / 416.838     199.179 / 416.838     199.179 / 416.838     199.179 / 416.838     ms
[2018-12-17T14:15:30.966+0800][59462][gc,stats    ]       Phase: Concurrent Mark Continue                      0.000 / 0.000         0.000 / 0.000         0.000 / 0.000         0.000 / 0.000       ms
[2018-12-17T14:15:30.966+0800][59462][gc,stats    ]       Phase: Concurrent Prepare Relocation Set             0.148 / 1.534         0.163 / 1.534         0.163 / 1.534         0.163 / 1.534       ms
[2018-12-17T14:15:30.966+0800][59462][gc,stats    ]       Phase: Concurrent Process Non-Strong References      0.104 / 0.192         0.123 / 0.264         0.123 / 0.264         0.123 / 0.264       ms
[2018-12-17T14:15:30.966+0800][59462][gc,stats    ]       Phase: Concurrent Relocate                           4.896 / 43.584        6.645 / 43.869        6.645 / 43.869        6.645 / 43.869      ms
[2018-12-17T14:15:30.966+0800][59462][gc,stats    ]       Phase: Concurrent Reset Relocation Set               0.018 / 0.251         0.020 / 0.251         0.020 / 0.251         0.020 / 0.251       ms
[2018-12-17T14:15:30.966+0800][59462][gc,stats    ]       Phase: Concurrent Select Relocation Set              1.486 / 2.843         1.639 / 5.198         1.639 / 5.198         1.639 / 5.198       ms
[2018-12-17T14:15:30.966+0800][59462][gc,stats    ]       Phase: Pause Mark End                                0.079 / 0.114         0.081 / 0.127         0.081 / 0.127         0.081 / 0.127       ms
[2018-12-17T14:15:30.966+0800][59462][gc,stats    ]       Phase: Pause Mark Start                              0.091 / 0.142         0.101 / 0.332         0.101 / 0.332         0.101 / 0.332       ms
[2018-12-17T14:15:30.966+0800][59462][gc,stats    ]       Phase: Pause Relocate Start                          0.062 / 0.091         0.127 / 1.865         0.127 / 1.865         0.127 / 1.865       ms
[2018-12-17T14:15:30.966+0800][59462][gc,stats    ]    Subphase: Concurrent Mark                             257.327 / 416.784     193.653 / 416.784     193.653 / 416.784     193.653 / 416.784     ms
[2018-12-17T14:15:30.966+0800][59462][gc,stats    ]    Subphase: Concurrent Mark Idle                          1.070 / 8.882         1.070 / 8.882         1.070 / 8.882         1.070 / 8.882       ms
[2018-12-17T14:15:30.966+0800][59462][gc,stats    ]    Subphase: Concurrent Mark Try Flush                     0.025 / 0.114         0.137 / 4.609         0.137 / 4.609         0.137 / 4.609       ms
[2018-12-17T14:15:30.966+0800][59462][gc,stats    ]    Subphase: Concurrent Mark Try Terminate                 1.066 / 8.883         1.064 / 8.883         1.064 / 8.883         1.064 / 8.883       ms
[2018-12-17T14:15:30.966+0800][59462][gc,stats    ]    Subphase: Concurrent References Enqueue                 0.000 / 0.001         0.001 / 0.008         0.001 / 0.008         0.001 / 0.008       ms
[2018-12-17T14:15:30.966+0800][59462][gc,stats    ]    Subphase: Concurrent References Process                 0.034 / 0.065         0.040 / 0.084         0.040 / 0.084         0.040 / 0.084       ms
[2018-12-17T14:15:30.966+0800][59462][gc,stats    ]    Subphase: Concurrent Weak Roots                         0.022 / 0.076         0.028 / 0.148         0.028 / 0.148         0.028 / 0.148       ms
[2018-12-17T14:15:30.966+0800][59462][gc,stats    ]    Subphase: Concurrent Weak Roots JNIWeakHandles          0.000 / 0.001         0.000 / 0.001         0.000 / 0.001         0.000 / 0.001       ms
[2018-12-17T14:15:30.966+0800][59462][gc,stats    ]    Subphase: Concurrent Weak Roots StringTable             0.021 / 0.066         0.027 / 0.131         0.027 / 0.131         0.027 / 0.131       ms
[2018-12-17T14:15:30.966+0800][59462][gc,stats    ]    Subphase: Concurrent Weak Roots VMWeakHandles           0.004 / 0.016         0.005 / 0.016         0.005 / 0.016         0.005 / 0.016       ms
[2018-12-17T14:15:30.966+0800][59462][gc,stats    ]    Subphase: Pause Mark Try Complete                       0.000 / 0.000         0.001 / 0.001         0.001 / 0.001         0.001 / 0.001       ms
[2018-12-17T14:15:30.966+0800][59462][gc,stats    ]    Subphase: Pause Remap TLABS                             0.001 / 0.002         0.001 / 0.009         0.001 / 0.009         0.001 / 0.009       ms
[2018-12-17T14:15:30.966+0800][59462][gc,stats    ]    Subphase: Pause Retire TLABS                            0.006 / 0.016         0.007 / 0.025         0.007 / 0.025         0.007 / 0.025       ms
[2018-12-17T14:15:30.966+0800][59462][gc,stats    ]    Subphase: Pause Roots                                   0.018 / 0.051         0.028 / 1.742         0.028 / 1.742         0.028 / 1.742       ms
[2018-12-17T14:15:30.966+0800][59462][gc,stats    ]    Subphase: Pause Roots ClassLoaderDataGraph              0.006 / 0.035         0.016 / 1.570         0.016 / 1.570         0.016 / 1.570       ms
[2018-12-17T14:15:30.966+0800][59462][gc,stats    ]    Subphase: Pause Roots CodeCache                         0.008 / 0.022         0.017 / 1.742         0.017 / 1.742         0.017 / 1.742       ms
[2018-12-17T14:15:30.966+0800][59462][gc,stats    ]    Subphase: Pause Roots JNIHandles                        0.001 / 0.004         0.005 / 0.952         0.005 / 0.952         0.005 / 0.952       ms
[2018-12-17T14:15:30.966+0800][59462][gc,stats    ]    Subphase: Pause Roots JNIWeakHandles                    0.000 / 0.000         0.000 / 0.000         0.000 / 0.000         0.000 / 0.000       ms
[2018-12-17T14:15:30.966+0800][59462][gc,stats    ]    Subphase: Pause Roots JRFWeak                           0.000 / 0.000         0.000 / 0.000         0.000 / 0.000         0.000 / 0.000       ms
[2018-12-17T14:15:30.966+0800][59462][gc,stats    ]    Subphase: Pause Roots JVMTIExport                       0.001 / 0.001         0.001 / 0.003         0.001 / 0.003         0.001 / 0.003       ms
[2018-12-17T14:15:30.966+0800][59462][gc,stats    ]    Subphase: Pause Roots JVMTIWeakExport                   0.001 / 0.001         0.001 / 0.001         0.001 / 0.001         0.001 / 0.001       ms
[2018-12-17T14:15:30.966+0800][59462][gc,stats    ]    Subphase: Pause Roots Management                        0.001 / 0.002         0.002 / 0.023         0.002 / 0.023         0.002 / 0.023       ms
[2018-12-17T14:15:30.966+0800][59462][gc,stats    ]    Subphase: Pause Roots ObjectSynchronizer                0.000 / 0.002         0.000 / 0.002         0.000 / 0.002         0.000 / 0.002       ms
[2018-12-17T14:15:30.966+0800][59462][gc,stats    ]    Subphase: Pause Roots Setup                             0.002 / 0.013         0.002 / 0.013         0.002 / 0.013         0.002 / 0.013       ms
[2018-12-17T14:15:30.966+0800][59462][gc,stats    ]    Subphase: Pause Roots StringTable                       0.000 / 0.000         0.000 / 0.000         0.000 / 0.000         0.000 / 0.000       ms
[2018-12-17T14:15:30.966+0800][59462][gc,stats    ]    Subphase: Pause Roots SystemDictionary                  0.003 / 0.006         0.008 / 0.664         0.008 / 0.664         0.008 / 0.664       ms
[2018-12-17T14:15:30.966+0800][59462][gc,stats    ]    Subphase: Pause Roots Teardown                          0.001 / 0.001         0.001 / 0.017         0.001 / 0.017         0.001 / 0.017       ms
[2018-12-17T14:15:30.966+0800][59462][gc,stats    ]    Subphase: Pause Roots Threads                           0.008 / 0.027         0.009 / 0.168         0.009 / 0.168         0.009 / 0.168       ms
[2018-12-17T14:15:30.966+0800][59462][gc,stats    ]    Subphase: Pause Roots Universe                          0.002 / 0.005         0.004 / 0.348         0.004 / 0.348         0.004 / 0.348       ms
[2018-12-17T14:15:30.966+0800][59462][gc,stats    ]    Subphase: Pause Roots VMWeakHandles                     0.000 / 0.000         0.000 / 0.000         0.000 / 0.000         0.000 / 0.000       ms
[2018-12-17T14:15:30.966+0800][59462][gc,stats    ]    Subphase: Pause Weak Roots                              0.001 / 0.010         0.001 / 0.010         0.001 / 0.010         0.001 / 0.010       ms
[2018-12-17T14:15:30.966+0800][59462][gc,stats    ]    Subphase: Pause Weak Roots JFRWeak                      0.001 / 0.008         0.001 / 0.008         0.001 / 0.008         0.001 / 0.008       ms
[2018-12-17T14:15:30.966+0800][59462][gc,stats    ]    Subphase: Pause Weak Roots JNIWeakHandles               0.000 / 0.000         0.000 / 0.000         0.000 / 0.000         0.000 / 0.000       ms
[2018-12-17T14:15:30.966+0800][59462][gc,stats    ]    Subphase: Pause Weak Roots JVMTIWeakExport              0.001 / 0.001         0.001 / 0.003         0.001 / 0.003         0.001 / 0.003       ms
[2018-12-17T14:15:30.966+0800][59462][gc,stats    ]    Subphase: Pause Weak Roots Setup                        0.000 / 0.001         0.000 / 0.001         0.000 / 0.001         0.000 / 0.001       ms
[2018-12-17T14:15:30.966+0800][59462][gc,stats    ]    Subphase: Pause Weak Roots StringTable                  0.000 / 0.000         0.000 / 0.000         0.000 / 0.000         0.000 / 0.000       ms
[2018-12-17T14:15:30.966+0800][59462][gc,stats    ]    Subphase: Pause Weak Roots SymbolTable                  0.000 / 0.000         0.000 / 0.000         0.000 / 0.000         0.000 / 0.000       ms
[2018-12-17T14:15:30.966+0800][59462][gc,stats    ]    Subphase: Pause Weak Roots Teardown                     0.001 / 0.001         0.001 / 0.003         0.001 / 0.003         0.001 / 0.003       ms
[2018-12-17T14:15:30.966+0800][59462][gc,stats    ]    Subphase: Pause Weak Roots VMWeakHandles                0.000 / 0.000         0.000 / 0.000         0.000 / 0.000         0.000 / 0.000       ms
[2018-12-17T14:15:30.966+0800][59462][gc,stats    ]      System: Java Threads                                      9 / 9                 9 / 10                9 / 10                9 / 10          threads
[2018-12-17T14:15:30.966+0800][59462][gc,stats    ] =========================================================================================================================================================
[2018-12-17T14:15:31.077+0800][59461][gc,phases   ] GC(82) Concurrent Mark 279.405ms
[2018-12-17T14:15:31.077+0800][59468][gc,phases   ] GC(82) Pause Mark End 0.077ms
[2018-12-17T14:15:31.078+0800][59461][gc,phases   ] GC(82) Concurrent Process Non-Strong References 0.114ms
[2018-12-17T14:15:31.078+0800][59461][gc,phases   ] GC(82) Concurrent Reset Relocation Set 0.000ms
[2018-12-17T14:15:31.078+0800][59461][gc,phases   ] GC(82) Concurrent Destroy Detached Pages 0.001ms
[2018-12-17T14:15:31.079+0800][59461][gc,phases   ] GC(82) Concurrent Select Relocation Set 1.207ms
[2018-12-17T14:15:31.079+0800][59454][gc          ] Allocation Stall (main) 281.289ms
[2018-12-17T14:15:31.079+0800][59461][gc,phases   ] GC(82) Concurrent Prepare Relocation Set 0.000ms
[2018-12-17T14:15:31.081+0800][59468][gc,phases   ] GC(82) Pause Relocate Start 0.065ms
[2018-12-17T14:15:31.081+0800][59461][gc,phases   ] GC(82) Concurrent Relocate 0.024ms
[2018-12-17T14:15:31.081+0800][59461][gc,load     ] GC(82) Load: 1.18/0.90/0.93
[2018-12-17T14:15:31.081+0800][59461][gc,mmu      ] GC(82) MMU: 2ms/6.8%, 5ms/60.6%, 10ms/80.3%, 20ms/90.2%, 50ms/96.1%, 100ms/97.9%
[2018-12-17T14:15:31.081+0800][59461][gc,marking  ] GC(82) Mark: 4 stripe(s), 10 proactive flush(es), 1 terminate flush(es), 0 completion(s), 0 continuation(s) 
[2018-12-17T14:15:31.081+0800][59461][gc,reloc    ] GC(82) Relocation: Successful, 74M relocated
[2018-12-17T14:15:31.081+0800][59461][gc,nmethod  ] GC(82) NMethods: 39 registered, 0 unregistered
[2018-12-17T14:15:31.081+0800][59461][gc,metaspace] GC(82) Metaspace: 4M used, 4M capacity, 5M committed, 8M reserved
[2018-12-17T14:15:31.081+0800][59461][gc,ref      ] GC(82) Soft: 88 encountered, 33 discovered, 0 enqueued
[2018-12-17T14:15:31.081+0800][59461][gc,ref      ] GC(82) Weak: 168 encountered, 66 discovered, 0 enqueued
[2018-12-17T14:15:31.081+0800][59461][gc,ref      ] GC(82) Final: 0 encountered, 0 discovered, 0 enqueued
[2018-12-17T14:15:31.081+0800][59461][gc,ref      ] GC(82) Phantom: 1 encountered, 1 discovered, 0 enqueued
[2018-12-17T14:15:31.081+0800][59461][gc,heap     ] GC(82)                Mark Start          Mark End        Relocate Start      Relocate End           High               Low         
[2018-12-17T14:15:31.081+0800][59461][gc,heap     ] GC(82)  Capacity:     1024M (100%)       1024M (100%)       1024M (100%)       1024M (100%)       1024M (100%)       1024M (100%)   
[2018-12-17T14:15:31.081+0800][59461][gc,heap     ] GC(82)   Reserve:       42M (4%)           42M (4%)           42M (4%)           42M (4%)           42M (4%)           42M (4%)     
[2018-12-17T14:15:31.081+0800][59461][gc,heap     ] GC(82)      Free:        8M (1%)            8M (1%)          148M (14%)         138M (13%)         148M (14%)           8M (1%)     
[2018-12-17T14:15:31.081+0800][59461][gc,heap     ] GC(82)      Used:      974M (95%)         974M (95%)         834M (81%)         844M (82%)         974M (95%)         834M (81%)    
[2018-12-17T14:15:31.081+0800][59461][gc,heap     ] GC(82)      Live:         -               751M (73%)         751M (73%)         751M (73%)            -                  -          
[2018-12-17T14:15:31.081+0800][59461][gc,heap     ] GC(82) Allocated:         -                 0M (0%)           10M (1%)           20M (2%)             -                  -          
[2018-12-17T14:15:31.081+0800][59461][gc,heap     ] GC(82)   Garbage:         -               222M (22%)          72M (7%)           72M (7%)             -                  -          
[2018-12-17T14:15:31.081+0800][59461][gc,heap     ] GC(82) Reclaimed:         -                  -               150M (15%)         150M (15%)            -                  -          
[2018-12-17T14:15:31.081+0800][59461][gc          ] GC(82) Garbage Collection (Allocation Stall) 974M(95%)->844M(82%)
[2018-12-17T14:15:31.106+0800][59461][gc,start    ] GC(83) Garbage Collection (Allocation Stall)
[2018-12-17T14:15:31.106+0800][59468][gc,ref      ] GC(83) Clearing All Soft References
[2018-12-17T14:15:31.106+0800][59468][gc,phases   ] GC(83) Pause Mark Start 0.149ms
[2018-12-17T14:15:31.371+0800][59461][gc,phases   ] GC(83) Concurrent Mark 264.795ms
[2018-12-17T14:15:31.372+0800][59468][gc,phases   ] GC(83) Pause Mark End 0.083ms
[2018-12-17T14:15:31.372+0800][59461][gc,phases   ] GC(83) Concurrent Process Non-Strong References 0.132ms
[2018-12-17T14:15:31.372+0800][59461][gc,phases   ] GC(83) Concurrent Reset Relocation Set 0.000ms
[2018-12-17T14:15:31.372+0800][59461][gc,phases   ] GC(83) Concurrent Destroy Detached Pages 0.001ms
[2018-12-17T14:15:31.373+0800][59461][gc,phases   ] GC(83) Concurrent Select Relocation Set 1.339ms
[2018-12-17T14:15:31.373+0800][59454][gc          ] Allocation Stall (main) 266.956ms
[2018-12-17T14:15:31.373+0800][59461][gc,phases   ] GC(83) Concurrent Prepare Relocation Set 0.000ms
[2018-12-17T14:15:31.375+0800][59468][gc,phases   ] GC(83) Pause Relocate Start 0.066ms
[2018-12-17T14:15:31.375+0800][59461][gc,phases   ] GC(83) Concurrent Relocate 0.021ms
[2018-12-17T14:15:31.375+0800][59461][gc,load     ] GC(83) Load: 1.18/0.90/0.93
[2018-12-17T14:15:31.375+0800][59461][gc,mmu      ] GC(83) MMU: 2ms/6.8%, 5ms/60.6%, 10ms/80.3%, 20ms/90.2%, 50ms/96.1%, 100ms/97.9%
[2018-12-17T14:15:31.375+0800][59461][gc,marking  ] GC(83) Mark: 4 stripe(s), 10 proactive flush(es), 1 terminate flush(es), 0 completion(s), 0 continuation(s) 
[2018-12-17T14:15:31.375+0800][59461][gc,reloc    ] GC(83) Relocation: Successful, 74M relocated
[2018-12-17T14:15:31.375+0800][59461][gc,nmethod  ] GC(83) NMethods: 39 registered, 0 unregistered
[2018-12-17T14:15:31.375+0800][59461][gc,metaspace] GC(83) Metaspace: 4M used, 4M capacity, 5M committed, 8M reserved
[2018-12-17T14:15:31.375+0800][59461][gc,ref      ] GC(83) Soft: 88 encountered, 36 discovered, 0 enqueued
[2018-12-17T14:15:31.375+0800][59461][gc,ref      ] GC(83) Weak: 168 encountered, 67 discovered, 0 enqueued
[2018-12-17T14:15:31.375+0800][59461][gc,ref      ] GC(83) Final: 0 encountered, 0 discovered, 0 enqueued
[2018-12-17T14:15:31.375+0800][59461][gc,ref      ] GC(83) Phantom: 1 encountered, 1 discovered, 0 enqueued
[2018-12-17T14:15:31.375+0800][59461][gc,heap     ] GC(83)                Mark Start          Mark End        Relocate Start      Relocate End           High               Low         
[2018-12-17T14:15:31.375+0800][59461][gc,heap     ] GC(83)  Capacity:     1024M (100%)       1024M (100%)       1024M (100%)       1024M (100%)       1024M (100%)       1024M (100%)   
[2018-12-17T14:15:31.375+0800][59461][gc,heap     ] GC(83)   Reserve:       42M (4%)           42M (4%)           42M (4%)           42M (4%)           42M (4%)           42M (4%)     
[2018-12-17T14:15:31.375+0800][59461][gc,heap     ] GC(83)      Free:        8M (1%)            8M (1%)          148M (14%)         138M (13%)         148M (14%)           8M (1%)     
[2018-12-17T14:15:31.375+0800][59461][gc,heap     ] GC(83)      Used:      974M (95%)         974M (95%)         834M (81%)         844M (82%)         974M (95%)         834M (81%)    
[2018-12-17T14:15:31.375+0800][59461][gc,heap     ] GC(83)      Live:         -               751M (73%)         751M (73%)         751M (73%)            -                  -          
[2018-12-17T14:15:31.375+0800][59461][gc,heap     ] GC(83) Allocated:         -                 0M (0%)           10M (1%)           20M (2%)             -                  -          
[2018-12-17T14:15:31.375+0800][59461][gc,heap     ] GC(83)   Garbage:         -               222M (22%)          72M (7%)           72M (7%)             -                  -          
[2018-12-17T14:15:31.375+0800][59461][gc,heap     ] GC(83) Reclaimed:         -                  -               150M (15%)         150M (15%)            -                  -          
[2018-12-17T14:15:31.375+0800][59461][gc          ] GC(83) Garbage Collection (Allocation Stall) 974M(95%)->844M(82%)
[2018-12-17T14:15:31.401+0800][59461][gc,start    ] GC(84) Garbage Collection (Allocation Stall)
[2018-12-17T14:15:31.401+0800][59468][gc,ref      ] GC(84) Clearing All Soft References
[2018-12-17T14:15:31.402+0800][59468][gc,phases   ] GC(84) Pause Mark Start 0.133ms
[2018-12-17T14:15:31.663+0800][59461][gc,phases   ] GC(84) Concurrent Mark 261.500ms
[2018-12-17T14:15:31.663+0800][59468][gc,phases   ] GC(84) Pause Mark End 0.083ms
[2018-12-17T14:15:31.663+0800][59461][gc,phases   ] GC(84) Concurrent Process Non-Strong References 0.097ms
[2018-12-17T14:15:31.663+0800][59461][gc,phases   ] GC(84) Concurrent Reset Relocation Set 0.001ms
[2018-12-17T14:15:31.663+0800][59461][gc,phases   ] GC(84) Concurrent Destroy Detached Pages 0.001ms
[2018-12-17T14:15:31.665+0800][59461][gc,phases   ] GC(84) Concurrent Select Relocation Set 1.322ms
[2018-12-17T14:15:31.665+0800][59454][gc          ] Allocation Stall (main) 263.647ms
[2018-12-17T14:15:31.665+0800][59461][gc,phases   ] GC(84) Concurrent Prepare Relocation Set 0.001ms
[2018-12-17T14:15:31.666+0800][59468][gc,phases   ] GC(84) Pause Relocate Start 0.061ms
[2018-12-17T14:15:31.666+0800][59461][gc,phases   ] GC(84) Concurrent Relocate 0.016ms
[2018-12-17T14:15:31.666+0800][59461][gc,load     ] GC(84) Load: 1.24/0.92/0.94
[2018-12-17T14:15:31.666+0800][59461][gc,mmu      ] GC(84) MMU: 2ms/6.8%, 5ms/60.6%, 10ms/80.3%, 20ms/90.2%, 50ms/96.1%, 100ms/97.9%
[2018-12-17T14:15:31.666+0800][59461][gc,marking  ] GC(84) Mark: 4 stripe(s), 10 proactive flush(es), 1 terminate flush(es), 0 completion(s), 0 continuation(s) 
[2018-12-17T14:15:31.666+0800][59461][gc,reloc    ] GC(84) Relocation: Successful, 74M relocated
[2018-12-17T14:15:31.666+0800][59461][gc,nmethod  ] GC(84) NMethods: 39 registered, 0 unregistered
[2018-12-17T14:15:31.666+0800][59461][gc,metaspace] GC(84) Metaspace: 4M used, 4M capacity, 5M committed, 8M reserved
[2018-12-17T14:15:31.666+0800][59461][gc,ref      ] GC(84) Soft: 88 encountered, 32 discovered, 0 enqueued
[2018-12-17T14:15:31.666+0800][59461][gc,ref      ] GC(84) Weak: 168 encountered, 149 discovered, 0 enqueued
[2018-12-17T14:15:31.666+0800][59461][gc,ref      ] GC(84) Final: 0 encountered, 0 discovered, 0 enqueued
[2018-12-17T14:15:31.666+0800][59461][gc,ref      ] GC(84) Phantom: 1 encountered, 1 discovered, 0 enqueued
[2018-12-17T14:15:31.666+0800][59461][gc,heap     ] GC(84)                Mark Start          Mark End        Relocate Start      Relocate End           High               Low         
[2018-12-17T14:15:31.666+0800][59461][gc,heap     ] GC(84)  Capacity:     1024M (100%)       1024M (100%)       1024M (100%)       1024M (100%)       1024M (100%)       1024M (100%)   
[2018-12-17T14:15:31.666+0800][59461][gc,heap     ] GC(84)   Reserve:       42M (4%)           42M (4%)           42M (4%)           42M (4%)           42M (4%)           42M (4%)     
[2018-12-17T14:15:31.666+0800][59461][gc,heap     ] GC(84)      Free:        8M (1%)            8M (1%)          148M (14%)         138M (13%)         148M (14%)           8M (1%)     
[2018-12-17T14:15:31.666+0800][59461][gc,heap     ] GC(84)      Used:      974M (95%)         974M (95%)         834M (81%)         844M (82%)         974M (95%)         834M (81%)    
[2018-12-17T14:15:31.666+0800][59461][gc,heap     ] GC(84)      Live:         -               751M (73%)         751M (73%)         751M (73%)            -                  -          
[2018-12-17T14:15:31.666+0800][59461][gc,heap     ] GC(84) Allocated:         -                 0M (0%)           10M (1%)           20M (2%)             -                  -          
[2018-12-17T14:15:31.666+0800][59461][gc,heap     ] GC(84)   Garbage:         -               222M (22%)          72M (7%)           72M (7%)             -                  -          
[2018-12-17T14:15:31.666+0800][59461][gc,heap     ] GC(84) Reclaimed:         -                  -               150M (15%)         150M (15%)            -                  -          
[2018-12-17T14:15:31.666+0800][59461][gc          ] GC(84) Garbage Collection (Allocation Stall) 974M(95%)->844M(82%)
[2018-12-17T14:15:31.679+0800][59461][gc,start    ] GC(85) Garbage Collection (Allocation Stall)
[2018-12-17T14:15:31.680+0800][59468][gc,ref      ] GC(85) Clearing All Soft References
[2018-12-17T14:15:31.680+0800][59468][gc,phases   ] GC(85) Pause Mark Start 0.114ms
[2018-12-17T14:15:31.921+0800][59461][gc,phases   ] GC(85) Concurrent Mark 241.640ms
[2018-12-17T14:15:31.922+0800][59468][gc,phases   ] GC(85) Pause Mark End 0.065ms
[2018-12-17T14:15:31.922+0800][59461][gc,phases   ] GC(85) Concurrent Process Non-Strong References 0.118ms
[2018-12-17T14:15:31.922+0800][59461][gc,phases   ] GC(85) Concurrent Reset Relocation Set 0.000ms
[2018-12-17T14:15:31.922+0800][59461][gc,phases   ] GC(85) Concurrent Destroy Detached Pages 0.001ms
[2018-12-17T14:15:31.923+0800][59454][gc          ] Allocation Stall (main) 243.603ms
[2018-12-17T14:15:31.923+0800][59461][gc,phases   ] GC(85) Concurrent Select Relocation Set 1.272ms
[2018-12-17T14:15:31.923+0800][59461][gc,phases   ] GC(85) Concurrent Prepare Relocation Set 0.001ms
[2018-12-17T14:15:31.924+0800][59468][gc,phases   ] GC(85) Pause Relocate Start 0.050ms
[2018-12-17T14:15:31.924+0800][59461][gc,phases   ] GC(85) Concurrent Relocate 0.016ms
[2018-12-17T14:15:31.924+0800][59461][gc,load     ] GC(85) Load: 1.24/0.92/0.94
[2018-12-17T14:15:31.924+0800][59461][gc,mmu      ] GC(85) MMU: 2ms/6.8%, 5ms/60.6%, 10ms/80.3%, 20ms/90.2%, 50ms/96.1%, 100ms/97.9%
[2018-12-17T14:15:31.924+0800][59461][gc,marking  ] GC(85) Mark: 4 stripe(s), 10 proactive flush(es), 1 terminate flush(es), 0 completion(s), 0 continuation(s) 
[2018-12-17T14:15:31.924+0800][59461][gc,reloc    ] GC(85) Relocation: Successful, 74M relocated
[2018-12-17T14:15:31.924+0800][59461][gc,nmethod  ] GC(85) NMethods: 39 registered, 0 unregistered
[2018-12-17T14:15:31.924+0800][59461][gc,metaspace] GC(85) Metaspace: 4M used, 4M capacity, 5M committed, 8M reserved
[2018-12-17T14:15:31.924+0800][59461][gc,ref      ] GC(85) Soft: 88 encountered, 41 discovered, 0 enqueued
[2018-12-17T14:15:31.924+0800][59461][gc,ref      ] GC(85) Weak: 168 encountered, 138 discovered, 0 enqueued
[2018-12-17T14:15:31.924+0800][59461][gc,ref      ] GC(85) Final: 0 encountered, 0 discovered, 0 enqueued
[2018-12-17T14:15:31.924+0800][59461][gc,ref      ] GC(85) Phantom: 1 encountered, 1 discovered, 0 enqueued
[2018-12-17T14:15:31.924+0800][59461][gc,heap     ] GC(85)                Mark Start          Mark End        Relocate Start      Relocate End           High               Low         
[2018-12-17T14:15:31.924+0800][59461][gc,heap     ] GC(85)  Capacity:     1024M (100%)       1024M (100%)       1024M (100%)       1024M (100%)       1024M (100%)       1024M (100%)   
[2018-12-17T14:15:31.924+0800][59461][gc,heap     ] GC(85)   Reserve:       42M (4%)           42M (4%)           42M (4%)           42M (4%)           42M (4%)           42M (4%)     
[2018-12-17T14:15:31.924+0800][59461][gc,heap     ] GC(85)      Free:        8M (1%)            8M (1%)          148M (14%)         138M (13%)         148M (14%)           8M (1%)     
[2018-12-17T14:15:31.924+0800][59461][gc,heap     ] GC(85)      Used:      974M (95%)         974M (95%)         834M (81%)         844M (82%)         974M (95%)         834M (81%)    
[2018-12-17T14:15:31.924+0800][59461][gc,heap     ] GC(85)      Live:         -               751M (73%)         751M (73%)         751M (73%)            -                  -          
[2018-12-17T14:15:31.924+0800][59461][gc,heap     ] GC(85) Allocated:         -                 0M (0%)           10M (1%)           20M (2%)             -                  -          
[2018-12-17T14:15:31.924+0800][59461][gc,heap     ] GC(85)   Garbage:         -               222M (22%)          72M (7%)           72M (7%)             -                  -          
[2018-12-17T14:15:31.924+0800][59461][gc,heap     ] GC(85) Reclaimed:         -                  -               150M (15%)         150M (15%)            -                  -          
[2018-12-17T14:15:31.924+0800][59461][gc          ] GC(85) Garbage Collection (Allocation Stall) 974M(95%)->844M(82%)
[2018-12-17T14:15:31.966+0800][59461][gc,start    ] GC(86) Garbage Collection (Allocation Rate)
[2018-12-17T14:15:31.966+0800][59468][gc,phases   ] GC(86) Pause Mark Start 0.068ms
[2018-12-17T14:15:32.040+0800][59454][gc,heap     ] Page Cache Flushed: 2M requested, 10M(20M->10M) flushed
[2018-12-17T14:15:32.401+0800][59461][gc,phases   ] GC(86) Concurrent Mark 435.151ms
[2018-12-17T14:15:32.402+0800][59468][gc,phases   ] GC(86) Pause Mark End 0.073ms
[2018-12-17T14:15:32.402+0800][59461][gc,phases   ] GC(86) Concurrent Process Non-Strong References 0.104ms
[2018-12-17T14:15:32.402+0800][59461][gc,phases   ] GC(86) Concurrent Reset Relocation Set 0.000ms
[2018-12-17T14:15:32.402+0800][59461][gc,phases   ] GC(86) Concurrent Destroy Detached Pages 0.004ms
[2018-12-17T14:15:32.403+0800][59461][gc,heap     ] GC(86) Page Cache Flushed: 26M requested, 30M(30M->0M) flushed
[2018-12-17T14:15:32.404+0800][59454][gc          ] Allocation Stall (main) 362.266ms
[2018-12-17T14:15:32.404+0800][59461][gc,phases   ] GC(86) Concurrent Select Relocation Set 2.436ms
[2018-12-17T14:15:32.404+0800][59461][gc,phases   ] GC(86) Concurrent Prepare Relocation Set 0.000ms
[2018-12-17T14:15:32.405+0800][59468][gc,phases   ] GC(86) Pause Relocate Start 0.054ms
[2018-12-17T14:15:32.405+0800][59461][gc,phases   ] GC(86) Concurrent Relocate 0.025ms
[2018-12-17T14:15:32.405+0800][59461][gc,load     ] GC(86) Load: 1.24/0.92/0.94
[2018-12-17T14:15:32.405+0800][59461][gc,mmu      ] GC(86) MMU: 2ms/6.8%, 5ms/60.6%, 10ms/80.3%, 20ms/90.2%, 50ms/96.1%, 100ms/97.9%
[2018-12-17T14:15:32.405+0800][59461][gc,marking  ] GC(86) Mark: 1 stripe(s), 1 proactive flush(es), 1 terminate flush(es), 0 completion(s), 0 continuation(s) 
[2018-12-17T14:15:32.405+0800][59461][gc,reloc    ] GC(86) Relocation: Successful, 74M relocated
[2018-12-17T14:15:32.405+0800][59461][gc,nmethod  ] GC(86) NMethods: 39 registered, 0 unregistered
[2018-12-17T14:15:32.405+0800][59461][gc,metaspace] GC(86) Metaspace: 4M used, 4M capacity, 5M committed, 8M reserved
[2018-12-17T14:15:32.405+0800][59461][gc,ref      ] GC(86) Soft: 88 encountered, 0 discovered, 0 enqueued
[2018-12-17T14:15:32.405+0800][59461][gc,ref      ] GC(86) Weak: 168 encountered, 108 discovered, 0 enqueued
[2018-12-17T14:15:32.405+0800][59461][gc,ref      ] GC(86) Final: 0 encountered, 0 discovered, 0 enqueued
[2018-12-17T14:15:32.405+0800][59461][gc,ref      ] GC(86) Phantom: 1 encountered, 1 discovered, 0 enqueued
[2018-12-17T14:15:32.405+0800][59461][gc,heap     ] GC(86)                Mark Start          Mark End        Relocate Start      Relocate End           High               Low         
[2018-12-17T14:15:32.405+0800][59461][gc,heap     ] GC(86)  Capacity:     1024M (100%)       1024M (100%)       1024M (100%)       1024M (100%)       1024M (100%)       1024M (100%)   
[2018-12-17T14:15:32.405+0800][59461][gc,heap     ] GC(86)   Reserve:       42M (4%)           42M (4%)           42M (4%)           42M (4%)           42M (4%)           42M (4%)     
[2018-12-17T14:15:32.405+0800][59461][gc,heap     ] GC(86)      Free:       28M (3%)           16M (2%)          114M (11%)         114M (11%)         114M (11%)           4M (0%)     
[2018-12-17T14:15:32.405+0800][59461][gc,heap     ] GC(86)      Used:      954M (93%)         966M (94%)         868M (85%)         868M (85%)         978M (96%)         868M (85%)    
[2018-12-17T14:15:32.405+0800][59461][gc,heap     ] GC(86)      Live:         -               751M (73%)         751M (73%)         751M (73%)            -                  -          
[2018-12-17T14:15:32.405+0800][59461][gc,heap     ] GC(86) Allocated:         -                12M (1%)           44M (4%)           44M (4%)             -                  -          
[2018-12-17T14:15:32.405+0800][59461][gc,heap     ] GC(86)   Garbage:         -               202M (20%)          72M (7%)           72M (7%)             -                  -          
[2018-12-17T14:15:32.405+0800][59461][gc,heap     ] GC(86) Reclaimed:         -                  -               130M (13%)         130M (13%)            -                  -          
[2018-12-17T14:15:32.405+0800][59461][gc          ] GC(86) Garbage Collection (Allocation Rate) 954M(93%)->868M(85%)
[2018-12-17T14:15:32.413+0800][59454][gc,heap     ] Page Cache Flushed: 28M requested, 30M(110M->80M) flushed
[2018-12-17T14:15:32.431+0800][59461][gc,start    ] GC(87) Garbage Collection (Allocation Stall)
[2018-12-17T14:15:32.431+0800][59468][gc,ref      ] GC(87) Clearing All Soft References
[2018-12-17T14:15:32.431+0800][59468][gc,phases   ] GC(87) Pause Mark Start 0.091ms
[2018-12-17T14:15:32.728+0800][59461][gc,phases   ] GC(87) Concurrent Mark 297.215ms
[2018-12-17T14:15:32.728+0800][59468][gc,phases   ] GC(87) Pause Mark End 0.066ms
[2018-12-17T14:15:32.728+0800][59461][gc,phases   ] GC(87) Concurrent Process Non-Strong References 0.082ms
[2018-12-17T14:15:32.729+0800][59461][gc,phases   ] GC(87) Concurrent Reset Relocation Set 0.001ms
[2018-12-17T14:15:32.729+0800][59461][gc,phases   ] GC(87) Concurrent Destroy Detached Pages 0.006ms
[2018-12-17T14:15:32.730+0800][59461][gc,phases   ] GC(87) Concurrent Select Relocation Set 1.301ms
[2018-12-17T14:15:32.730+0800][59454][gc          ] Allocation Stall (main) 299.175ms
[2018-12-17T14:15:32.730+0800][59461][gc,phases   ] GC(87) Concurrent Prepare Relocation Set 0.130ms
[2018-12-17T14:15:32.732+0800][59468][gc,phases   ] GC(87) Pause Relocate Start 0.056ms
[2018-12-17T14:15:32.732+0800][59459][gc,heap     ] GC(87) Page Cache Flushed: 20M requested, 20M(60M->40M) flushed
[2018-12-17T14:15:32.734+0800][59455][gc,heap     ] GC(87) Page Cache Flushed: 32M requested, 40M(40M->0M) flushed
[2018-12-17T14:15:32.737+0800][59455][gc,heap     ] GC(87) Page Cache Flushed: 10M requested, 32M(64M->32M) flushed
[2018-12-17T14:15:32.737+0800][59454][gc          ] Allocation Stall (main) 0.243ms
[2018-12-17T14:15:32.741+0800][59454][gc,heap     ] Page Cache Flushed: 10M requested, 32M(34M->2M) flushed
[2018-12-17T14:15:32.744+0800][59454][gc,heap     ] Page Cache Flushed: 4M requested, 4M(4M->0M) flushed
[2018-12-17T14:15:32.745+0800][59461][gc,phases   ] GC(87) Concurrent Relocate 12.587ms
[2018-12-17T14:15:32.745+0800][59461][gc,load     ] GC(87) Load: 1.24/0.92/0.94
[2018-12-17T14:15:32.745+0800][59461][gc,mmu      ] GC(87) MMU: 2ms/6.8%, 5ms/60.6%, 10ms/80.3%, 20ms/90.2%, 50ms/96.1%, 100ms/97.9%
[2018-12-17T14:15:32.745+0800][59461][gc,marking  ] GC(87) Mark: 4 stripe(s), 10 proactive flush(es), 1 terminate flush(es), 0 completion(s), 0 continuation(s) 
[2018-12-17T14:15:32.745+0800][59461][gc,reloc    ] GC(87) Relocation: Incomplete
[2018-12-17T14:15:32.745+0800][59461][gc,nmethod  ] GC(87) NMethods: 39 registered, 0 unregistered
[2018-12-17T14:15:32.745+0800][59461][gc,metaspace] GC(87) Metaspace: 4M used, 4M capacity, 5M committed, 8M reserved
[2018-12-17T14:15:32.745+0800][59461][gc,ref      ] GC(87) Soft: 88 encountered, 17 discovered, 0 enqueued
[2018-12-17T14:15:32.745+0800][59461][gc,ref      ] GC(87) Weak: 168 encountered, 117 discovered, 0 enqueued
[2018-12-17T14:15:32.745+0800][59461][gc,ref      ] GC(87) Final: 0 encountered, 0 discovered, 0 enqueued
[2018-12-17T14:15:32.745+0800][59461][gc,ref      ] GC(87) Phantom: 1 encountered, 1 discovered, 0 enqueued
[2018-12-17T14:15:32.745+0800][59461][gc,heap     ] GC(87)                Mark Start          Mark End        Relocate Start      Relocate End           High               Low         
[2018-12-17T14:15:32.745+0800][59461][gc,heap     ] GC(87)  Capacity:     1024M (100%)       1024M (100%)       1024M (100%)       1024M (100%)       1024M (100%)       1024M (100%)   
[2018-12-17T14:15:32.745+0800][59461][gc,heap     ] GC(87)   Reserve:       42M (4%)           42M (4%)           42M (4%)           42M (4%)           42M (4%)            6M (1%)     
[2018-12-17T14:15:32.745+0800][59461][gc,heap     ] GC(87)      Free:        2M (0%)            2M (0%)           72M (7%)           64M (6%)           72M (7%)            0M (0%)     
[2018-12-17T14:15:32.745+0800][59461][gc,heap     ] GC(87)      Used:      980M (96%)         980M (96%)         910M (89%)         918M (90%)        1018M (99%)         910M (89%)    
[2018-12-17T14:15:32.745+0800][59461][gc,heap     ] GC(87)      Live:         -               781M (76%)         781M (76%)         781M (76%)            -                  -          
[2018-12-17T14:15:32.745+0800][59461][gc,heap     ] GC(87) Allocated:         -                 0M (0%)           10M (1%)          182M (18%)            -                  -          
[2018-12-17T14:15:32.745+0800][59461][gc,heap     ] GC(87)   Garbage:         -               198M (19%)         118M (12%)         150M (15%)            -                  -          
[2018-12-17T14:15:32.745+0800][59461][gc,heap     ] GC(87) Reclaimed:         -                  -                80M (8%)           48M (5%)             -                  -          
[2018-12-17T14:15:32.745+0800][59461][gc          ] GC(87) Garbage Collection (Allocation Stall) 980M(96%)->918M(90%)
[2018-12-17T14:15:32.746+0800][59454][gc,heap     ] Page Cache Flushed: 10M requested, 32M(64M->32M) flushed
[2018-12-17T14:15:32.754+0800][59454][gc,heap     ] Page Cache Flushed: 8M requested, 32M(32M->0M) flushed
[2018-12-17T14:15:32.762+0800][59461][gc,start    ] GC(88) Garbage Collection (Allocation Stall)
[2018-12-17T14:15:32.762+0800][59468][gc,ref      ] GC(88) Clearing All Soft References
[2018-12-17T14:15:32.762+0800][59468][gc,phases   ] GC(88) Pause Mark Start 0.089ms
[2018-12-17T14:15:33.024+0800][59461][gc,phases   ] GC(88) Concurrent Mark 261.770ms
[2018-12-17T14:15:33.024+0800][59468][gc,phases   ] GC(88) Pause Mark End 0.082ms
[2018-12-17T14:15:33.024+0800][59461][gc,phases   ] GC(88) Concurrent Process Non-Strong References 0.082ms
[2018-12-17T14:15:33.024+0800][59461][gc,phases   ] GC(88) Concurrent Reset Relocation Set 0.004ms
[2018-12-17T14:15:33.024+0800][59461][gc,phases   ] GC(88) Concurrent Destroy Detached Pages 0.011ms
[2018-12-17T14:15:33.025+0800][59461][gc,phases   ] GC(88) Concurrent Select Relocation Set 1.224ms
[2018-12-17T14:15:33.025+0800][59454][gc          ] Allocation Stall (main) 263.657ms
[2018-12-17T14:15:33.026+0800][59461][gc,phases   ] GC(88) Concurrent Prepare Relocation Set 0.118ms
[2018-12-17T14:15:33.028+0800][59468][gc,phases   ] GC(88) Pause Relocate Start 0.065ms
[2018-12-17T14:15:33.028+0800][59455][gc,heap     ] GC(88) Page Cache Flushed: 20M requested, 20M(90M->70M) flushed
[2018-12-17T14:15:33.029+0800][59458][gc,heap     ] GC(88) Page Cache Flushed: 2M requested, 10M(70M->60M) flushed
[2018-12-17T14:15:33.029+0800][59457][gc,heap     ] GC(88) Page Cache Flushed: 24M requested, 30M(60M->30M) flushed
[2018-12-17T14:15:33.030+0800][59454][gc          ] Allocation Stall (main) 0.021ms
[2018-12-17T14:15:33.033+0800][59454][gc,heap     ] Page Cache Flushed: 10M requested, 32M(64M->32M) flushed
[2018-12-17T14:15:33.037+0800][59454][gc,heap     ] Page Cache Flushed: 10M requested, 32M(36M->4M) flushed
[2018-12-17T14:15:33.040+0800][59454][gc,heap     ] Page Cache Flushed: 2M requested, 32M(36M->4M) flushed
[2018-12-17T14:15:33.042+0800][59461][gc,phases   ] GC(88) Concurrent Relocate 14.283ms
[2018-12-17T14:15:33.042+0800][59461][gc,load     ] GC(88) Load: 1.24/0.92/0.94
[2018-12-17T14:15:33.042+0800][59461][gc,mmu      ] GC(88) MMU: 2ms/6.8%, 5ms/60.6%, 10ms/80.3%, 20ms/90.2%, 50ms/96.1%, 100ms/97.9%
[2018-12-17T14:15:33.042+0800][59461][gc,marking  ] GC(88) Mark: 4 stripe(s), 10 proactive flush(es), 1 terminate flush(es), 0 completion(s), 0 continuation(s) 
[2018-12-17T14:15:33.042+0800][59461][gc,reloc    ] GC(88) Relocation: Successful, 64M relocated
[2018-12-17T14:15:33.042+0800][59461][gc,nmethod  ] GC(88) NMethods: 39 registered, 0 unregistered
[2018-12-17T14:15:33.042+0800][59461][gc,metaspace] GC(88) Metaspace: 4M used, 4M capacity, 5M committed, 8M reserved
[2018-12-17T14:15:33.042+0800][59461][gc,ref      ] GC(88) Soft: 88 encountered, 26 discovered, 0 enqueued
[2018-12-17T14:15:33.042+0800][59461][gc,ref      ] GC(88) Weak: 168 encountered, 77 discovered, 0 enqueued
[2018-12-17T14:15:33.042+0800][59461][gc,ref      ] GC(88) Final: 0 encountered, 0 discovered, 0 enqueued
[2018-12-17T14:15:33.042+0800][59461][gc,ref      ] GC(88) Phantom: 1 encountered, 1 discovered, 0 enqueued
[2018-12-17T14:15:33.042+0800][59461][gc,heap     ] GC(88)                Mark Start          Mark End        Relocate Start      Relocate End           High               Low         
[2018-12-17T14:15:33.042+0800][59461][gc,heap     ] GC(88)  Capacity:     1024M (100%)       1024M (100%)       1024M (100%)       1024M (100%)       1024M (100%)       1024M (100%)   
[2018-12-17T14:15:33.042+0800][59461][gc,heap     ] GC(88)   Reserve:       42M (4%)           42M (4%)           42M (4%)           42M (4%)           42M (4%)           32M (3%)     
[2018-12-17T14:15:33.042+0800][59461][gc,heap     ] GC(88)      Free:        4M (0%)            4M (0%)          104M (10%)          66M (6%)          104M (10%)           0M (0%)     
[2018-12-17T14:15:33.042+0800][59461][gc,heap     ] GC(88)      Used:      978M (96%)         978M (96%)         878M (86%)         916M (89%)         992M (97%)         878M (86%)    
[2018-12-17T14:15:33.042+0800][59461][gc,heap     ] GC(88)      Live:         -               781M (76%)         781M (76%)         781M (76%)            -                  -          
[2018-12-17T14:15:33.042+0800][59461][gc,heap     ] GC(88) Allocated:         -                 0M (0%)           10M (1%)          212M (21%)            -                  -          
[2018-12-17T14:15:33.042+0800][59461][gc,heap     ] GC(88)   Garbage:         -               196M (19%)          86M (8%)          118M (12%)            -                  -          
[2018-12-17T14:15:33.043+0800][59461][gc,heap     ] GC(88) Reclaimed:         -                  -               110M (11%)          78M (8%)             -                  -          
[2018-12-17T14:15:33.043+0800][59461][gc          ] GC(88) Garbage Collection (Allocation Stall) 978M(96%)->916M(89%)
[2018-12-17T14:15:33.051+0800][59454][gc,heap     ] Page Cache Flushed: 10M requested, 32M(36M->4M) flushed
[2018-12-17T14:15:33.059+0800][59461][gc,start    ] GC(89) Garbage Collection (Allocation Stall)
[2018-12-17T14:15:33.059+0800][59468][gc,ref      ] GC(89) Clearing All Soft References
[2018-12-17T14:15:33.059+0800][59468][gc,phases   ] GC(89) Pause Mark Start 0.110ms
[2018-12-17T14:15:33.360+0800][59461][gc,phases   ] GC(89) Concurrent Mark 301.337ms
[2018-12-17T14:15:33.361+0800][59468][gc,phases   ] GC(89) Pause Mark End 0.094ms
[2018-12-17T14:15:33.361+0800][59461][gc,phases   ] GC(89) Concurrent Process Non-Strong References 0.094ms
[2018-12-17T14:15:33.361+0800][59461][gc,phases   ] GC(89) Concurrent Reset Relocation Set 0.003ms
[2018-12-17T14:15:33.361+0800][59461][gc,phases   ] GC(89) Concurrent Destroy Detached Pages 0.008ms
[2018-12-17T14:15:33.362+0800][59461][gc,phases   ] GC(89) Concurrent Select Relocation Set 1.270ms
[2018-12-17T14:15:33.362+0800][59454][gc          ] Allocation Stall (main) 303.288ms
[2018-12-17T14:15:33.362+0800][59461][gc,phases   ] GC(89) Concurrent Prepare Relocation Set 0.121ms
[2018-12-17T14:15:33.365+0800][59468][gc,phases   ] GC(89) Pause Relocate Start 0.063ms
[2018-12-17T14:15:33.366+0800][59461][gc,phases   ] GC(89) Concurrent Relocate 1.744ms
[2018-12-17T14:15:33.366+0800][59461][gc,load     ] GC(89) Load: 1.24/0.92/0.94
[2018-12-17T14:15:33.366+0800][59461][gc,mmu      ] GC(89) MMU: 2ms/6.8%, 5ms/60.6%, 10ms/80.3%, 20ms/90.2%, 50ms/96.1%, 100ms/97.9%
[2018-12-17T14:15:33.366+0800][59461][gc,marking  ] GC(89) Mark: 4 stripe(s), 10 proactive flush(es), 1 terminate flush(es), 0 completion(s), 0 continuation(s) 
[2018-12-17T14:15:33.367+0800][59461][gc,reloc    ] GC(89) Relocation: Successful, 33M relocated
[2018-12-17T14:15:33.367+0800][59461][gc,nmethod  ] GC(89) NMethods: 39 registered, 0 unregistered
[2018-12-17T14:15:33.367+0800][59461][gc,metaspace] GC(89) Metaspace: 4M used, 4M capacity, 5M committed, 8M reserved
[2018-12-17T14:15:33.367+0800][59461][gc,ref      ] GC(89) Soft: 88 encountered, 20 discovered, 0 enqueued
[2018-12-17T14:15:33.367+0800][59461][gc,ref      ] GC(89) Weak: 168 encountered, 82 discovered, 0 enqueued
[2018-12-17T14:15:33.367+0800][59461][gc,ref      ] GC(89) Final: 0 encountered, 0 discovered, 0 enqueued
[2018-12-17T14:15:33.367+0800][59461][gc,ref      ] GC(89) Phantom: 1 encountered, 1 discovered, 0 enqueued
[2018-12-17T14:15:33.367+0800][59461][gc,heap     ] GC(89)                Mark Start          Mark End        Relocate Start      Relocate End           High               Low         
[2018-12-17T14:15:33.367+0800][59461][gc,heap     ] GC(89)  Capacity:     1024M (100%)       1024M (100%)       1024M (100%)       1024M (100%)       1024M (100%)       1024M (100%)   
[2018-12-17T14:15:33.367+0800][59461][gc,heap     ] GC(89)   Reserve:       42M (4%)           42M (4%)           42M (4%)           42M (4%)           42M (4%)           42M (4%)     
[2018-12-17T14:15:33.367+0800][59461][gc,heap     ] GC(89)      Free:        6M (1%)            6M (1%)          136M (13%)         116M (11%)         136M (13%)           6M (1%)     
[2018-12-17T14:15:33.367+0800][59461][gc,heap     ] GC(89)      Used:      976M (95%)         976M (95%)         846M (83%)         866M (85%)         976M (95%)         846M (83%)    
[2018-12-17T14:15:33.367+0800][59461][gc,heap     ] GC(89)      Live:         -               781M (76%)         781M (76%)         781M (76%)            -                  -          
[2018-12-17T14:15:33.367+0800][59461][gc,heap     ] GC(89) Allocated:         -                 0M (0%)           10M (1%)           34M (3%)             -                  -          
[2018-12-17T14:15:33.367+0800][59461][gc,heap     ] GC(89)   Garbage:         -               194M (19%)          54M (5%)           54M (5%)             -                  -          
[2018-12-17T14:15:33.367+0800][59461][gc,heap     ] GC(89) Reclaimed:         -                  -               140M (14%)         140M (14%)            -                  -          
[2018-12-17T14:15:33.367+0800][59461][gc          ] GC(89) Garbage Collection (Allocation Stall) 976M(95%)->866M(85%)
[2018-12-17T14:15:33.377+0800][59461][gc,start    ] GC(90) Garbage Collection (Allocation Stall)
[2018-12-17T14:15:33.377+0800][59468][gc,ref      ] GC(90) Clearing All Soft References
[2018-12-17T14:15:33.377+0800][59468][gc,phases   ] GC(90) Pause Mark Start 0.097ms
[2018-12-17T14:15:33.652+0800][59461][gc,phases   ] GC(90) Concurrent Mark 274.807ms
[2018-12-17T14:15:33.652+0800][59468][gc,phases   ] GC(90) Pause Mark End 0.087ms
[2018-12-17T14:15:33.653+0800][59461][gc,phases   ] GC(90) Concurrent Process Non-Strong References 0.089ms
[2018-12-17T14:15:33.653+0800][59461][gc,phases   ] GC(90) Concurrent Reset Relocation Set 0.002ms
[2018-12-17T14:15:33.653+0800][59461][gc,phases   ] GC(90) Concurrent Destroy Detached Pages 0.001ms
[2018-12-17T14:15:33.654+0800][59461][gc,phases   ] GC(90) Concurrent Select Relocation Set 1.262ms
[2018-12-17T14:15:33.654+0800][59454][gc          ] Allocation Stall (main) 276.767ms
[2018-12-17T14:15:33.654+0800][59461][gc,phases   ] GC(90) Concurrent Prepare Relocation Set 0.119ms
[2018-12-17T14:15:33.656+0800][59468][gc,phases   ] GC(90) Pause Relocate Start 0.062ms
[2018-12-17T14:15:33.659+0800][59461][gc,phases   ] GC(90) Concurrent Relocate 1.998ms
[2018-12-17T14:15:33.659+0800][59461][gc,load     ] GC(90) Load: 1.24/0.92/0.94
[2018-12-17T14:15:33.659+0800][59461][gc,mmu      ] GC(90) MMU: 2ms/6.8%, 5ms/60.6%, 10ms/80.3%, 20ms/90.2%, 50ms/96.1%, 100ms/97.9%
[2018-12-17T14:15:33.659+0800][59461][gc,marking  ] GC(90) Mark: 4 stripe(s), 10 proactive flush(es), 1 terminate flush(es), 0 completion(s), 0 continuation(s) 
[2018-12-17T14:15:33.659+0800][59461][gc,reloc    ] GC(90) Relocation: Successful, 33M relocated
[2018-12-17T14:15:33.659+0800][59461][gc,nmethod  ] GC(90) NMethods: 39 registered, 0 unregistered
[2018-12-17T14:15:33.659+0800][59461][gc,metaspace] GC(90) Metaspace: 4M used, 4M capacity, 5M committed, 8M reserved
[2018-12-17T14:15:33.659+0800][59461][gc,ref      ] GC(90) Soft: 88 encountered, 35 discovered, 0 enqueued
[2018-12-17T14:15:33.659+0800][59461][gc,ref      ] GC(90) Weak: 168 encountered, 54 discovered, 0 enqueued
[2018-12-17T14:15:33.659+0800][59461][gc,ref      ] GC(90) Final: 0 encountered, 0 discovered, 0 enqueued
[2018-12-17T14:15:33.659+0800][59461][gc,ref      ] GC(90) Phantom: 1 encountered, 1 discovered, 0 enqueued
[2018-12-17T14:15:33.659+0800][59461][gc,heap     ] GC(90)                Mark Start          Mark End        Relocate Start      Relocate End           High               Low         
[2018-12-17T14:15:33.659+0800][59461][gc,heap     ] GC(90)  Capacity:     1024M (100%)       1024M (100%)       1024M (100%)       1024M (100%)       1024M (100%)       1024M (100%)   
[2018-12-17T14:15:33.659+0800][59461][gc,heap     ] GC(90)   Reserve:       42M (4%)           42M (4%)           42M (4%)           42M (4%)           42M (4%)           42M (4%)     
[2018-12-17T14:15:33.659+0800][59461][gc,heap     ] GC(90)      Free:        6M (1%)            6M (1%)          136M (13%)         106M (10%)         136M (13%)           6M (1%)     
[2018-12-17T14:15:33.659+0800][59461][gc,heap     ] GC(90)      Used:      976M (95%)         976M (95%)         846M (83%)         876M (86%)         976M (95%)         846M (83%)    
[2018-12-17T14:15:33.659+0800][59461][gc,heap     ] GC(90)      Live:         -               781M (76%)         781M (76%)         781M (76%)            -                  -          
[2018-12-17T14:15:33.659+0800][59461][gc,heap     ] GC(90) Allocated:         -                 0M (0%)           10M (1%)           44M (4%)             -                  -          
[2018-12-17T14:15:33.659+0800][59461][gc,heap     ] GC(90)   Garbage:         -               194M (19%)          54M (5%)           54M (5%)             -                  -          
[2018-12-17T14:15:33.659+0800][59461][gc,heap     ] GC(90) Reclaimed:         -                  -               140M (14%)         140M (14%)            -                  -          
[2018-12-17T14:15:33.659+0800][59461][gc          ] GC(90) Garbage Collection (Allocation Stall) 976M(95%)->876M(86%)
[2018-12-17T14:15:33.666+0800][59461][gc,start    ] GC(91) Garbage Collection (Allocation Rate)
[2018-12-17T14:15:33.667+0800][59468][gc,phases   ] GC(91) Pause Mark Start 0.072ms
[2018-12-17T14:15:34.131+0800][59461][gc,phases   ] GC(91) Concurrent Mark 463.058ms
[2018-12-17T14:15:34.131+0800][59468][gc,phases   ] GC(91) Pause Mark End 0.077ms
[2018-12-17T14:15:34.131+0800][59461][gc,phases   ] GC(91) Concurrent Process Non-Strong References 0.121ms
[2018-12-17T14:15:34.131+0800][59461][gc,phases   ] GC(91) Concurrent Reset Relocation Set 0.002ms
[2018-12-17T14:15:34.131+0800][59461][gc,phases   ] GC(91) Concurrent Destroy Detached Pages 0.001ms
[2018-12-17T14:15:34.132+0800][59461][gc,phases   ] GC(91) Concurrent Select Relocation Set 1.293ms
[2018-12-17T14:15:34.132+0800][59454][gc          ] Allocation Stall (main) 461.427ms
[2018-12-17T14:15:34.132+0800][59461][gc,phases   ] GC(91) Concurrent Prepare Relocation Set 0.106ms
[2018-12-17T14:15:34.135+0800][59468][gc,phases   ] GC(91) Pause Relocate Start 0.063ms
[2018-12-17T14:15:34.139+0800][59461][gc,phases   ] GC(91) Concurrent Relocate 3.820ms
[2018-12-17T14:15:34.139+0800][59461][gc,load     ] GC(91) Load: 1.24/0.92/0.94
[2018-12-17T14:15:34.139+0800][59461][gc,mmu      ] GC(91) MMU: 2ms/6.8%, 5ms/60.6%, 10ms/80.3%, 20ms/90.2%, 50ms/96.1%, 100ms/97.9%
[2018-12-17T14:15:34.139+0800][59461][gc,marking  ] GC(91) Mark: 1 stripe(s), 1 proactive flush(es), 1 terminate flush(es), 0 completion(s), 0 continuation(s) 
[2018-12-17T14:15:34.139+0800][59461][gc,reloc    ] GC(91) Relocation: Successful, 33M relocated
[2018-12-17T14:15:34.139+0800][59461][gc,nmethod  ] GC(91) NMethods: 39 registered, 0 unregistered
[2018-12-17T14:15:34.139+0800][59461][gc,metaspace] GC(91) Metaspace: 4M used, 4M capacity, 5M committed, 8M reserved
[2018-12-17T14:15:34.139+0800][59461][gc,ref      ] GC(91) Soft: 88 encountered, 0 discovered, 0 enqueued
[2018-12-17T14:15:34.139+0800][59461][gc,ref      ] GC(91) Weak: 168 encountered, 108 discovered, 0 enqueued
[2018-12-17T14:15:34.139+0800][59461][gc,ref      ] GC(91) Final: 0 encountered, 0 discovered, 0 enqueued
[2018-12-17T14:15:34.139+0800][59461][gc,ref      ] GC(91) Phantom: 1 encountered, 1 discovered, 0 enqueued
[2018-12-17T14:15:34.139+0800][59461][gc,heap     ] GC(91)                Mark Start          Mark End        Relocate Start      Relocate End           High               Low         
[2018-12-17T14:15:34.139+0800][59461][gc,heap     ] GC(91)  Capacity:     1024M (100%)       1024M (100%)       1024M (100%)       1024M (100%)       1024M (100%)       1024M (100%)   
[2018-12-17T14:15:34.139+0800][59461][gc,heap     ] GC(91)   Reserve:       42M (4%)           42M (4%)           42M (4%)           42M (4%)           42M (4%)           42M (4%)     
[2018-12-17T14:15:34.139+0800][59461][gc,heap     ] GC(91)      Free:       26M (3%)            6M (1%)          116M (11%)          68M (7%)          116M (11%)           6M (1%)     
[2018-12-17T14:15:34.139+0800][59461][gc,heap     ] GC(91)      Used:      956M (93%)         976M (95%)         866M (85%)         914M (89%)         976M (95%)         866M (85%)    
[2018-12-17T14:15:34.139+0800][59461][gc,heap     ] GC(91)      Live:         -               781M (76%)         781M (76%)         781M (76%)            -                  -          
[2018-12-17T14:15:34.139+0800][59461][gc,heap     ] GC(91) Allocated:         -                20M (2%)           30M (3%)           82M (8%)             -                  -          
[2018-12-17T14:15:34.139+0800][59461][gc,heap     ] GC(91)   Garbage:         -               174M (17%)          54M (5%)           52M (5%)             -                  -          
[2018-12-17T14:15:34.139+0800][59461][gc,heap     ] GC(91) Reclaimed:         -                  -               120M (12%)         122M (12%)            -                  -          
[2018-12-17T14:15:34.139+0800][59461][gc          ] GC(91) Garbage Collection (Allocation Rate) 956M(93%)->914M(89%)
[2018-12-17T14:15:34.145+0800][59461][gc,start    ] GC(92) Garbage Collection (Allocation Stall)
[2018-12-17T14:15:34.145+0800][59468][gc,ref      ] GC(92) Clearing All Soft References
[2018-12-17T14:15:34.145+0800][59468][gc,phases   ] GC(92) Pause Mark Start 0.088ms
[2018-12-17T14:15:34.431+0800][59461][gc,phases   ] GC(92) Concurrent Mark 285.935ms
[2018-12-17T14:15:34.432+0800][59468][gc,phases   ] GC(92) Pause Mark End 0.072ms
[2018-12-17T14:15:34.432+0800][59461][gc,phases   ] GC(92) Concurrent Process Non-Strong References 0.100ms
[2018-12-17T14:15:34.432+0800][59461][gc,phases   ] GC(92) Concurrent Reset Relocation Set 0.002ms
[2018-12-17T14:15:34.432+0800][59461][gc,phases   ] GC(92) Concurrent Destroy Detached Pages 0.001ms
[2018-12-17T14:15:34.433+0800][59461][gc,phases   ] GC(92) Concurrent Select Relocation Set 1.366ms
[2018-12-17T14:15:34.433+0800][59454][gc          ] Allocation Stall (main) 287.928ms
[2018-12-17T14:15:34.433+0800][59461][gc,phases   ] GC(92) Concurrent Prepare Relocation Set 0.000ms
[2018-12-17T14:15:34.434+0800][59468][gc,phases   ] GC(92) Pause Relocate Start 0.079ms
[2018-12-17T14:15:34.434+0800][59461][gc,phases   ] GC(92) Concurrent Relocate 0.029ms
[2018-12-17T14:15:34.434+0800][59461][gc,load     ] GC(92) Load: 1.24/0.92/0.94
[2018-12-17T14:15:34.434+0800][59461][gc,mmu      ] GC(92) MMU: 2ms/6.8%, 5ms/60.6%, 10ms/80.3%, 20ms/90.2%, 50ms/96.1%, 100ms/97.9%
[2018-12-17T14:15:34.434+0800][59461][gc,marking  ] GC(92) Mark: 4 stripe(s), 10 proactive flush(es), 1 terminate flush(es), 0 completion(s), 0 continuation(s) 
[2018-12-17T14:15:34.434+0800][59461][gc,reloc    ] GC(92) Relocation: Successful, 33M relocated
[2018-12-17T14:15:34.434+0800][59461][gc,nmethod  ] GC(92) NMethods: 39 registered, 0 unregistered
[2018-12-17T14:15:34.434+0800][59461][gc,metaspace] GC(92) Metaspace: 4M used, 4M capacity, 5M committed, 8M reserved
[2018-12-17T14:15:34.434+0800][59461][gc,ref      ] GC(92) Soft: 88 encountered, 21 discovered, 0 enqueued
[2018-12-17T14:15:34.434+0800][59461][gc,ref      ] GC(92) Weak: 168 encountered, 133 discovered, 0 enqueued
[2018-12-17T14:15:34.434+0800][59461][gc,ref      ] GC(92) Final: 0 encountered, 0 discovered, 0 enqueued
[2018-12-17T14:15:34.434+0800][59461][gc,ref      ] GC(92) Phantom: 1 encountered, 1 discovered, 0 enqueued
[2018-12-17T14:15:34.434+0800][59461][gc,heap     ] GC(92)                Mark Start          Mark End        Relocate Start      Relocate End           High               Low         
[2018-12-17T14:15:34.435+0800][59461][gc,heap     ] GC(92)  Capacity:     1024M (100%)       1024M (100%)       1024M (100%)       1024M (100%)       1024M (100%)       1024M (100%)   
[2018-12-17T14:15:34.435+0800][59461][gc,heap     ] GC(92)   Reserve:       42M (4%)           42M (4%)           42M (4%)           42M (4%)           42M (4%)           42M (4%)     
[2018-12-17T14:15:34.435+0800][59461][gc,heap     ] GC(92)      Free:        8M (1%)            8M (1%)          138M (13%)         128M (12%)         138M (13%)           8M (1%)     
[2018-12-17T14:15:34.435+0800][59461][gc,heap     ] GC(92)      Used:      974M (95%)         974M (95%)         844M (82%)         854M (83%)         974M (95%)         844M (82%)    
[2018-12-17T14:15:34.435+0800][59461][gc,heap     ] GC(92)      Live:         -               781M (76%)         781M (76%)         781M (76%)            -                  -          
[2018-12-17T14:15:34.435+0800][59461][gc,heap     ] GC(92) Allocated:         -                 0M (0%)           10M (1%)           20M (2%)             -                  -          
[2018-12-17T14:15:34.435+0800][59461][gc,heap     ] GC(92)   Garbage:         -               192M (19%)          52M (5%)           52M (5%)             -                  -          
[2018-12-17T14:15:34.435+0800][59461][gc,heap     ] GC(92) Reclaimed:         -                  -               140M (14%)         140M (14%)            -                  -          
[2018-12-17T14:15:34.435+0800][59461][gc          ] GC(92) Garbage Collection (Allocation Stall) 974M(95%)->854M(83%)
[2018-12-17T14:15:34.447+0800][59461][gc,start    ] GC(93) Garbage Collection (Allocation Stall)
[2018-12-17T14:15:34.447+0800][59468][gc,ref      ] GC(93) Clearing All Soft References
[2018-12-17T14:15:34.447+0800][59468][gc,phases   ] GC(93) Pause Mark Start 0.095ms
[2018-12-17T14:15:34.714+0800][59461][gc,phases   ] GC(93) Concurrent Mark 267.366ms
[2018-12-17T14:15:34.715+0800][59468][gc,phases   ] GC(93) Pause Mark End 0.064ms
[2018-12-17T14:15:34.715+0800][59461][gc,phases   ] GC(93) Concurrent Process Non-Strong References 0.099ms
[2018-12-17T14:15:34.715+0800][59461][gc,phases   ] GC(93) Concurrent Reset Relocation Set 0.000ms
[2018-12-17T14:15:34.715+0800][59461][gc,phases   ] GC(93) Concurrent Destroy Detached Pages 0.001ms
[2018-12-17T14:15:34.716+0800][59454][gc          ] Allocation Stall (main) 269.217ms
[2018-12-17T14:15:34.716+0800][59461][gc,phases   ] GC(93) Concurrent Select Relocation Set 1.225ms
[2018-12-17T14:15:34.716+0800][59461][gc,phases   ] GC(93) Concurrent Prepare Relocation Set 0.000ms
[2018-12-17T14:15:34.717+0800][59468][gc,phases   ] GC(93) Pause Relocate Start 0.051ms
[2018-12-17T14:15:34.717+0800][59461][gc,phases   ] GC(93) Concurrent Relocate 0.016ms
[2018-12-17T14:15:34.717+0800][59461][gc,load     ] GC(93) Load: 1.24/0.92/0.94
[2018-12-17T14:15:34.717+0800][59461][gc,mmu      ] GC(93) MMU: 2ms/6.8%, 5ms/60.6%, 10ms/80.3%, 20ms/90.2%, 50ms/96.1%, 100ms/97.9%
[2018-12-17T14:15:34.717+0800][59461][gc,marking  ] GC(93) Mark: 4 stripe(s), 10 proactive flush(es), 1 terminate flush(es), 0 completion(s), 0 continuation(s) 
[2018-12-17T14:15:34.717+0800][59461][gc,reloc    ] GC(93) Relocation: Successful, 33M relocated
[2018-12-17T14:15:34.717+0800][59461][gc,nmethod  ] GC(93) NMethods: 39 registered, 0 unregistered
[2018-12-17T14:15:34.717+0800][59461][gc,metaspace] GC(93) Metaspace: 4M used, 4M capacity, 5M committed, 8M reserved
[2018-12-17T14:15:34.717+0800][59461][gc,ref      ] GC(93) Soft: 88 encountered, 16 discovered, 0 enqueued
[2018-12-17T14:15:34.717+0800][59461][gc,ref      ] GC(93) Weak: 168 encountered, 133 discovered, 0 enqueued
[2018-12-17T14:15:34.717+0800][59461][gc,ref      ] GC(93) Final: 0 encountered, 0 discovered, 0 enqueued
[2018-12-17T14:15:34.717+0800][59461][gc,ref      ] GC(93) Phantom: 1 encountered, 1 discovered, 0 enqueued
[2018-12-17T14:15:34.717+0800][59461][gc,heap     ] GC(93)                Mark Start          Mark End        Relocate Start      Relocate End           High               Low         
[2018-12-17T14:15:34.717+0800][59461][gc,heap     ] GC(93)  Capacity:     1024M (100%)       1024M (100%)       1024M (100%)       1024M (100%)       1024M (100%)       1024M (100%)   
[2018-12-17T14:15:34.717+0800][59461][gc,heap     ] GC(93)   Reserve:       42M (4%)           42M (4%)           42M (4%)           42M (4%)           42M (4%)           42M (4%)     
[2018-12-17T14:15:34.717+0800][59461][gc,heap     ] GC(93)      Free:        8M (1%)            8M (1%)          138M (13%)         128M (12%)         138M (13%)           8M (1%)     
[2018-12-17T14:15:34.717+0800][59461][gc,heap     ] GC(93)      Used:      974M (95%)         974M (95%)         844M (82%)         854M (83%)         974M (95%)         844M (82%)    
[2018-12-17T14:15:34.717+0800][59461][gc,heap     ] GC(93)      Live:         -               781M (76%)         781M (76%)         781M (76%)            -                  -          
[2018-12-17T14:15:34.717+0800][59461][gc,heap     ] GC(93) Allocated:         -                 0M (0%)           10M (1%)           20M (2%)             -                  -          
[2018-12-17T14:15:34.717+0800][59461][gc,heap     ] GC(93)   Garbage:         -               192M (19%)          52M (5%)           52M (5%)             -                  -          
[2018-12-17T14:15:34.717+0800][59461][gc,heap     ] GC(93) Reclaimed:         -                  -               140M (14%)         140M (14%)            -                  -          
[2018-12-17T14:15:34.717+0800][59461][gc          ] GC(93) Garbage Collection (Allocation Stall) 974M(95%)->854M(83%)
[2018-12-17T14:15:34.766+0800][59461][gc,start    ] GC(94) Garbage Collection (Allocation Rate)
[2018-12-17T14:15:34.766+0800][59468][gc,phases   ] GC(94) Pause Mark Start 0.071ms
[2018-12-17T14:15:34.833+0800][59454][gc,heap     ] Page Cache Flushed: 2M requested, 10M(10M->0M) flushed
[2018-12-17T14:15:35.218+0800][59461][gc,phases   ] GC(94) Concurrent Mark 451.779ms
[2018-12-17T14:15:35.218+0800][59468][gc,phases   ] GC(94) Pause Mark End 0.077ms
[2018-12-17T14:15:35.218+0800][59461][gc,phases   ] GC(94) Concurrent Process Non-Strong References 0.105ms
[2018-12-17T14:15:35.218+0800][59461][gc,phases   ] GC(94) Concurrent Reset Relocation Set 0.000ms
[2018-12-17T14:15:35.218+0800][59461][gc,phases   ] GC(94) Concurrent Destroy Detached Pages 0.003ms
[2018-12-17T14:15:35.219+0800][59461][gc,heap     ] GC(94) Page Cache Flushed: 26M requested, 30M(30M->0M) flushed
[2018-12-17T14:15:35.220+0800][59454][gc          ] Allocation Stall (main) 385.212ms
[2018-12-17T14:15:35.220+0800][59461][gc,phases   ] GC(94) Concurrent Select Relocation Set 2.362ms
[2018-12-17T14:15:35.221+0800][59461][gc,phases   ] GC(94) Concurrent Prepare Relocation Set 0.000ms
[2018-12-17T14:15:35.221+0800][59468][gc,phases   ] GC(94) Pause Relocate Start 0.058ms
[2018-12-17T14:15:35.221+0800][59461][gc,phases   ] GC(94) Concurrent Relocate 0.027ms
[2018-12-17T14:15:35.221+0800][59461][gc,load     ] GC(94) Load: 1.24/0.92/0.94
[2018-12-17T14:15:35.221+0800][59461][gc,mmu      ] GC(94) MMU: 2ms/6.8%, 5ms/60.6%, 10ms/80.3%, 20ms/90.2%, 50ms/96.1%, 100ms/97.9%
[2018-12-17T14:15:35.221+0800][59461][gc,marking  ] GC(94) Mark: 1 stripe(s), 1 proactive flush(es), 1 terminate flush(es), 0 completion(s), 0 continuation(s) 
[2018-12-17T14:15:35.221+0800][59461][gc,reloc    ] GC(94) Relocation: Successful, 33M relocated
[2018-12-17T14:15:35.221+0800][59461][gc,nmethod  ] GC(94) NMethods: 39 registered, 0 unregistered
[2018-12-17T14:15:35.221+0800][59461][gc,metaspace] GC(94) Metaspace: 4M used, 4M capacity, 5M committed, 8M reserved
[2018-12-17T14:15:35.221+0800][59461][gc,ref      ] GC(94) Soft: 88 encountered, 0 discovered, 0 enqueued
[2018-12-17T14:15:35.221+0800][59461][gc,ref      ] GC(94) Weak: 168 encountered, 108 discovered, 0 enqueued
[2018-12-17T14:15:35.221+0800][59461][gc,ref      ] GC(94) Final: 0 encountered, 0 discovered, 0 enqueued
[2018-12-17T14:15:35.221+0800][59461][gc,ref      ] GC(94) Phantom: 1 encountered, 1 discovered, 0 enqueued
[2018-12-17T14:15:35.221+0800][59461][gc,heap     ] GC(94)                Mark Start          Mark End        Relocate Start      Relocate End           High               Low         
[2018-12-17T14:15:35.221+0800][59461][gc,heap     ] GC(94)  Capacity:     1024M (100%)       1024M (100%)       1024M (100%)       1024M (100%)       1024M (100%)       1024M (100%)   
[2018-12-17T14:15:35.221+0800][59461][gc,heap     ] GC(94)   Reserve:       42M (4%)           42M (4%)           42M (4%)           42M (4%)           42M (4%)           42M (4%)     
[2018-12-17T14:15:35.222+0800][59461][gc,heap     ] GC(94)      Free:       18M (2%)            6M (1%)          104M (10%)         104M (10%)         104M (10%)           4M (0%)     
[2018-12-17T14:15:35.222+0800][59461][gc,heap     ] GC(94)      Used:      964M (94%)         976M (95%)         878M (86%)         878M (86%)         978M (96%)         878M (86%)    
[2018-12-17T14:15:35.222+0800][59461][gc,heap     ] GC(94)      Live:         -               781M (76%)         781M (76%)         781M (76%)            -                  -          
[2018-12-17T14:15:35.222+0800][59461][gc,heap     ] GC(94) Allocated:         -                12M (1%)           44M (4%)           44M (4%)             -                  -          
[2018-12-17T14:15:35.222+0800][59461][gc,heap     ] GC(94)   Garbage:         -               182M (18%)          52M (5%)           52M (5%)             -                  -          
[2018-12-17T14:15:35.222+0800][59461][gc,heap     ] GC(94) Reclaimed:         -                  -               130M (13%)         130M (13%)            -                  -          
[2018-12-17T14:15:35.222+0800][59461][gc          ] GC(94) Garbage Collection (Allocation Rate) 964M(94%)->878M(86%)
[2018-12-17T14:15:35.230+0800][59454][gc,heap     ] Page Cache Flushed: 28M requested, 30M(100M->70M) flushed
[2018-12-17T14:15:35.246+0800][59461][gc,start    ] GC(95) Garbage Collection (Allocation Stall)
[2018-12-17T14:15:35.246+0800][59468][gc,ref      ] GC(95) Clearing All Soft References
[2018-12-17T14:15:35.246+0800][59468][gc,phases   ] GC(95) Pause Mark Start 0.106ms
[2018-12-17T14:15:35.534+0800][59461][gc,phases   ] GC(95) Concurrent Mark 288.149ms
[2018-12-17T14:15:35.534+0800][59468][gc,phases   ] GC(95) Pause Mark End 0.072ms
[2018-12-17T14:15:35.535+0800][59461][gc,phases   ] GC(95) Concurrent Process Non-Strong References 0.078ms
[2018-12-17T14:15:35.535+0800][59461][gc,phases   ] GC(95) Concurrent Reset Relocation Set 0.000ms
[2018-12-17T14:15:35.535+0800][59461][gc,phases   ] GC(95) Concurrent Destroy Detached Pages 0.006ms
[2018-12-17T14:15:35.536+0800][59461][gc,phases   ] GC(95) Concurrent Select Relocation Set 1.226ms
[2018-12-17T14:15:35.536+0800][59454][gc          ] Allocation Stall (main) 290.047ms
[2018-12-17T14:15:35.536+0800][59461][gc,phases   ] GC(95) Concurrent Prepare Relocation Set 0.002ms
[2018-12-17T14:15:35.537+0800][59468][gc,phases   ] GC(95) Pause Relocate Start 0.072ms
[2018-12-17T14:15:35.537+0800][59456][gc,heap     ] GC(95) Page Cache Flushed: 20M requested, 20M(50M->30M) flushed
[2018-12-17T14:15:35.538+0800][59454][gc          ] Allocation Stall (main) 0.169ms
[2018-12-17T14:15:35.542+0800][59454][gc          ] Allocation Stall (main) 1.870ms
[2018-12-17T14:15:35.543+0800][59461][gc,phases   ] GC(95) Concurrent Relocate 5.891ms
[2018-12-17T14:15:35.543+0800][59461][gc,load     ] GC(95) Load: 1.24/0.92/0.94
[2018-12-17T14:15:35.543+0800][59461][gc,mmu      ] GC(95) MMU: 2ms/6.8%, 5ms/60.6%, 10ms/80.3%, 20ms/90.2%, 50ms/96.1%, 100ms/97.9%
[2018-12-17T14:15:35.543+0800][59461][gc,marking  ] GC(95) Mark: 4 stripe(s), 10 proactive flush(es), 1 terminate flush(es), 0 completion(s), 0 continuation(s) 
[2018-12-17T14:15:35.543+0800][59461][gc,reloc    ] GC(95) Relocation: Successful, 55M relocated
[2018-12-17T14:15:35.543+0800][59461][gc,nmethod  ] GC(95) NMethods: 39 registered, 0 unregistered
[2018-12-17T14:15:35.543+0800][59461][gc,metaspace] GC(95) Metaspace: 4M used, 4M capacity, 5M committed, 8M reserved
[2018-12-17T14:15:35.543+0800][59461][gc,ref      ] GC(95) Soft: 88 encountered, 30 discovered, 0 enqueued
[2018-12-17T14:15:35.543+0800][59461][gc,ref      ] GC(95) Weak: 168 encountered, 57 discovered, 0 enqueued
[2018-12-17T14:15:35.543+0800][59454][gc,heap     ] Page Cache Flushed: 10M requested, 32M(96M->64M) flushed
[2018-12-17T14:15:35.543+0800][59461][gc,ref      ] GC(95) Final: 0 encountered, 0 discovered, 0 enqueued
[2018-12-17T14:15:35.543+0800][59461][gc,ref      ] GC(95) Phantom: 1 encountered, 1 discovered, 0 enqueued
[2018-12-17T14:15:35.543+0800][59461][gc,heap     ] GC(95)                Mark Start          Mark End        Relocate Start      Relocate End           High               Low         
[2018-12-17T14:15:35.543+0800][59461][gc,heap     ] GC(95)  Capacity:     1024M (100%)       1024M (100%)       1024M (100%)       1024M (100%)       1024M (100%)       1024M (100%)   
[2018-12-17T14:15:35.543+0800][59461][gc,heap     ] GC(95)   Reserve:       42M (4%)           42M (4%)           42M (4%)           42M (4%)           42M (4%)           30M (3%)     
[2018-12-17T14:15:35.543+0800][59461][gc,heap     ] GC(95)      Free:        2M (0%)            2M (0%)           62M (6%)           54M (5%)           62M (6%)            0M (0%)     
[2018-12-17T14:15:35.543+0800][59461][gc,heap     ] GC(95)      Used:      980M (96%)         980M (96%)         920M (90%)         928M (91%)         994M (97%)         920M (90%)    
[2018-12-17T14:15:35.543+0800][59461][gc,heap     ] GC(95)      Live:         -               812M (79%)         812M (79%)         812M (79%)            -                  -          
[2018-12-17T14:15:35.543+0800][59461][gc,heap     ] GC(95) Allocated:         -                 0M (0%)           10M (1%)          114M (11%)            -                  -          
[2018-12-17T14:15:35.543+0800][59461][gc,heap     ] GC(95)   Garbage:         -               167M (16%)          97M (10%)          97M (10%)            -                  -          
[2018-12-17T14:15:35.543+0800][59461][gc,heap     ] GC(95) Reclaimed:         -                  -                70M (7%)           70M (7%)             -                  -          
[2018-12-17T14:15:35.543+0800][59461][gc          ] GC(95) Garbage Collection (Allocation Stall) 980M(96%)->928M(91%)
[2018-12-17T14:15:35.546+0800][59454][gc,heap     ] Page Cache Flushed: 10M requested, 32M(64M->32M) flushed
[2018-12-17T14:15:35.549+0800][59454][gc,heap     ] Page Cache Flushed: 8M requested, 32M(32M->0M) flushed
[2018-12-17T14:15:35.557+0800][59461][gc,start    ] GC(96) Garbage Collection (Allocation Stall)
[2018-12-17T14:15:35.557+0800][59468][gc,ref      ] GC(96) Clearing All Soft References
[2018-12-17T14:15:35.557+0800][59468][gc,phases   ] GC(96) Pause Mark Start 0.091ms
[2018-12-17T14:15:35.839+0800][59461][gc,phases   ] GC(96) Concurrent Mark 281.587ms
[2018-12-17T14:15:35.839+0800][59468][gc,phases   ] GC(96) Pause Mark End 0.084ms
[2018-12-17T14:15:35.839+0800][59461][gc,phases   ] GC(96) Concurrent Process Non-Strong References 0.093ms
[2018-12-17T14:15:35.839+0800][59461][gc,phases   ] GC(96) Concurrent Reset Relocation Set 0.003ms
[2018-12-17T14:15:35.839+0800][59461][gc,phases   ] GC(96) Concurrent Destroy Detached Pages 0.005ms
[2018-12-17T14:15:35.840+0800][59461][gc,phases   ] GC(96) Concurrent Select Relocation Set 1.384ms
[2018-12-17T14:15:35.840+0800][59454][gc          ] Allocation Stall (main) 283.627ms
[2018-12-17T14:15:35.840+0800][59461][gc,phases   ] GC(96) Concurrent Prepare Relocation Set 0.001ms
[2018-12-17T14:15:35.843+0800][59468][gc,phases   ] GC(96) Pause Relocate Start 0.062ms
[2018-12-17T14:15:35.843+0800][59461][gc,phases   ] GC(96) Concurrent Relocate 0.026ms
[2018-12-17T14:15:35.843+0800][59461][gc,load     ] GC(96) Load: 1.24/0.92/0.94
[2018-12-17T14:15:35.843+0800][59461][gc,mmu      ] GC(96) MMU: 2ms/6.8%, 5ms/60.6%, 10ms/80.3%, 20ms/90.2%, 50ms/96.1%, 100ms/97.9%
[2018-12-17T14:15:35.843+0800][59461][gc,marking  ] GC(96) Mark: 4 stripe(s), 10 proactive flush(es), 1 terminate flush(es), 0 completion(s), 0 continuation(s) 
[2018-12-17T14:15:35.843+0800][59461][gc,reloc    ] GC(96) Relocation: Successful, 55M relocated
[2018-12-17T14:15:35.843+0800][59461][gc,nmethod  ] GC(96) NMethods: 39 registered, 0 unregistered
[2018-12-17T14:15:35.843+0800][59461][gc,metaspace] GC(96) Metaspace: 4M used, 4M capacity, 5M committed, 8M reserved
[2018-12-17T14:15:35.843+0800][59461][gc,ref      ] GC(96) Soft: 88 encountered, 24 discovered, 0 enqueued
[2018-12-17T14:15:35.843+0800][59461][gc,ref      ] GC(96) Weak: 168 encountered, 128 discovered, 0 enqueued
[2018-12-17T14:15:35.843+0800][59461][gc,ref      ] GC(96) Final: 0 encountered, 0 discovered, 0 enqueued
[2018-12-17T14:15:35.843+0800][59461][gc,ref      ] GC(96) Phantom: 1 encountered, 1 discovered, 0 enqueued
[2018-12-17T14:15:35.843+0800][59461][gc,heap     ] GC(96)                Mark Start          Mark End        Relocate Start      Relocate End           High               Low         
[2018-12-17T14:15:35.843+0800][59461][gc,heap     ] GC(96)  Capacity:     1024M (100%)       1024M (100%)       1024M (100%)       1024M (100%)       1024M (100%)       1024M (100%)   
[2018-12-17T14:15:35.843+0800][59461][gc,heap     ] GC(96)   Reserve:       42M (4%)           42M (4%)           42M (4%)           42M (4%)           42M (4%)           42M (4%)     
[2018-12-17T14:15:35.843+0800][59461][gc,heap     ] GC(96)      Free:        4M (0%)            4M (0%)           94M (9%)           84M (8%)           94M (9%)            4M (0%)     
[2018-12-17T14:15:35.843+0800][59461][gc,heap     ] GC(96)      Used:      978M (96%)         978M (96%)         888M (87%)         898M (88%)         978M (96%)         888M (87%)    
[2018-12-17T14:15:35.843+0800][59461][gc,heap     ] GC(96)      Live:         -               812M (79%)         812M (79%)         812M (79%)            -                  -          
[2018-12-17T14:15:35.843+0800][59461][gc,heap     ] GC(96) Allocated:         -                 0M (0%)           10M (1%)           20M (2%)             -                  -          
[2018-12-17T14:15:35.843+0800][59461][gc,heap     ] GC(96)   Garbage:         -               165M (16%)          65M (6%)           65M (6%)             -                  -          
[2018-12-17T14:15:35.843+0800][59461][gc,heap     ] GC(96) Reclaimed:         -                  -               100M (10%)         100M (10%)            -                  -          
[2018-12-17T14:15:35.843+0800][59461][gc          ] GC(96) Garbage Collection (Allocation Stall) 978M(96%)->898M(88%)
[2018-12-17T14:15:35.852+0800][59461][gc,start    ] GC(97) Garbage Collection (Allocation Stall)
[2018-12-17T14:15:35.852+0800][59468][gc,ref      ] GC(97) Clearing All Soft References
[2018-12-17T14:15:35.852+0800][59468][gc,phases   ] GC(97) Pause Mark Start 0.091ms
[2018-12-17T14:15:36.165+0800][59461][gc,phases   ] GC(97) Concurrent Mark 313.282ms
[2018-12-17T14:15:36.165+0800][59468][gc,phases   ] GC(97) Pause Mark End 0.076ms
[2018-12-17T14:15:36.166+0800][59461][gc,phases   ] GC(97) Concurrent Process Non-Strong References 0.112ms
[2018-12-17T14:15:36.166+0800][59461][gc,phases   ] GC(97) Concurrent Reset Relocation Set 0.001ms
[2018-12-17T14:15:36.166+0800][59461][gc,phases   ] GC(97) Concurrent Destroy Detached Pages 0.000ms
[2018-12-17T14:15:36.167+0800][59454][gc          ] Allocation Stall (main) 315.187ms
[2018-12-17T14:15:36.167+0800][59461][gc,phases   ] GC(97) Concurrent Select Relocation Set 1.240ms
[2018-12-17T14:15:36.167+0800][59461][gc,phases   ] GC(97) Concurrent Prepare Relocation Set 0.000ms
[2018-12-17T14:15:36.168+0800][59468][gc,phases   ] GC(97) Pause Relocate Start 0.061ms
[2018-12-17T14:15:36.168+0800][59461][gc,phases   ] GC(97) Concurrent Relocate 0.017ms
[2018-12-17T14:15:36.168+0800][59461][gc,load     ] GC(97) Load: 1.24/0.92/0.94
[2018-12-17T14:15:36.168+0800][59461][gc,mmu      ] GC(97) MMU: 2ms/6.8%, 5ms/60.6%, 10ms/80.3%, 20ms/90.2%, 50ms/96.1%, 100ms/97.9%
[2018-12-17T14:15:36.168+0800][59461][gc,marking  ] GC(97) Mark: 4 stripe(s), 10 proactive flush(es), 1 terminate flush(es), 0 completion(s), 0 continuation(s) 
[2018-12-17T14:15:36.168+0800][59461][gc,reloc    ] GC(97) Relocation: Successful, 55M relocated
[2018-12-17T14:15:36.168+0800][59461][gc,nmethod  ] GC(97) NMethods: 39 registered, 0 unregistered
[2018-12-17T14:15:36.168+0800][59461][gc,metaspace] GC(97) Metaspace: 4M used, 4M capacity, 5M committed, 8M reserved
[2018-12-17T14:15:36.168+0800][59461][gc,ref      ] GC(97) Soft: 88 encountered, 37 discovered, 0 enqueued
[2018-12-17T14:15:36.168+0800][59461][gc,ref      ] GC(97) Weak: 168 encountered, 130 discovered, 0 enqueued
[2018-12-17T14:15:36.168+0800][59461][gc,ref      ] GC(97) Final: 0 encountered, 0 discovered, 0 enqueued
[2018-12-17T14:15:36.168+0800][59461][gc,ref      ] GC(97) Phantom: 1 encountered, 1 discovered, 0 enqueued
[2018-12-17T14:15:36.168+0800][59461][gc,heap     ] GC(97)                Mark Start          Mark End        Relocate Start      Relocate End           High               Low         
[2018-12-17T14:15:36.168+0800][59461][gc,heap     ] GC(97)  Capacity:     1024M (100%)       1024M (100%)       1024M (100%)       1024M (100%)       1024M (100%)       1024M (100%)   
[2018-12-17T14:15:36.168+0800][59461][gc,heap     ] GC(97)   Reserve:       42M (4%)           42M (4%)           42M (4%)           42M (4%)           42M (4%)           42M (4%)     
[2018-12-17T14:15:36.168+0800][59461][gc,heap     ] GC(97)      Free:        4M (0%)            4M (0%)           94M (9%)           84M (8%)           94M (9%)            4M (0%)     
[2018-12-17T14:15:36.168+0800][59461][gc,heap     ] GC(97)      Used:      978M (96%)         978M (96%)         888M (87%)         898M (88%)         978M (96%)         888M (87%)    
[2018-12-17T14:15:36.168+0800][59461][gc,heap     ] GC(97)      Live:         -               812M (79%)         812M (79%)         812M (79%)            -                  -          
[2018-12-17T14:15:36.168+0800][59461][gc,heap     ] GC(97) Allocated:         -                 0M (0%)           10M (1%)           20M (2%)             -                  -          
[2018-12-17T14:15:36.168+0800][59461][gc,heap     ] GC(97)   Garbage:         -               165M (16%)          65M (6%)           65M (6%)             -                  -          
[2018-12-17T14:15:36.168+0800][59461][gc,heap     ] GC(97) Reclaimed:         -                  -               100M (10%)         100M (10%)            -                  -          
[2018-12-17T14:15:36.168+0800][59461][gc          ] GC(97) Garbage Collection (Allocation Stall) 978M(96%)->898M(88%)
[2018-12-17T14:15:36.177+0800][59461][gc,start    ] GC(98) Garbage Collection (Allocation Stall)
[2018-12-17T14:15:36.177+0800][59468][gc,ref      ] GC(98) Clearing All Soft References
[2018-12-17T14:15:36.177+0800][59468][gc,phases   ] GC(98) Pause Mark Start 0.099ms
[2018-12-17T14:15:36.471+0800][59461][gc,phases   ] GC(98) Concurrent Mark 294.497ms
[2018-12-17T14:15:36.472+0800][59468][gc,phases   ] GC(98) Pause Mark End 0.072ms
[2018-12-17T14:15:36.472+0800][59461][gc,phases   ] GC(98) Concurrent Process Non-Strong References 0.100ms
[2018-12-17T14:15:36.472+0800][59461][gc,phases   ] GC(98) Concurrent Reset Relocation Set 0.001ms
[2018-12-17T14:15:36.472+0800][59461][gc,phases   ] GC(98) Concurrent Destroy Detached Pages 0.001ms
[2018-12-17T14:15:36.473+0800][59461][gc,phases   ] GC(98) Concurrent Select Relocation Set 1.353ms
[2018-12-17T14:15:36.473+0800][59461][gc,phases   ] GC(98) Concurrent Prepare Relocation Set 0.000ms
[2018-12-17T14:15:36.473+0800][59454][gc          ] Allocation Stall (main) 296.508ms
[2018-12-17T14:15:36.474+0800][59468][gc,phases   ] GC(98) Pause Relocate Start 0.059ms
[2018-12-17T14:15:36.474+0800][59461][gc,phases   ] GC(98) Concurrent Relocate 0.017ms
[2018-12-17T14:15:36.474+0800][59461][gc,load     ] GC(98) Load: 1.24/0.92/0.94
[2018-12-17T14:15:36.474+0800][59461][gc,mmu      ] GC(98) MMU: 2ms/6.8%, 5ms/60.6%, 10ms/80.3%, 20ms/90.2%, 50ms/96.1%, 100ms/97.9%
[2018-12-17T14:15:36.474+0800][59461][gc,marking  ] GC(98) Mark: 4 stripe(s), 10 proactive flush(es), 1 terminate flush(es), 0 completion(s), 0 continuation(s) 
[2018-12-17T14:15:36.474+0800][59461][gc,reloc    ] GC(98) Relocation: Successful, 55M relocated
[2018-12-17T14:15:36.474+0800][59461][gc,nmethod  ] GC(98) NMethods: 39 registered, 0 unregistered
[2018-12-17T14:15:36.474+0800][59461][gc,metaspace] GC(98) Metaspace: 4M used, 4M capacity, 5M committed, 8M reserved
[2018-12-17T14:15:36.474+0800][59461][gc,ref      ] GC(98) Soft: 88 encountered, 37 discovered, 0 enqueued
[2018-12-17T14:15:36.474+0800][59461][gc,ref      ] GC(98) Weak: 168 encountered, 46 discovered, 0 enqueued
[2018-12-17T14:15:36.474+0800][59461][gc,ref      ] GC(98) Final: 0 encountered, 0 discovered, 0 enqueued
[2018-12-17T14:15:36.474+0800][59461][gc,ref      ] GC(98) Phantom: 1 encountered, 1 discovered, 0 enqueued
[2018-12-17T14:15:36.474+0800][59461][gc,heap     ] GC(98)                Mark Start          Mark End        Relocate Start      Relocate End           High               Low         
[2018-12-17T14:15:36.474+0800][59461][gc,heap     ] GC(98)  Capacity:     1024M (100%)       1024M (100%)       1024M (100%)       1024M (100%)       1024M (100%)       1024M (100%)   
[2018-12-17T14:15:36.474+0800][59461][gc,heap     ] GC(98)   Reserve:       42M (4%)           42M (4%)           42M (4%)           42M (4%)           42M (4%)           42M (4%)     
[2018-12-17T14:15:36.474+0800][59461][gc,heap     ] GC(98)      Free:        4M (0%)            4M (0%)           94M (9%)           84M (8%)           94M (9%)            4M (0%)     
[2018-12-17T14:15:36.474+0800][59461][gc,heap     ] GC(98)      Used:      978M (96%)         978M (96%)         888M (87%)         898M (88%)         978M (96%)         888M (87%)    
[2018-12-17T14:15:36.474+0800][59461][gc,heap     ] GC(98)      Live:         -               812M (79%)         812M (79%)         812M (79%)            -                  -          
[2018-12-17T14:15:36.474+0800][59461][gc,heap     ] GC(98) Allocated:         -                 0M (0%)           10M (1%)           20M (2%)             -                  -          
[2018-12-17T14:15:36.474+0800][59461][gc,heap     ] GC(98)   Garbage:         -               165M (16%)          65M (6%)           65M (6%)             -                  -          
[2018-12-17T14:15:36.474+0800][59461][gc,heap     ] GC(98) Reclaimed:         -                  -               100M (10%)         100M (10%)            -                  -          
[2018-12-17T14:15:36.475+0800][59461][gc          ] GC(98) Garbage Collection (Allocation Stall) 978M(96%)->898M(88%)
[2018-12-17T14:15:36.483+0800][59461][gc,start    ] GC(99) Garbage Collection (Allocation Stall)
[2018-12-17T14:15:36.483+0800][59468][gc,ref      ] GC(99) Clearing All Soft References
[2018-12-17T14:15:36.483+0800][59468][gc,phases   ] GC(99) Pause Mark Start 0.088ms
[2018-12-17T14:15:36.789+0800][59461][gc,phases   ] GC(99) Concurrent Mark 305.469ms
[2018-12-17T14:15:36.789+0800][59468][gc,phases   ] GC(99) Pause Mark End 0.081ms
[2018-12-17T14:15:36.789+0800][59461][gc,phases   ] GC(99) Concurrent Process Non-Strong References 0.099ms
[2018-12-17T14:15:36.789+0800][59461][gc,phases   ] GC(99) Concurrent Reset Relocation Set 0.000ms
[2018-12-17T14:15:36.789+0800][59461][gc,phases   ] GC(99) Concurrent Destroy Detached Pages 0.000ms
[2018-12-17T14:15:36.790+0800][59461][gc,phases   ] GC(99) Concurrent Select Relocation Set 1.285ms
[2018-12-17T14:15:36.790+0800][59454][gc          ] Allocation Stall (main) 307.398ms
[2018-12-17T14:15:36.790+0800][59461][gc,phases   ] GC(99) Concurrent Prepare Relocation Set 0.001ms
[2018-12-17T14:15:36.792+0800][59468][gc,phases   ] GC(99) Pause Relocate Start 0.071ms
[2018-12-17T14:15:36.792+0800][59461][gc,phases   ] GC(99) Concurrent Relocate 0.041ms
[2018-12-17T14:15:36.792+0800][59461][gc,load     ] GC(99) Load: 1.30/0.93/0.95
[2018-12-17T14:15:36.792+0800][59461][gc,mmu      ] GC(99) MMU: 2ms/6.8%, 5ms/60.6%, 10ms/80.3%, 20ms/90.2%, 50ms/96.1%, 100ms/97.9%
[2018-12-17T14:15:36.792+0800][59461][gc,marking  ] GC(99) Mark: 4 stripe(s), 10 proactive flush(es), 1 terminate flush(es), 0 completion(s), 0 continuation(s) 
[2018-12-17T14:15:36.792+0800][59461][gc,reloc    ] GC(99) Relocation: Successful, 55M relocated
[2018-12-17T14:15:36.792+0800][59461][gc,nmethod  ] GC(99) NMethods: 39 registered, 0 unregistered
[2018-12-17T14:15:36.792+0800][59461][gc,metaspace] GC(99) Metaspace: 4M used, 4M capacity, 5M committed, 8M reserved
[2018-12-17T14:15:36.792+0800][59461][gc,ref      ] GC(99) Soft: 88 encountered, 20 discovered, 0 enqueued
[2018-12-17T14:15:36.792+0800][59461][gc,ref      ] GC(99) Weak: 168 encountered, 80 discovered, 0 enqueued
[2018-12-17T14:15:36.792+0800][59461][gc,ref      ] GC(99) Final: 0 encountered, 0 discovered, 0 enqueued
[2018-12-17T14:15:36.792+0800][59461][gc,ref      ] GC(99) Phantom: 1 encountered, 1 discovered, 0 enqueued
[2018-12-17T14:15:36.792+0800][59461][gc,heap     ] GC(99)                Mark Start          Mark End        Relocate Start      Relocate End           High               Low         
[2018-12-17T14:15:36.792+0800][59461][gc,heap     ] GC(99)  Capacity:     1024M (100%)       1024M (100%)       1024M (100%)       1024M (100%)       1024M (100%)       1024M (100%)   
[2018-12-17T14:15:36.792+0800][59461][gc,heap     ] GC(99)   Reserve:       42M (4%)           42M (4%)           42M (4%)           42M (4%)           42M (4%)           42M (4%)     
[2018-12-17T14:15:36.792+0800][59461][gc,heap     ] GC(99)      Free:        4M (0%)            4M (0%)           94M (9%)           84M (8%)           94M (9%)            4M (0%)     
[2018-12-17T14:15:36.792+0800][59461][gc,heap     ] GC(99)      Used:      978M (96%)         978M (96%)         888M (87%)         898M (88%)         978M (96%)         888M (87%)    
[2018-12-17T14:15:36.792+0800][59461][gc,heap     ] GC(99)      Live:         -               812M (79%)         812M (79%)         812M (79%)            -                  -          
[2018-12-17T14:15:36.792+0800][59461][gc,heap     ] GC(99) Allocated:         -                 0M (0%)           10M (1%)           20M (2%)             -                  -          
[2018-12-17T14:15:36.792+0800][59461][gc,heap     ] GC(99)   Garbage:         -               165M (16%)          65M (6%)           65M (6%)             -                  -          
[2018-12-17T14:15:36.792+0800][59461][gc,heap     ] GC(99) Reclaimed:         -                  -               100M (10%)         100M (10%)            -                  -          
[2018-12-17T14:15:36.792+0800][59461][gc          ] GC(99) Garbage Collection (Allocation Stall) 978M(96%)->898M(88%)
[2018-12-17T14:15:36.800+0800][59461][gc,start    ] GC(100) Garbage Collection (Allocation Stall)
[2018-12-17T14:15:36.800+0800][59468][gc,ref      ] GC(100) Clearing All Soft References
[2018-12-17T14:15:36.800+0800][59468][gc,phases   ] GC(100) Pause Mark Start 0.099ms
[2018-12-17T14:15:37.086+0800][59461][gc,phases   ] GC(100) Concurrent Mark 285.046ms
[2018-12-17T14:15:37.086+0800][59468][gc,phases   ] GC(100) Pause Mark End 0.107ms
[2018-12-17T14:15:37.086+0800][59461][gc,phases   ] GC(100) Concurrent Process Non-Strong References 0.080ms
[2018-12-17T14:15:37.086+0800][59461][gc,phases   ] GC(100) Concurrent Reset Relocation Set 0.001ms
[2018-12-17T14:15:37.086+0800][59461][gc,phases   ] GC(100) Concurrent Destroy Detached Pages 0.001ms
[2018-12-17T14:15:37.087+0800][59461][gc,phases   ] GC(100) Concurrent Select Relocation Set 1.230ms
[2018-12-17T14:15:37.087+0800][59461][gc,phases   ] GC(100) Concurrent Prepare Relocation Set 0.000ms
[2018-12-17T14:15:37.087+0800][59454][gc          ] Allocation Stall (main) 287.002ms
[2018-12-17T14:15:37.089+0800][59468][gc,phases   ] GC(100) Pause Relocate Start 0.077ms
[2018-12-17T14:15:37.089+0800][59461][gc,phases   ] GC(100) Concurrent Relocate 0.028ms
[2018-12-17T14:15:37.089+0800][59461][gc,load     ] GC(100) Load: 1.30/0.93/0.95
[2018-12-17T14:15:37.089+0800][59461][gc,mmu      ] GC(100) MMU: 2ms/6.8%, 5ms/60.6%, 10ms/80.3%, 20ms/90.2%, 50ms/96.1%, 100ms/97.9%
[2018-12-17T14:15:37.089+0800][59461][gc,marking  ] GC(100) Mark: 4 stripe(s), 10 proactive flush(es), 1 terminate flush(es), 0 completion(s), 0 continuation(s) 
[2018-12-17T14:15:37.089+0800][59461][gc,reloc    ] GC(100) Relocation: Successful, 55M relocated
[2018-12-17T14:15:37.089+0800][59461][gc,nmethod  ] GC(100) NMethods: 39 registered, 0 unregistered
[2018-12-17T14:15:37.089+0800][59461][gc,metaspace] GC(100) Metaspace: 4M used, 4M capacity, 5M committed, 8M reserved
[2018-12-17T14:15:37.089+0800][59461][gc,ref      ] GC(100) Soft: 88 encountered, 15 discovered, 0 enqueued
[2018-12-17T14:15:37.089+0800][59461][gc,ref      ] GC(100) Weak: 168 encountered, 43 discovered, 0 enqueued
[2018-12-17T14:15:37.089+0800][59461][gc,ref      ] GC(100) Final: 0 encountered, 0 discovered, 0 enqueued
[2018-12-17T14:15:37.089+0800][59461][gc,ref      ] GC(100) Phantom: 1 encountered, 1 discovered, 0 enqueued
[2018-12-17T14:15:37.089+0800][59461][gc,heap     ] GC(100)                Mark Start          Mark End        Relocate Start      Relocate End           High               Low         
[2018-12-17T14:15:37.089+0800][59461][gc,heap     ] GC(100)  Capacity:     1024M (100%)       1024M (100%)       1024M (100%)       1024M (100%)       1024M (100%)       1024M (100%)   
[2018-12-17T14:15:37.089+0800][59461][gc,heap     ] GC(100)   Reserve:       42M (4%)           42M (4%)           42M (4%)           42M (4%)           42M (4%)           42M (4%)     
[2018-12-17T14:15:37.089+0800][59461][gc,heap     ] GC(100)      Free:        4M (0%)            4M (0%)           94M (9%)           84M (8%)           94M (9%)            4M (0%)     
[2018-12-17T14:15:37.089+0800][59461][gc,heap     ] GC(100)      Used:      978M (96%)         978M (96%)         888M (87%)         898M (88%)         978M (96%)         888M (87%)    
[2018-12-17T14:15:37.089+0800][59461][gc,heap     ] GC(100)      Live:         -               812M (79%)         812M (79%)         812M (79%)            -                  -          
[2018-12-17T14:15:37.089+0800][59461][gc,heap     ] GC(100) Allocated:         -                 0M (0%)           10M (1%)           20M (2%)             -                  -          
[2018-12-17T14:15:37.089+0800][59461][gc,heap     ] GC(100)   Garbage:         -               165M (16%)          65M (6%)           65M (6%)             -                  -          
[2018-12-17T14:15:37.089+0800][59461][gc,heap     ] GC(100) Reclaimed:         -                  -               100M (10%)         100M (10%)            -                  -          
[2018-12-17T14:15:37.089+0800][59461][gc          ] GC(100) Garbage Collection (Allocation Stall) 978M(96%)->898M(88%)
[2018-12-17T14:15:37.105+0800][59461][gc,start    ] GC(101) Garbage Collection (Allocation Stall)
[2018-12-17T14:15:37.105+0800][59468][gc,ref      ] GC(101) Clearing All Soft References
[2018-12-17T14:15:37.105+0800][59468][gc,phases   ] GC(101) Pause Mark Start 0.130ms
[2018-12-17T14:15:37.410+0800][59461][gc,phases   ] GC(101) Concurrent Mark 304.636ms
[2018-12-17T14:15:37.410+0800][59468][gc,phases   ] GC(101) Pause Mark End 0.076ms
[2018-12-17T14:15:37.410+0800][59461][gc,phases   ] GC(101) Concurrent Process Non-Strong References 0.109ms
[2018-12-17T14:15:37.410+0800][59461][gc,phases   ] GC(101) Concurrent Reset Relocation Set 0.000ms
[2018-12-17T14:15:37.410+0800][59461][gc,phases   ] GC(101) Concurrent Destroy Detached Pages 0.000ms
[2018-12-17T14:15:37.412+0800][59461][gc,phases   ] GC(101) Concurrent Select Relocation Set 1.291ms
[2018-12-17T14:15:37.412+0800][59461][gc,phases   ] GC(101) Concurrent Prepare Relocation Set 0.001ms
[2018-12-17T14:15:37.412+0800][59454][gc          ] Allocation Stall (main) 306.655ms
[2018-12-17T14:15:37.413+0800][59468][gc,phases   ] GC(101) Pause Relocate Start 0.079ms
[2018-12-17T14:15:37.413+0800][59461][gc,phases   ] GC(101) Concurrent Relocate 0.015ms
[2018-12-17T14:15:37.413+0800][59461][gc,load     ] GC(101) Load: 1.30/0.93/0.95
[2018-12-17T14:15:37.413+0800][59461][gc,mmu      ] GC(101) MMU: 2ms/6.8%, 5ms/60.6%, 10ms/80.3%, 20ms/90.2%, 50ms/96.1%, 100ms/97.9%
[2018-12-17T14:15:37.413+0800][59461][gc,marking  ] GC(101) Mark: 4 stripe(s), 10 proactive flush(es), 1 terminate flush(es), 0 completion(s), 0 continuation(s) 
[2018-12-17T14:15:37.413+0800][59461][gc,reloc    ] GC(101) Relocation: Successful, 55M relocated
[2018-12-17T14:15:37.413+0800][59461][gc,nmethod  ] GC(101) NMethods: 39 registered, 0 unregistered
[2018-12-17T14:15:37.413+0800][59461][gc,metaspace] GC(101) Metaspace: 4M used, 4M capacity, 5M committed, 8M reserved
[2018-12-17T14:15:37.413+0800][59461][gc,ref      ] GC(101) Soft: 88 encountered, 19 discovered, 0 enqueued
[2018-12-17T14:15:37.413+0800][59461][gc,ref      ] GC(101) Weak: 168 encountered, 152 discovered, 0 enqueued
[2018-12-17T14:15:37.413+0800][59461][gc,ref      ] GC(101) Final: 0 encountered, 0 discovered, 0 enqueued
[2018-12-17T14:15:37.413+0800][59461][gc,ref      ] GC(101) Phantom: 1 encountered, 1 discovered, 0 enqueued
[2018-12-17T14:15:37.413+0800][59461][gc,heap     ] GC(101)                Mark Start          Mark End        Relocate Start      Relocate End           High               Low         
[2018-12-17T14:15:37.413+0800][59461][gc,heap     ] GC(101)  Capacity:     1024M (100%)       1024M (100%)       1024M (100%)       1024M (100%)       1024M (100%)       1024M (100%)   
[2018-12-17T14:15:37.413+0800][59461][gc,heap     ] GC(101)   Reserve:       42M (4%)           42M (4%)           42M (4%)           42M (4%)           42M (4%)           42M (4%)     
[2018-12-17T14:15:37.413+0800][59461][gc,heap     ] GC(101)      Free:        4M (0%)            4M (0%)           94M (9%)           84M (8%)           94M (9%)            4M (0%)     
[2018-12-17T14:15:37.413+0800][59461][gc,heap     ] GC(101)      Used:      978M (96%)         978M (96%)         888M (87%)         898M (88%)         978M (96%)         888M (87%)    
[2018-12-17T14:15:37.413+0800][59461][gc,heap     ] GC(101)      Live:         -               812M (79%)         812M (79%)         812M (79%)            -                  -          
[2018-12-17T14:15:37.413+0800][59461][gc,heap     ] GC(101) Allocated:         -                 0M (0%)           10M (1%)           20M (2%)             -                  -          
[2018-12-17T14:15:37.413+0800][59461][gc,heap     ] GC(101)   Garbage:         -               165M (16%)          65M (6%)           65M (6%)             -                  -          
[2018-12-17T14:15:37.413+0800][59461][gc,heap     ] GC(101) Reclaimed:         -                  -               100M (10%)         100M (10%)            -                  -          
[2018-12-17T14:15:37.413+0800][59461][gc          ] GC(101) Garbage Collection (Allocation Stall) 978M(96%)->898M(88%)
[2018-12-17T14:15:37.422+0800][59461][gc,start    ] GC(102) Garbage Collection (Allocation Stall)
[2018-12-17T14:15:37.422+0800][59468][gc,ref      ] GC(102) Clearing All Soft References
[2018-12-17T14:15:37.422+0800][59468][gc,phases   ] GC(102) Pause Mark Start 0.104ms
[2018-12-17T14:15:37.696+0800][59461][gc,phases   ] GC(102) Concurrent Mark 273.558ms
[2018-12-17T14:15:37.696+0800][59468][gc,phases   ] GC(102) Pause Mark End 0.067ms
[2018-12-17T14:15:37.696+0800][59461][gc,phases   ] GC(102) Concurrent Process Non-Strong References 0.082ms
[2018-12-17T14:15:37.696+0800][59461][gc,phases   ] GC(102) Concurrent Reset Relocation Set 0.000ms
[2018-12-17T14:15:37.696+0800][59461][gc,phases   ] GC(102) Concurrent Destroy Detached Pages 0.001ms
[2018-12-17T14:15:37.697+0800][59461][gc,phases   ] GC(102) Concurrent Select Relocation Set 1.296ms
[2018-12-17T14:15:37.697+0800][59461][gc,phases   ] GC(102) Concurrent Prepare Relocation Set 0.000ms
[2018-12-17T14:15:37.697+0800][59454][gc          ] Allocation Stall (main) 275.490ms
[2018-12-17T14:15:37.699+0800][59468][gc,phases   ] GC(102) Pause Relocate Start 0.063ms
[2018-12-17T14:15:37.699+0800][59461][gc,phases   ] GC(102) Concurrent Relocate 0.021ms
[2018-12-17T14:15:37.699+0800][59461][gc,load     ] GC(102) Load: 1.30/0.93/0.95
[2018-12-17T14:15:37.699+0800][59461][gc,mmu      ] GC(102) MMU: 2ms/6.8%, 5ms/60.6%, 10ms/80.3%, 20ms/90.2%, 50ms/96.1%, 100ms/97.9%
[2018-12-17T14:15:37.699+0800][59461][gc,marking  ] GC(102) Mark: 4 stripe(s), 10 proactive flush(es), 1 terminate flush(es), 0 completion(s), 0 continuation(s) 
[2018-12-17T14:15:37.699+0800][59461][gc,reloc    ] GC(102) Relocation: Successful, 55M relocated
[2018-12-17T14:15:37.699+0800][59461][gc,nmethod  ] GC(102) NMethods: 39 registered, 0 unregistered
[2018-12-17T14:15:37.699+0800][59461][gc,metaspace] GC(102) Metaspace: 4M used, 4M capacity, 5M committed, 8M reserved
[2018-12-17T14:15:37.699+0800][59461][gc,ref      ] GC(102) Soft: 88 encountered, 18 discovered, 0 enqueued
[2018-12-17T14:15:37.699+0800][59461][gc,ref      ] GC(102) Weak: 168 encountered, 49 discovered, 0 enqueued
[2018-12-17T14:15:37.699+0800][59461][gc,ref      ] GC(102) Final: 0 encountered, 0 discovered, 0 enqueued
[2018-12-17T14:15:37.699+0800][59461][gc,ref      ] GC(102) Phantom: 1 encountered, 1 discovered, 0 enqueued
[2018-12-17T14:15:37.699+0800][59461][gc,heap     ] GC(102)                Mark Start          Mark End        Relocate Start      Relocate End           High               Low         
[2018-12-17T14:15:37.699+0800][59461][gc,heap     ] GC(102)  Capacity:     1024M (100%)       1024M (100%)       1024M (100%)       1024M (100%)       1024M (100%)       1024M (100%)   
[2018-12-17T14:15:37.699+0800][59461][gc,heap     ] GC(102)   Reserve:       42M (4%)           42M (4%)           42M (4%)           42M (4%)           42M (4%)           42M (4%)     
[2018-12-17T14:15:37.699+0800][59461][gc,heap     ] GC(102)      Free:        4M (0%)            4M (0%)           94M (9%)           84M (8%)           94M (9%)            4M (0%)     
[2018-12-17T14:15:37.699+0800][59461][gc,heap     ] GC(102)      Used:      978M (96%)         978M (96%)         888M (87%)         898M (88%)         978M (96%)         888M (87%)    
[2018-12-17T14:15:37.699+0800][59461][gc,heap     ] GC(102)      Live:         -               812M (79%)         812M (79%)         812M (79%)            -                  -          
[2018-12-17T14:15:37.699+0800][59461][gc,heap     ] GC(102) Allocated:         -                 0M (0%)           10M (1%)           20M (2%)             -                  -          
[2018-12-17T14:15:37.699+0800][59461][gc,heap     ] GC(102)   Garbage:         -               165M (16%)          65M (6%)           65M (6%)             -                  -          
[2018-12-17T14:15:37.699+0800][59461][gc,heap     ] GC(102) Reclaimed:         -                  -               100M (10%)         100M (10%)            -                  -          
[2018-12-17T14:15:37.699+0800][59461][gc          ] GC(102) Garbage Collection (Allocation Stall) 978M(96%)->898M(88%)
[2018-12-17T14:15:37.707+0800][59461][gc,start    ] GC(103) Garbage Collection (Allocation Stall)
[2018-12-17T14:15:37.707+0800][59468][gc,ref      ] GC(103) Clearing All Soft References
[2018-12-17T14:15:37.707+0800][59468][gc,phases   ] GC(103) Pause Mark Start 0.085ms
[2018-12-17T14:15:38.009+0800][59461][gc,phases   ] GC(103) Concurrent Mark 301.544ms
[2018-12-17T14:15:38.009+0800][59468][gc,phases   ] GC(103) Pause Mark End 0.073ms
[2018-12-17T14:15:38.009+0800][59461][gc,phases   ] GC(103) Concurrent Process Non-Strong References 0.102ms
[2018-12-17T14:15:38.009+0800][59461][gc,phases   ] GC(103) Concurrent Reset Relocation Set 0.000ms
[2018-12-17T14:15:38.009+0800][59461][gc,phases   ] GC(103) Concurrent Destroy Detached Pages 0.001ms
[2018-12-17T14:15:38.011+0800][59461][gc,phases   ] GC(103) Concurrent Select Relocation Set 1.255ms
[2018-12-17T14:15:38.011+0800][59461][gc,phases   ] GC(103) Concurrent Prepare Relocation Set 0.000ms
[2018-12-17T14:15:38.011+0800][59454][gc          ] Allocation Stall (main) 303.476ms
[2018-12-17T14:15:38.012+0800][59468][gc,phases   ] GC(103) Pause Relocate Start 0.072ms
[2018-12-17T14:15:38.012+0800][59461][gc,phases   ] GC(103) Concurrent Relocate 0.021ms
[2018-12-17T14:15:38.012+0800][59461][gc,load     ] GC(103) Load: 1.30/0.93/0.95
[2018-12-17T14:15:38.012+0800][59461][gc,mmu      ] GC(103) MMU: 2ms/6.8%, 5ms/60.6%, 10ms/80.3%, 20ms/90.2%, 50ms/96.1%, 100ms/97.9%
[2018-12-17T14:15:38.012+0800][59461][gc,marking  ] GC(103) Mark: 4 stripe(s), 10 proactive flush(es), 1 terminate flush(es), 0 completion(s), 0 continuation(s) 
[2018-12-17T14:15:38.012+0800][59461][gc,reloc    ] GC(103) Relocation: Successful, 55M relocated
[2018-12-17T14:15:38.012+0800][59461][gc,nmethod  ] GC(103) NMethods: 39 registered, 0 unregistered
[2018-12-17T14:15:38.012+0800][59461][gc,metaspace] GC(103) Metaspace: 4M used, 4M capacity, 5M committed, 8M reserved
[2018-12-17T14:15:38.012+0800][59461][gc,ref      ] GC(103) Soft: 88 encountered, 34 discovered, 0 enqueued
[2018-12-17T14:15:38.012+0800][59461][gc,ref      ] GC(103) Weak: 168 encountered, 136 discovered, 0 enqueued
[2018-12-17T14:15:38.012+0800][59461][gc,ref      ] GC(103) Final: 0 encountered, 0 discovered, 0 enqueued
[2018-12-17T14:15:38.012+0800][59461][gc,ref      ] GC(103) Phantom: 1 encountered, 1 discovered, 0 enqueued
[2018-12-17T14:15:38.012+0800][59461][gc,heap     ] GC(103)                Mark Start          Mark End        Relocate Start      Relocate End           High               Low         
[2018-12-17T14:15:38.012+0800][59461][gc,heap     ] GC(103)  Capacity:     1024M (100%)       1024M (100%)       1024M (100%)       1024M (100%)       1024M (100%)       1024M (100%)   
[2018-12-17T14:15:38.012+0800][59461][gc,heap     ] GC(103)   Reserve:       42M (4%)           42M (4%)           42M (4%)           42M (4%)           42M (4%)           42M (4%)     
[2018-12-17T14:15:38.012+0800][59461][gc,heap     ] GC(103)      Free:        4M (0%)            4M (0%)           94M (9%)           94M (9%)           94M (9%)            4M (0%)     
[2018-12-17T14:15:38.012+0800][59461][gc,heap     ] GC(103)      Used:      978M (96%)         978M (96%)         888M (87%)         888M (87%)         978M (96%)         888M (87%)    
[2018-12-17T14:15:38.012+0800][59461][gc,heap     ] GC(103)      Live:         -               812M (79%)         812M (79%)         812M (79%)            -                  -          
[2018-12-17T14:15:38.012+0800][59461][gc,heap     ] GC(103) Allocated:         -                 0M (0%)           10M (1%)           10M (1%)             -                  -          
[2018-12-17T14:15:38.012+0800][59461][gc,heap     ] GC(103)   Garbage:         -               165M (16%)          65M (6%)           65M (6%)             -                  -          
[2018-12-17T14:15:38.012+0800][59461][gc,heap     ] GC(103) Reclaimed:         -                  -               100M (10%)         100M (10%)            -                  -          
[2018-12-17T14:15:38.012+0800][59461][gc          ] GC(103) Garbage Collection (Allocation Stall) 978M(96%)->888M(87%)
[2018-12-17T14:15:38.021+0800][59461][gc,start    ] GC(104) Garbage Collection (Allocation Stall)
[2018-12-17T14:15:38.021+0800][59468][gc,ref      ] GC(104) Clearing All Soft References
[2018-12-17T14:15:38.021+0800][59468][gc,phases   ] GC(104) Pause Mark Start 0.101ms
[2018-12-17T14:15:38.305+0800][59461][gc,phases   ] GC(104) Concurrent Mark 283.672ms
[2018-12-17T14:15:38.305+0800][59468][gc,phases   ] GC(104) Pause Mark End 0.089ms
[2018-12-17T14:15:38.305+0800][59461][gc,phases   ] GC(104) Concurrent Process Non-Strong References 0.103ms
[2018-12-17T14:15:38.305+0800][59461][gc,phases   ] GC(104) Concurrent Reset Relocation Set 0.001ms
[2018-12-17T14:15:38.305+0800][59461][gc,phases   ] GC(104) Concurrent Destroy Detached Pages 0.001ms
[2018-12-17T14:15:38.306+0800][59461][gc,phases   ] GC(104) Concurrent Select Relocation Set 1.255ms
[2018-12-17T14:15:38.306+0800][59461][gc,phases   ] GC(104) Concurrent Prepare Relocation Set 0.000ms
[2018-12-17T14:15:38.306+0800][59468][gc,phases   ] GC(104) Pause Relocate Start 0.062ms
[2018-12-17T14:15:38.306+0800][59461][gc,phases   ] GC(104) Concurrent Relocate 0.018ms
[2018-12-17T14:15:38.306+0800][59461][gc,load     ] GC(104) Load: 1.30/0.93/0.95
[2018-12-17T14:15:38.306+0800][59461][gc,mmu      ] GC(104) MMU: 2ms/6.8%, 5ms/60.6%, 10ms/80.3%, 20ms/90.2%, 50ms/96.1%, 100ms/97.9%
[2018-12-17T14:15:38.306+0800][59461][gc,marking  ] GC(104) Mark: 4 stripe(s), 10 proactive flush(es), 1 terminate flush(es), 0 completion(s), 0 continuation(s) 
[2018-12-17T14:15:38.306+0800][59461][gc,reloc    ] GC(104) Relocation: Successful, 55M relocated
[2018-12-17T14:15:38.306+0800][59461][gc,nmethod  ] GC(104) NMethods: 39 registered, 0 unregistered
[2018-12-17T14:15:38.306+0800][59461][gc,metaspace] GC(104) Metaspace: 4M used, 4M capacity, 5M committed, 8M reserved
[2018-12-17T14:15:38.306+0800][59461][gc,ref      ] GC(104) Soft: 88 encountered, 21 discovered, 0 enqueued
[2018-12-17T14:15:38.306+0800][59461][gc,ref      ] GC(104) Weak: 168 encountered, 103 discovered, 0 enqueued
[2018-12-17T14:15:38.306+0800][59461][gc,ref      ] GC(104) Final: 0 encountered, 0 discovered, 0 enqueued
[2018-12-17T14:15:38.306+0800][59461][gc,ref      ] GC(104) Phantom: 1 encountered, 1 discovered, 0 enqueued
[2018-12-17T14:15:38.306+0800][59461][gc,heap     ] GC(104)                Mark Start          Mark End        Relocate Start      Relocate End           High               Low         
[2018-12-17T14:15:38.306+0800][59461][gc,heap     ] GC(104)  Capacity:     1024M (100%)       1024M (100%)       1024M (100%)       1024M (100%)       1024M (100%)       1024M (100%)   
[2018-12-17T14:15:38.306+0800][59461][gc,heap     ] GC(104)   Reserve:       42M (4%)           42M (4%)           42M (4%)           42M (4%)           42M (4%)           42M (4%)     
[2018-12-17T14:15:38.306+0800][59461][gc,heap     ] GC(104)      Free:        4M (0%)            4M (0%)           94M (9%)           94M (9%)           94M (9%)            4M (0%)     
[2018-12-17T14:15:38.306+0800][59461][gc,heap     ] GC(104)      Used:      978M (96%)         978M (96%)         888M (87%)         888M (87%)         978M (96%)         888M (87%)    
[2018-12-17T14:15:38.306+0800][59461][gc,heap     ] GC(104)      Live:         -               812M (79%)         812M (79%)         812M (79%)            -                  -          
[2018-12-17T14:15:38.306+0800][59461][gc,heap     ] GC(104) Allocated:         -                 0M (0%)           10M (1%)           10M (1%)             -                  -          
[2018-12-17T14:15:38.306+0800][59461][gc,heap     ] GC(104)   Garbage:         -               165M (16%)          65M (6%)           65M (6%)             -                  -          
[2018-12-17T14:15:38.306+0800][59461][gc,heap     ] GC(104) Reclaimed:         -                  -               100M (10%)         100M (10%)            -                  -          
[2018-12-17T14:15:38.306+0800][59461][gc          ] GC(104) Garbage Collection (Allocation Stall) 978M(96%)->888M(87%)
[2018-12-17T14:15:38.306+0800][59454][gc          ] Allocation Stall (main) 285.914ms
[2018-12-17T14:15:38.366+0800][59461][gc,start    ] GC(105) Garbage Collection (Allocation Rate)
[2018-12-17T14:15:38.367+0800][59468][gc,phases   ] GC(105) Pause Mark Start 0.095ms
[2018-12-17T14:15:38.412+0800][59454][gc,heap     ] Page Cache Flushed: 2M requested, 10M(70M->60M) flushed
[2018-12-17T14:15:38.416+0800][59454][gc,heap     ] Page Cache Flushed: 30M requested, 30M(60M->30M) flushed
[2018-12-17T14:15:38.853+0800][59461][gc,phases   ] GC(105) Concurrent Mark 486.060ms
[2018-12-17T14:15:38.853+0800][59468][gc,phases   ] GC(105) Pause Mark End 0.084ms
[2018-12-17T14:15:38.853+0800][59461][gc,phases   ] GC(105) Concurrent Process Non-Strong References 0.128ms
[2018-12-17T14:15:38.853+0800][59461][gc,phases   ] GC(105) Concurrent Reset Relocation Set 0.000ms
[2018-12-17T14:15:38.853+0800][59461][gc,phases   ] GC(105) Concurrent Destroy Detached Pages 0.005ms
[2018-12-17T14:15:38.854+0800][59461][gc,heap     ] GC(105) Page Cache Flushed: 32M requested, 40M(40M->0M) flushed
[2018-12-17T14:15:38.856+0800][59461][gc,phases   ] GC(105) Concurrent Select Relocation Set 2.717ms
[2018-12-17T14:15:38.856+0800][59461][gc,phases   ] GC(105) Concurrent Prepare Relocation Set 0.000ms
[2018-12-17T14:15:38.856+0800][59468][gc,phases   ] GC(105) Pause Relocate Start 0.061ms
[2018-12-17T14:15:38.856+0800][59454][gc          ] Allocation Stall (main) 430.765ms
[2018-12-17T14:15:38.857+0800][59461][gc,phases   ] GC(105) Concurrent Relocate 0.787ms
[2018-12-17T14:15:38.857+0800][59461][gc,load     ] GC(105) Load: 1.30/0.93/0.95
[2018-12-17T14:15:38.857+0800][59461][gc,mmu      ] GC(105) MMU: 2ms/6.8%, 5ms/60.6%, 10ms/80.3%, 20ms/90.2%, 50ms/96.1%, 100ms/97.9%
[2018-12-17T14:15:38.857+0800][59461][gc,marking  ] GC(105) Mark: 1 stripe(s), 1 proactive flush(es), 1 terminate flush(es), 0 completion(s), 0 continuation(s) 
[2018-12-17T14:15:38.857+0800][59461][gc,reloc    ] GC(105) Relocation: Successful, 55M relocated
[2018-12-17T14:15:38.857+0800][59461][gc,nmethod  ] GC(105) NMethods: 39 registered, 0 unregistered
[2018-12-17T14:15:38.857+0800][59461][gc,metaspace] GC(105) Metaspace: 4M used, 4M capacity, 5M committed, 8M reserved
[2018-12-17T14:15:38.857+0800][59461][gc,ref      ] GC(105) Soft: 88 encountered, 0 discovered, 0 enqueued
[2018-12-17T14:15:38.857+0800][59461][gc,ref      ] GC(105) Weak: 168 encountered, 132 discovered, 0 enqueued
[2018-12-17T14:15:38.857+0800][59461][gc,ref      ] GC(105) Final: 0 encountered, 0 discovered, 0 enqueued
[2018-12-17T14:15:38.857+0800][59461][gc,ref      ] GC(105) Phantom: 1 encountered, 1 discovered, 0 enqueued
[2018-12-17T14:15:38.857+0800][59461][gc,heap     ] GC(105)                Mark Start          Mark End        Relocate Start      Relocate End           High               Low         
[2018-12-17T14:15:38.857+0800][59461][gc,heap     ] GC(105)  Capacity:     1024M (100%)       1024M (100%)       1024M (100%)       1024M (100%)       1024M (100%)       1024M (100%)   
[2018-12-17T14:15:38.857+0800][59461][gc,heap     ] GC(105)   Reserve:       42M (4%)           42M (4%)           42M (4%)           42M (4%)           42M (4%)           42M (4%)     
[2018-12-17T14:15:38.857+0800][59461][gc,heap     ] GC(105)      Free:       74M (7%)           30M (3%)           28M (3%)           28M (3%)           74M (7%)            8M (1%)     
[2018-12-17T14:15:38.857+0800][59461][gc,heap     ] GC(105)      Used:      908M (89%)         952M (93%)         954M (93%)         954M (93%)         974M (95%)         908M (89%)    
[2018-12-17T14:15:38.857+0800][59461][gc,heap     ] GC(105)      Live:         -               812M (79%)         812M (79%)         812M (79%)            -                  -          
[2018-12-17T14:15:38.857+0800][59461][gc,heap     ] GC(105) Allocated:         -                44M (4%)           76M (7%)           76M (7%)             -                  -          
[2018-12-17T14:15:38.857+0800][59461][gc,heap     ] GC(105)   Garbage:         -                95M (9%)           65M (6%)           65M (6%)             -                  -          
[2018-12-17T14:15:38.857+0800][59461][gc,heap     ] GC(105) Reclaimed:         -                  -                30M (3%)           30M (3%)             -                  -          
[2018-12-17T14:15:38.857+0800][59461][gc          ] GC(105) Garbage Collection (Allocation Rate) 908M(89%)->954M(93%)
[2018-12-17T14:15:38.866+0800][59461][gc,start    ] GC(106) Garbage Collection (Allocation Rate)
[2018-12-17T14:15:38.867+0800][59468][gc,phases   ] GC(106) Pause Mark Start 0.089ms
[2018-12-17T14:15:39.358+0800][59461][gc,phases   ] GC(106) Concurrent Mark 491.179ms
[2018-12-17T14:15:39.358+0800][59468][gc,phases   ] GC(106) Pause Mark End 0.083ms
[2018-12-17T14:15:39.359+0800][59461][gc,phases   ] GC(106) Concurrent Process Non-Strong References 0.125ms
[2018-12-17T14:15:39.359+0800][59461][gc,phases   ] GC(106) Concurrent Reset Relocation Set 0.000ms
[2018-12-17T14:15:39.359+0800][59461][gc,phases   ] GC(106) Concurrent Destroy Detached Pages 0.004ms
[2018-12-17T14:15:39.360+0800][59454][gc          ] Allocation Stall (main) 492.805ms
[2018-12-17T14:15:39.360+0800][59461][gc,phases   ] GC(106) Concurrent Select Relocation Set 1.269ms
[2018-12-17T14:15:39.360+0800][59461][gc,phases   ] GC(106) Concurrent Prepare Relocation Set 0.126ms
[2018-12-17T14:15:39.362+0800][59468][gc,phases   ] GC(106) Pause Relocate Start 0.065ms
[2018-12-17T14:15:39.373+0800][59458][gc,heap     ] GC(106) Page Cache Flushed: 10M requested, 32M(64M->32M) flushed
[2018-12-17T14:15:39.374+0800][59454][gc          ] Allocation Stall (main) 10.386ms
[2018-12-17T14:15:39.376+0800][59454][gc,heap     ] Page Cache Flushed: 10M requested, 32M(34M->2M) flushed
[2018-12-17T14:15:39.379+0800][59461][gc,phases   ] GC(106) Concurrent Relocate 16.950ms
[2018-12-17T14:15:39.379+0800][59461][gc,load     ] GC(106) Load: 1.30/0.93/0.95
[2018-12-17T14:15:39.379+0800][59461][gc,mmu      ] GC(106) MMU: 2ms/6.8%, 5ms/60.6%, 10ms/80.3%, 20ms/90.2%, 50ms/96.1%, 100ms/97.9%
[2018-12-17T14:15:39.379+0800][59461][gc,marking  ] GC(106) Mark: 1 stripe(s), 1 proactive flush(es), 1 terminate flush(es), 0 completion(s), 0 continuation(s) 
[2018-12-17T14:15:39.379+0800][59461][gc,reloc    ] GC(106) Relocation: Successful, 76M relocated
[2018-12-17T14:15:39.379+0800][59461][gc,nmethod  ] GC(106) NMethods: 39 registered, 0 unregistered
[2018-12-17T14:15:39.379+0800][59461][gc,metaspace] GC(106) Metaspace: 4M used, 4M capacity, 5M committed, 8M reserved
[2018-12-17T14:15:39.379+0800][59461][gc,ref      ] GC(106) Soft: 88 encountered, 0 discovered, 0 enqueued
[2018-12-17T14:15:39.379+0800][59461][gc,ref      ] GC(106) Weak: 168 encountered, 108 discovered, 0 enqueued
[2018-12-17T14:15:39.379+0800][59461][gc,ref      ] GC(106) Final: 0 encountered, 0 discovered, 0 enqueued
[2018-12-17T14:15:39.380+0800][59461][gc,ref      ] GC(106) Phantom: 1 encountered, 1 discovered, 0 enqueued
[2018-12-17T14:15:39.380+0800][59461][gc,heap     ] GC(106)                Mark Start          Mark End        Relocate Start      Relocate End           High               Low         
[2018-12-17T14:15:39.380+0800][59461][gc,heap     ] GC(106)  Capacity:     1024M (100%)       1024M (100%)       1024M (100%)       1024M (100%)       1024M (100%)       1024M (100%)   
[2018-12-17T14:15:39.380+0800][59461][gc,heap     ] GC(106)   Reserve:       42M (4%)           42M (4%)           42M (4%)           42M (4%)           42M (4%)           18M (2%)     
[2018-12-17T14:15:39.380+0800][59461][gc,heap     ] GC(106)      Free:        8M (1%)            8M (1%)           18M (2%)           22M (2%)           40M (4%)            0M (0%)     
[2018-12-17T14:15:39.380+0800][59461][gc,heap     ] GC(106)      Used:      974M (95%)         974M (95%)         964M (94%)         960M (94%)        1006M (98%)         942M (92%)    
[2018-12-17T14:15:39.380+0800][59461][gc,heap     ] GC(106)      Live:         -               843M (82%)         843M (82%)         843M (82%)            -                  -          
[2018-12-17T14:15:39.380+0800][59461][gc,heap     ] GC(106) Allocated:         -                 0M (0%)           10M (1%)           74M (7%)             -                  -          
[2018-12-17T14:15:39.380+0800][59461][gc,heap     ] GC(106)   Garbage:         -               130M (13%)         110M (11%)          76M (7%)             -                  -          
[2018-12-17T14:15:39.380+0800][59461][gc,heap     ] GC(106) Reclaimed:         -                  -                20M (2%)           54M (5%)             -                  -          
[2018-12-17T14:15:39.380+0800][59461][gc          ] GC(106) Garbage Collection (Allocation Rate) 974M(95%)->960M(94%)
[2018-12-17T14:15:39.382+0800][59454][gc,heap     ] Page Cache Flushed: 2M requested, 2M(4M->2M) flushed
[2018-12-17T14:15:39.385+0800][59461][gc,start    ] GC(107) Garbage Collection (Allocation Stall)
[2018-12-17T14:15:39.385+0800][59468][gc,ref      ] GC(107) Clearing All Soft References
[2018-12-17T14:15:39.385+0800][59468][gc,phases   ] GC(107) Pause Mark Start 0.096ms
[2018-12-17T14:15:39.679+0800][59461][gc,phases   ] GC(107) Concurrent Mark 293.566ms
[2018-12-17T14:15:39.679+0800][59468][gc,phases   ] GC(107) Pause Mark End 0.087ms
[2018-12-17T14:15:39.679+0800][59461][gc,phases   ] GC(107) Concurrent Process Non-Strong References 0.089ms
[2018-12-17T14:15:39.679+0800][59461][gc,phases   ] GC(107) Concurrent Reset Relocation Set 0.002ms
[2018-12-17T14:15:39.679+0800][59461][gc,phases   ] GC(107) Concurrent Destroy Detached Pages 0.005ms
[2018-12-17T14:15:39.680+0800][59461][gc,phases   ] GC(107) Concurrent Select Relocation Set 1.256ms
[2018-12-17T14:15:39.680+0800][59454][gc          ] Allocation Stall (main) 295.423ms
[2018-12-17T14:15:39.680+0800][59461][gc,phases   ] GC(107) Concurrent Prepare Relocation Set 0.000ms
[2018-12-17T14:15:39.683+0800][59468][gc,phases   ] GC(107) Pause Relocate Start 0.068ms
[2018-12-17T14:15:39.683+0800][59461][gc,phases   ] GC(107) Concurrent Relocate 0.016ms
[2018-12-17T14:15:39.683+0800][59461][gc,load     ] GC(107) Load: 1.30/0.93/0.95
[2018-12-17T14:15:39.683+0800][59461][gc,mmu      ] GC(107) MMU: 2ms/6.8%, 5ms/60.6%, 10ms/80.3%, 20ms/90.2%, 50ms/96.1%, 100ms/97.9%
[2018-12-17T14:15:39.683+0800][59461][gc,marking  ] GC(107) Mark: 4 stripe(s), 10 proactive flush(es), 1 terminate flush(es), 0 completion(s), 0 continuation(s) 
[2018-12-17T14:15:39.683+0800][59461][gc,reloc    ] GC(107) Relocation: Successful, 76M relocated
[2018-12-17T14:15:39.683+0800][59461][gc,nmethod  ] GC(107) NMethods: 39 registered, 0 unregistered
[2018-12-17T14:15:39.683+0800][59461][gc,metaspace] GC(107) Metaspace: 4M used, 4M capacity, 5M committed, 8M reserved
[2018-12-17T14:15:39.683+0800][59461][gc,ref      ] GC(107) Soft: 88 encountered, 17 discovered, 0 enqueued
[2018-12-17T14:15:39.683+0800][59461][gc,ref      ] GC(107) Weak: 168 encountered, 51 discovered, 0 enqueued
[2018-12-17T14:15:39.683+0800][59461][gc,ref      ] GC(107) Final: 0 encountered, 0 discovered, 0 enqueued
[2018-12-17T14:15:39.683+0800][59461][gc,ref      ] GC(107) Phantom: 1 encountered, 1 discovered, 0 enqueued
[2018-12-17T14:15:39.683+0800][59461][gc,heap     ] GC(107)                Mark Start          Mark End        Relocate Start      Relocate End           High               Low         
[2018-12-17T14:15:39.683+0800][59461][gc,heap     ] GC(107)  Capacity:     1024M (100%)       1024M (100%)       1024M (100%)       1024M (100%)       1024M (100%)       1024M (100%)   
[2018-12-17T14:15:39.683+0800][59461][gc,heap     ] GC(107)   Reserve:       42M (4%)           42M (4%)           42M (4%)           42M (4%)           42M (4%)           42M (4%)     
[2018-12-17T14:15:39.683+0800][59461][gc,heap     ] GC(107)      Free:        2M (0%)            2M (0%)           52M (5%)           42M (4%)           52M (5%)            2M (0%)     
[2018-12-17T14:15:39.683+0800][59461][gc,heap     ] GC(107)      Used:      980M (96%)         980M (96%)         930M (91%)         940M (92%)         980M (96%)         930M (91%)    
[2018-12-17T14:15:39.683+0800][59461][gc,heap     ] GC(107)      Live:         -               843M (82%)         843M (82%)         843M (82%)            -                  -          
[2018-12-17T14:15:39.683+0800][59461][gc,heap     ] GC(107) Allocated:         -                 0M (0%)           10M (1%)           20M (2%)             -                  -          
[2018-12-17T14:15:39.683+0800][59461][gc,heap     ] GC(107)   Garbage:         -               136M (13%)          76M (7%)           76M (7%)             -                  -          
[2018-12-17T14:15:39.683+0800][59461][gc,heap     ] GC(107) Reclaimed:         -                  -                60M (6%)           60M (6%)             -                  -          
[2018-12-17T14:15:39.683+0800][59461][gc          ] GC(107) Garbage Collection (Allocation Stall) 980M(96%)->940M(92%)
[2018-12-17T14:15:39.688+0800][59461][gc,start    ] GC(108) Garbage Collection (Allocation Stall)
[2018-12-17T14:15:39.688+0800][59468][gc,ref      ] GC(108) Clearing All Soft References
[2018-12-17T14:15:39.688+0800][59468][gc,phases   ] GC(108) Pause Mark Start 0.092ms
[2018-12-17T14:15:39.991+0800][59461][gc,phases   ] GC(108) Concurrent Mark 302.756ms
[2018-12-17T14:15:39.991+0800][59468][gc,phases   ] GC(108) Pause Mark End 0.068ms
[2018-12-17T14:15:39.991+0800][59461][gc,phases   ] GC(108) Concurrent Process Non-Strong References 0.069ms
[2018-12-17T14:15:39.991+0800][59461][gc,phases   ] GC(108) Concurrent Reset Relocation Set 0.001ms
[2018-12-17T14:15:39.991+0800][59461][gc,phases   ] GC(108) Concurrent Destroy Detached Pages 0.001ms
[2018-12-17T14:15:39.992+0800][59461][gc,phases   ] GC(108) Concurrent Select Relocation Set 1.269ms
[2018-12-17T14:15:39.992+0800][59461][gc,phases   ] GC(108) Concurrent Prepare Relocation Set 0.000ms
[2018-12-17T14:15:39.992+0800][59454][gc          ] Allocation Stall (main) 304.540ms
[2018-12-17T14:15:39.995+0800][59468][gc,phases   ] GC(108) Pause Relocate Start 0.051ms
[2018-12-17T14:15:39.995+0800][59461][gc,phases   ] GC(108) Concurrent Relocate 0.020ms
[2018-12-17T14:15:39.995+0800][59461][gc,load     ] GC(108) Load: 1.30/0.93/0.95
[2018-12-17T14:15:39.995+0800][59461][gc,mmu      ] GC(108) MMU: 2ms/6.8%, 5ms/60.6%, 10ms/80.3%, 20ms/90.2%, 50ms/96.1%, 100ms/97.9%
[2018-12-17T14:15:39.995+0800][59461][gc,marking  ] GC(108) Mark: 4 stripe(s), 10 proactive flush(es), 1 terminate flush(es), 0 completion(s), 0 continuation(s) 
[2018-12-17T14:15:39.995+0800][59461][gc,reloc    ] GC(108) Relocation: Successful, 76M relocated
[2018-12-17T14:15:39.995+0800][59461][gc,nmethod  ] GC(108) NMethods: 39 registered, 0 unregistered
[2018-12-17T14:15:39.995+0800][59461][gc,metaspace] GC(108) Metaspace: 4M used, 4M capacity, 5M committed, 8M reserved
[2018-12-17T14:15:39.995+0800][59461][gc,ref      ] GC(108) Soft: 88 encountered, 26 discovered, 0 enqueued
[2018-12-17T14:15:39.995+0800][59461][gc,ref      ] GC(108) Weak: 168 encountered, 35 discovered, 0 enqueued
[2018-12-17T14:15:39.995+0800][59461][gc,ref      ] GC(108) Final: 0 encountered, 0 discovered, 0 enqueued
[2018-12-17T14:15:39.995+0800][59461][gc,ref      ] GC(108) Phantom: 1 encountered, 1 discovered, 0 enqueued
[2018-12-17T14:15:39.995+0800][59461][gc,heap     ] GC(108)                Mark Start          Mark End        Relocate Start      Relocate End           High               Low         
[2018-12-17T14:15:39.995+0800][59461][gc,heap     ] GC(108)  Capacity:     1024M (100%)       1024M (100%)       1024M (100%)       1024M (100%)       1024M (100%)       1024M (100%)   
[2018-12-17T14:15:39.995+0800][59461][gc,heap     ] GC(108)   Reserve:       42M (4%)           42M (4%)           42M (4%)           42M (4%)           42M (4%)           42M (4%)     
[2018-12-17T14:15:39.995+0800][59461][gc,heap     ] GC(108)      Free:        2M (0%)            2M (0%)           52M (5%)           42M (4%)           52M (5%)            2M (0%)     
[2018-12-17T14:15:39.995+0800][59461][gc,heap     ] GC(108)      Used:      980M (96%)         980M (96%)         930M (91%)         940M (92%)         980M (96%)         930M (91%)    
[2018-12-17T14:15:39.995+0800][59461][gc,heap     ] GC(108)      Live:         -               843M (82%)         843M (82%)         843M (82%)            -                  -          
[2018-12-17T14:15:39.995+0800][59461][gc,heap     ] GC(108) Allocated:         -                 0M (0%)           10M (1%)           20M (2%)             -                  -          
[2018-12-17T14:15:39.995+0800][59461][gc,heap     ] GC(108)   Garbage:         -               136M (13%)          76M (7%)           76M (7%)             -                  -          
[2018-12-17T14:15:39.995+0800][59461][gc,heap     ] GC(108) Reclaimed:         -                  -                60M (6%)           60M (6%)             -                  -          
[2018-12-17T14:15:39.995+0800][59461][gc          ] GC(108) Garbage Collection (Allocation Stall) 980M(96%)->940M(92%)
[2018-12-17T14:15:40.000+0800][59461][gc,start    ] GC(109) Garbage Collection (Allocation Stall)
[2018-12-17T14:15:40.000+0800][59468][gc,ref      ] GC(109) Clearing All Soft References
[2018-12-17T14:15:40.000+0800][59468][gc,phases   ] GC(109) Pause Mark Start 0.107ms
[2018-12-17T14:15:40.346+0800][59461][gc,phases   ] GC(109) Concurrent Mark 346.266ms
[2018-12-17T14:15:40.346+0800][59468][gc,phases   ] GC(109) Pause Mark End 0.089ms
[2018-12-17T14:15:40.346+0800][59461][gc,phases   ] GC(109) Concurrent Process Non-Strong References 0.083ms
[2018-12-17T14:15:40.346+0800][59461][gc,phases   ] GC(109) Concurrent Reset Relocation Set 0.000ms
[2018-12-17T14:15:40.346+0800][59461][gc,phases   ] GC(109) Concurrent Destroy Detached Pages 0.001ms
[2018-12-17T14:15:40.348+0800][59454][gc          ] Allocation Stall (main) 348.165ms
[2018-12-17T14:15:40.348+0800][59461][gc,phases   ] GC(109) Concurrent Select Relocation Set 1.237ms
[2018-12-17T14:15:40.348+0800][59461][gc,phases   ] GC(109) Concurrent Prepare Relocation Set 0.000ms
[2018-12-17T14:15:40.349+0800][59468][gc,phases   ] GC(109) Pause Relocate Start 0.058ms
[2018-12-17T14:15:40.349+0800][59461][gc,phases   ] GC(109) Concurrent Relocate 0.015ms
[2018-12-17T14:15:40.349+0800][59461][gc,load     ] GC(109) Load: 1.30/0.93/0.95
[2018-12-17T14:15:40.349+0800][59461][gc,mmu      ] GC(109) MMU: 2ms/6.8%, 5ms/60.6%, 10ms/80.3%, 20ms/90.2%, 50ms/96.1%, 100ms/97.9%
[2018-12-17T14:15:40.349+0800][59461][gc,marking  ] GC(109) Mark: 4 stripe(s), 10 proactive flush(es), 1 terminate flush(es), 0 completion(s), 0 continuation(s) 
[2018-12-17T14:15:40.349+0800][59461][gc,reloc    ] GC(109) Relocation: Successful, 76M relocated
[2018-12-17T14:15:40.349+0800][59461][gc,nmethod  ] GC(109) NMethods: 39 registered, 0 unregistered
[2018-12-17T14:15:40.349+0800][59461][gc,metaspace] GC(109) Metaspace: 4M used, 4M capacity, 5M committed, 8M reserved
[2018-12-17T14:15:40.349+0800][59461][gc,ref      ] GC(109) Soft: 88 encountered, 10 discovered, 0 enqueued
[2018-12-17T14:15:40.349+0800][59461][gc,ref      ] GC(109) Weak: 168 encountered, 33 discovered, 0 enqueued
[2018-12-17T14:15:40.349+0800][59461][gc,ref      ] GC(109) Final: 0 encountered, 0 discovered, 0 enqueued
[2018-12-17T14:15:40.349+0800][59461][gc,ref      ] GC(109) Phantom: 1 encountered, 1 discovered, 0 enqueued
[2018-12-17T14:15:40.349+0800][59461][gc,heap     ] GC(109)                Mark Start          Mark End        Relocate Start      Relocate End           High               Low         
[2018-12-17T14:15:40.349+0800][59461][gc,heap     ] GC(109)  Capacity:     1024M (100%)       1024M (100%)       1024M (100%)       1024M (100%)       1024M (100%)       1024M (100%)   
[2018-12-17T14:15:40.349+0800][59461][gc,heap     ] GC(109)   Reserve:       42M (4%)           42M (4%)           42M (4%)           42M (4%)           42M (4%)           42M (4%)     
[2018-12-17T14:15:40.349+0800][59461][gc,heap     ] GC(109)      Free:        2M (0%)            2M (0%)           52M (5%)           42M (4%)           52M (5%)            2M (0%)     
[2018-12-17T14:15:40.349+0800][59461][gc,heap     ] GC(109)      Used:      980M (96%)         980M (96%)         930M (91%)         940M (92%)         980M (96%)         930M (91%)    
[2018-12-17T14:15:40.349+0800][59461][gc,heap     ] GC(109)      Live:         -               843M (82%)         843M (82%)         843M (82%)            -                  -          
[2018-12-17T14:15:40.349+0800][59461][gc,heap     ] GC(109) Allocated:         -                 0M (0%)           10M (1%)           20M (2%)             -                  -          
[2018-12-17T14:15:40.349+0800][59461][gc,heap     ] GC(109)   Garbage:         -               136M (13%)          76M (7%)           76M (7%)             -                  -          
[2018-12-17T14:15:40.349+0800][59461][gc,heap     ] GC(109) Reclaimed:         -                  -                60M (6%)           60M (6%)             -                  -          
[2018-12-17T14:15:40.349+0800][59461][gc          ] GC(109) Garbage Collection (Allocation Stall) 980M(96%)->940M(92%)
[2018-12-17T14:15:40.354+0800][59461][gc,start    ] GC(110) Garbage Collection (Allocation Stall)
[2018-12-17T14:15:40.354+0800][59468][gc,ref      ] GC(110) Clearing All Soft References
[2018-12-17T14:15:40.354+0800][59468][gc,phases   ] GC(110) Pause Mark Start 0.114ms
[2018-12-17T14:15:40.671+0800][59461][gc,phases   ] GC(110) Concurrent Mark 316.845ms
[2018-12-17T14:15:40.671+0800][59468][gc,phases   ] GC(110) Pause Mark End 0.097ms
[2018-12-17T14:15:40.671+0800][59461][gc,phases   ] GC(110) Concurrent Process Non-Strong References 0.079ms
[2018-12-17T14:15:40.671+0800][59461][gc,phases   ] GC(110) Concurrent Reset Relocation Set 0.001ms
[2018-12-17T14:15:40.671+0800][59461][gc,phases   ] GC(110) Concurrent Destroy Detached Pages 0.001ms
[2018-12-17T14:15:40.673+0800][59461][gc,phases   ] GC(110) Concurrent Select Relocation Set 1.789ms
[2018-12-17T14:15:40.673+0800][59461][gc,phases   ] GC(110) Concurrent Prepare Relocation Set 0.000ms
[2018-12-17T14:15:40.673+0800][59454][gc          ] Allocation Stall (main) 319.329ms
[2018-12-17T14:15:40.675+0800][59468][gc,phases   ] GC(110) Pause Relocate Start 0.079ms
[2018-12-17T14:15:40.675+0800][59461][gc,phases   ] GC(110) Concurrent Relocate 0.017ms
[2018-12-17T14:15:40.675+0800][59461][gc,load     ] GC(110) Load: 1.30/0.93/0.95
[2018-12-17T14:15:40.675+0800][59461][gc,mmu      ] GC(110) MMU: 2ms/6.8%, 5ms/60.6%, 10ms/80.3%, 20ms/90.2%, 50ms/96.1%, 100ms/97.9%
[2018-12-17T14:15:40.675+0800][59461][gc,marking  ] GC(110) Mark: 4 stripe(s), 10 proactive flush(es), 1 terminate flush(es), 0 completion(s), 0 continuation(s) 
[2018-12-17T14:15:40.675+0800][59461][gc,reloc    ] GC(110) Relocation: Successful, 76M relocated
[2018-12-17T14:15:40.675+0800][59461][gc,nmethod  ] GC(110) NMethods: 39 registered, 0 unregistered
[2018-12-17T14:15:40.675+0800][59461][gc,metaspace] GC(110) Metaspace: 4M used, 4M capacity, 5M committed, 8M reserved
[2018-12-17T14:15:40.675+0800][59461][gc,ref      ] GC(110) Soft: 88 encountered, 21 discovered, 0 enqueued
[2018-12-17T14:15:40.675+0800][59461][gc,ref      ] GC(110) Weak: 168 encountered, 22 discovered, 0 enqueued
[2018-12-17T14:15:40.675+0800][59461][gc,ref      ] GC(110) Final: 0 encountered, 0 discovered, 0 enqueued
[2018-12-17T14:15:40.675+0800][59461][gc,ref      ] GC(110) Phantom: 1 encountered, 1 discovered, 0 enqueued
[2018-12-17T14:15:40.675+0800][59461][gc,heap     ] GC(110)                Mark Start          Mark End        Relocate Start      Relocate End           High               Low         
[2018-12-17T14:15:40.675+0800][59461][gc,heap     ] GC(110)  Capacity:     1024M (100%)       1024M (100%)       1024M (100%)       1024M (100%)       1024M (100%)       1024M (100%)   
[2018-12-17T14:15:40.675+0800][59461][gc,heap     ] GC(110)   Reserve:       42M (4%)           42M (4%)           42M (4%)           42M (4%)           42M (4%)           42M (4%)     
[2018-12-17T14:15:40.675+0800][59461][gc,heap     ] GC(110)      Free:        2M (0%)            2M (0%)           52M (5%)           42M (4%)           52M (5%)            2M (0%)     
[2018-12-17T14:15:40.675+0800][59461][gc,heap     ] GC(110)      Used:      980M (96%)         980M (96%)         930M (91%)         940M (92%)         980M (96%)         930M (91%)    
[2018-12-17T14:15:40.675+0800][59461][gc,heap     ] GC(110)      Live:         -               843M (82%)         843M (82%)         843M (82%)            -                  -          
[2018-12-17T14:15:40.675+0800][59461][gc,heap     ] GC(110) Allocated:         -                 0M (0%)           10M (1%)           20M (2%)             -                  -          
[2018-12-17T14:15:40.675+0800][59461][gc,heap     ] GC(110)   Garbage:         -               136M (13%)          76M (7%)           76M (7%)             -                  -          
[2018-12-17T14:15:40.675+0800][59461][gc,heap     ] GC(110) Reclaimed:         -                  -                60M (6%)           60M (6%)             -                  -          
[2018-12-17T14:15:40.675+0800][59461][gc          ] GC(110) Garbage Collection (Allocation Stall) 980M(96%)->940M(92%)
[2018-12-17T14:15:40.684+0800][59461][gc,start    ] GC(111) Garbage Collection (Allocation Stall)
[2018-12-17T14:15:40.684+0800][59468][gc,ref      ] GC(111) Clearing All Soft References
[2018-12-17T14:15:40.684+0800][59468][gc,phases   ] GC(111) Pause Mark Start 0.136ms
[2018-12-17T14:15:40.967+0800][59462][gc,stats    ] === Garbage Collection Statistics =======================================================================================================================
[2018-12-17T14:15:40.967+0800][59462][gc,stats    ]                                                              Last 10s              Last 10m              Last 10h                Total
[2018-12-17T14:15:40.967+0800][59462][gc,stats    ]                                                              Avg / Max             Avg / Max             Avg / Max             Avg / Max
[2018-12-17T14:15:40.967+0800][59462][gc,stats    ]   Collector: Garbage Collection Cycle                    324.862 / 513.471     240.395 / 513.471     240.395 / 513.471     240.395 / 513.471     ms
[2018-12-17T14:15:40.967+0800][59462][gc,stats    ]  Contention: Mark Segment Reset Contention                     3 / 6                 3 / 9                 3 / 9                 3 / 9           ops/s
[2018-12-17T14:15:40.967+0800][59462][gc,stats    ]  Contention: Mark SeqNum Reset Contention                      0 / 2                 0 / 2                 0 / 2                 0 / 2           ops/s
[2018-12-17T14:15:40.967+0800][59462][gc,stats    ]  Contention: Relocation Contention                             0 / 0                 0 / 5                 0 / 5                 0 / 5           ops/s
[2018-12-17T14:15:40.967+0800][59462][gc,stats    ]    Critical: Allocation Stall                            268.219 / 492.805     213.605 / 492.805     213.605 / 492.805     213.605 / 492.805     ms
[2018-12-17T14:15:40.967+0800][59462][gc,stats    ]    Critical: Allocation Stall                                  3 / 5                 3 / 6                 3 / 6                 3 / 6           ops/s
[2018-12-17T14:15:40.967+0800][59462][gc,stats    ]    Critical: GC Locker Stall                               0.000 / 0.000         0.000 / 0.000         0.000 / 0.000         0.000 / 0.000       ms
[2018-12-17T14:15:40.967+0800][59462][gc,stats    ]    Critical: GC Locker Stall                                   0 / 0                 0 / 0                 0 / 0                 0 / 0           ops/s
[2018-12-17T14:15:40.967+0800][59462][gc,stats    ]      Memory: Allocation Rate                                 312 / 580             947 / 3098            947 / 3098            947 / 3098        MB/s
[2018-12-17T14:15:40.967+0800][59462][gc,stats    ]      Memory: Heap Used After Mark                            975 / 980             908 / 982             908 / 982             908 / 982         MB
[2018-12-17T14:15:40.967+0800][59462][gc,stats    ]      Memory: Heap Used After Relocation                      896 / 960             710 / 982             710 / 982             710 / 982         MB
[2018-12-17T14:15:40.967+0800][59462][gc,stats    ]      Memory: Heap Used Before Mark                           973 / 980             828 / 982             828 / 982             828 / 982         MB
[2018-12-17T14:15:40.967+0800][59462][gc,stats    ]      Memory: Heap Used Before Relocation                     885 / 964             684 / 982             684 / 982             684 / 982         MB
[2018-12-17T14:15:40.967+0800][59462][gc,stats    ]      Memory: Out Of Memory                                     0 / 0                 0 / 0                 0 / 0                 0 / 0           ops/s
[2018-12-17T14:15:40.967+0800][59462][gc,stats    ]      Memory: Page Cache Flush                                 78 / 262             168 / 516             168 / 516             168 / 516         MB/s
[2018-12-17T14:15:40.967+0800][59462][gc,stats    ]      Memory: Page Cache Hit L1                                27 / 58               84 / 303              84 / 303              84 / 303         ops/s
[2018-12-17T14:15:40.967+0800][59462][gc,stats    ]      Memory: Page Cache Hit L2                                 0 / 0                 0 / 0                 0 / 0                 0 / 0           ops/s
[2018-12-17T14:15:40.967+0800][59462][gc,stats    ]      Memory: Page Cache Miss                                   6 / 22               17 / 102              17 / 102              17 / 102         ops/s
[2018-12-17T14:15:40.967+0800][59462][gc,stats    ]      Memory: Undo Object Allocation Failed                     0 / 0                 0 / 0                 0 / 0                 0 / 0           ops/s
[2018-12-17T14:15:40.967+0800][59462][gc,stats    ]      Memory: Undo Object Allocation Succeeded                  0 / 0                 0 / 5                 0 / 5                 0 / 5           ops/s
[2018-12-17T14:15:40.967+0800][59462][gc,stats    ]      Memory: Undo Page Allocation                              0 / 2                 1 / 6                 1 / 6                 1 / 6           ops/s
[2018-12-17T14:15:40.967+0800][59462][gc,stats    ]       Phase: Concurrent Destroy Detached Pages             0.002 / 0.011         0.036 / 1.222         0.036 / 1.222         0.036 / 1.222       ms
[2018-12-17T14:15:40.967+0800][59462][gc,stats    ]       Phase: Concurrent Mark                             319.099 / 491.179     230.510 / 491.179     230.510 / 491.179     230.510 / 491.179     ms
[2018-12-17T14:15:40.967+0800][59462][gc,stats    ]       Phase: Concurrent Mark Continue                      0.000 / 0.000         0.000 / 0.000         0.000 / 0.000         0.000 / 0.000       ms
[2018-12-17T14:15:40.967+0800][59462][gc,stats    ]       Phase: Concurrent Prepare Relocation Set             0.025 / 0.130         0.127 / 1.534         0.127 / 1.534         0.127 / 1.534       ms
[2018-12-17T14:15:40.967+0800][59462][gc,stats    ]       Phase: Concurrent Process Non-Strong References      0.099 / 0.132         0.117 / 0.264         0.117 / 0.264         0.117 / 0.264       ms
[2018-12-17T14:15:40.967+0800][59462][gc,stats    ]       Phase: Concurrent Relocate                           2.018 / 16.950        5.436 / 43.869        5.436 / 43.869        5.436 / 43.869      ms
[2018-12-17T14:15:40.967+0800][59462][gc,stats    ]       Phase: Concurrent Reset Relocation Set               0.001 / 0.004         0.015 / 0.251         0.015 / 0.251         0.015 / 0.251       ms
[2018-12-17T14:15:40.967+0800][59462][gc,stats    ]       Phase: Concurrent Select Relocation Set              1.422 / 2.717         1.582 / 5.198         1.582 / 5.198         1.582 / 5.198       ms
[2018-12-17T14:15:40.967+0800][59462][gc,stats    ]       Phase: Pause Mark End                                0.079 / 0.107         0.081 / 0.127         0.081 / 0.127         0.081 / 0.127       ms
[2018-12-17T14:15:40.967+0800][59462][gc,stats    ]       Phase: Pause Mark Start                              0.100 / 0.149         0.101 / 0.332         0.101 / 0.332         0.101 / 0.332       ms
[2018-12-17T14:15:40.967+0800][59462][gc,stats    ]       Phase: Pause Relocate Start                          0.064 / 0.079         0.110 / 1.865         0.110 / 1.865         0.110 / 1.865       ms
[2018-12-17T14:15:40.967+0800][59462][gc,stats    ]    Subphase: Concurrent Mark                             295.229 / 491.131     229.419 / 491.131     229.419 / 491.131     229.419 / 491.131     ms
[2018-12-17T14:15:40.967+0800][59462][gc,stats    ]    Subphase: Concurrent Mark Idle                          1.067 / 2.666         1.069 / 8.882         1.069 / 8.882         1.069 / 8.882       ms
[2018-12-17T14:15:40.967+0800][59462][gc,stats    ]    Subphase: Concurrent Mark Try Flush                     0.039 / 1.100         0.103 / 4.609         0.103 / 4.609         0.103 / 4.609       ms
[2018-12-17T14:15:40.967+0800][59462][gc,stats    ]    Subphase: Concurrent Mark Try Terminate                 1.065 / 2.667         1.064 / 8.883         1.064 / 8.883         1.064 / 8.883       ms
[2018-12-17T14:15:40.967+0800][59462][gc,stats    ]    Subphase: Concurrent References Enqueue                 0.000 / 0.000         0.001 / 0.008         0.001 / 0.008         0.001 / 0.008       ms
[2018-12-17T14:15:40.967+0800][59462][gc,stats    ]    Subphase: Concurrent References Process                 0.037 / 0.056         0.039 / 0.084         0.039 / 0.084         0.039 / 0.084       ms
[2018-12-17T14:15:40.967+0800][59462][gc,stats    ]    Subphase: Concurrent Weak Roots                         0.018 / 0.066         0.025 / 0.148         0.025 / 0.148         0.025 / 0.148       ms
[2018-12-17T14:15:40.967+0800][59462][gc,stats    ]    Subphase: Concurrent Weak Roots JNIWeakHandles          0.000 / 0.001         0.000 / 0.001         0.000 / 0.001         0.000 / 0.001       ms
[2018-12-17T14:15:40.967+0800][59462][gc,stats    ]    Subphase: Concurrent Weak Roots StringTable             0.018 / 0.058         0.024 / 0.131         0.024 / 0.131         0.024 / 0.131       ms
[2018-12-17T14:15:40.967+0800][59462][gc,stats    ]    Subphase: Concurrent Weak Roots VMWeakHandles           0.003 / 0.013         0.004 / 0.016         0.004 / 0.016         0.004 / 0.016       ms
[2018-12-17T14:15:40.967+0800][59462][gc,stats    ]    Subphase: Pause Mark Try Complete                       0.000 / 0.000         0.001 / 0.001         0.001 / 0.001         0.001 / 0.001       ms
[2018-12-17T14:15:40.967+0800][59462][gc,stats    ]    Subphase: Pause Remap TLABS                             0.001 / 0.002         0.001 / 0.009         0.001 / 0.009         0.001 / 0.009       ms
[2018-12-17T14:15:40.967+0800][59462][gc,stats    ]    Subphase: Pause Retire TLABS                            0.004 / 0.006         0.006 / 0.025         0.006 / 0.025         0.006 / 0.025       ms
[2018-12-17T14:15:40.967+0800][59462][gc,stats    ]    Subphase: Pause Roots                                   0.017 / 0.060         0.025 / 1.742         0.025 / 1.742         0.025 / 1.742       ms
[2018-12-17T14:15:40.967+0800][59462][gc,stats    ]    Subphase: Pause Roots ClassLoaderDataGraph              0.007 / 0.045         0.013 / 1.570         0.013 / 1.570         0.013 / 1.570       ms
[2018-12-17T14:15:40.967+0800][59462][gc,stats    ]    Subphase: Pause Roots CodeCache                         0.008 / 0.031         0.014 / 1.742         0.014 / 1.742         0.014 / 1.742       ms
[2018-12-17T14:15:40.967+0800][59462][gc,stats    ]    Subphase: Pause Roots JNIHandles                        0.001 / 0.003         0.004 / 0.952         0.004 / 0.952         0.004 / 0.952       ms
[2018-12-17T14:15:40.967+0800][59462][gc,stats    ]    Subphase: Pause Roots JNIWeakHandles                    0.000 / 0.000         0.000 / 0.000         0.000 / 0.000         0.000 / 0.000       ms
[2018-12-17T14:15:40.967+0800][59462][gc,stats    ]    Subphase: Pause Roots JRFWeak                           0.000 / 0.000         0.000 / 0.000         0.000 / 0.000         0.000 / 0.000       ms
[2018-12-17T14:15:40.967+0800][59462][gc,stats    ]    Subphase: Pause Roots JVMTIExport                       0.001 / 0.002         0.001 / 0.003         0.001 / 0.003         0.001 / 0.003       ms
[2018-12-17T14:15:40.967+0800][59462][gc,stats    ]    Subphase: Pause Roots JVMTIWeakExport                   0.001 / 0.001         0.001 / 0.001         0.001 / 0.001         0.001 / 0.001       ms
[2018-12-17T14:15:40.967+0800][59462][gc,stats    ]    Subphase: Pause Roots Management                        0.001 / 0.003         0.002 / 0.023         0.002 / 0.023         0.002 / 0.023       ms
[2018-12-17T14:15:40.967+0800][59462][gc,stats    ]    Subphase: Pause Roots ObjectSynchronizer                0.000 / 0.001         0.000 / 0.002         0.000 / 0.002         0.000 / 0.002       ms
[2018-12-17T14:15:40.967+0800][59462][gc,stats    ]    Subphase: Pause Roots Setup                             0.002 / 0.004         0.002 / 0.013         0.002 / 0.013         0.002 / 0.013       ms
[2018-12-17T14:15:40.967+0800][59462][gc,stats    ]    Subphase: Pause Roots StringTable                       0.000 / 0.000         0.000 / 0.000         0.000 / 0.000         0.000 / 0.000       ms
[2018-12-17T14:15:40.967+0800][59462][gc,stats    ]    Subphase: Pause Roots SystemDictionary                  0.003 / 0.005         0.007 / 0.664         0.007 / 0.664         0.007 / 0.664       ms
[2018-12-17T14:15:40.967+0800][59462][gc,stats    ]    Subphase: Pause Roots Teardown                          0.001 / 0.001         0.001 / 0.017         0.001 / 0.017         0.001 / 0.017       ms
[2018-12-17T14:15:40.967+0800][59462][gc,stats    ]    Subphase: Pause Roots Threads                           0.008 / 0.027         0.009 / 0.168         0.009 / 0.168         0.009 / 0.168       ms
[2018-12-17T14:15:40.967+0800][59462][gc,stats    ]    Subphase: Pause Roots Universe                          0.002 / 0.005         0.004 / 0.348         0.004 / 0.348         0.004 / 0.348       ms
[2018-12-17T14:15:40.967+0800][59462][gc,stats    ]    Subphase: Pause Roots VMWeakHandles                     0.000 / 0.000         0.000 / 0.000         0.000 / 0.000         0.000 / 0.000       ms
[2018-12-17T14:15:40.967+0800][59462][gc,stats    ]    Subphase: Pause Weak Roots                              0.001 / 0.003         0.001 / 0.010         0.001 / 0.010         0.001 / 0.010       ms
[2018-12-17T14:15:40.967+0800][59462][gc,stats    ]    Subphase: Pause Weak Roots JFRWeak                      0.001 / 0.001         0.001 / 0.008         0.001 / 0.008         0.001 / 0.008       ms
[2018-12-17T14:15:40.967+0800][59462][gc,stats    ]    Subphase: Pause Weak Roots JNIWeakHandles               0.000 / 0.000         0.000 / 0.000         0.000 / 0.000         0.000 / 0.000       ms
[2018-12-17T14:15:40.967+0800][59462][gc,stats    ]    Subphase: Pause Weak Roots JVMTIWeakExport              0.001 / 0.001         0.001 / 0.003         0.001 / 0.003         0.001 / 0.003       ms
[2018-12-17T14:15:40.967+0800][59462][gc,stats    ]    Subphase: Pause Weak Roots Setup                        0.000 / 0.000         0.000 / 0.001         0.000 / 0.001         0.000 / 0.001       ms
[2018-12-17T14:15:40.967+0800][59462][gc,stats    ]    Subphase: Pause Weak Roots StringTable                  0.000 / 0.000         0.000 / 0.000         0.000 / 0.000         0.000 / 0.000       ms
[2018-12-17T14:15:40.967+0800][59462][gc,stats    ]    Subphase: Pause Weak Roots SymbolTable                  0.000 / 0.000         0.000 / 0.000         0.000 / 0.000         0.000 / 0.000       ms
[2018-12-17T14:15:40.967+0800][59462][gc,stats    ]    Subphase: Pause Weak Roots Teardown                     0.001 / 0.001         0.001 / 0.003         0.001 / 0.003         0.001 / 0.003       ms
[2018-12-17T14:15:40.967+0800][59462][gc,stats    ]    Subphase: Pause Weak Roots VMWeakHandles                0.000 / 0.000         0.000 / 0.000         0.000 / 0.000         0.000 / 0.000       ms
[2018-12-17T14:15:40.967+0800][59462][gc,stats    ]      System: Java Threads                                      9 / 9                 9 / 10                9 / 10                9 / 10          threads
[2018-12-17T14:15:40.967+0800][59462][gc,stats    ] =========================================================================================================================================================
[2018-12-17T14:15:40.998+0800][59461][gc,phases   ] GC(111) Concurrent Mark 314.163ms
[2018-12-17T14:15:40.998+0800][59468][gc,phases   ] GC(111) Pause Mark End 0.084ms
[2018-12-17T14:15:40.999+0800][59461][gc,phases   ] GC(111) Concurrent Process Non-Strong References 0.100ms
[2018-12-17T14:15:40.999+0800][59461][gc,phases   ] GC(111) Concurrent Reset Relocation Set 0.000ms
[2018-12-17T14:15:40.999+0800][59461][gc,phases   ] GC(111) Concurrent Destroy Detached Pages 0.001ms
[2018-12-17T14:15:41.001+0800][59454][gc          ] Allocation Stall (main) 317.087ms
[2018-12-17T14:15:41.001+0800][59461][gc,phases   ] GC(111) Concurrent Select Relocation Set 2.151ms
[2018-12-17T14:15:41.001+0800][59461][gc,phases   ] GC(111) Concurrent Prepare Relocation Set 0.001ms
[2018-12-17T14:15:41.003+0800][59468][gc,phases   ] GC(111) Pause Relocate Start 0.070ms
[2018-12-17T14:15:41.003+0800][59461][gc,phases   ] GC(111) Concurrent Relocate 0.018ms
[2018-12-17T14:15:41.003+0800][59461][gc,load     ] GC(111) Load: 1.30/0.93/0.95
[2018-12-17T14:15:41.003+0800][59461][gc,mmu      ] GC(111) MMU: 2ms/6.8%, 5ms/60.6%, 10ms/80.3%, 20ms/90.2%, 50ms/96.1%, 100ms/97.9%
[2018-12-17T14:15:41.003+0800][59461][gc,marking  ] GC(111) Mark: 4 stripe(s), 10 proactive flush(es), 1 terminate flush(es), 0 completion(s), 0 continuation(s) 
[2018-12-17T14:15:41.003+0800][59461][gc,reloc    ] GC(111) Relocation: Successful, 76M relocated
[2018-12-17T14:15:41.003+0800][59461][gc,nmethod  ] GC(111) NMethods: 39 registered, 0 unregistered
[2018-12-17T14:15:41.003+0800][59461][gc,metaspace] GC(111) Metaspace: 4M used, 4M capacity, 5M committed, 8M reserved
[2018-12-17T14:15:41.003+0800][59461][gc,ref      ] GC(111) Soft: 88 encountered, 18 discovered, 0 enqueued
[2018-12-17T14:15:41.003+0800][59461][gc,ref      ] GC(111) Weak: 168 encountered, 138 discovered, 0 enqueued
[2018-12-17T14:15:41.003+0800][59461][gc,ref      ] GC(111) Final: 0 encountered, 0 discovered, 0 enqueued
[2018-12-17T14:15:41.003+0800][59461][gc,ref      ] GC(111) Phantom: 1 encountered, 1 discovered, 0 enqueued
[2018-12-17T14:15:41.003+0800][59461][gc,heap     ] GC(111)                Mark Start          Mark End        Relocate Start      Relocate End           High               Low         
[2018-12-17T14:15:41.003+0800][59461][gc,heap     ] GC(111)  Capacity:     1024M (100%)       1024M (100%)       1024M (100%)       1024M (100%)       1024M (100%)       1024M (100%)   
[2018-12-17T14:15:41.003+0800][59461][gc,heap     ] GC(111)   Reserve:       42M (4%)           42M (4%)           42M (4%)           42M (4%)           42M (4%)           42M (4%)     
[2018-12-17T14:15:41.003+0800][59461][gc,heap     ] GC(111)      Free:        2M (0%)            2M (0%)           52M (5%)           42M (4%)           52M (5%)            2M (0%)     
[2018-12-17T14:15:41.003+0800][59461][gc,heap     ] GC(111)      Used:      980M (96%)         980M (96%)         930M (91%)         940M (92%)         980M (96%)         930M (91%)    
[2018-12-17T14:15:41.003+0800][59461][gc,heap     ] GC(111)      Live:         -               843M (82%)         843M (82%)         843M (82%)            -                  -          
[2018-12-17T14:15:41.003+0800][59461][gc,heap     ] GC(111) Allocated:         -                 0M (0%)           10M (1%)           20M (2%)             -                  -          
[2018-12-17T14:15:41.003+0800][59461][gc,heap     ] GC(111)   Garbage:         -               136M (13%)          76M (7%)           76M (7%)             -                  -          
[2018-12-17T14:15:41.003+0800][59461][gc,heap     ] GC(111) Reclaimed:         -                  -                60M (6%)           60M (6%)             -                  -          
[2018-12-17T14:15:41.003+0800][59461][gc          ] GC(111) Garbage Collection (Allocation Stall) 980M(96%)->940M(92%)
[2018-12-17T14:15:41.012+0800][59461][gc,start    ] GC(112) Garbage Collection (Allocation Stall)
[2018-12-17T14:15:41.012+0800][59468][gc,ref      ] GC(112) Clearing All Soft References
[2018-12-17T14:15:41.012+0800][59468][gc,phases   ] GC(112) Pause Mark Start 0.129ms
[2018-12-17T14:15:41.317+0800][59461][gc,phases   ] GC(112) Concurrent Mark 305.187ms
[2018-12-17T14:15:41.317+0800][59468][gc,phases   ] GC(112) Pause Mark End 0.086ms
[2018-12-17T14:15:41.318+0800][59461][gc,phases   ] GC(112) Concurrent Process Non-Strong References 0.122ms
[2018-12-17T14:15:41.318+0800][59461][gc,phases   ] GC(112) Concurrent Reset Relocation Set 0.001ms
[2018-12-17T14:15:41.318+0800][59461][gc,phases   ] GC(112) Concurrent Destroy Detached Pages 0.001ms
[2018-12-17T14:15:41.319+0800][59461][gc,phases   ] GC(112) Concurrent Select Relocation Set 1.232ms
[2018-12-17T14:15:41.319+0800][59454][gc          ] Allocation Stall (main) 307.174ms
[2018-12-17T14:15:41.319+0800][59461][gc,phases   ] GC(112) Concurrent Prepare Relocation Set 0.000ms
[2018-12-17T14:15:41.320+0800][59468][gc,phases   ] GC(112) Pause Relocate Start 0.069ms
[2018-12-17T14:15:41.320+0800][59461][gc,phases   ] GC(112) Concurrent Relocate 0.021ms
[2018-12-17T14:15:41.320+0800][59461][gc,load     ] GC(112) Load: 1.30/0.93/0.95
[2018-12-17T14:15:41.320+0800][59461][gc,mmu      ] GC(112) MMU: 2ms/6.8%, 5ms/60.6%, 10ms/80.3%, 20ms/90.2%, 50ms/96.1%, 100ms/97.9%
[2018-12-17T14:15:41.320+0800][59461][gc,marking  ] GC(112) Mark: 4 stripe(s), 10 proactive flush(es), 1 terminate flush(es), 0 completion(s), 0 continuation(s) 
[2018-12-17T14:15:41.320+0800][59461][gc,reloc    ] GC(112) Relocation: Successful, 76M relocated
[2018-12-17T14:15:41.320+0800][59461][gc,nmethod  ] GC(112) NMethods: 39 registered, 0 unregistered
[2018-12-17T14:15:41.320+0800][59461][gc,metaspace] GC(112) Metaspace: 4M used, 4M capacity, 5M committed, 8M reserved
[2018-12-17T14:15:41.320+0800][59461][gc,ref      ] GC(112) Soft: 88 encountered, 34 discovered, 0 enqueued
[2018-12-17T14:15:41.320+0800][59461][gc,ref      ] GC(112) Weak: 168 encountered, 36 discovered, 0 enqueued
[2018-12-17T14:15:41.320+0800][59461][gc,ref      ] GC(112) Final: 0 encountered, 0 discovered, 0 enqueued
[2018-12-17T14:15:41.320+0800][59461][gc,ref      ] GC(112) Phantom: 1 encountered, 1 discovered, 0 enqueued
[2018-12-17T14:15:41.320+0800][59461][gc,heap     ] GC(112)                Mark Start          Mark End        Relocate Start      Relocate End           High               Low         
[2018-12-17T14:15:41.320+0800][59461][gc,heap     ] GC(112)  Capacity:     1024M (100%)       1024M (100%)       1024M (100%)       1024M (100%)       1024M (100%)       1024M (100%)   
[2018-12-17T14:15:41.320+0800][59461][gc,heap     ] GC(112)   Reserve:       42M (4%)           42M (4%)           42M (4%)           42M (4%)           42M (4%)           42M (4%)     
[2018-12-17T14:15:41.320+0800][59461][gc,heap     ] GC(112)      Free:        2M (0%)            2M (0%)           52M (5%)           42M (4%)           52M (5%)            2M (0%)     
[2018-12-17T14:15:41.320+0800][59461][gc,heap     ] GC(112)      Used:      980M (96%)         980M (96%)         930M (91%)         940M (92%)         980M (96%)         930M (91%)    
[2018-12-17T14:15:41.320+0800][59461][gc,heap     ] GC(112)      Live:         -               843M (82%)         843M (82%)         843M (82%)            -                  -          
[2018-12-17T14:15:41.320+0800][59461][gc,heap     ] GC(112) Allocated:         -                 0M (0%)           10M (1%)           20M (2%)             -                  -          
[2018-12-17T14:15:41.320+0800][59461][gc,heap     ] GC(112)   Garbage:         -               136M (13%)          76M (7%)           76M (7%)             -                  -          
[2018-12-17T14:15:41.320+0800][59461][gc,heap     ] GC(112) Reclaimed:         -                  -                60M (6%)           60M (6%)             -                  -          
[2018-12-17T14:15:41.320+0800][59461][gc          ] GC(112) Garbage Collection (Allocation Stall) 980M(96%)->940M(92%)
[2018-12-17T14:15:41.325+0800][59461][gc,start    ] GC(113) Garbage Collection (Allocation Stall)
[2018-12-17T14:15:41.325+0800][59468][gc,ref      ] GC(113) Clearing All Soft References
[2018-12-17T14:15:41.325+0800][59468][gc,phases   ] GC(113) Pause Mark Start 0.084ms
[2018-12-17T14:15:41.635+0800][59461][gc,phases   ] GC(113) Concurrent Mark 309.979ms
[2018-12-17T14:15:41.635+0800][59468][gc,phases   ] GC(113) Pause Mark End 0.069ms
[2018-12-17T14:15:41.635+0800][59461][gc,phases   ] GC(113) Concurrent Process Non-Strong References 0.075ms
[2018-12-17T14:15:41.635+0800][59461][gc,phases   ] GC(113) Concurrent Reset Relocation Set 0.000ms
[2018-12-17T14:15:41.635+0800][59461][gc,phases   ] GC(113) Concurrent Destroy Detached Pages 0.000ms
[2018-12-17T14:15:41.637+0800][59461][gc,phases   ] GC(113) Concurrent Select Relocation Set 1.362ms
[2018-12-17T14:15:41.637+0800][59454][gc          ] Allocation Stall (main) 311.898ms
[2018-12-17T14:15:41.637+0800][59461][gc,phases   ] GC(113) Concurrent Prepare Relocation Set 0.000ms
[2018-12-17T14:15:41.638+0800][59468][gc,phases   ] GC(113) Pause Relocate Start 0.062ms
[2018-12-17T14:15:41.638+0800][59461][gc,phases   ] GC(113) Concurrent Relocate 0.015ms
[2018-12-17T14:15:41.638+0800][59461][gc,load     ] GC(113) Load: 1.44/0.97/0.96
[2018-12-17T14:15:41.638+0800][59461][gc,mmu      ] GC(113) MMU: 2ms/6.8%, 5ms/60.6%, 10ms/80.3%, 20ms/90.2%, 50ms/96.1%, 100ms/97.9%
[2018-12-17T14:15:41.638+0800][59461][gc,marking  ] GC(113) Mark: 4 stripe(s), 10 proactive flush(es), 1 terminate flush(es), 0 completion(s), 0 continuation(s) 
[2018-12-17T14:15:41.638+0800][59461][gc,reloc    ] GC(113) Relocation: Successful, 76M relocated
[2018-12-17T14:15:41.638+0800][59461][gc,nmethod  ] GC(113) NMethods: 39 registered, 0 unregistered
[2018-12-17T14:15:41.638+0800][59461][gc,metaspace] GC(113) Metaspace: 4M used, 4M capacity, 5M committed, 8M reserved
[2018-12-17T14:15:41.638+0800][59461][gc,ref      ] GC(113) Soft: 88 encountered, 35 discovered, 0 enqueued
[2018-12-17T14:15:41.638+0800][59461][gc,ref      ] GC(113) Weak: 168 encountered, 24 discovered, 0 enqueued
[2018-12-17T14:15:41.638+0800][59461][gc,ref      ] GC(113) Final: 0 encountered, 0 discovered, 0 enqueued
[2018-12-17T14:15:41.638+0800][59461][gc,ref      ] GC(113) Phantom: 1 encountered, 1 discovered, 0 enqueued
[2018-12-17T14:15:41.638+0800][59461][gc,heap     ] GC(113)                Mark Start          Mark End        Relocate Start      Relocate End           High               Low         
[2018-12-17T14:15:41.638+0800][59461][gc,heap     ] GC(113)  Capacity:     1024M (100%)       1024M (100%)       1024M (100%)       1024M (100%)       1024M (100%)       1024M (100%)   
[2018-12-17T14:15:41.638+0800][59461][gc,heap     ] GC(113)   Reserve:       42M (4%)           42M (4%)           42M (4%)           42M (4%)           42M (4%)           42M (4%)     
[2018-12-17T14:15:41.638+0800][59461][gc,heap     ] GC(113)      Free:        2M (0%)            2M (0%)           52M (5%)           42M (4%)           52M (5%)            2M (0%)     
[2018-12-17T14:15:41.638+0800][59461][gc,heap     ] GC(113)      Used:      980M (96%)         980M (96%)         930M (91%)         940M (92%)         980M (96%)         930M (91%)    
[2018-12-17T14:15:41.638+0800][59461][gc,heap     ] GC(113)      Live:         -               843M (82%)         843M (82%)         843M (82%)            -                  -          
[2018-12-17T14:15:41.638+0800][59461][gc,heap     ] GC(113) Allocated:         -                 0M (0%)           10M (1%)           20M (2%)             -                  -          
[2018-12-17T14:15:41.638+0800][59461][gc,heap     ] GC(113)   Garbage:         -               136M (13%)          76M (7%)           76M (7%)             -                  -          
[2018-12-17T14:15:41.638+0800][59461][gc,heap     ] GC(113) Reclaimed:         -                  -                60M (6%)           60M (6%)             -                  -          
[2018-12-17T14:15:41.638+0800][59461][gc          ] GC(113) Garbage Collection (Allocation Stall) 980M(96%)->940M(92%)
[2018-12-17T14:15:41.643+0800][59461][gc,start    ] GC(114) Garbage Collection (Allocation Stall)
[2018-12-17T14:15:41.643+0800][59468][gc,ref      ] GC(114) Clearing All Soft References
[2018-12-17T14:15:41.643+0800][59468][gc,phases   ] GC(114) Pause Mark Start 0.090ms
[2018-12-17T14:15:41.942+0800][59461][gc,phases   ] GC(114) Concurrent Mark 298.942ms
[2018-12-17T14:15:41.942+0800][59468][gc,phases   ] GC(114) Pause Mark End 0.065ms
[2018-12-17T14:15:41.942+0800][59461][gc,phases   ] GC(114) Concurrent Process Non-Strong References 0.087ms
[2018-12-17T14:15:41.942+0800][59461][gc,phases   ] GC(114) Concurrent Reset Relocation Set 0.000ms
[2018-12-17T14:15:41.942+0800][59461][gc,phases   ] GC(114) Concurrent Destroy Detached Pages 0.001ms
[2018-12-17T14:15:41.943+0800][59461][gc,phases   ] GC(114) Concurrent Select Relocation Set 1.306ms
[2018-12-17T14:15:41.943+0800][59454][gc          ] Allocation Stall (main) 300.826ms
[2018-12-17T14:15:41.943+0800][59461][gc,phases   ] GC(114) Concurrent Prepare Relocation Set 0.000ms
[2018-12-17T14:15:41.944+0800][59468][gc,phases   ] GC(114) Pause Relocate Start 0.049ms
[2018-12-17T14:15:41.945+0800][59461][gc,phases   ] GC(114) Concurrent Relocate 0.035ms
[2018-12-17T14:15:41.945+0800][59461][gc,load     ] GC(114) Load: 1.44/0.97/0.96
[2018-12-17T14:15:41.945+0800][59461][gc,mmu      ] GC(114) MMU: 2ms/6.8%, 5ms/60.6%, 10ms/80.3%, 20ms/90.2%, 50ms/96.1%, 100ms/97.9%
[2018-12-17T14:15:41.945+0800][59461][gc,marking  ] GC(114) Mark: 4 stripe(s), 10 proactive flush(es), 1 terminate flush(es), 0 completion(s), 0 continuation(s) 
[2018-12-17T14:15:41.945+0800][59461][gc,reloc    ] GC(114) Relocation: Successful, 76M relocated
[2018-12-17T14:15:41.945+0800][59461][gc,nmethod  ] GC(114) NMethods: 39 registered, 0 unregistered
[2018-12-17T14:15:41.945+0800][59461][gc,metaspace] GC(114) Metaspace: 4M used, 4M capacity, 5M committed, 8M reserved
[2018-12-17T14:15:41.945+0800][59461][gc,ref      ] GC(114) Soft: 88 encountered, 20 discovered, 0 enqueued
[2018-12-17T14:15:41.945+0800][59461][gc,ref      ] GC(114) Weak: 168 encountered, 112 discovered, 0 enqueued
[2018-12-17T14:15:41.945+0800][59461][gc,ref      ] GC(114) Final: 0 encountered, 0 discovered, 0 enqueued
[2018-12-17T14:15:41.945+0800][59461][gc,ref      ] GC(114) Phantom: 1 encountered, 1 discovered, 0 enqueued
[2018-12-17T14:15:41.945+0800][59461][gc,heap     ] GC(114)                Mark Start          Mark End        Relocate Start      Relocate End           High               Low         
[2018-12-17T14:15:41.945+0800][59461][gc,heap     ] GC(114)  Capacity:     1024M (100%)       1024M (100%)       1024M (100%)       1024M (100%)       1024M (100%)       1024M (100%)   
[2018-12-17T14:15:41.945+0800][59461][gc,heap     ] GC(114)   Reserve:       42M (4%)           42M (4%)           42M (4%)           42M (4%)           42M (4%)           42M (4%)     
[2018-12-17T14:15:41.945+0800][59461][gc,heap     ] GC(114)      Free:        2M (0%)            2M (0%)           52M (5%)           42M (4%)           52M (5%)            2M (0%)     
[2018-12-17T14:15:41.945+0800][59461][gc,heap     ] GC(114)      Used:      980M (96%)         980M (96%)         930M (91%)         940M (92%)         980M (96%)         930M (91%)    
[2018-12-17T14:15:41.945+0800][59461][gc,heap     ] GC(114)      Live:         -               843M (82%)         843M (82%)         843M (82%)            -                  -          
[2018-12-17T14:15:41.945+0800][59461][gc,heap     ] GC(114) Allocated:         -                 0M (0%)           10M (1%)           20M (2%)             -                  -          
[2018-12-17T14:15:41.945+0800][59461][gc,heap     ] GC(114)   Garbage:         -               136M (13%)          76M (7%)           76M (7%)             -                  -          
[2018-12-17T14:15:41.945+0800][59461][gc,heap     ] GC(114) Reclaimed:         -                  -                60M (6%)           60M (6%)             -                  -          
[2018-12-17T14:15:41.945+0800][59461][gc          ] GC(114) Garbage Collection (Allocation Stall) 980M(96%)->940M(92%)
[2018-12-17T14:15:41.949+0800][59461][gc,start    ] GC(115) Garbage Collection (Allocation Stall)
[2018-12-17T14:15:41.950+0800][59468][gc,ref      ] GC(115) Clearing All Soft References
[2018-12-17T14:15:41.950+0800][59468][gc,phases   ] GC(115) Pause Mark Start 0.083ms
[2018-12-17T14:15:42.235+0800][59461][gc,phases   ] GC(115) Concurrent Mark 285.397ms
[2018-12-17T14:15:42.235+0800][59468][gc,phases   ] GC(115) Pause Mark End 0.065ms
[2018-12-17T14:15:42.235+0800][59461][gc,phases   ] GC(115) Concurrent Process Non-Strong References 0.096ms
[2018-12-17T14:15:42.235+0800][59461][gc,phases   ] GC(115) Concurrent Reset Relocation Set 0.000ms
[2018-12-17T14:15:42.235+0800][59461][gc,phases   ] GC(115) Concurrent Destroy Detached Pages 0.001ms
[2018-12-17T14:15:42.237+0800][59461][gc,phases   ] GC(115) Concurrent Select Relocation Set 1.246ms
[2018-12-17T14:15:42.237+0800][59454][gc          ] Allocation Stall (main) 287.256ms
[2018-12-17T14:15:42.237+0800][59461][gc,phases   ] GC(115) Concurrent Prepare Relocation Set 0.001ms
[2018-12-17T14:15:42.238+0800][59468][gc,phases   ] GC(115) Pause Relocate Start 0.051ms
[2018-12-17T14:15:42.238+0800][59461][gc,phases   ] GC(115) Concurrent Relocate 0.015ms
[2018-12-17T14:15:42.238+0800][59461][gc,load     ] GC(115) Load: 1.44/0.97/0.96
[2018-12-17T14:15:42.238+0800][59461][gc,mmu      ] GC(115) MMU: 2ms/6.8%, 5ms/60.6%, 10ms/80.3%, 20ms/90.2%, 50ms/96.1%, 100ms/97.9%
[2018-12-17T14:15:42.238+0800][59461][gc,marking  ] GC(115) Mark: 4 stripe(s), 10 proactive flush(es), 1 terminate flush(es), 0 completion(s), 0 continuation(s) 
[2018-12-17T14:15:42.238+0800][59461][gc,reloc    ] GC(115) Relocation: Successful, 76M relocated
[2018-12-17T14:15:42.238+0800][59461][gc,nmethod  ] GC(115) NMethods: 39 registered, 0 unregistered
[2018-12-17T14:15:42.238+0800][59461][gc,metaspace] GC(115) Metaspace: 4M used, 4M capacity, 5M committed, 8M reserved
[2018-12-17T14:15:42.238+0800][59461][gc,ref      ] GC(115) Soft: 88 encountered, 23 discovered, 0 enqueued
[2018-12-17T14:15:42.238+0800][59461][gc,ref      ] GC(115) Weak: 168 encountered, 140 discovered, 0 enqueued
[2018-12-17T14:15:42.238+0800][59461][gc,ref      ] GC(115) Final: 0 encountered, 0 discovered, 0 enqueued
[2018-12-17T14:15:42.238+0800][59461][gc,ref      ] GC(115) Phantom: 1 encountered, 1 discovered, 0 enqueued
[2018-12-17T14:15:42.238+0800][59461][gc,heap     ] GC(115)                Mark Start          Mark End        Relocate Start      Relocate End           High               Low         
[2018-12-17T14:15:42.238+0800][59461][gc,heap     ] GC(115)  Capacity:     1024M (100%)       1024M (100%)       1024M (100%)       1024M (100%)       1024M (100%)       1024M (100%)   
[2018-12-17T14:15:42.238+0800][59461][gc,heap     ] GC(115)   Reserve:       42M (4%)           42M (4%)           42M (4%)           42M (4%)           42M (4%)           42M (4%)     
[2018-12-17T14:15:42.238+0800][59461][gc,heap     ] GC(115)      Free:        2M (0%)            2M (0%)           52M (5%)           42M (4%)           52M (5%)            2M (0%)     
[2018-12-17T14:15:42.238+0800][59461][gc,heap     ] GC(115)      Used:      980M (96%)         980M (96%)         930M (91%)         940M (92%)         980M (96%)         930M (91%)    
[2018-12-17T14:15:42.238+0800][59461][gc,heap     ] GC(115)      Live:         -               843M (82%)         843M (82%)         843M (82%)            -                  -          
[2018-12-17T14:15:42.238+0800][59461][gc,heap     ] GC(115) Allocated:         -                 0M (0%)           10M (1%)           20M (2%)             -                  -          
[2018-12-17T14:15:42.238+0800][59461][gc,heap     ] GC(115)   Garbage:         -               136M (13%)          76M (7%)           76M (7%)             -                  -          
[2018-12-17T14:15:42.238+0800][59461][gc,heap     ] GC(115) Reclaimed:         -                  -                60M (6%)           60M (6%)             -                  -          
[2018-12-17T14:15:42.238+0800][59461][gc          ] GC(115) Garbage Collection (Allocation Stall) 980M(96%)->940M(92%)
[2018-12-17T14:15:42.243+0800][59461][gc,start    ] GC(116) Garbage Collection (Allocation Stall)
[2018-12-17T14:15:42.243+0800][59468][gc,ref      ] GC(116) Clearing All Soft References
[2018-12-17T14:15:42.243+0800][59468][gc,phases   ] GC(116) Pause Mark Start 0.091ms
[2018-12-17T14:15:42.534+0800][59461][gc,phases   ] GC(116) Concurrent Mark 291.504ms
[2018-12-17T14:15:42.535+0800][59468][gc,phases   ] GC(116) Pause Mark End 0.063ms
[2018-12-17T14:15:42.535+0800][59461][gc,phases   ] GC(116) Concurrent Process Non-Strong References 0.090ms
[2018-12-17T14:15:42.535+0800][59461][gc,phases   ] GC(116) Concurrent Reset Relocation Set 0.000ms
[2018-12-17T14:15:42.535+0800][59461][gc,phases   ] GC(116) Concurrent Destroy Detached Pages 0.000ms
[2018-12-17T14:15:42.536+0800][59461][gc,phases   ] GC(116) Concurrent Select Relocation Set 1.224ms
[2018-12-17T14:15:42.536+0800][59461][gc,phases   ] GC(116) Concurrent Prepare Relocation Set 0.000ms
[2018-12-17T14:15:42.536+0800][59454][gc          ] Allocation Stall (main) 293.327ms
[2018-12-17T14:15:42.537+0800][59468][gc,phases   ] GC(116) Pause Relocate Start 0.055ms
[2018-12-17T14:15:42.537+0800][59461][gc,phases   ] GC(116) Concurrent Relocate 0.023ms
[2018-12-17T14:15:42.537+0800][59461][gc,load     ] GC(116) Load: 1.44/0.97/0.96
[2018-12-17T14:15:42.537+0800][59461][gc,mmu      ] GC(116) MMU: 2ms/6.8%, 5ms/60.6%, 10ms/80.3%, 20ms/90.2%, 50ms/96.1%, 100ms/97.9%
[2018-12-17T14:15:42.537+0800][59461][gc,marking  ] GC(116) Mark: 4 stripe(s), 10 proactive flush(es), 1 terminate flush(es), 0 completion(s), 0 continuation(s) 
[2018-12-17T14:15:42.537+0800][59461][gc,reloc    ] GC(116) Relocation: Successful, 76M relocated
[2018-12-17T14:15:42.537+0800][59461][gc,nmethod  ] GC(116) NMethods: 39 registered, 0 unregistered
[2018-12-17T14:15:42.537+0800][59461][gc,metaspace] GC(116) Metaspace: 4M used, 4M capacity, 5M committed, 8M reserved
[2018-12-17T14:15:42.537+0800][59461][gc,ref      ] GC(116) Soft: 88 encountered, 41 discovered, 0 enqueued
[2018-12-17T14:15:42.537+0800][59461][gc,ref      ] GC(116) Weak: 168 encountered, 55 discovered, 0 enqueued
[2018-12-17T14:15:42.537+0800][59461][gc,ref      ] GC(116) Final: 0 encountered, 0 discovered, 0 enqueued
[2018-12-17T14:15:42.537+0800][59461][gc,ref      ] GC(116) Phantom: 1 encountered, 1 discovered, 0 enqueued
[2018-12-17T14:15:42.537+0800][59461][gc,heap     ] GC(116)                Mark Start          Mark End        Relocate Start      Relocate End           High               Low         
[2018-12-17T14:15:42.537+0800][59461][gc,heap     ] GC(116)  Capacity:     1024M (100%)       1024M (100%)       1024M (100%)       1024M (100%)       1024M (100%)       1024M (100%)   
[2018-12-17T14:15:42.537+0800][59461][gc,heap     ] GC(116)   Reserve:       42M (4%)           42M (4%)           42M (4%)           42M (4%)           42M (4%)           42M (4%)     
[2018-12-17T14:15:42.537+0800][59461][gc,heap     ] GC(116)      Free:        2M (0%)            2M (0%)           52M (5%)           42M (4%)           52M (5%)            2M (0%)     
[2018-12-17T14:15:42.537+0800][59461][gc,heap     ] GC(116)      Used:      980M (96%)         980M (96%)         930M (91%)         940M (92%)         980M (96%)         930M (91%)    
[2018-12-17T14:15:42.537+0800][59461][gc,heap     ] GC(116)      Live:         -               843M (82%)         843M (82%)         843M (82%)            -                  -          
[2018-12-17T14:15:42.537+0800][59461][gc,heap     ] GC(116) Allocated:         -                 0M (0%)           10M (1%)           20M (2%)             -                  -          
[2018-12-17T14:15:42.537+0800][59461][gc,heap     ] GC(116)   Garbage:         -               136M (13%)          76M (7%)           76M (7%)             -                  -          
[2018-12-17T14:15:42.537+0800][59461][gc,heap     ] GC(116) Reclaimed:         -                  -                60M (6%)           60M (6%)             -                  -          
[2018-12-17T14:15:42.537+0800][59461][gc          ] GC(116) Garbage Collection (Allocation Stall) 980M(96%)->940M(92%)
[2018-12-17T14:15:42.542+0800][59461][gc,start    ] GC(117) Garbage Collection (Allocation Stall)
[2018-12-17T14:15:42.542+0800][59468][gc,ref      ] GC(117) Clearing All Soft References
[2018-12-17T14:15:42.542+0800][59468][gc,phases   ] GC(117) Pause Mark Start 0.083ms
[2018-12-17T14:15:42.838+0800][59461][gc,phases   ] GC(117) Concurrent Mark 295.892ms
[2018-12-17T14:15:42.838+0800][59468][gc,phases   ] GC(117) Pause Mark End 0.064ms
[2018-12-17T14:15:42.838+0800][59461][gc,phases   ] GC(117) Concurrent Process Non-Strong References 0.082ms
[2018-12-17T14:15:42.838+0800][59461][gc,phases   ] GC(117) Concurrent Reset Relocation Set 0.001ms
[2018-12-17T14:15:42.838+0800][59461][gc,phases   ] GC(117) Concurrent Destroy Detached Pages 0.001ms
[2018-12-17T14:15:42.840+0800][59461][gc,phases   ] GC(117) Concurrent Select Relocation Set 1.741ms
[2018-12-17T14:15:42.840+0800][59461][gc,phases   ] GC(117) Concurrent Prepare Relocation Set 0.001ms
[2018-12-17T14:15:42.840+0800][59454][gc          ] Allocation Stall (main) 298.274ms
[2018-12-17T14:15:42.841+0800][59468][gc,phases   ] GC(117) Pause Relocate Start 0.063ms
[2018-12-17T14:15:42.841+0800][59461][gc,phases   ] GC(117) Concurrent Relocate 0.024ms
[2018-12-17T14:15:42.841+0800][59461][gc,load     ] GC(117) Load: 1.44/0.97/0.96
[2018-12-17T14:15:42.841+0800][59461][gc,mmu      ] GC(117) MMU: 2ms/6.8%, 5ms/60.6%, 10ms/80.3%, 20ms/90.2%, 50ms/96.1%, 100ms/97.9%
[2018-12-17T14:15:42.841+0800][59461][gc,marking  ] GC(117) Mark: 4 stripe(s), 10 proactive flush(es), 1 terminate flush(es), 0 completion(s), 0 continuation(s) 
[2018-12-17T14:15:42.841+0800][59461][gc,reloc    ] GC(117) Relocation: Successful, 76M relocated
[2018-12-17T14:15:42.841+0800][59461][gc,nmethod  ] GC(117) NMethods: 39 registered, 0 unregistered
[2018-12-17T14:15:42.841+0800][59461][gc,metaspace] GC(117) Metaspace: 4M used, 4M capacity, 5M committed, 8M reserved
[2018-12-17T14:15:42.841+0800][59461][gc,ref      ] GC(117) Soft: 88 encountered, 15 discovered, 0 enqueued
[2018-12-17T14:15:42.841+0800][59461][gc,ref      ] GC(117) Weak: 168 encountered, 15 discovered, 0 enqueued
[2018-12-17T14:15:42.841+0800][59461][gc,ref      ] GC(117) Final: 0 encountered, 0 discovered, 0 enqueued
[2018-12-17T14:15:42.841+0800][59461][gc,ref      ] GC(117) Phantom: 1 encountered, 1 discovered, 0 enqueued
[2018-12-17T14:15:42.841+0800][59461][gc,heap     ] GC(117)                Mark Start          Mark End        Relocate Start      Relocate End           High               Low         
[2018-12-17T14:15:42.842+0800][59461][gc,heap     ] GC(117)  Capacity:     1024M (100%)       1024M (100%)       1024M (100%)       1024M (100%)       1024M (100%)       1024M (100%)   
[2018-12-17T14:15:42.842+0800][59461][gc,heap     ] GC(117)   Reserve:       42M (4%)           42M (4%)           42M (4%)           42M (4%)           42M (4%)           42M (4%)     
[2018-12-17T14:15:42.842+0800][59461][gc,heap     ] GC(117)      Free:        2M (0%)            2M (0%)           52M (5%)           42M (4%)           52M (5%)            2M (0%)     
[2018-12-17T14:15:42.842+0800][59461][gc,heap     ] GC(117)      Used:      980M (96%)         980M (96%)         930M (91%)         940M (92%)         980M (96%)         930M (91%)    
[2018-12-17T14:15:42.842+0800][59461][gc,heap     ] GC(117)      Live:         -               843M (82%)         843M (82%)         843M (82%)            -                  -          
[2018-12-17T14:15:42.842+0800][59461][gc,heap     ] GC(117) Allocated:         -                 0M (0%)           10M (1%)           20M (2%)             -                  -          
[2018-12-17T14:15:42.842+0800][59461][gc,heap     ] GC(117)   Garbage:         -               136M (13%)          76M (7%)           76M (7%)             -                  -          
[2018-12-17T14:15:42.842+0800][59461][gc,heap     ] GC(117) Reclaimed:         -                  -                60M (6%)           60M (6%)             -                  -          
[2018-12-17T14:15:42.842+0800][59461][gc          ] GC(117) Garbage Collection (Allocation Stall) 980M(96%)->940M(92%)
[2018-12-17T14:15:42.846+0800][59461][gc,start    ] GC(118) Garbage Collection (Allocation Stall)
[2018-12-17T14:15:42.846+0800][59468][gc,ref      ] GC(118) Clearing All Soft References
[2018-12-17T14:15:42.846+0800][59468][gc,phases   ] GC(118) Pause Mark Start 0.103ms
[2018-12-17T14:15:43.150+0800][59461][gc,phases   ] GC(118) Concurrent Mark 303.302ms
[2018-12-17T14:15:43.150+0800][59468][gc,phases   ] GC(118) Pause Mark End 0.069ms
[2018-12-17T14:15:43.150+0800][59461][gc,phases   ] GC(118) Concurrent Process Non-Strong References 0.075ms
[2018-12-17T14:15:43.150+0800][59461][gc,phases   ] GC(118) Concurrent Reset Relocation Set 0.000ms
[2018-12-17T14:15:43.150+0800][59461][gc,phases   ] GC(118) Concurrent Destroy Detached Pages 0.001ms
[2018-12-17T14:15:43.151+0800][59461][gc,phases   ] GC(118) Concurrent Select Relocation Set 1.229ms
[2018-12-17T14:15:43.151+0800][59454][gc          ] Allocation Stall (main) 305.123ms
[2018-12-17T14:15:43.151+0800][59461][gc,phases   ] GC(118) Concurrent Prepare Relocation Set 0.000ms
[2018-12-17T14:15:43.152+0800][59468][gc,phases   ] GC(118) Pause Relocate Start 0.052ms
[2018-12-17T14:15:43.152+0800][59461][gc,phases   ] GC(118) Concurrent Relocate 0.015ms
[2018-12-17T14:15:43.153+0800][59461][gc,load     ] GC(118) Load: 1.44/0.97/0.96
[2018-12-17T14:15:43.153+0800][59461][gc,mmu      ] GC(118) MMU: 2ms/6.8%, 5ms/60.6%, 10ms/80.3%, 20ms/90.2%, 50ms/96.1%, 100ms/97.9%
[2018-12-17T14:15:43.153+0800][59461][gc,marking  ] GC(118) Mark: 4 stripe(s), 10 proactive flush(es), 1 terminate flush(es), 0 completion(s), 0 continuation(s) 
[2018-12-17T14:15:43.153+0800][59461][gc,reloc    ] GC(118) Relocation: Successful, 76M relocated
[2018-12-17T14:15:43.153+0800][59461][gc,nmethod  ] GC(118) NMethods: 39 registered, 0 unregistered
[2018-12-17T14:15:43.153+0800][59461][gc,metaspace] GC(118) Metaspace: 4M used, 4M capacity, 5M committed, 8M reserved
[2018-12-17T14:15:43.153+0800][59461][gc,ref      ] GC(118) Soft: 88 encountered, 14 discovered, 0 enqueued
[2018-12-17T14:15:43.153+0800][59461][gc,ref      ] GC(118) Weak: 168 encountered, 116 discovered, 0 enqueued
[2018-12-17T14:15:43.153+0800][59461][gc,ref      ] GC(118) Final: 0 encountered, 0 discovered, 0 enqueued
[2018-12-17T14:15:43.153+0800][59461][gc,ref      ] GC(118) Phantom: 1 encountered, 1 discovered, 0 enqueued
[2018-12-17T14:15:43.153+0800][59461][gc,heap     ] GC(118)                Mark Start          Mark End        Relocate Start      Relocate End           High               Low         
[2018-12-17T14:15:43.153+0800][59461][gc,heap     ] GC(118)  Capacity:     1024M (100%)       1024M (100%)       1024M (100%)       1024M (100%)       1024M (100%)       1024M (100%)   
[2018-12-17T14:15:43.153+0800][59461][gc,heap     ] GC(118)   Reserve:       42M (4%)           42M (4%)           42M (4%)           42M (4%)           42M (4%)           42M (4%)     
[2018-12-17T14:15:43.153+0800][59461][gc,heap     ] GC(118)      Free:        2M (0%)            2M (0%)           52M (5%)           42M (4%)           52M (5%)            2M (0%)     
[2018-12-17T14:15:43.153+0800][59461][gc,heap     ] GC(118)      Used:      980M (96%)         980M (96%)         930M (91%)         940M (92%)         980M (96%)         930M (91%)    
[2018-12-17T14:15:43.153+0800][59461][gc,heap     ] GC(118)      Live:         -               843M (82%)         843M (82%)         843M (82%)            -                  -          
[2018-12-17T14:15:43.153+0800][59461][gc,heap     ] GC(118) Allocated:         -                 0M (0%)           10M (1%)           20M (2%)             -                  -          
[2018-12-17T14:15:43.153+0800][59461][gc,heap     ] GC(118)   Garbage:         -               136M (13%)          76M (7%)           76M (7%)             -                  -          
[2018-12-17T14:15:43.153+0800][59461][gc,heap     ] GC(118) Reclaimed:         -                  -                60M (6%)           60M (6%)             -                  -          
[2018-12-17T14:15:43.153+0800][59461][gc          ] GC(118) Garbage Collection (Allocation Stall) 980M(96%)->940M(92%)
[2018-12-17T14:15:43.157+0800][59461][gc,start    ] GC(119) Garbage Collection (Allocation Stall)
[2018-12-17T14:15:43.157+0800][59468][gc,ref      ] GC(119) Clearing All Soft References
[2018-12-17T14:15:43.158+0800][59468][gc,phases   ] GC(119) Pause Mark Start 0.079ms
[2018-12-17T14:15:43.450+0800][59461][gc,phases   ] GC(119) Concurrent Mark 292.648ms
[2018-12-17T14:15:43.450+0800][59468][gc,phases   ] GC(119) Pause Mark End 0.075ms
[2018-12-17T14:15:43.451+0800][59461][gc,phases   ] GC(119) Concurrent Process Non-Strong References 0.093ms
[2018-12-17T14:15:43.451+0800][59461][gc,phases   ] GC(119) Concurrent Reset Relocation Set 0.000ms
[2018-12-17T14:15:43.451+0800][59461][gc,phases   ] GC(119) Concurrent Destroy Detached Pages 0.000ms
[2018-12-17T14:15:43.452+0800][59461][gc,phases   ] GC(119) Concurrent Select Relocation Set 1.240ms
[2018-12-17T14:15:43.452+0800][59454][gc          ] Allocation Stall (main) 294.483ms
[2018-12-17T14:15:43.452+0800][59461][gc,phases   ] GC(119) Concurrent Prepare Relocation Set 0.000ms
[2018-12-17T14:15:43.453+0800][59468][gc,phases   ] GC(119) Pause Relocate Start 0.055ms
[2018-12-17T14:15:43.453+0800][59461][gc,phases   ] GC(119) Concurrent Relocate 0.017ms
[2018-12-17T14:15:43.453+0800][59461][gc,load     ] GC(119) Load: 1.44/0.97/0.96
[2018-12-17T14:15:43.453+0800][59461][gc,mmu      ] GC(119) MMU: 2ms/6.8%, 5ms/60.6%, 10ms/80.3%, 20ms/90.2%, 50ms/96.1%, 100ms/97.9%
[2018-12-17T14:15:43.453+0800][59461][gc,marking  ] GC(119) Mark: 4 stripe(s), 10 proactive flush(es), 1 terminate flush(es), 0 completion(s), 0 continuation(s) 
[2018-12-17T14:15:43.453+0800][59461][gc,reloc    ] GC(119) Relocation: Successful, 76M relocated
[2018-12-17T14:15:43.453+0800][59461][gc,nmethod  ] GC(119) NMethods: 39 registered, 0 unregistered
[2018-12-17T14:15:43.453+0800][59461][gc,metaspace] GC(119) Metaspace: 4M used, 4M capacity, 5M committed, 8M reserved
[2018-12-17T14:15:43.453+0800][59461][gc,ref      ] GC(119) Soft: 88 encountered, 39 discovered, 0 enqueued
[2018-12-17T14:15:43.453+0800][59461][gc,ref      ] GC(119) Weak: 168 encountered, 95 discovered, 0 enqueued
[2018-12-17T14:15:43.453+0800][59461][gc,ref      ] GC(119) Final: 0 encountered, 0 discovered, 0 enqueued
[2018-12-17T14:15:43.453+0800][59461][gc,ref      ] GC(119) Phantom: 1 encountered, 1 discovered, 0 enqueued
[2018-12-17T14:15:43.453+0800][59461][gc,heap     ] GC(119)                Mark Start          Mark End        Relocate Start      Relocate End           High               Low         
[2018-12-17T14:15:43.453+0800][59461][gc,heap     ] GC(119)  Capacity:     1024M (100%)       1024M (100%)       1024M (100%)       1024M (100%)       1024M (100%)       1024M (100%)   
[2018-12-17T14:15:43.453+0800][59461][gc,heap     ] GC(119)   Reserve:       42M (4%)           42M (4%)           42M (4%)           42M (4%)           42M (4%)           42M (4%)     
[2018-12-17T14:15:43.453+0800][59461][gc,heap     ] GC(119)      Free:        2M (0%)            2M (0%)           52M (5%)           42M (4%)           52M (5%)            2M (0%)     
[2018-12-17T14:15:43.453+0800][59461][gc,heap     ] GC(119)      Used:      980M (96%)         980M (96%)         930M (91%)         940M (92%)         980M (96%)         930M (91%)    
[2018-12-17T14:15:43.453+0800][59461][gc,heap     ] GC(119)      Live:         -               843M (82%)         843M (82%)         843M (82%)            -                  -          
[2018-12-17T14:15:43.453+0800][59461][gc,heap     ] GC(119) Allocated:         -                 0M (0%)           10M (1%)           20M (2%)             -                  -          
[2018-12-17T14:15:43.453+0800][59461][gc,heap     ] GC(119)   Garbage:         -               136M (13%)          76M (7%)           76M (7%)             -                  -          
[2018-12-17T14:15:43.453+0800][59461][gc,heap     ] GC(119) Reclaimed:         -                  -                60M (6%)           60M (6%)             -                  -          
[2018-12-17T14:15:43.453+0800][59461][gc          ] GC(119) Garbage Collection (Allocation Stall) 980M(96%)->940M(92%)
[2018-12-17T14:15:43.458+0800][59461][gc,start    ] GC(120) Garbage Collection (Allocation Stall)
[2018-12-17T14:15:43.458+0800][59468][gc,ref      ] GC(120) Clearing All Soft References
[2018-12-17T14:15:43.458+0800][59468][gc,phases   ] GC(120) Pause Mark Start 0.078ms
[2018-12-17T14:15:43.761+0800][59461][gc,phases   ] GC(120) Concurrent Mark 302.471ms
[2018-12-17T14:15:43.761+0800][59468][gc,phases   ] GC(120) Pause Mark End 0.074ms
[2018-12-17T14:15:43.761+0800][59461][gc,phases   ] GC(120) Concurrent Process Non-Strong References 0.087ms
[2018-12-17T14:15:43.761+0800][59461][gc,phases   ] GC(120) Concurrent Reset Relocation Set 0.000ms
[2018-12-17T14:15:43.761+0800][59461][gc,phases   ] GC(120) Concurrent Destroy Detached Pages 0.001ms
[2018-12-17T14:15:43.762+0800][59461][gc,phases   ] GC(120) Concurrent Select Relocation Set 1.303ms
[2018-12-17T14:15:43.762+0800][59454][gc          ] Allocation Stall (main) 304.382ms
[2018-12-17T14:15:43.762+0800][59461][gc,phases   ] GC(120) Concurrent Prepare Relocation Set 0.000ms
[2018-12-17T14:15:43.763+0800][59468][gc,phases   ] GC(120) Pause Relocate Start 0.055ms
[2018-12-17T14:15:43.763+0800][59461][gc,phases   ] GC(120) Concurrent Relocate 0.018ms
[2018-12-17T14:15:43.763+0800][59461][gc,load     ] GC(120) Load: 1.44/0.97/0.96
[2018-12-17T14:15:43.763+0800][59461][gc,mmu      ] GC(120) MMU: 2ms/6.8%, 5ms/60.6%, 10ms/80.3%, 20ms/90.2%, 50ms/96.1%, 100ms/97.9%
[2018-12-17T14:15:43.763+0800][59461][gc,marking  ] GC(120) Mark: 4 stripe(s), 10 proactive flush(es), 1 terminate flush(es), 0 completion(s), 0 continuation(s) 
[2018-12-17T14:15:43.763+0800][59461][gc,reloc    ] GC(120) Relocation: Successful, 76M relocated
[2018-12-17T14:15:43.763+0800][59461][gc,nmethod  ] GC(120) NMethods: 39 registered, 0 unregistered
[2018-12-17T14:15:43.763+0800][59461][gc,metaspace] GC(120) Metaspace: 4M used, 4M capacity, 5M committed, 8M reserved
[2018-12-17T14:15:43.763+0800][59461][gc,ref      ] GC(120) Soft: 88 encountered, 17 discovered, 0 enqueued
[2018-12-17T14:15:43.763+0800][59461][gc,ref      ] GC(120) Weak: 168 encountered, 72 discovered, 0 enqueued
[2018-12-17T14:15:43.763+0800][59461][gc,ref      ] GC(120) Final: 0 encountered, 0 discovered, 0 enqueued
[2018-12-17T14:15:43.763+0800][59461][gc,ref      ] GC(120) Phantom: 1 encountered, 1 discovered, 0 enqueued
[2018-12-17T14:15:43.763+0800][59461][gc,heap     ] GC(120)                Mark Start          Mark End        Relocate Start      Relocate End           High               Low         
[2018-12-17T14:15:43.764+0800][59461][gc,heap     ] GC(120)  Capacity:     1024M (100%)       1024M (100%)       1024M (100%)       1024M (100%)       1024M (100%)       1024M (100%)   
[2018-12-17T14:15:43.764+0800][59461][gc,heap     ] GC(120)   Reserve:       42M (4%)           42M (4%)           42M (4%)           42M (4%)           42M (4%)           42M (4%)     
[2018-12-17T14:15:43.764+0800][59461][gc,heap     ] GC(120)      Free:        2M (0%)            2M (0%)           52M (5%)           42M (4%)           52M (5%)            2M (0%)     
[2018-12-17T14:15:43.764+0800][59461][gc,heap     ] GC(120)      Used:      980M (96%)         980M (96%)         930M (91%)         940M (92%)         980M (96%)         930M (91%)    
[2018-12-17T14:15:43.764+0800][59461][gc,heap     ] GC(120)      Live:         -               843M (82%)         843M (82%)         843M (82%)            -                  -          
[2018-12-17T14:15:43.764+0800][59461][gc,heap     ] GC(120) Allocated:         -                 0M (0%)           10M (1%)           20M (2%)             -                  -          
[2018-12-17T14:15:43.764+0800][59461][gc,heap     ] GC(120)   Garbage:         -               136M (13%)          76M (7%)           76M (7%)             -                  -          
[2018-12-17T14:15:43.764+0800][59461][gc,heap     ] GC(120) Reclaimed:         -                  -                60M (6%)           60M (6%)             -                  -          
[2018-12-17T14:15:43.764+0800][59461][gc          ] GC(120) Garbage Collection (Allocation Stall) 980M(96%)->940M(92%)
[2018-12-17T14:15:43.766+0800][59461][gc,start    ] GC(121) Garbage Collection (Allocation Rate)
[2018-12-17T14:15:43.766+0800][59468][gc,phases   ] GC(121) Pause Mark Start 0.081ms
[2018-12-17T14:15:44.256+0800][59461][gc,phases   ] GC(121) Concurrent Mark 489.489ms
[2018-12-17T14:15:44.256+0800][59468][gc,phases   ] GC(121) Pause Mark End 0.074ms
[2018-12-17T14:15:44.256+0800][59461][gc,phases   ] GC(121) Concurrent Process Non-Strong References 0.121ms
[2018-12-17T14:15:44.256+0800][59461][gc,phases   ] GC(121) Concurrent Reset Relocation Set 0.000ms
[2018-12-17T14:15:44.256+0800][59461][gc,phases   ] GC(121) Concurrent Destroy Detached Pages 0.001ms
[2018-12-17T14:15:44.258+0800][59454][gc          ] Allocation Stall (main) 486.441ms
[2018-12-17T14:15:44.258+0800][59461][gc,phases   ] GC(121) Concurrent Select Relocation Set 1.228ms
[2018-12-17T14:15:44.258+0800][59461][gc,phases   ] GC(121) Concurrent Prepare Relocation Set 0.000ms
[2018-12-17T14:15:44.259+0800][59468][gc,phases   ] GC(121) Pause Relocate Start 0.058ms
[2018-12-17T14:15:44.259+0800][59461][gc,phases   ] GC(121) Concurrent Relocate 0.026ms
[2018-12-17T14:15:44.259+0800][59461][gc,load     ] GC(121) Load: 1.44/0.97/0.96
[2018-12-17T14:15:44.259+0800][59461][gc,mmu      ] GC(121) MMU: 2ms/6.8%, 5ms/60.6%, 10ms/80.3%, 20ms/90.2%, 50ms/96.1%, 100ms/97.9%
[2018-12-17T14:15:44.259+0800][59461][gc,marking  ] GC(121) Mark: 1 stripe(s), 1 proactive flush(es), 1 terminate flush(es), 0 completion(s), 0 continuation(s) 
[2018-12-17T14:15:44.259+0800][59461][gc,reloc    ] GC(121) Relocation: Successful, 76M relocated
[2018-12-17T14:15:44.259+0800][59461][gc,nmethod  ] GC(121) NMethods: 39 registered, 0 unregistered
[2018-12-17T14:15:44.259+0800][59461][gc,metaspace] GC(121) Metaspace: 4M used, 4M capacity, 5M committed, 8M reserved
[2018-12-17T14:15:44.259+0800][59461][gc,ref      ] GC(121) Soft: 88 encountered, 0 discovered, 0 enqueued
[2018-12-17T14:15:44.259+0800][59461][gc,ref      ] GC(121) Weak: 168 encountered, 132 discovered, 0 enqueued
[2018-12-17T14:15:44.259+0800][59461][gc,ref      ] GC(121) Final: 0 encountered, 0 discovered, 0 enqueued
[2018-12-17T14:15:44.259+0800][59461][gc,ref      ] GC(121) Phantom: 1 encountered, 1 discovered, 0 enqueued
[2018-12-17T14:15:44.259+0800][59461][gc,heap     ] GC(121)                Mark Start          Mark End        Relocate Start      Relocate End           High               Low         
[2018-12-17T14:15:44.259+0800][59461][gc,heap     ] GC(121)  Capacity:     1024M (100%)       1024M (100%)       1024M (100%)       1024M (100%)       1024M (100%)       1024M (100%)   
[2018-12-17T14:15:44.259+0800][59461][gc,heap     ] GC(121)   Reserve:       42M (4%)           42M (4%)           42M (4%)           42M (4%)           42M (4%)           42M (4%)     
[2018-12-17T14:15:44.259+0800][59461][gc,heap     ] GC(121)      Free:       22M (2%)            2M (0%)           32M (3%)           22M (2%)           32M (3%)            2M (0%)     
[2018-12-17T14:15:44.259+0800][59461][gc,heap     ] GC(121)      Used:      960M (94%)         980M (96%)         950M (93%)         960M (94%)         980M (96%)         950M (93%)    
[2018-12-17T14:15:44.259+0800][59461][gc,heap     ] GC(121)      Live:         -               843M (82%)         843M (82%)         843M (82%)            -                  -          
[2018-12-17T14:15:44.259+0800][59461][gc,heap     ] GC(121) Allocated:         -                20M (2%)           30M (3%)           40M (4%)             -                  -          
[2018-12-17T14:15:44.259+0800][59461][gc,heap     ] GC(121)   Garbage:         -               116M (11%)          76M (7%)           76M (7%)             -                  -          
[2018-12-17T14:15:44.259+0800][59461][gc,heap     ] GC(121) Reclaimed:         -                  -                40M (4%)           40M (4%)             -                  -          
[2018-12-17T14:15:44.259+0800][59461][gc          ] GC(121) Garbage Collection (Allocation Rate) 960M(94%)->960M(94%)
[2018-12-17T14:15:44.262+0800][59461][gc,start    ] GC(122) Garbage Collection (Allocation Stall)
[2018-12-17T14:15:44.262+0800][59468][gc,ref      ] GC(122) Clearing All Soft References
[2018-12-17T14:15:44.262+0800][59468][gc,phases   ] GC(122) Pause Mark Start 0.080ms
[2018-12-17T14:15:44.566+0800][59461][gc,phases   ] GC(122) Concurrent Mark 303.695ms
[2018-12-17T14:15:44.566+0800][59468][gc,phases   ] GC(122) Pause Mark End 0.074ms
[2018-12-17T14:15:44.566+0800][59461][gc,phases   ] GC(122) Concurrent Process Non-Strong References 0.086ms
[2018-12-17T14:15:44.566+0800][59461][gc,phases   ] GC(122) Concurrent Reset Relocation Set 0.001ms
[2018-12-17T14:15:44.566+0800][59461][gc,phases   ] GC(122) Concurrent Destroy Detached Pages 0.001ms
[2018-12-17T14:15:44.568+0800][59461][gc,phases   ] GC(122) Concurrent Select Relocation Set 1.838ms
[2018-12-17T14:15:44.568+0800][59461][gc,phases   ] GC(122) Concurrent Prepare Relocation Set 0.001ms
[2018-12-17T14:15:44.568+0800][59454][gc          ] Allocation Stall (main) 306.209ms
[2018-12-17T14:15:44.569+0800][59468][gc,phases   ] GC(122) Pause Relocate Start 0.063ms
[2018-12-17T14:15:44.569+0800][59461][gc,phases   ] GC(122) Concurrent Relocate 0.016ms
[2018-12-17T14:15:44.569+0800][59461][gc,load     ] GC(122) Load: 1.44/0.97/0.96
[2018-12-17T14:15:44.569+0800][59461][gc,mmu      ] GC(122) MMU: 2ms/6.8%, 5ms/60.6%, 10ms/80.3%, 20ms/90.2%, 50ms/96.1%, 100ms/97.9%
[2018-12-17T14:15:44.569+0800][59461][gc,marking  ] GC(122) Mark: 4 stripe(s), 10 proactive flush(es), 1 terminate flush(es), 0 completion(s), 0 continuation(s) 
[2018-12-17T14:15:44.569+0800][59461][gc,reloc    ] GC(122) Relocation: Successful, 76M relocated
[2018-12-17T14:15:44.569+0800][59461][gc,nmethod  ] GC(122) NMethods: 39 registered, 0 unregistered
[2018-12-17T14:15:44.569+0800][59461][gc,metaspace] GC(122) Metaspace: 4M used, 4M capacity, 5M committed, 8M reserved
[2018-12-17T14:15:44.569+0800][59461][gc,ref      ] GC(122) Soft: 88 encountered, 39 discovered, 0 enqueued
[2018-12-17T14:15:44.569+0800][59461][gc,ref      ] GC(122) Weak: 168 encountered, 64 discovered, 0 enqueued
[2018-12-17T14:15:44.569+0800][59461][gc,ref      ] GC(122) Final: 0 encountered, 0 discovered, 0 enqueued
[2018-12-17T14:15:44.569+0800][59461][gc,ref      ] GC(122) Phantom: 1 encountered, 0 discovered, 0 enqueued
[2018-12-17T14:15:44.569+0800][59461][gc,heap     ] GC(122)                Mark Start          Mark End        Relocate Start      Relocate End           High               Low         
[2018-12-17T14:15:44.569+0800][59461][gc,heap     ] GC(122)  Capacity:     1024M (100%)       1024M (100%)       1024M (100%)       1024M (100%)       1024M (100%)       1024M (100%)   
[2018-12-17T14:15:44.569+0800][59461][gc,heap     ] GC(122)   Reserve:       42M (4%)           42M (4%)           42M (4%)           42M (4%)           42M (4%)           42M (4%)     
[2018-12-17T14:15:44.569+0800][59461][gc,heap     ] GC(122)      Free:        2M (0%)            2M (0%)           52M (5%)           42M (4%)           52M (5%)            2M (0%)     
[2018-12-17T14:15:44.569+0800][59461][gc,heap     ] GC(122)      Used:      980M (96%)         980M (96%)         930M (91%)         940M (92%)         980M (96%)         930M (91%)    
[2018-12-17T14:15:44.569+0800][59461][gc,heap     ] GC(122)      Live:         -               843M (82%)         843M (82%)         843M (82%)            -                  -          
[2018-12-17T14:15:44.569+0800][59461][gc,heap     ] GC(122) Allocated:         -                 0M (0%)           10M (1%)           20M (2%)             -                  -          
[2018-12-17T14:15:44.569+0800][59461][gc,heap     ] GC(122)   Garbage:         -               136M (13%)          76M (7%)           76M (7%)             -                  -          
[2018-12-17T14:15:44.569+0800][59461][gc,heap     ] GC(122) Reclaimed:         -                  -                60M (6%)           60M (6%)             -                  -          
[2018-12-17T14:15:44.569+0800][59461][gc          ] GC(122) Garbage Collection (Allocation Stall) 980M(96%)->940M(92%)
[2018-12-17T14:15:44.666+0800][59461][gc,start    ] GC(123) Garbage Collection (Allocation Rate)
[2018-12-17T14:15:44.666+0800][59468][gc,phases   ] GC(123) Pause Mark Start 0.077ms
[2018-12-17T14:15:44.673+0800][59454][gc,heap     ] Page Cache Flushed: 2M requested, 10M(20M->10M) flushed
[2018-12-17T14:15:45.152+0800][59461][gc,phases   ] GC(123) Concurrent Mark 485.490ms
[2018-12-17T14:15:45.152+0800][59468][gc,phases   ] GC(123) Pause Mark End 0.081ms
[2018-12-17T14:15:45.152+0800][59461][gc,phases   ] GC(123) Concurrent Process Non-Strong References 0.104ms
[2018-12-17T14:15:45.152+0800][59461][gc,phases   ] GC(123) Concurrent Reset Relocation Set 0.001ms
[2018-12-17T14:15:45.152+0800][59461][gc,phases   ] GC(123) Concurrent Destroy Detached Pages 0.004ms
[2018-12-17T14:15:45.153+0800][59461][gc,heap     ] GC(123) Page Cache Flushed: 32M requested, 40M(40M->0M) flushed
[2018-12-17T14:15:45.155+0800][59461][gc,phases   ] GC(123) Concurrent Select Relocation Set 2.743ms
[2018-12-17T14:15:45.155+0800][59454][gc          ] Allocation Stall (main) 476.712ms
[2018-12-17T14:15:45.155+0800][59461][gc,phases   ] GC(123) Concurrent Prepare Relocation Set 0.000ms
[2018-12-17T14:15:45.156+0800][59468][gc,phases   ] GC(123) Pause Relocate Start 0.063ms
[2018-12-17T14:15:45.156+0800][59461][gc,phases   ] GC(123) Concurrent Relocate 0.006ms
[2018-12-17T14:15:45.156+0800][59461][gc,load     ] GC(123) Load: 1.44/0.97/0.96
[2018-12-17T14:15:45.156+0800][59461][gc,mmu      ] GC(123) MMU: 2ms/6.8%, 5ms/60.6%, 10ms/80.3%, 20ms/90.2%, 50ms/96.1%, 100ms/97.9%
[2018-12-17T14:15:45.156+0800][59461][gc,marking  ] GC(123) Mark: 1 stripe(s), 1 proactive flush(es), 1 terminate flush(es), 0 completion(s), 0 continuation(s) 
[2018-12-17T14:15:45.156+0800][59461][gc,reloc    ] GC(123) Relocation: Successful, 76M relocated
[2018-12-17T14:15:45.156+0800][59461][gc,nmethod  ] GC(123) NMethods: 39 registered, 0 unregistered
[2018-12-17T14:15:45.156+0800][59461][gc,metaspace] GC(123) Metaspace: 4M used, 4M capacity, 5M committed, 8M reserved
[2018-12-17T14:15:45.156+0800][59461][gc,ref      ] GC(123) Soft: 88 encountered, 0 discovered, 0 enqueued
[2018-12-17T14:15:45.156+0800][59461][gc,ref      ] GC(123) Weak: 168 encountered, 108 discovered, 0 enqueued
[2018-12-17T14:15:45.156+0800][59461][gc,ref      ] GC(123) Final: 0 encountered, 0 discovered, 0 enqueued
[2018-12-17T14:15:45.156+0800][59461][gc,ref      ] GC(123) Phantom: 1 encountered, 1 discovered, 0 enqueued
[2018-12-17T14:15:45.156+0800][59461][gc,heap     ] GC(123)                Mark Start          Mark End        Relocate Start      Relocate End           High               Low         
[2018-12-17T14:15:45.156+0800][59461][gc,heap     ] GC(123)  Capacity:     1024M (100%)       1024M (100%)       1024M (100%)       1024M (100%)       1024M (100%)       1024M (100%)   
[2018-12-17T14:15:45.156+0800][59461][gc,heap     ] GC(123)   Reserve:       42M (4%)           42M (4%)           42M (4%)           42M (4%)           42M (4%)           42M (4%)     
[2018-12-17T14:15:45.156+0800][59461][gc,heap     ] GC(123)      Free:       22M (2%)           10M (1%)           18M (2%)           18M (2%)           40M (4%)            8M (1%)     
[2018-12-17T14:15:45.156+0800][59461][gc,heap     ] GC(123)      Used:      960M (94%)         972M (95%)         964M (94%)         964M (94%)         974M (95%)         942M (92%)    
[2018-12-17T14:15:45.156+0800][59461][gc,heap     ] GC(123)      Live:         -               843M (82%)         843M (82%)         843M (82%)            -                  -          
[2018-12-17T14:15:45.156+0800][59461][gc,heap     ] GC(123) Allocated:         -                12M (1%)           44M (4%)           44M (4%)             -                  -          
[2018-12-17T14:15:45.156+0800][59461][gc,heap     ] GC(123)   Garbage:         -               116M (11%)          76M (7%)           76M (7%)             -                  -          
[2018-12-17T14:15:45.156+0800][59461][gc,heap     ] GC(123) Reclaimed:         -                  -                40M (4%)           40M (4%)             -                  -          
[2018-12-17T14:15:45.156+0800][59461][gc          ] GC(123) Garbage Collection (Allocation Rate) 960M(94%)->964M(94%)
[2018-12-17T14:15:45.164+0800][59461][gc,start    ] GC(124) Garbage Collection (Allocation Stall)
[2018-12-17T14:15:45.164+0800][59468][gc,ref      ] GC(124) Clearing All Soft References
[2018-12-17T14:15:45.164+0800][59468][gc,phases   ] GC(124) Pause Mark Start 0.090ms
[2018-12-17T14:15:45.481+0800][59461][gc,phases   ] GC(124) Concurrent Mark 317.152ms
[2018-12-17T14:15:45.482+0800][59468][gc,phases   ] GC(124) Pause Mark End 0.081ms
[2018-12-17T14:15:45.482+0800][59461][gc,phases   ] GC(124) Concurrent Process Non-Strong References 0.123ms
[2018-12-17T14:15:45.482+0800][59461][gc,phases   ] GC(124) Concurrent Reset Relocation Set 0.000ms
[2018-12-17T14:15:45.482+0800][59461][gc,phases   ] GC(124) Concurrent Destroy Detached Pages 0.006ms
[2018-12-17T14:15:45.483+0800][59461][gc,phases   ] GC(124) Concurrent Select Relocation Set 1.213ms
[2018-12-17T14:15:45.483+0800][59461][gc,phases   ] GC(124) Concurrent Prepare Relocation Set 0.002ms
[2018-12-17T14:15:45.483+0800][59468][gc,phases   ] GC(124) Pause Relocate Start 0.056ms
[2018-12-17T14:15:45.488+0800][59461][gc,phases   ] GC(124) Concurrent Relocate 4.404ms
[2018-12-17T14:15:45.488+0800][59461][gc,load     ] GC(124) Load: 1.44/0.97/0.96
[2018-12-17T14:15:45.488+0800][59461][gc,mmu      ] GC(124) MMU: 2ms/6.8%, 5ms/60.6%, 10ms/80.3%, 20ms/90.2%, 50ms/96.1%, 100ms/97.9%
[2018-12-17T14:15:45.488+0800][59461][gc,marking  ] GC(124) Mark: 4 stripe(s), 10 proactive flush(es), 1 terminate flush(es), 0 completion(s), 0 continuation(s) 
[2018-12-17T14:15:45.488+0800][59461][gc,reloc    ] GC(124) Relocation: Incomplete
[2018-12-17T14:15:45.488+0800][59461][gc,nmethod  ] GC(124) NMethods: 39 registered, 0 unregistered
[2018-12-17T14:15:45.488+0800][59461][gc,metaspace] GC(124) Metaspace: 4M used, 4M capacity, 5M committed, 8M reserved
[2018-12-17T14:15:45.488+0800][59461][gc,ref      ] GC(124) Soft: 88 encountered, 47 discovered, 0 enqueued
[2018-12-17T14:15:45.488+0800][59461][gc,ref      ] GC(124) Weak: 168 encountered, 142 discovered, 0 enqueued
[2018-12-17T14:15:45.488+0800][59461][gc,ref      ] GC(124) Final: 0 encountered, 0 discovered, 0 enqueued
[2018-12-17T14:15:45.488+0800][59461][gc,ref      ] GC(124) Phantom: 1 encountered, 1 discovered, 0 enqueued
[2018-12-17T14:15:45.488+0800][59461][gc,heap     ] GC(124)                Mark Start          Mark End        Relocate Start      Relocate End           High               Low         
[2018-12-17T14:15:45.488+0800][59461][gc,heap     ] GC(124)  Capacity:     1024M (100%)       1024M (100%)       1024M (100%)       1024M (100%)       1024M (100%)       1024M (100%)   
[2018-12-17T14:15:45.488+0800][59461][gc,heap     ] GC(124)   Reserve:       42M (4%)           42M (4%)           42M (4%)           42M (4%)           42M (4%)           28M (3%)     
[2018-12-17T14:15:45.488+0800][59461][gc,heap     ] GC(124)      Free:       18M (2%)           18M (2%)           18M (2%)           18M (2%)           18M (2%)            0M (0%)     
[2018-12-17T14:15:45.488+0800][59461][gc,heap     ] GC(124)      Used:      964M (94%)         964M (94%)         964M (94%)         964M (94%)         996M (97%)         964M (94%)    
[2018-12-17T14:15:45.488+0800][59461][gc,heap     ] GC(124)      Live:         -               864M (84%)         864M (84%)         864M (84%)            -                  -          
[2018-12-17T14:15:45.488+0800][59461][gc,heap     ] GC(124) Allocated:         -                 0M (0%)            0M (0%)           32M (3%)             -                  -          
[2018-12-17T14:15:45.488+0800][59461][gc,heap     ] GC(124)   Garbage:         -                99M (10%)          99M (10%)          99M (10%)            -                  -          
[2018-12-17T14:15:45.488+0800][59461][gc,heap     ] GC(124) Reclaimed:         -                  -                 0M (0%)            0M (0%)             -                  -          
[2018-12-17T14:15:45.488+0800][59461][gc          ] GC(124) Garbage Collection (Allocation Stall) 964M(94%)->964M(94%)
[2018-12-17T14:15:45.488+0800][59454][gc          ] Allocation Stall (main) 323.867ms
[2018-12-17T14:15:45.488+0800][59454][gc          ] Out Of Memory (main)
[2018-12-17T14:15:45.488+0800][59454][gc,heap     ] Page Cache Flushed: 2M requested, 10M(42M->32M) flushed
[2018-12-17T14:15:45.490+0800][59454][gc,heap,exit] Heap
[2018-12-17T14:15:45.490+0800][59454][gc,heap,exit]  ZHeap           used 966M, capacity 1024M, max capacity 1024M
[2018-12-17T14:15:45.490+0800][59454][gc,heap,exit]  Metaspace       used 5027K, capacity 5050K, committed 5120K, reserved 8192K
