[2019-02-14T13:15:04.953+0800][7772][gc,init] Initializing The Z Garbage Collector
[2019-02-14T13:15:04.953+0800][7772][gc,init] Version: 11.0.1+13-LTS (release)
[2019-02-14T13:15:04.953+0800][7772][gc,init] NUMA Support: Disabled
[2019-02-14T13:15:04.953+0800][7772][gc,init] CPUs: 8 total, 8 available
[2019-02-14T13:15:04.953+0800][7772][gc,init] Memory: 15279M
[2019-02-14T13:15:04.953+0800][7772][gc,init] Large Page Support: Disabled
[2019-02-14T13:15:04.953+0800][7772][gc,init] Workers: 5 parallel, 1 concurrent
[2019-02-14T13:15:04.954+0800][7772][gc,init] Heap backed by file: /memfd:java_heap
[2019-02-14T13:15:04.954+0800][7772][gc,init] Available space on backing filesystem: N/A
[2019-02-14T13:15:04.998+0800][7772][gc,init] Pre-touching: Disabled
[2019-02-14T13:15:04.998+0800][7772][gc,init] Pre-mapping: 256M
[2019-02-14T13:15:05.005+0800][7772][gc,init] Runtime Workers: 5 parallel
[2019-02-14T13:15:05.006+0800][7772][gc     ] Using The Z Garbage Collector
[2019-02-14T13:15:05.236+0800][7779][gc,start] GC(0) Garbage Collection (Warmup)
[2019-02-14T13:15:05.239+0800][7786][gc,phases] GC(0) Pause Mark Start 0.222ms
[2019-02-14T13:15:05.270+0800][7779][gc,phases] GC(0) Concurrent Mark 31.262ms
[2019-02-14T13:15:05.275+0800][7786][gc,phases] GC(0) Pause Mark End 0.070ms
[2019-02-14T13:15:05.275+0800][7779][gc,phases] GC(0) Concurrent Process Non-Strong References 0.171ms
[2019-02-14T13:15:05.275+0800][7779][gc,phases] GC(0) Concurrent Reset Relocation Set 0.001ms
[2019-02-14T13:15:05.276+0800][7779][gc,phases] GC(0) Concurrent Destroy Detached Pages 1.204ms
[2019-02-14T13:15:05.278+0800][7779][gc,phases] GC(0) Concurrent Select Relocation Set 1.283ms
[2019-02-14T13:15:05.278+0800][7779][gc,phases] GC(0) Concurrent Prepare Relocation Set 0.261ms
[2019-02-14T13:15:05.280+0800][7786][gc,phases] GC(0) Pause Relocate Start 0.395ms
[2019-02-14T13:15:05.307+0800][7779][gc,phases] GC(0) Concurrent Relocate 26.716ms
[2019-02-14T13:15:05.307+0800][7779][gc,load  ] GC(0) Load: 0.08/0.03/0.05
[2019-02-14T13:15:05.307+0800][7779][gc,mmu   ] GC(0) MMU: 2ms/80.3%, 5ms/92.1%, 10ms/95.4%, 20ms/97.7%, 50ms/98.6%, 100ms/99.3%
[2019-02-14T13:15:05.307+0800][7779][gc,marking] GC(0) Mark: 1 stripe(s), 1 proactive flush(es), 1 terminate flush(es), 0 completion(s), 0 continuation(s) 
[2019-02-14T13:15:05.307+0800][7779][gc,reloc  ] GC(0) Relocation: Successful, 44M relocated
[2019-02-14T13:15:05.307+0800][7779][gc,nmethod] GC(0) NMethods: 38 registered, 0 unregistered
[2019-02-14T13:15:05.307+0800][7779][gc,metaspace] GC(0) Metaspace: 4M used, 4M capacity, 5M committed, 8M reserved
[2019-02-14T13:15:05.307+0800][7779][gc,ref      ] GC(0) Soft: 106 encountered, 0 discovered, 0 enqueued
[2019-02-14T13:15:05.307+0800][7779][gc,ref      ] GC(0) Weak: 215 encountered, 184 discovered, 46 enqueued
[2019-02-14T13:15:05.307+0800][7779][gc,ref      ] GC(0) Final: 0 encountered, 0 discovered, 0 enqueued
[2019-02-14T13:15:05.307+0800][7779][gc,ref      ] GC(0) Phantom: 2 encountered, 2 discovered, 1 enqueued
[2019-02-14T13:15:05.307+0800][7779][gc,heap     ] GC(0)                Mark Start          Mark End        Relocate Start      Relocate End           High               Low         
[2019-02-14T13:15:05.307+0800][7779][gc,heap     ] GC(0)  Capacity:      298M (29%)         370M (36%)         380M (37%)         444M (43%)         444M (43%)         298M (29%)    
[2019-02-14T13:15:05.307+0800][7779][gc,heap     ] GC(0)   Reserve:       42M (4%)           42M (4%)           42M (4%)           42M (4%)           42M (4%)           42M (4%)     
[2019-02-14T13:15:05.307+0800][7779][gc,heap     ] GC(0)      Free:      734M (72%)         654M (64%)         734M (72%)         682M (67%)         734M (72%)         630M (62%)    
[2019-02-14T13:15:05.307+0800][7779][gc,heap     ] GC(0)      Used:      248M (24%)         328M (32%)         248M (24%)         300M (29%)         352M (34%)         248M (24%)    
[2019-02-14T13:15:05.307+0800][7779][gc,heap     ] GC(0)      Live:         -                63M (6%)           63M (6%)           63M (6%)             -                  -          
[2019-02-14T13:15:05.307+0800][7779][gc,heap     ] GC(0) Allocated:         -                80M (8%)           90M (9%)          276M (27%)            -                  -          
[2019-02-14T13:15:05.307+0800][7779][gc,heap     ] GC(0)   Garbage:         -               184M (18%)          94M (9%)           26M (3%)             -                  -          
[2019-02-14T13:15:05.307+0800][7779][gc,heap     ] GC(0) Reclaimed:         -                  -                90M (9%)          158M (15%)            -                  -          
[2019-02-14T13:15:05.307+0800][7779][gc          ] GC(0) Garbage Collection (Warmup) 248M(24%)->300M(29%)
[2019-02-14T13:15:05.336+0800][7779][gc,start    ] GC(1) Garbage Collection (Warmup)
[2019-02-14T13:15:05.339+0800][7786][gc,phases   ] GC(1) Pause Mark Start 0.109ms
[2019-02-14T13:15:05.371+0800][7779][gc,phases   ] GC(1) Concurrent Mark 32.407ms
[2019-02-14T13:15:05.376+0800][7786][gc,phases   ] GC(1) Pause Mark End 0.069ms
[2019-02-14T13:15:05.376+0800][7779][gc,phases   ] GC(1) Concurrent Process Non-Strong References 0.162ms
[2019-02-14T13:15:05.376+0800][7779][gc,phases   ] GC(1) Concurrent Reset Relocation Set 0.076ms
[2019-02-14T13:15:05.378+0800][7779][gc,phases   ] GC(1) Concurrent Destroy Detached Pages 1.141ms
[2019-02-14T13:15:05.379+0800][7779][gc,phases   ] GC(1) Concurrent Select Relocation Set 1.088ms
[2019-02-14T13:15:05.379+0800][7779][gc,phases   ] GC(1) Concurrent Prepare Relocation Set 0.000ms
[2019-02-14T13:15:05.381+0800][7786][gc,phases   ] GC(1) Pause Relocate Start 0.074ms
[2019-02-14T13:15:05.381+0800][7779][gc,phases   ] GC(1) Concurrent Relocate 0.035ms
[2019-02-14T13:15:05.381+0800][7779][gc,load     ] GC(1) Load: 0.08/0.03/0.05
[2019-02-14T13:15:05.381+0800][7779][gc,mmu      ] GC(1) MMU: 2ms/80.3%, 5ms/92.1%, 10ms/95.4%, 20ms/97.7%, 50ms/98.6%, 100ms/99.3%
[2019-02-14T13:15:05.381+0800][7779][gc,marking  ] GC(1) Mark: 1 stripe(s), 1 proactive flush(es), 1 terminate flush(es), 0 completion(s), 0 continuation(s) 
[2019-02-14T13:15:05.381+0800][7779][gc,reloc    ] GC(1) Relocation: Successful, 13M relocated
[2019-02-14T13:15:05.381+0800][7779][gc,nmethod  ] GC(1) NMethods: 38 registered, 0 unregistered
[2019-02-14T13:15:05.381+0800][7779][gc,metaspace] GC(1) Metaspace: 4M used, 4M capacity, 5M committed, 8M reserved
[2019-02-14T13:15:05.381+0800][7779][gc,ref      ] GC(1) Soft: 106 encountered, 0 discovered, 0 enqueued
[2019-02-14T13:15:05.381+0800][7779][gc,ref      ] GC(1) Weak: 169 encountered, 138 discovered, 0 enqueued
[2019-02-14T13:15:05.381+0800][7779][gc,ref      ] GC(1) Final: 0 encountered, 0 discovered, 0 enqueued
[2019-02-14T13:15:05.381+0800][7779][gc,ref      ] GC(1) Phantom: 1 encountered, 1 discovered, 0 enqueued
[2019-02-14T13:15:05.381+0800][7779][gc,heap     ] GC(1)                Mark Start          Mark End        Relocate Start      Relocate End           High               Low         
[2019-02-14T13:15:05.381+0800][7779][gc,heap     ] GC(1)  Capacity:      514M (50%)         594M (58%)         604M (59%)         604M (59%)         604M (59%)         514M (50%)    
[2019-02-14T13:15:05.381+0800][7779][gc,heap     ] GC(1)   Reserve:       42M (4%)           42M (4%)           42M (4%)           42M (4%)           42M (4%)           42M (4%)     
[2019-02-14T13:15:05.381+0800][7779][gc,heap     ] GC(1)      Free:      612M (60%)         532M (52%)         802M (78%)         792M (77%)         802M (78%)         522M (51%)    
[2019-02-14T13:15:05.381+0800][7779][gc,heap     ] GC(1)      Used:      370M (36%)         450M (44%)         180M (18%)         190M (19%)         460M (45%)         180M (18%)    
[2019-02-14T13:15:05.381+0800][7779][gc,heap     ] GC(1)      Live:         -                63M (6%)           63M (6%)           63M (6%)             -                  -          
[2019-02-14T13:15:05.381+0800][7779][gc,heap     ] GC(1) Allocated:         -                80M (8%)           90M (9%)          100M (10%)            -                  -          
[2019-02-14T13:15:05.381+0800][7779][gc,heap     ] GC(1)   Garbage:         -               306M (30%)          26M (3%)           26M (3%)             -                  -          
[2019-02-14T13:15:05.381+0800][7779][gc,heap     ] GC(1) Reclaimed:         -                  -               280M (27%)         280M (27%)            -                  -          
[2019-02-14T13:15:05.381+0800][7779][gc          ] GC(1) Garbage Collection (Warmup) 370M(36%)->190M(19%)
[2019-02-14T13:15:05.436+0800][7779][gc,start    ] GC(2) Garbage Collection (Warmup)
[2019-02-14T13:15:05.438+0800][7786][gc,phases   ] GC(2) Pause Mark Start 0.108ms
[2019-02-14T13:15:05.465+0800][7779][gc,phases   ] GC(2) Concurrent Mark 27.094ms
[2019-02-14T13:15:05.470+0800][7786][gc,phases   ] GC(2) Pause Mark End 0.061ms
[2019-02-14T13:15:05.470+0800][7779][gc,phases   ] GC(2) Concurrent Process Non-Strong References 0.164ms
[2019-02-14T13:15:05.470+0800][7779][gc,phases   ] GC(2) Concurrent Reset Relocation Set 0.000ms
[2019-02-14T13:15:05.471+0800][7779][gc,phases   ] GC(2) Concurrent Destroy Detached Pages 1.136ms
[2019-02-14T13:15:05.472+0800][7779][gc,phases   ] GC(2) Concurrent Select Relocation Set 1.127ms
[2019-02-14T13:15:05.472+0800][7779][gc,phases   ] GC(2) Concurrent Prepare Relocation Set 0.000ms
[2019-02-14T13:15:05.474+0800][7786][gc,phases   ] GC(2) Pause Relocate Start 0.074ms
[2019-02-14T13:15:05.474+0800][7779][gc,phases   ] GC(2) Concurrent Relocate 0.038ms
[2019-02-14T13:15:05.475+0800][7779][gc,load     ] GC(2) Load: 0.08/0.03/0.05
[2019-02-14T13:15:05.475+0800][7779][gc,mmu      ] GC(2) MMU: 2ms/80.3%, 5ms/92.1%, 10ms/95.4%, 20ms/97.7%, 50ms/98.6%, 100ms/99.3%
[2019-02-14T13:15:05.475+0800][7779][gc,marking  ] GC(2) Mark: 1 stripe(s), 1 proactive flush(es), 1 terminate flush(es), 0 completion(s), 0 continuation(s) 
[2019-02-14T13:15:05.475+0800][7779][gc,reloc    ] GC(2) Relocation: Successful, 13M relocated
[2019-02-14T13:15:05.475+0800][7779][gc,nmethod  ] GC(2) NMethods: 38 registered, 0 unregistered
[2019-02-14T13:15:05.475+0800][7779][gc,metaspace] GC(2) Metaspace: 4M used, 4M capacity, 5M committed, 8M reserved
[2019-02-14T13:15:05.475+0800][7779][gc,ref      ] GC(2) Soft: 106 encountered, 0 discovered, 0 enqueued
[2019-02-14T13:15:05.475+0800][7779][gc,ref      ] GC(2) Weak: 169 encountered, 138 discovered, 0 enqueued
[2019-02-14T13:15:05.475+0800][7779][gc,ref      ] GC(2) Final: 0 encountered, 0 discovered, 0 enqueued
[2019-02-14T13:15:05.475+0800][7779][gc,ref      ] GC(2) Phantom: 1 encountered, 1 discovered, 0 enqueued
[2019-02-14T13:15:05.475+0800][7779][gc,heap     ] GC(2)                Mark Start          Mark End        Relocate Start      Relocate End           High               Low         
[2019-02-14T13:15:05.475+0800][7779][gc,heap     ] GC(2)  Capacity:      644M (63%)         714M (70%)         724M (71%)         724M (71%)         724M (71%)         644M (63%)    
[2019-02-14T13:15:05.475+0800][7779][gc,heap     ] GC(2)   Reserve:       42M (4%)           42M (4%)           42M (4%)           42M (4%)           42M (4%)           42M (4%)     
[2019-02-14T13:15:05.475+0800][7779][gc,heap     ] GC(2)      Free:      482M (47%)         412M (40%)         812M (79%)         802M (78%)         812M (79%)         402M (39%)    
[2019-02-14T13:15:05.475+0800][7779][gc,heap     ] GC(2)      Used:      500M (49%)         570M (56%)         170M (17%)         180M (18%)         580M (57%)         170M (17%)    
[2019-02-14T13:15:05.475+0800][7779][gc,heap     ] GC(2)      Live:         -                63M (6%)           63M (6%)           63M (6%)             -                  -          
[2019-02-14T13:15:05.475+0800][7779][gc,heap     ] GC(2) Allocated:         -                70M (7%)           80M (8%)           90M (9%)             -                  -          
[2019-02-14T13:15:05.475+0800][7779][gc,heap     ] GC(2)   Garbage:         -               436M (43%)          26M (3%)           26M (3%)             -                  -          
[2019-02-14T13:15:05.475+0800][7779][gc,heap     ] GC(2) Reclaimed:         -                  -               410M (40%)         410M (40%)            -                  -          
[2019-02-14T13:15:05.475+0800][7779][gc          ] GC(2) Garbage Collection (Warmup) 500M(49%)->180M(18%)
[2019-02-14T13:15:05.487+0800][7779][gc,start    ] GC(3) Garbage Collection (System.gc())
[2019-02-14T13:15:05.487+0800][7786][gc,phases   ] GC(3) Pause Mark Start 0.121ms
[2019-02-14T13:15:05.503+0800][7779][gc,phases   ] GC(3) Concurrent Mark 16.235ms
[2019-02-14T13:15:05.504+0800][7786][gc,phases   ] GC(3) Pause Mark End 0.069ms
[2019-02-14T13:15:05.504+0800][7779][gc,phases   ] GC(3) Concurrent Process Non-Strong References 0.094ms
[2019-02-14T13:15:05.504+0800][7779][gc,phases   ] GC(3) Concurrent Reset Relocation Set 0.000ms
[2019-02-14T13:15:05.504+0800][7779][gc,phases   ] GC(3) Concurrent Destroy Detached Pages 0.001ms
[2019-02-14T13:15:05.505+0800][7779][gc,phases   ] GC(3) Concurrent Select Relocation Set 1.179ms
[2019-02-14T13:15:05.505+0800][7779][gc,phases   ] GC(3) Concurrent Prepare Relocation Set 0.216ms
[2019-02-14T13:15:05.506+0800][7786][gc,phases   ] GC(3) Pause Relocate Start 0.727ms
[2019-02-14T13:15:05.508+0800][7779][gc,phases   ] GC(3) Concurrent Relocate 2.399ms
[2019-02-14T13:15:05.508+0800][7779][gc,load     ] GC(3) Load: 0.08/0.03/0.05
[2019-02-14T13:15:05.508+0800][7779][gc,mmu      ] GC(3) MMU: 2ms/63.6%, 5ms/84.1%, 10ms/92.0%, 20ms/95.4%, 50ms/97.9%, 100ms/98.8%
[2019-02-14T13:15:05.508+0800][7779][gc,marking  ] GC(3) Mark: 4 stripe(s), 2 proactive flush(es), 1 terminate flush(es), 0 completion(s), 0 continuation(s) 
[2019-02-14T13:15:05.508+0800][7779][gc,reloc    ] GC(3) Relocation: Successful, 13M relocated
[2019-02-14T13:15:05.508+0800][7779][gc,nmethod  ] GC(3) NMethods: 38 registered, 0 unregistered
[2019-02-14T13:15:05.508+0800][7779][gc,metaspace] GC(3) Metaspace: 4M used, 4M capacity, 5M committed, 8M reserved
[2019-02-14T13:15:05.508+0800][7779][gc,ref      ] GC(3) Soft: 106 encountered, 0 discovered, 0 enqueued
[2019-02-14T13:15:05.508+0800][7779][gc,ref      ] GC(3) Weak: 169 encountered, 138 discovered, 0 enqueued
[2019-02-14T13:15:05.508+0800][7779][gc,ref      ] GC(3) Final: 0 encountered, 0 discovered, 0 enqueued
[2019-02-14T13:15:05.508+0800][7779][gc,ref      ] GC(3) Phantom: 1 encountered, 1 discovered, 0 enqueued
[2019-02-14T13:15:05.508+0800][7779][gc,heap     ] GC(3)                Mark Start          Mark End        Relocate Start      Relocate End           High               Low         
[2019-02-14T13:15:05.508+0800][7779][gc,heap     ] GC(3)  Capacity:      724M (71%)         724M (71%)         724M (71%)         728M (71%)         728M (71%)         724M (71%)    
[2019-02-14T13:15:05.508+0800][7779][gc,heap     ] GC(3)   Reserve:       42M (4%)           42M (4%)           42M (4%)           42M (4%)           42M (4%)           42M (4%)     
[2019-02-14T13:15:05.509+0800][7779][gc,heap     ] GC(3)      Free:      680M (66%)         680M (66%)         890M (87%)         886M (87%)         890M (87%)         680M (66%)    
[2019-02-14T13:15:05.509+0800][7779][gc,heap     ] GC(3)      Used:      302M (29%)         302M (29%)          92M (9%)           96M (9%)          302M (29%)          92M (9%)     
[2019-02-14T13:15:05.509+0800][7779][gc,heap     ] GC(3)      Live:         -                63M (6%)           63M (6%)           63M (6%)             -                  -          
[2019-02-14T13:15:05.509+0800][7779][gc,heap     ] GC(3) Allocated:         -                 0M (0%)            0M (0%)            8M (1%)             -                  -          
[2019-02-14T13:15:05.509+0800][7779][gc,heap     ] GC(3)   Garbage:         -               238M (23%)          28M (3%)           32M (3%)             -                  -          
[2019-02-14T13:15:05.509+0800][7779][gc,heap     ] GC(3) Reclaimed:         -                  -               210M (21%)         206M (20%)            -                  -          
[2019-02-14T13:15:05.509+0800][7779][gc          ] GC(3) Garbage Collection (System.gc()) 302M(29%)->96M(9%)
[2019-02-14T13:15:05.536+0800][7779][gc,start    ] GC(4) Garbage Collection (Allocation Rate)
[2019-02-14T13:15:05.536+0800][7786][gc,phases   ] GC(4) Pause Mark Start 0.054ms
[2019-02-14T13:15:05.557+0800][7779][gc,phases   ] GC(4) Concurrent Mark 21.134ms
[2019-02-14T13:15:05.558+0800][7786][gc,phases   ] GC(4) Pause Mark End 0.070ms
[2019-02-14T13:15:05.558+0800][7779][gc,phases   ] GC(4) Concurrent Process Non-Strong References 0.141ms
[2019-02-14T13:15:05.558+0800][7779][gc,phases   ] GC(4) Concurrent Reset Relocation Set 0.002ms
[2019-02-14T13:15:05.558+0800][7779][gc,phases   ] GC(4) Concurrent Destroy Detached Pages 0.001ms
[2019-02-14T13:15:05.559+0800][7779][gc,phases   ] GC(4) Concurrent Select Relocation Set 1.106ms
[2019-02-14T13:15:05.559+0800][7779][gc,phases   ] GC(4) Concurrent Prepare Relocation Set 0.039ms
[2019-02-14T13:15:05.560+0800][7786][gc,phases   ] GC(4) Pause Relocate Start 1.264ms
[2019-02-14T13:15:05.562+0800][7779][gc,phases   ] GC(4) Concurrent Relocate 2.041ms
[2019-02-14T13:15:05.562+0800][7779][gc,load     ] GC(4) Load: 0.08/0.03/0.05
[2019-02-14T13:15:05.562+0800][7779][gc,mmu      ] GC(4) MMU: 2ms/36.8%, 5ms/73.3%, 10ms/86.7%, 20ms/93.3%, 50ms/97.2%, 100ms/97.6%
[2019-02-14T13:15:05.562+0800][7779][gc,marking  ] GC(4) Mark: 1 stripe(s), 1 proactive flush(es), 1 terminate flush(es), 0 completion(s), 0 continuation(s) 
[2019-02-14T13:15:05.562+0800][7779][gc,reloc    ] GC(4) Relocation: Successful, 13M relocated
[2019-02-14T13:15:05.562+0800][7779][gc,nmethod  ] GC(4) NMethods: 38 registered, 0 unregistered
[2019-02-14T13:15:05.562+0800][7779][gc,metaspace] GC(4) Metaspace: 4M used, 4M capacity, 5M committed, 8M reserved
[2019-02-14T13:15:05.562+0800][7779][gc,ref      ] GC(4) Soft: 106 encountered, 0 discovered, 0 enqueued
[2019-02-14T13:15:05.562+0800][7779][gc,ref      ] GC(4) Weak: 169 encountered, 136 discovered, 0 enqueued
[2019-02-14T13:15:05.562+0800][7779][gc,ref      ] GC(4) Final: 0 encountered, 0 discovered, 0 enqueued
[2019-02-14T13:15:05.562+0800][7779][gc,ref      ] GC(4) Phantom: 1 encountered, 1 discovered, 0 enqueued
[2019-02-14T13:15:05.562+0800][7779][gc,heap     ] GC(4)                Mark Start          Mark End        Relocate Start      Relocate End           High               Low         
[2019-02-14T13:15:05.562+0800][7779][gc,heap     ] GC(4)  Capacity:      728M (71%)         728M (71%)         728M (71%)         736M (72%)         736M (72%)         728M (71%)    
[2019-02-14T13:15:05.562+0800][7779][gc,heap     ] GC(4)   Reserve:       42M (4%)           42M (4%)           42M (4%)           42M (4%)           42M (4%)           42M (4%)     
[2019-02-14T13:15:05.562+0800][7779][gc,heap     ] GC(4)      Free:      884M (86%)         884M (86%)         884M (86%)         884M (86%)         884M (86%)         874M (85%)    
[2019-02-14T13:15:05.562+0800][7779][gc,heap     ] GC(4)      Used:       98M (10%)          98M (10%)          98M (10%)          98M (10%)         108M (11%)          98M (10%)    
[2019-02-14T13:15:05.562+0800][7779][gc,heap     ] GC(4)      Live:         -                63M (6%)           63M (6%)           63M (6%)             -                  -          
[2019-02-14T13:15:05.562+0800][7779][gc,heap     ] GC(4) Allocated:         -                 0M (0%)            0M (0%)           10M (1%)             -                  -          
[2019-02-14T13:15:05.562+0800][7779][gc,heap     ] GC(4)   Garbage:         -                34M (3%)           34M (3%)           34M (3%)             -                  -          
[2019-02-14T13:15:05.562+0800][7779][gc,heap     ] GC(4) Reclaimed:         -                  -                 0M (0%)            0M (0%)             -                  -          
[2019-02-14T13:15:05.562+0800][7779][gc          ] GC(4) Garbage Collection (Allocation Rate) 98M(10%)->98M(10%)
[2019-02-14T13:15:05.636+0800][7779][gc,start    ] GC(5) Garbage Collection (Allocation Rate)
[2019-02-14T13:15:05.637+0800][7786][gc,phases   ] GC(5) Pause Mark Start 0.092ms
[2019-02-14T13:15:05.686+0800][7779][gc,phases   ] GC(5) Concurrent Mark 49.224ms
[2019-02-14T13:15:05.688+0800][7786][gc,phases   ] GC(5) Pause Mark End 0.075ms
[2019-02-14T13:15:05.692+0800][7779][gc,phases   ] GC(5) Concurrent Process Non-Strong References 3.344ms
[2019-02-14T13:15:05.692+0800][7779][gc,phases   ] GC(5) Concurrent Reset Relocation Set 0.003ms
[2019-02-14T13:15:05.692+0800][7779][gc,phases   ] GC(5) Concurrent Destroy Detached Pages 0.001ms
[2019-02-14T13:15:05.693+0800][7779][gc,phases   ] GC(5) Concurrent Select Relocation Set 1.121ms
[2019-02-14T13:15:05.693+0800][7779][gc,phases   ] GC(5) Concurrent Prepare Relocation Set 0.060ms
[2019-02-14T13:15:05.695+0800][7786][gc,phases   ] GC(5) Pause Relocate Start 1.585ms
[2019-02-14T13:15:05.709+0800][7779][gc,phases   ] GC(5) Concurrent Relocate 14.427ms
[2019-02-14T13:15:05.709+0800][7779][gc,load     ] GC(5) Load: 0.08/0.03/0.05
[2019-02-14T13:15:05.709+0800][7779][gc,mmu      ] GC(5) MMU: 2ms/20.8%, 5ms/68.3%, 10ms/83.4%, 20ms/91.7%, 50ms/96.7%, 100ms/97.6%
[2019-02-14T13:15:05.709+0800][7779][gc,marking  ] GC(5) Mark: 1 stripe(s), 2 proactive flush(es), 1 terminate flush(es), 0 completion(s), 0 continuation(s) 
[2019-02-14T13:15:05.709+0800][7779][gc,reloc    ] GC(5) Relocation: Successful, 26M relocated
[2019-02-14T13:15:05.709+0800][7779][gc,nmethod  ] GC(5) NMethods: 39 registered, 0 unregistered
[2019-02-14T13:15:05.709+0800][7779][gc,metaspace] GC(5) Metaspace: 4M used, 4M capacity, 5M committed, 8M reserved
[2019-02-14T13:15:05.709+0800][7779][gc,ref      ] GC(5) Soft: 106 encountered, 0 discovered, 0 enqueued
[2019-02-14T13:15:05.709+0800][7779][gc,ref      ] GC(5) Weak: 169 encountered, 138 discovered, 0 enqueued
[2019-02-14T13:15:05.709+0800][7779][gc,ref      ] GC(5) Final: 0 encountered, 0 discovered, 0 enqueued
[2019-02-14T13:15:05.709+0800][7779][gc,ref      ] GC(5) Phantom: 1 encountered, 1 discovered, 0 enqueued
[2019-02-14T13:15:05.709+0800][7779][gc,heap     ] GC(5)                Mark Start          Mark End        Relocate Start      Relocate End           High               Low         
[2019-02-14T13:15:05.709+0800][7779][gc,heap     ] GC(5)  Capacity:      740M (72%)         806M (79%)         806M (79%)         816M (80%)         816M (80%)         740M (72%)    
[2019-02-14T13:15:05.709+0800][7779][gc,heap     ] GC(5)   Reserve:       42M (4%)           42M (4%)           42M (4%)           42M (4%)           42M (4%)           42M (4%)     
[2019-02-14T13:15:05.709+0800][7779][gc,heap     ] GC(5)      Free:      806M (79%)         658M (64%)         638M (62%)         612M (60%)         806M (79%)         558M (54%)    
[2019-02-14T13:15:05.709+0800][7779][gc,heap     ] GC(5)      Used:      176M (17%)         324M (32%)         344M (34%)         370M (36%)         424M (41%)         176M (17%)    
[2019-02-14T13:15:05.709+0800][7779][gc,heap     ] GC(5)      Live:         -                86M (8%)           86M (8%)           86M (8%)             -                  -          
[2019-02-14T13:15:05.709+0800][7779][gc,heap     ] GC(5) Allocated:         -               148M (14%)         168M (16%)         300M (29%)            -                  -          
[2019-02-14T13:15:05.709+0800][7779][gc,heap     ] GC(5)   Garbage:         -                89M (9%)           89M (9%)           25M (2%)             -                  -          
[2019-02-14T13:15:05.709+0800][7779][gc,heap     ] GC(5) Reclaimed:         -                  -                 0M (0%)           64M (6%)             -                  -          
[2019-02-14T13:15:05.709+0800][7779][gc          ] GC(5) Garbage Collection (Allocation Rate) 176M(17%)->370M(36%)
[2019-02-14T13:15:05.736+0800][7779][gc,start    ] GC(6) Garbage Collection (Allocation Rate)
[2019-02-14T13:15:05.737+0800][7786][gc,phases   ] GC(6) Pause Mark Start 0.092ms
[2019-02-14T13:15:05.788+0800][7779][gc,phases   ] GC(6) Concurrent Mark 50.635ms
[2019-02-14T13:15:05.792+0800][7786][gc,phases   ] GC(6) Pause Mark End 0.062ms
[2019-02-14T13:15:05.801+0800][7779][gc,phases   ] GC(6) Concurrent Process Non-Strong References 8.297ms
[2019-02-14T13:15:05.801+0800][7779][gc,phases   ] GC(6) Concurrent Reset Relocation Set 0.003ms
[2019-02-14T13:15:05.801+0800][7779][gc,phases   ] GC(6) Concurrent Destroy Detached Pages 0.001ms
[2019-02-14T13:15:05.803+0800][7779][gc,phases   ] GC(6) Concurrent Select Relocation Set 2.110ms
[2019-02-14T13:15:05.803+0800][7779][gc,phases   ] GC(6) Concurrent Prepare Relocation Set 0.074ms
[2019-02-14T13:15:05.806+0800][7786][gc,phases   ] GC(6) Pause Relocate Start 0.065ms
[2019-02-14T13:15:05.825+0800][7779][gc,phases   ] GC(6) Concurrent Relocate 19.410ms
[2019-02-14T13:15:05.826+0800][7779][gc,load     ] GC(6) Load: 0.08/0.03/0.05
[2019-02-14T13:15:05.826+0800][7779][gc,mmu      ] GC(6) MMU: 2ms/20.8%, 5ms/68.3%, 10ms/83.4%, 20ms/91.7%, 50ms/96.5%, 100ms/97.6%
[2019-02-14T13:15:05.826+0800][7779][gc,marking  ] GC(6) Mark: 1 stripe(s), 1 proactive flush(es), 1 terminate flush(es), 0 completion(s), 0 continuation(s) 
[2019-02-14T13:15:05.826+0800][7779][gc,reloc    ] GC(6) Relocation: Successful, 54M relocated
[2019-02-14T13:15:05.826+0800][7779][gc,nmethod  ] GC(6) NMethods: 39 registered, 0 unregistered
[2019-02-14T13:15:05.826+0800][7779][gc,metaspace] GC(6) Metaspace: 4M used, 4M capacity, 5M committed, 8M reserved
[2019-02-14T13:15:05.826+0800][7779][gc,ref      ] GC(6) Soft: 106 encountered, 0 discovered, 0 enqueued
[2019-02-14T13:15:05.826+0800][7779][gc,ref      ] GC(6) Weak: 169 encountered, 138 discovered, 0 enqueued
[2019-02-14T13:15:05.826+0800][7779][gc,ref      ] GC(6) Final: 0 encountered, 0 discovered, 0 enqueued
[2019-02-14T13:15:05.826+0800][7779][gc,ref      ] GC(6) Phantom: 1 encountered, 1 discovered, 0 enqueued
[2019-02-14T13:15:05.826+0800][7779][gc,heap     ] GC(6)                Mark Start          Mark End        Relocate Start      Relocate End           High               Low         
[2019-02-14T13:15:05.826+0800][7779][gc,heap     ] GC(6)  Capacity:      816M (80%)         846M (83%)         876M (86%)         876M (86%)         876M (86%)         816M (80%)    
[2019-02-14T13:15:05.826+0800][7779][gc,heap     ] GC(6)   Reserve:       42M (4%)           42M (4%)           42M (4%)           42M (4%)           42M (4%)           42M (4%)     
[2019-02-14T13:15:05.826+0800][7779][gc,heap     ] GC(6)      Free:      462M (45%)         252M (25%)         534M (52%)         400M (39%)         534M (52%)         224M (22%)    
[2019-02-14T13:15:05.826+0800][7779][gc,heap     ] GC(6)      Used:      520M (51%)         730M (71%)         448M (44%)         582M (57%)         758M (74%)         448M (44%)    
[2019-02-14T13:15:05.826+0800][7779][gc,heap     ] GC(6)      Live:         -               114M (11%)         114M (11%)         114M (11%)            -                  -          
[2019-02-14T13:15:05.826+0800][7779][gc,heap     ] GC(6) Allocated:         -               210M (21%)         240M (23%)         512M (50%)            -                  -          
[2019-02-14T13:15:05.826+0800][7779][gc,heap     ] GC(6)   Garbage:         -               405M (40%)          93M (9%)           27M (3%)             -                  -          
[2019-02-14T13:15:05.826+0800][7779][gc,heap     ] GC(6) Reclaimed:         -                  -               312M (30%)         378M (37%)            -                  -          
[2019-02-14T13:15:05.826+0800][7779][gc          ] GC(6) Garbage Collection (Allocation Rate) 520M(51%)->582M(57%)
[2019-02-14T13:15:05.835+0800][7779][gc,start    ] GC(7) Garbage Collection (Allocation Rate)
[2019-02-14T13:15:05.836+0800][7786][gc,phases   ] GC(7) Pause Mark Start 0.070ms
[2019-02-14T13:15:05.881+0800][7779][gc,phases   ] GC(7) Concurrent Mark 44.906ms
[2019-02-14T13:15:05.886+0800][7786][gc,phases   ] GC(7) Pause Mark End 0.069ms
[2019-02-14T13:15:05.886+0800][7779][gc,phases   ] GC(7) Concurrent Process Non-Strong References 0.154ms
[2019-02-14T13:15:05.886+0800][7779][gc,phases   ] GC(7) Concurrent Reset Relocation Set 0.004ms
[2019-02-14T13:15:05.887+0800][7779][gc,phases   ] GC(7) Concurrent Destroy Detached Pages 1.192ms
[2019-02-14T13:15:05.888+0800][7779][gc,phases   ] GC(7) Concurrent Select Relocation Set 1.108ms
[2019-02-14T13:15:05.888+0800][7779][gc,phases   ] GC(7) Concurrent Prepare Relocation Set 0.059ms
[2019-02-14T13:15:05.891+0800][7786][gc,phases   ] GC(7) Pause Relocate Start 0.059ms
[2019-02-14T13:15:05.893+0800][7779][gc,phases   ] GC(7) Concurrent Relocate 2.344ms
[2019-02-14T13:15:05.893+0800][7779][gc,load     ] GC(7) Load: 0.08/0.03/0.05
[2019-02-14T13:15:05.893+0800][7779][gc,mmu      ] GC(7) MMU: 2ms/20.8%, 5ms/68.3%, 10ms/83.4%, 20ms/91.7%, 50ms/96.5%, 100ms/97.6%
[2019-02-14T13:15:05.893+0800][7779][gc,marking  ] GC(7) Mark: 1 stripe(s), 1 proactive flush(es), 1 terminate flush(es), 0 completion(s), 0 continuation(s) 
[2019-02-14T13:15:05.893+0800][7779][gc,reloc    ] GC(7) Relocation: Successful, 23M relocated
[2019-02-14T13:15:05.893+0800][7779][gc,nmethod  ] GC(7) NMethods: 39 registered, 0 unregistered
[2019-02-14T13:15:05.893+0800][7779][gc,metaspace] GC(7) Metaspace: 4M used, 4M capacity, 5M committed, 8M reserved
[2019-02-14T13:15:05.893+0800][7779][gc,ref      ] GC(7) Soft: 106 encountered, 0 discovered, 0 enqueued
[2019-02-14T13:15:05.893+0800][7779][gc,ref      ] GC(7) Weak: 169 encountered, 136 discovered, 0 enqueued
[2019-02-14T13:15:05.893+0800][7779][gc,ref      ] GC(7) Final: 0 encountered, 0 discovered, 0 enqueued
[2019-02-14T13:15:05.893+0800][7779][gc,ref      ] GC(7) Phantom: 1 encountered, 1 discovered, 0 enqueued
[2019-02-14T13:15:05.893+0800][7779][gc,heap     ] GC(7)                Mark Start          Mark End        Relocate Start      Relocate End           High               Low         
[2019-02-14T13:15:05.893+0800][7779][gc,heap     ] GC(7)  Capacity:      876M (86%)         986M (96%)         996M (97%)         996M (97%)         996M (97%)         876M (86%)    
[2019-02-14T13:15:05.893+0800][7779][gc,heap     ] GC(7)   Reserve:       42M (4%)           42M (4%)           42M (4%)           42M (4%)           42M (4%)           42M (4%)     
[2019-02-14T13:15:05.893+0800][7779][gc,heap     ] GC(7)      Free:      290M (28%)         180M (18%)         720M (70%)         700M (68%)         720M (70%)         170M (17%)    
[2019-02-14T13:15:05.893+0800][7779][gc,heap     ] GC(7)      Used:      692M (68%)         802M (78%)         262M (26%)         282M (28%)         812M (79%)         262M (26%)    
[2019-02-14T13:15:05.893+0800][7779][gc,heap     ] GC(7)      Live:         -               114M (11%)         114M (11%)         114M (11%)            -                  -          
[2019-02-14T13:15:05.893+0800][7779][gc,heap     ] GC(7) Allocated:         -               110M (11%)         120M (12%)         148M (14%)            -                  -          
[2019-02-14T13:15:05.893+0800][7779][gc,heap     ] GC(7)   Garbage:         -               577M (56%)          27M (3%)           27M (3%)             -                  -          
[2019-02-14T13:15:05.893+0800][7779][gc,heap     ] GC(7) Reclaimed:         -                  -               550M (54%)         550M (54%)            -                  -          
[2019-02-14T13:15:05.893+0800][7779][gc          ] GC(7) Garbage Collection (Allocation Rate) 692M(68%)->282M(28%)
[2019-02-14T13:15:05.893+0800][7779][gc,start    ] GC(8) Garbage Collection (System.gc())
[2019-02-14T13:15:05.893+0800][7786][gc,phases   ] GC(8) Pause Mark Start 0.056ms
[2019-02-14T13:15:05.922+0800][7779][gc,phases   ] GC(8) Concurrent Mark 28.338ms
[2019-02-14T13:15:05.922+0800][7786][gc,phases   ] GC(8) Pause Mark End 0.070ms
[2019-02-14T13:15:05.922+0800][7779][gc,phases   ] GC(8) Concurrent Process Non-Strong References 0.095ms
[2019-02-14T13:15:05.922+0800][7779][gc,phases   ] GC(8) Concurrent Reset Relocation Set 0.002ms
[2019-02-14T13:15:05.922+0800][7779][gc,phases   ] GC(8) Concurrent Destroy Detached Pages 0.001ms
[2019-02-14T13:15:05.923+0800][7779][gc,phases   ] GC(8) Concurrent Select Relocation Set 1.184ms
[2019-02-14T13:15:05.923+0800][7779][gc,phases   ] GC(8) Concurrent Prepare Relocation Set 0.036ms
[2019-02-14T13:15:05.924+0800][7786][gc,phases   ] GC(8) Pause Relocate Start 0.056ms
[2019-02-14T13:15:05.926+0800][7779][gc,phases   ] GC(8) Concurrent Relocate 2.152ms
[2019-02-14T13:15:05.926+0800][7779][gc,load     ] GC(8) Load: 0.08/0.03/0.05
[2019-02-14T13:15:05.926+0800][7779][gc,mmu      ] GC(8) MMU: 2ms/20.8%, 5ms/68.3%, 10ms/83.4%, 20ms/91.7%, 50ms/96.5%, 100ms/97.6%
[2019-02-14T13:15:05.926+0800][7779][gc,marking  ] GC(8) Mark: 4 stripe(s), 10 proactive flush(es), 1 terminate flush(es), 0 completion(s), 0 continuation(s) 
[2019-02-14T13:15:05.926+0800][7779][gc,reloc    ] GC(8) Relocation: Successful, 23M relocated
[2019-02-14T13:15:05.926+0800][7779][gc,nmethod  ] GC(8) NMethods: 39 registered, 0 unregistered
[2019-02-14T13:15:05.926+0800][7779][gc,metaspace] GC(8) Metaspace: 4M used, 4M capacity, 5M committed, 8M reserved
[2019-02-14T13:15:05.926+0800][7779][gc,ref      ] GC(8) Soft: 106 encountered, 0 discovered, 0 enqueued
[2019-02-14T13:15:05.926+0800][7779][gc,ref      ] GC(8) Weak: 169 encountered, 132 discovered, 0 enqueued
[2019-02-14T13:15:05.926+0800][7779][gc,ref      ] GC(8) Final: 0 encountered, 0 discovered, 0 enqueued
[2019-02-14T13:15:05.926+0800][7779][gc,ref      ] GC(8) Phantom: 1 encountered, 1 discovered, 0 enqueued
[2019-02-14T13:15:05.926+0800][7779][gc,heap     ] GC(8)                Mark Start          Mark End        Relocate Start      Relocate End           High               Low         
[2019-02-14T13:15:05.926+0800][7779][gc,heap     ] GC(8)  Capacity:      996M (97%)         996M (97%)         996M (97%)         996M (97%)         996M (97%)         996M (97%)    
[2019-02-14T13:15:05.926+0800][7779][gc,heap     ] GC(8)   Reserve:       42M (4%)           42M (4%)           42M (4%)           42M (4%)           42M (4%)           42M (4%)     
[2019-02-14T13:15:05.926+0800][7779][gc,heap     ] GC(8)      Free:      700M (68%)         700M (68%)         840M (82%)         840M (82%)         840M (82%)         700M (68%)    
[2019-02-14T13:15:05.926+0800][7779][gc,heap     ] GC(8)      Used:      282M (28%)         282M (28%)         142M (14%)         142M (14%)         282M (28%)         142M (14%)    
[2019-02-14T13:15:05.926+0800][7779][gc,heap     ] GC(8)      Live:         -               114M (11%)         114M (11%)         114M (11%)            -                  -          
[2019-02-14T13:15:05.926+0800][7779][gc,heap     ] GC(8) Allocated:         -                 0M (0%)            0M (0%)            8M (1%)             -                  -          
[2019-02-14T13:15:05.926+0800][7779][gc,heap     ] GC(8)   Garbage:         -               167M (16%)          27M (3%)           27M (3%)             -                  -          
[2019-02-14T13:15:05.926+0800][7779][gc,heap     ] GC(8) Reclaimed:         -                  -               140M (14%)         140M (14%)            -                  -          
[2019-02-14T13:15:05.926+0800][7779][gc          ] GC(8) Garbage Collection (System.gc()) 282M(28%)->142M(14%)
[2019-02-14T13:15:05.936+0800][7779][gc,start    ] GC(9) Garbage Collection (Allocation Rate)
[2019-02-14T13:15:05.936+0800][7786][gc,phases   ] GC(9) Pause Mark Start 0.052ms
[2019-02-14T13:15:05.975+0800][7779][gc,phases   ] GC(9) Concurrent Mark 39.311ms
[2019-02-14T13:15:05.975+0800][7786][gc,phases   ] GC(9) Pause Mark End 0.067ms
[2019-02-14T13:15:05.975+0800][7779][gc,phases   ] GC(9) Concurrent Process Non-Strong References 0.110ms
[2019-02-14T13:15:05.975+0800][7779][gc,phases   ] GC(9) Concurrent Reset Relocation Set 0.002ms
[2019-02-14T13:15:05.975+0800][7779][gc,phases   ] GC(9) Concurrent Destroy Detached Pages 0.000ms
[2019-02-14T13:15:05.976+0800][7779][gc,phases   ] GC(9) Concurrent Select Relocation Set 1.117ms
[2019-02-14T13:15:05.977+0800][7779][gc,phases   ] GC(9) Concurrent Prepare Relocation Set 0.053ms
[2019-02-14T13:15:05.977+0800][7786][gc,phases   ] GC(9) Pause Relocate Start 0.057ms
[2019-02-14T13:15:05.979+0800][7779][gc,phases   ] GC(9) Concurrent Relocate 2.137ms
[2019-02-14T13:15:05.979+0800][7779][gc,load     ] GC(9) Load: 0.08/0.03/0.05
[2019-02-14T13:15:05.979+0800][7779][gc,mmu      ] GC(9) MMU: 2ms/20.8%, 5ms/68.3%, 10ms/83.4%, 20ms/91.7%, 50ms/96.5%, 100ms/97.6%
[2019-02-14T13:15:05.979+0800][7779][gc,marking  ] GC(9) Mark: 1 stripe(s), 1 proactive flush(es), 1 terminate flush(es), 0 completion(s), 0 continuation(s) 
[2019-02-14T13:15:05.979+0800][7779][gc,reloc    ] GC(9) Relocation: Successful, 23M relocated
[2019-02-14T13:15:05.979+0800][7779][gc,nmethod  ] GC(9) NMethods: 39 registered, 0 unregistered
[2019-02-14T13:15:05.979+0800][7779][gc,metaspace] GC(9) Metaspace: 4M used, 4M capacity, 5M committed, 8M reserved
[2019-02-14T13:15:05.979+0800][7779][gc,ref      ] GC(9) Soft: 106 encountered, 0 discovered, 0 enqueued
[2019-02-14T13:15:05.979+0800][7779][gc,ref      ] GC(9) Weak: 169 encountered, 128 discovered, 0 enqueued
[2019-02-14T13:15:05.979+0800][7779][gc,ref      ] GC(9) Final: 0 encountered, 0 discovered, 0 enqueued
[2019-02-14T13:15:05.979+0800][7779][gc,ref      ] GC(9) Phantom: 1 encountered, 1 discovered, 0 enqueued
[2019-02-14T13:15:05.979+0800][7779][gc,heap     ] GC(9)                Mark Start          Mark End        Relocate Start      Relocate End           High               Low         
[2019-02-14T13:15:05.979+0800][7779][gc,heap     ] GC(9)  Capacity:      996M (97%)         996M (97%)         996M (97%)         996M (97%)         996M (97%)         996M (97%)    
[2019-02-14T13:15:05.979+0800][7779][gc,heap     ] GC(9)   Reserve:       42M (4%)           42M (4%)           42M (4%)           42M (4%)           42M (4%)           42M (4%)     
[2019-02-14T13:15:05.979+0800][7779][gc,heap     ] GC(9)      Free:      840M (82%)         840M (82%)         840M (82%)         840M (82%)         840M (82%)         832M (81%)    
[2019-02-14T13:15:05.979+0800][7779][gc,heap     ] GC(9)      Used:      142M (14%)         142M (14%)         142M (14%)         142M (14%)         150M (15%)         142M (14%)    
[2019-02-14T13:15:05.979+0800][7779][gc,heap     ] GC(9)      Live:         -               114M (11%)         114M (11%)         114M (11%)            -                  -          
[2019-02-14T13:15:05.979+0800][7779][gc,heap     ] GC(9) Allocated:         -                 0M (0%)            0M (0%)            8M (1%)             -                  -          
[2019-02-14T13:15:05.979+0800][7779][gc,heap     ] GC(9)   Garbage:         -                27M (3%)           27M (3%)           27M (3%)             -                  -          
[2019-02-14T13:15:05.979+0800][7779][gc,heap     ] GC(9) Reclaimed:         -                  -                 0M (0%)            0M (0%)             -                  -          
[2019-02-14T13:15:05.979+0800][7779][gc          ] GC(9) Garbage Collection (Allocation Rate) 142M(14%)->142M(14%)
[2019-02-14T13:15:06.036+0800][7779][gc,start    ] GC(10) Garbage Collection (Allocation Rate)
[2019-02-14T13:15:06.036+0800][7786][gc,phases   ] GC(10) Pause Mark Start 0.074ms
[2019-02-14T13:15:06.067+0800][7772][gc,heap     ] Page Cache Flushed: 4M requested, 10M(670M->660M) flushed
[2019-02-14T13:15:06.102+0800][7779][gc,phases   ] GC(10) Concurrent Mark 66.252ms
[2019-02-14T13:15:06.103+0800][7786][gc,phases   ] GC(10) Pause Mark End 0.073ms
[2019-02-14T13:15:06.103+0800][7779][gc,phases   ] GC(10) Concurrent Process Non-Strong References 0.134ms
[2019-02-14T13:15:06.103+0800][7779][gc,phases   ] GC(10) Concurrent Reset Relocation Set 0.002ms
[2019-02-14T13:15:06.103+0800][7779][gc,phases   ] GC(10) Concurrent Destroy Detached Pages 0.002ms
[2019-02-14T13:15:06.105+0800][7779][gc,phases   ] GC(10) Concurrent Select Relocation Set 1.121ms
[2019-02-14T13:15:06.105+0800][7779][gc,phases   ] GC(10) Concurrent Prepare Relocation Set 0.567ms
[2019-02-14T13:15:06.106+0800][7786][gc,phases   ] GC(10) Pause Relocate Start 0.527ms
[2019-02-14T13:15:06.125+0800][7779][gc,phases   ] GC(10) Concurrent Relocate 19.299ms
[2019-02-14T13:15:06.125+0800][7779][gc,load     ] GC(10) Load: 0.08/0.03/0.05
[2019-02-14T13:15:06.125+0800][7779][gc,mmu      ] GC(10) MMU: 2ms/20.8%, 5ms/68.3%, 10ms/83.4%, 20ms/91.7%, 50ms/96.5%, 100ms/97.6%
[2019-02-14T13:15:06.125+0800][7779][gc,marking  ] GC(10) Mark: 1 stripe(s), 2 proactive flush(es), 1 terminate flush(es), 0 completion(s), 0 continuation(s) 
[2019-02-14T13:15:06.125+0800][7779][gc,reloc    ] GC(10) Relocation: Successful, 31M relocated
[2019-02-14T13:15:06.125+0800][7779][gc,nmethod  ] GC(10) NMethods: 39 registered, 0 unregistered
[2019-02-14T13:15:06.125+0800][7779][gc,metaspace] GC(10) Metaspace: 4M used, 4M capacity, 5M committed, 8M reserved
[2019-02-14T13:15:06.125+0800][7779][gc,ref      ] GC(10) Soft: 106 encountered, 0 discovered, 0 enqueued
[2019-02-14T13:15:06.125+0800][7779][gc,ref      ] GC(10) Weak: 169 encountered, 162 discovered, 0 enqueued
[2019-02-14T13:15:06.125+0800][7779][gc,ref      ] GC(10) Final: 0 encountered, 0 discovered, 0 enqueued
[2019-02-14T13:15:06.125+0800][7779][gc,ref      ] GC(10) Phantom: 1 encountered, 1 discovered, 0 enqueued
[2019-02-14T13:15:06.125+0800][7779][gc,heap     ] GC(10)                Mark Start          Mark End        Relocate Start      Relocate End           High               Low         
[2019-02-14T13:15:06.125+0800][7779][gc,heap     ] GC(10)  Capacity:      996M (97%)        1024M (100%)       1024M (100%)       1024M (100%)       1024M (100%)        996M (97%)    
[2019-02-14T13:15:06.125+0800][7779][gc,heap     ] GC(10)   Reserve:       42M (4%)           42M (4%)           42M (4%)           42M (4%)           42M (4%)           42M (4%)     
[2019-02-14T13:15:06.125+0800][7779][gc,heap     ] GC(10)      Free:      796M (78%)         516M (50%)         496M (48%)         338M (33%)         796M (78%)         336M (33%)    
[2019-02-14T13:15:06.125+0800][7779][gc,heap     ] GC(10)      Used:      186M (18%)         466M (46%)         486M (47%)         644M (63%)         646M (63%)         186M (18%)    
[2019-02-14T13:15:06.125+0800][7779][gc,heap     ] GC(10)      Live:         -               130M (13%)         130M (13%)         130M (13%)            -                  -          
[2019-02-14T13:15:06.125+0800][7779][gc,heap     ] GC(10) Allocated:         -               280M (27%)         300M (29%)         534M (52%)            -                  -          
[2019-02-14T13:15:06.125+0800][7779][gc,heap     ] GC(10)   Garbage:         -                55M (5%)           55M (5%)           23M (2%)             -                  -          
[2019-02-14T13:15:06.125+0800][7779][gc,heap     ] GC(10) Reclaimed:         -                  -                 0M (0%)           32M (3%)             -                  -          
[2019-02-14T13:15:06.125+0800][7779][gc          ] GC(10) Garbage Collection (Allocation Rate) 186M(18%)->644M(63%)
[2019-02-14T13:15:06.136+0800][7779][gc,start    ] GC(11) Garbage Collection (Allocation Rate)
[2019-02-14T13:15:06.136+0800][7786][gc,phases   ] GC(11) Pause Mark Start 0.076ms
[2019-02-14T13:15:06.194+0800][7772][gc,heap     ] Page Cache Flushed: 10M requested, 32M(42M->10M) flushed
[2019-02-14T13:15:06.200+0800][7772][gc,heap     ] Page Cache Flushed: 2M requested, 2M(10M->8M) flushed
[2019-02-14T13:15:06.203+0800][7779][gc,phases   ] GC(11) Concurrent Mark 67.181ms
[2019-02-14T13:15:06.204+0800][7786][gc,phases   ] GC(11) Pause Mark End 0.080ms
[2019-02-14T13:15:06.204+0800][7779][gc,phases   ] GC(11) Concurrent Process Non-Strong References 0.209ms
[2019-02-14T13:15:06.204+0800][7779][gc,phases   ] GC(11) Concurrent Reset Relocation Set 0.117ms
[2019-02-14T13:15:06.204+0800][7779][gc,phases   ] GC(11) Concurrent Destroy Detached Pages 0.003ms
[2019-02-14T13:15:06.205+0800][7772][gc          ] Allocation Stall (main) 1.818ms
[2019-02-14T13:15:06.205+0800][7779][gc,phases   ] GC(11) Concurrent Select Relocation Set 1.186ms
[2019-02-14T13:15:06.205+0800][7779][gc,phases   ] GC(11) Concurrent Prepare Relocation Set 0.150ms
[2019-02-14T13:15:06.206+0800][7786][gc,phases   ] GC(11) Pause Relocate Start 0.177ms
[2019-02-14T13:15:06.228+0800][7779][gc,phases   ] GC(11) Concurrent Relocate 21.497ms
[2019-02-14T13:15:06.228+0800][7779][gc,load     ] GC(11) Load: 0.08/0.03/0.05
[2019-02-14T13:15:06.228+0800][7779][gc,mmu      ] GC(11) MMU: 2ms/20.8%, 5ms/68.3%, 10ms/83.4%, 20ms/91.7%, 50ms/96.5%, 100ms/97.6%
[2019-02-14T13:15:06.228+0800][7779][gc,marking  ] GC(11) Mark: 1 stripe(s), 1 proactive flush(es), 1 terminate flush(es), 0 completion(s), 0 continuation(s) 
[2019-02-14T13:15:06.228+0800][7779][gc,reloc    ] GC(11) Relocation: Successful, 64M relocated
[2019-02-14T13:15:06.228+0800][7779][gc,nmethod  ] GC(11) NMethods: 39 registered, 0 unregistered
[2019-02-14T13:15:06.228+0800][7779][gc,metaspace] GC(11) Metaspace: 4M used, 4M capacity, 5M committed, 8M reserved
[2019-02-14T13:15:06.228+0800][7779][gc,ref      ] GC(11) Soft: 106 encountered, 0 discovered, 0 enqueued
[2019-02-14T13:15:06.228+0800][7779][gc,ref      ] GC(11) Weak: 169 encountered, 138 discovered, 0 enqueued
[2019-02-14T13:15:06.228+0800][7779][gc,ref      ] GC(11) Final: 0 encountered, 0 discovered, 0 enqueued
[2019-02-14T13:15:06.228+0800][7779][gc,ref      ] GC(11) Phantom: 1 encountered, 1 discovered, 0 enqueued
[2019-02-14T13:15:06.228+0800][7779][gc,heap     ] GC(11)                Mark Start          Mark End        Relocate Start      Relocate End           High               Low         
[2019-02-14T13:15:06.228+0800][7779][gc,heap     ] GC(11)  Capacity:     1024M (100%)       1024M (100%)       1024M (100%)       1024M (100%)       1024M (100%)       1024M (100%)   
[2019-02-14T13:15:06.228+0800][7779][gc,heap     ] GC(11)   Reserve:       42M (4%)           42M (4%)           42M (4%)           42M (4%)           42M (4%)           42M (4%)     
[2019-02-14T13:15:06.228+0800][7779][gc,heap     ] GC(11)      Free:      288M (28%)           8M (1%)          408M (40%)         244M (24%)         408M (40%)           8M (1%)     
[2019-02-14T13:15:06.228+0800][7779][gc,heap     ] GC(11)      Used:      694M (68%)         974M (95%)         574M (56%)         738M (72%)         974M (95%)         574M (56%)    
[2019-02-14T13:15:06.228+0800][7779][gc,heap     ] GC(11)      Live:         -               165M (16%)         165M (16%)         165M (16%)            -                  -          
[2019-02-14T13:15:06.228+0800][7779][gc,heap     ] GC(11) Allocated:         -               280M (27%)         290M (28%)         594M (58%)            -                  -          
[2019-02-14T13:15:06.228+0800][7779][gc,heap     ] GC(11)   Garbage:         -               528M (52%)         118M (12%)          52M (5%)             -                  -          
[2019-02-14T13:15:06.228+0800][7779][gc,heap     ] GC(11) Reclaimed:         -                  -               410M (40%)         476M (46%)            -                  -          
[2019-02-14T13:15:06.228+0800][7779][gc          ] GC(11) Garbage Collection (Allocation Rate) 694M(68%)->738M(72%)
[2019-02-14T13:15:06.236+0800][7779][gc,start    ] GC(12) Garbage Collection (Allocation Rate)
[2019-02-14T13:15:06.237+0800][7786][gc,phases   ] GC(12) Pause Mark Start 0.073ms
[2019-02-14T13:15:06.295+0800][7779][gc,phases   ] GC(12) Concurrent Mark 57.932ms
[2019-02-14T13:15:06.295+0800][7786][gc,phases   ] GC(12) Pause Mark End 0.071ms
[2019-02-14T13:15:06.295+0800][7779][gc,phases   ] GC(12) Concurrent Process Non-Strong References 0.178ms
[2019-02-14T13:15:06.295+0800][7779][gc,phases   ] GC(12) Concurrent Reset Relocation Set 0.004ms
[2019-02-14T13:15:06.295+0800][7779][gc,phases   ] GC(12) Concurrent Destroy Detached Pages 0.001ms
[2019-02-14T13:15:06.296+0800][7779][gc,phases   ] GC(12) Concurrent Select Relocation Set 1.085ms
[2019-02-14T13:15:06.296+0800][7779][gc,phases   ] GC(12) Concurrent Prepare Relocation Set 0.047ms
[2019-02-14T13:15:06.297+0800][7786][gc,phases   ] GC(12) Pause Relocate Start 0.224ms
[2019-02-14T13:15:06.299+0800][7779][gc,phases   ] GC(12) Concurrent Relocate 1.757ms
[2019-02-14T13:15:06.299+0800][7779][gc,load     ] GC(12) Load: 0.08/0.03/0.05
[2019-02-14T13:15:06.299+0800][7779][gc,mmu      ] GC(12) MMU: 2ms/20.8%, 5ms/68.3%, 10ms/83.4%, 20ms/91.7%, 50ms/96.5%, 100ms/97.6%
[2019-02-14T13:15:06.299+0800][7779][gc,marking  ] GC(12) Mark: 1 stripe(s), 2 proactive flush(es), 1 terminate flush(es), 0 completion(s), 0 continuation(s) 
[2019-02-14T13:15:06.299+0800][7779][gc,reloc    ] GC(12) Relocation: Successful, 33M relocated
[2019-02-14T13:15:06.299+0800][7779][gc,nmethod  ] GC(12) NMethods: 39 registered, 0 unregistered
[2019-02-14T13:15:06.299+0800][7779][gc,metaspace] GC(12) Metaspace: 4M used, 4M capacity, 5M committed, 8M reserved
[2019-02-14T13:15:06.299+0800][7779][gc,ref      ] GC(12) Soft: 106 encountered, 0 discovered, 0 enqueued
[2019-02-14T13:15:06.299+0800][7779][gc,ref      ] GC(12) Weak: 169 encountered, 138 discovered, 0 enqueued
[2019-02-14T13:15:06.299+0800][7779][gc,ref      ] GC(12) Final: 0 encountered, 0 discovered, 0 enqueued
[2019-02-14T13:15:06.299+0800][7779][gc,ref      ] GC(12) Phantom: 1 encountered, 1 discovered, 0 enqueued
[2019-02-14T13:15:06.299+0800][7779][gc,heap     ] GC(12)                Mark Start          Mark End        Relocate Start      Relocate End           High               Low         
[2019-02-14T13:15:06.299+0800][7779][gc,heap     ] GC(12)  Capacity:     1024M (100%)       1024M (100%)       1024M (100%)       1024M (100%)       1024M (100%)       1024M (100%)   
[2019-02-14T13:15:06.299+0800][7779][gc,heap     ] GC(12)   Reserve:       42M (4%)           42M (4%)           42M (4%)           42M (4%)           42M (4%)           42M (4%)     
[2019-02-14T13:15:06.299+0800][7779][gc,heap     ] GC(12)      Free:      174M (17%)         174M (17%)         764M (75%)         764M (75%)         764M (75%)         174M (17%)    
[2019-02-14T13:15:06.299+0800][7779][gc,heap     ] GC(12)      Used:      808M (79%)         808M (79%)         218M (21%)         218M (21%)         808M (79%)         218M (21%)    
[2019-02-14T13:15:06.299+0800][7779][gc,heap     ] GC(12)      Live:         -               165M (16%)         165M (16%)         165M (16%)            -                  -          
[2019-02-14T13:15:06.299+0800][7779][gc,heap     ] GC(12) Allocated:         -                 0M (0%)            0M (0%)           10M (1%)             -                  -          
[2019-02-14T13:15:06.299+0800][7779][gc,heap     ] GC(12)   Garbage:         -               642M (63%)          52M (5%)           52M (5%)             -                  -          
[2019-02-14T13:15:06.299+0800][7779][gc,heap     ] GC(12) Reclaimed:         -                  -               590M (58%)         590M (58%)            -                  -          
[2019-02-14T13:15:06.299+0800][7779][gc          ] GC(12) Garbage Collection (Allocation Rate) 808M(79%)->218M(21%)
[2019-02-14T13:15:06.299+0800][7779][gc,start    ] GC(13) Garbage Collection (System.gc())
[2019-02-14T13:15:06.299+0800][7786][gc,phases   ] GC(13) Pause Mark Start 0.053ms
[2019-02-14T13:15:06.337+0800][7779][gc,phases   ] GC(13) Concurrent Mark 37.883ms
[2019-02-14T13:15:06.337+0800][7786][gc,phases   ] GC(13) Pause Mark End 0.073ms
[2019-02-14T13:15:06.337+0800][7779][gc,phases   ] GC(13) Concurrent Process Non-Strong References 0.136ms
[2019-02-14T13:15:06.337+0800][7779][gc,phases   ] GC(13) Concurrent Reset Relocation Set 0.003ms
[2019-02-14T13:15:06.337+0800][7779][gc,phases   ] GC(13) Concurrent Destroy Detached Pages 0.001ms
[2019-02-14T13:15:06.338+0800][7779][gc,phases   ] GC(13) Concurrent Select Relocation Set 1.217ms
[2019-02-14T13:15:06.338+0800][7779][gc,phases   ] GC(13) Concurrent Prepare Relocation Set 0.056ms
[2019-02-14T13:15:06.339+0800][7786][gc,phases   ] GC(13) Pause Relocate Start 0.235ms
[2019-02-14T13:15:06.341+0800][7779][gc,phases   ] GC(13) Concurrent Relocate 1.800ms
[2019-02-14T13:15:06.341+0800][7779][gc,load     ] GC(13) Load: 0.08/0.03/0.05
[2019-02-14T13:15:06.341+0800][7779][gc,mmu      ] GC(13) MMU: 2ms/20.8%, 5ms/68.3%, 10ms/83.4%, 20ms/91.7%, 50ms/96.5%, 100ms/97.6%
[2019-02-14T13:15:06.341+0800][7779][gc,marking  ] GC(13) Mark: 4 stripe(s), 10 proactive flush(es), 1 terminate flush(es), 0 completion(s), 0 continuation(s) 
[2019-02-14T13:15:06.341+0800][7779][gc,reloc    ] GC(13) Relocation: Successful, 33M relocated
[2019-02-14T13:15:06.341+0800][7779][gc,nmethod  ] GC(13) NMethods: 39 registered, 0 unregistered
[2019-02-14T13:15:06.341+0800][7779][gc,metaspace] GC(13) Metaspace: 4M used, 4M capacity, 5M committed, 8M reserved
[2019-02-14T13:15:06.341+0800][7779][gc,ref      ] GC(13) Soft: 106 encountered, 0 discovered, 0 enqueued
[2019-02-14T13:15:06.341+0800][7779][gc,ref      ] GC(13) Weak: 169 encountered, 5 discovered, 0 enqueued
[2019-02-14T13:15:06.341+0800][7779][gc,ref      ] GC(13) Final: 0 encountered, 0 discovered, 0 enqueued
[2019-02-14T13:15:06.341+0800][7779][gc,ref      ] GC(13) Phantom: 1 encountered, 0 discovered, 0 enqueued
[2019-02-14T13:15:06.341+0800][7779][gc,heap     ] GC(13)                Mark Start          Mark End        Relocate Start      Relocate End           High               Low         
[2019-02-14T13:15:06.341+0800][7779][gc,heap     ] GC(13)  Capacity:     1024M (100%)       1024M (100%)       1024M (100%)       1024M (100%)       1024M (100%)       1024M (100%)   
[2019-02-14T13:15:06.341+0800][7779][gc,heap     ] GC(13)   Reserve:       42M (4%)           42M (4%)           42M (4%)           42M (4%)           42M (4%)           42M (4%)     
[2019-02-14T13:15:06.341+0800][7779][gc,heap     ] GC(13)      Free:      764M (75%)         764M (75%)         764M (75%)         764M (75%)         764M (75%)         754M (74%)    
[2019-02-14T13:15:06.341+0800][7779][gc,heap     ] GC(13)      Used:      218M (21%)         218M (21%)         218M (21%)         218M (21%)         228M (22%)         218M (21%)    
[2019-02-14T13:15:06.341+0800][7779][gc,heap     ] GC(13)      Live:         -               165M (16%)         165M (16%)         165M (16%)            -                  -          
[2019-02-14T13:15:06.341+0800][7779][gc,heap     ] GC(13) Allocated:         -                 0M (0%)            0M (0%)           10M (1%)             -                  -          
[2019-02-14T13:15:06.341+0800][7779][gc,heap     ] GC(13)   Garbage:         -                52M (5%)           52M (5%)           52M (5%)             -                  -          
[2019-02-14T13:15:06.341+0800][7779][gc,heap     ] GC(13) Reclaimed:         -                  -                 0M (0%)            0M (0%)             -                  -          
[2019-02-14T13:15:06.341+0800][7779][gc          ] GC(13) Garbage Collection (System.gc()) 218M(21%)->218M(21%)
[2019-02-14T13:15:06.436+0800][7779][gc,start    ] GC(14) Garbage Collection (Allocation Rate)
[2019-02-14T13:15:06.436+0800][7786][gc,phases   ] GC(14) Pause Mark Start 0.080ms
[2019-02-14T13:15:06.463+0800][7772][gc,heap     ] Page Cache Flushed: 32M requested, 40M(690M->650M) flushed
[2019-02-14T13:15:06.497+0800][7779][gc,phases   ] GC(14) Concurrent Mark 60.709ms
[2019-02-14T13:15:06.499+0800][7786][gc,phases   ] GC(14) Pause Mark End 0.064ms
[2019-02-14T13:15:06.500+0800][7779][gc,phases   ] GC(14) Concurrent Process Non-Strong References 0.260ms
[2019-02-14T13:15:06.500+0800][7779][gc,phases   ] GC(14) Concurrent Reset Relocation Set 0.004ms
[2019-02-14T13:15:06.500+0800][7779][gc,phases   ] GC(14) Concurrent Destroy Detached Pages 0.004ms
[2019-02-14T13:15:06.501+0800][7779][gc,phases   ] GC(14) Concurrent Select Relocation Set 1.127ms
[2019-02-14T13:15:06.501+0800][7779][gc,phases   ] GC(14) Concurrent Prepare Relocation Set 0.057ms
[2019-02-14T13:15:06.502+0800][7786][gc,phases   ] GC(14) Pause Relocate Start 0.491ms
[2019-02-14T13:15:06.504+0800][7779][gc,phases   ] GC(14) Concurrent Relocate 2.145ms
[2019-02-14T13:15:06.504+0800][7779][gc,load     ] GC(14) Load: 0.08/0.03/0.05
[2019-02-14T13:15:06.504+0800][7779][gc,mmu      ] GC(14) MMU: 2ms/20.8%, 5ms/68.3%, 10ms/83.4%, 20ms/91.7%, 50ms/96.5%, 100ms/97.6%
[2019-02-14T13:15:06.504+0800][7779][gc,marking  ] GC(14) Mark: 1 stripe(s), 1 proactive flush(es), 1 terminate flush(es), 0 completion(s), 0 continuation(s) 
[2019-02-14T13:15:06.504+0800][7779][gc,reloc    ] GC(14) Relocation: Successful, 33M relocated
[2019-02-14T13:15:06.504+0800][7779][gc,nmethod  ] GC(14) NMethods: 39 registered, 0 unregistered
[2019-02-14T13:15:06.504+0800][7779][gc,metaspace] GC(14) Metaspace: 4M used, 4M capacity, 5M committed, 8M reserved
[2019-02-14T13:15:06.504+0800][7779][gc,ref      ] GC(14) Soft: 106 encountered, 0 discovered, 0 enqueued
[2019-02-14T13:15:06.504+0800][7779][gc,ref      ] GC(14) Weak: 169 encountered, 128 discovered, 0 enqueued
[2019-02-14T13:15:06.504+0800][7779][gc,ref      ] GC(14) Final: 0 encountered, 0 discovered, 0 enqueued
[2019-02-14T13:15:06.504+0800][7779][gc,ref      ] GC(14) Phantom: 1 encountered, 1 discovered, 0 enqueued
[2019-02-14T13:15:06.504+0800][7779][gc,heap     ] GC(14)                Mark Start          Mark End        Relocate Start      Relocate End           High               Low         
[2019-02-14T13:15:06.504+0800][7779][gc,heap     ] GC(14)  Capacity:     1024M (100%)       1024M (100%)       1024M (100%)       1024M (100%)       1024M (100%)       1024M (100%)   
[2019-02-14T13:15:06.504+0800][7779][gc,heap     ] GC(14)   Reserve:       42M (4%)           42M (4%)           42M (4%)           42M (4%)           42M (4%)           42M (4%)     
[2019-02-14T13:15:06.504+0800][7779][gc,heap     ] GC(14)      Free:      764M (75%)         464M (45%)         454M (44%)         424M (41%)         764M (75%)         422M (41%)    
[2019-02-14T13:15:06.504+0800][7779][gc,heap     ] GC(14)      Used:      218M (21%)         518M (51%)         528M (52%)         558M (54%)         560M (55%)         218M (21%)    
[2019-02-14T13:15:06.504+0800][7779][gc,heap     ] GC(14)      Live:         -               165M (16%)         165M (16%)         165M (16%)            -                  -          
[2019-02-14T13:15:06.504+0800][7779][gc,heap     ] GC(14) Allocated:         -               300M (29%)         310M (30%)         350M (34%)            -                  -          
[2019-02-14T13:15:06.504+0800][7779][gc,heap     ] GC(14)   Garbage:         -                52M (5%)           52M (5%)           52M (5%)             -                  -          
[2019-02-14T13:15:06.504+0800][7779][gc,heap     ] GC(14) Reclaimed:         -                  -                 0M (0%)            0M (0%)             -                  -          
[2019-02-14T13:15:06.504+0800][7779][gc          ] GC(14) Garbage Collection (Allocation Rate) 218M(21%)->558M(54%)
[2019-02-14T13:15:06.536+0800][7779][gc,start    ] GC(15) Garbage Collection (Allocation Rate)
[2019-02-14T13:15:06.538+0800][7786][gc,phases   ] GC(15) Pause Mark Start 0.099ms
[2019-02-14T13:15:06.616+0800][7779][gc,phases   ] GC(15) Concurrent Mark 77.915ms
[2019-02-14T13:15:06.616+0800][7786][gc,phases   ] GC(15) Pause Mark End 0.064ms
[2019-02-14T13:15:06.617+0800][7779][gc,phases   ] GC(15) Concurrent Process Non-Strong References 0.212ms
[2019-02-14T13:15:06.617+0800][7779][gc,phases   ] GC(15) Concurrent Reset Relocation Set 0.003ms
[2019-02-14T13:15:06.617+0800][7779][gc,phases   ] GC(15) Concurrent Destroy Detached Pages 0.001ms
[2019-02-14T13:15:06.618+0800][7779][gc,phases   ] GC(15) Concurrent Select Relocation Set 1.131ms
[2019-02-14T13:15:06.618+0800][7772][gc          ] Allocation Stall (main) 64.231ms
[2019-02-14T13:15:06.618+0800][7779][gc,phases   ] GC(15) Concurrent Prepare Relocation Set 0.733ms
[2019-02-14T13:15:06.619+0800][7786][gc,phases   ] GC(15) Pause Relocate Start 0.145ms
[2019-02-14T13:15:06.619+0800][7777][gc,heap     ] GC(15) Page Cache Flushed: 26M requested, 30M(472M->442M) flushed
[2019-02-14T13:15:06.648+0800][7779][gc,phases   ] GC(15) Concurrent Relocate 28.890ms
[2019-02-14T13:15:06.648+0800][7779][gc,load     ] GC(15) Load: 0.08/0.03/0.05
[2019-02-14T13:15:06.648+0800][7779][gc,mmu      ] GC(15) MMU: 2ms/20.8%, 5ms/68.3%, 10ms/83.4%, 20ms/91.7%, 50ms/96.5%, 100ms/97.6%
[2019-02-14T13:15:06.648+0800][7779][gc,marking  ] GC(15) Mark: 1 stripe(s), 1 proactive flush(es), 1 terminate flush(es), 0 completion(s), 0 continuation(s) 
[2019-02-14T13:15:06.648+0800][7779][gc,reloc    ] GC(15) Relocation: Successful, 74M relocated
[2019-02-14T13:15:06.648+0800][7779][gc,nmethod  ] GC(15) NMethods: 39 registered, 0 unregistered
[2019-02-14T13:15:06.648+0800][7779][gc,metaspace] GC(15) Metaspace: 4M used, 4M capacity, 5M committed, 8M reserved
[2019-02-14T13:15:06.648+0800][7779][gc,ref      ] GC(15) Soft: 106 encountered, 0 discovered, 0 enqueued
[2019-02-14T13:15:06.648+0800][7779][gc,ref      ] GC(15) Weak: 169 encountered, 128 discovered, 0 enqueued
[2019-02-14T13:15:06.648+0800][7779][gc,ref      ] GC(15) Final: 0 encountered, 0 discovered, 0 enqueued
[2019-02-14T13:15:06.648+0800][7779][gc,ref      ] GC(15) Phantom: 1 encountered, 1 discovered, 0 enqueued
[2019-02-14T13:15:06.648+0800][7779][gc,heap     ] GC(15)                Mark Start          Mark End        Relocate Start      Relocate End           High               Low         
[2019-02-14T13:15:06.648+0800][7779][gc,heap     ] GC(15)  Capacity:     1024M (100%)       1024M (100%)       1024M (100%)       1024M (100%)       1024M (100%)       1024M (100%)   
[2019-02-14T13:15:06.648+0800][7779][gc,heap     ] GC(15)   Reserve:       42M (4%)           42M (4%)           42M (4%)           42M (4%)           42M (4%)           42M (4%)     
[2019-02-14T13:15:06.648+0800][7779][gc,heap     ] GC(15)      Free:      164M (16%)           4M (0%)          454M (44%)         254M (25%)         454M (44%)           4M (0%)     
[2019-02-14T13:15:06.648+0800][7779][gc,heap     ] GC(15)      Used:      818M (80%)         978M (96%)         528M (52%)         728M (71%)         978M (96%)         528M (52%)    
[2019-02-14T13:15:06.648+0800][7779][gc,heap     ] GC(15)      Live:         -               216M (21%)         216M (21%)         216M (21%)            -                  -          
[2019-02-14T13:15:06.648+0800][7779][gc,heap     ] GC(15) Allocated:         -               160M (16%)         170M (17%)         544M (53%)            -                  -          
[2019-02-14T13:15:06.648+0800][7779][gc,heap     ] GC(15)   Garbage:         -               601M (59%)         141M (14%)          41M (4%)             -                  -          
[2019-02-14T13:15:06.648+0800][7779][gc,heap     ] GC(15) Reclaimed:         -                  -               460M (45%)         560M (55%)            -                  -          
[2019-02-14T13:15:06.648+0800][7779][gc          ] GC(15) Garbage Collection (Allocation Rate) 818M(80%)->728M(71%)
[2019-02-14T13:15:06.655+0800][7779][gc,start    ] GC(16) Garbage Collection (System.gc())
[2019-02-14T13:15:06.656+0800][7786][gc,phases   ] GC(16) Pause Mark Start 0.082ms
[2019-02-14T13:15:06.703+0800][7779][gc,phases   ] GC(16) Concurrent Mark 47.148ms
[2019-02-14T13:15:06.703+0800][7786][gc,phases   ] GC(16) Pause Mark End 0.066ms
[2019-02-14T13:15:06.703+0800][7779][gc,phases   ] GC(16) Concurrent Process Non-Strong References 0.156ms
[2019-02-14T13:15:06.703+0800][7779][gc,phases   ] GC(16) Concurrent Reset Relocation Set 0.146ms
[2019-02-14T13:15:06.703+0800][7779][gc,phases   ] GC(16) Concurrent Destroy Detached Pages 0.003ms
[2019-02-14T13:15:06.704+0800][7779][gc,phases   ] GC(16) Concurrent Select Relocation Set 1.114ms
[2019-02-14T13:15:06.705+0800][7779][gc,phases   ] GC(16) Concurrent Prepare Relocation Set 0.321ms
[2019-02-14T13:15:06.705+0800][7786][gc,phases   ] GC(16) Pause Relocate Start 0.056ms
[2019-02-14T13:15:06.708+0800][7779][gc,phases   ] GC(16) Concurrent Relocate 2.828ms
[2019-02-14T13:15:06.708+0800][7779][gc,load     ] GC(16) Load: 0.08/0.03/0.05
[2019-02-14T13:15:06.708+0800][7779][gc,mmu      ] GC(16) MMU: 2ms/20.8%, 5ms/68.3%, 10ms/83.4%, 20ms/91.7%, 50ms/96.5%, 100ms/97.6%
[2019-02-14T13:15:06.708+0800][7779][gc,marking  ] GC(16) Mark: 4 stripe(s), 10 proactive flush(es), 1 terminate flush(es), 0 completion(s), 0 continuation(s) 
[2019-02-14T13:15:06.708+0800][7779][gc,reloc    ] GC(16) Relocation: Successful, 41M relocated
[2019-02-14T13:15:06.708+0800][7779][gc,nmethod  ] GC(16) NMethods: 39 registered, 0 unregistered
[2019-02-14T13:15:06.708+0800][7779][gc,metaspace] GC(16) Metaspace: 4M used, 4M capacity, 5M committed, 8M reserved
[2019-02-14T13:15:06.708+0800][7779][gc,ref      ] GC(16) Soft: 106 encountered, 0 discovered, 0 enqueued
[2019-02-14T13:15:06.708+0800][7779][gc,ref      ] GC(16) Weak: 169 encountered, 129 discovered, 0 enqueued
[2019-02-14T13:15:06.708+0800][7779][gc,ref      ] GC(16) Final: 0 encountered, 0 discovered, 0 enqueued
[2019-02-14T13:15:06.708+0800][7779][gc,ref      ] GC(16) Phantom: 1 encountered, 1 discovered, 0 enqueued
[2019-02-14T13:15:06.708+0800][7779][gc,heap     ] GC(16)                Mark Start          Mark End        Relocate Start      Relocate End           High               Low         
[2019-02-14T13:15:06.708+0800][7779][gc,heap     ] GC(16)  Capacity:     1024M (100%)       1024M (100%)       1024M (100%)       1024M (100%)       1024M (100%)       1024M (100%)   
[2019-02-14T13:15:06.708+0800][7779][gc,heap     ] GC(16)   Reserve:       42M (4%)           42M (4%)           42M (4%)           42M (4%)           42M (4%)           42M (4%)     
[2019-02-14T13:15:06.708+0800][7779][gc,heap     ] GC(16)      Free:      184M (18%)         184M (18%)         724M (71%)         722M (71%)         724M (71%)         184M (18%)    
[2019-02-14T13:15:06.708+0800][7779][gc,heap     ] GC(16)      Used:      798M (78%)         798M (78%)         258M (25%)         260M (25%)         798M (78%)         258M (25%)    
[2019-02-14T13:15:06.708+0800][7779][gc,heap     ] GC(16)      Live:         -               216M (21%)         216M (21%)         216M (21%)            -                  -          
[2019-02-14T13:15:06.708+0800][7779][gc,heap     ] GC(16) Allocated:         -                 0M (0%)            0M (0%)           10M (1%)             -                  -          
[2019-02-14T13:15:06.708+0800][7779][gc,heap     ] GC(16)   Garbage:         -               581M (57%)          41M (4%)           43M (4%)             -                  -          
[2019-02-14T13:15:06.708+0800][7779][gc,heap     ] GC(16) Reclaimed:         -                  -               540M (53%)         538M (53%)            -                  -          
[2019-02-14T13:15:06.708+0800][7779][gc          ] GC(16) Garbage Collection (System.gc()) 798M(78%)->260M(25%)
[2019-02-14T13:15:06.736+0800][7779][gc,start    ] GC(17) Garbage Collection (Allocation Rate)
[2019-02-14T13:15:06.736+0800][7786][gc,phases   ] GC(17) Pause Mark Start 0.050ms
[2019-02-14T13:15:06.813+0800][7779][gc,phases   ] GC(17) Concurrent Mark 76.781ms
[2019-02-14T13:15:06.813+0800][7786][gc,phases   ] GC(17) Pause Mark End 0.069ms
[2019-02-14T13:15:06.814+0800][7779][gc,phases   ] GC(17) Concurrent Process Non-Strong References 0.151ms
[2019-02-14T13:15:06.814+0800][7779][gc,phases   ] GC(17) Concurrent Reset Relocation Set 0.002ms
[2019-02-14T13:15:06.814+0800][7779][gc,phases   ] GC(17) Concurrent Destroy Detached Pages 0.001ms
[2019-02-14T13:15:06.815+0800][7779][gc,phases   ] GC(17) Concurrent Select Relocation Set 1.102ms
[2019-02-14T13:15:06.815+0800][7779][gc,phases   ] GC(17) Concurrent Prepare Relocation Set 0.119ms
[2019-02-14T13:15:06.815+0800][7776][gc,heap     ] GC(17) Page Cache Flushed: 2M requested, 10M(716M->706M) flushed
[2019-02-14T13:15:06.816+0800][7786][gc,phases   ] GC(17) Pause Relocate Start 0.990ms
[2019-02-14T13:15:06.819+0800][7779][gc,phases   ] GC(17) Concurrent Relocate 2.685ms
[2019-02-14T13:15:06.819+0800][7779][gc,load     ] GC(17) Load: 0.08/0.03/0.05
[2019-02-14T13:15:06.819+0800][7779][gc,mmu      ] GC(17) MMU: 2ms/20.8%, 5ms/68.3%, 10ms/83.4%, 20ms/91.7%, 50ms/96.5%, 100ms/97.6%
[2019-02-14T13:15:06.819+0800][7779][gc,marking  ] GC(17) Mark: 1 stripe(s), 1 proactive flush(es), 1 terminate flush(es), 0 completion(s), 0 continuation(s) 
[2019-02-14T13:15:06.819+0800][7779][gc,reloc    ] GC(17) Relocation: Successful, 41M relocated
[2019-02-14T13:15:06.819+0800][7779][gc,nmethod  ] GC(17) NMethods: 39 registered, 0 unregistered
[2019-02-14T13:15:06.819+0800][7779][gc,metaspace] GC(17) Metaspace: 4M used, 4M capacity, 5M committed, 8M reserved
[2019-02-14T13:15:06.819+0800][7779][gc,ref      ] GC(17) Soft: 106 encountered, 0 discovered, 0 enqueued
[2019-02-14T13:15:06.819+0800][7779][gc,ref      ] GC(17) Weak: 169 encountered, 162 discovered, 0 enqueued
[2019-02-14T13:15:06.819+0800][7779][gc,ref      ] GC(17) Final: 0 encountered, 0 discovered, 0 enqueued
[2019-02-14T13:15:06.819+0800][7779][gc,ref      ] GC(17) Phantom: 1 encountered, 1 discovered, 0 enqueued
[2019-02-14T13:15:06.819+0800][7779][gc,heap     ] GC(17)                Mark Start          Mark End        Relocate Start      Relocate End           High               Low         
[2019-02-14T13:15:06.819+0800][7779][gc,heap     ] GC(17)  Capacity:     1024M (100%)       1024M (100%)       1024M (100%)       1024M (100%)       1024M (100%)       1024M (100%)   
[2019-02-14T13:15:06.819+0800][7779][gc,heap     ] GC(17)   Reserve:       42M (4%)           42M (4%)           42M (4%)           42M (4%)           42M (4%)           42M (4%)     
[2019-02-14T13:15:06.819+0800][7779][gc,heap     ] GC(17)      Free:      722M (71%)         712M (70%)         678M (66%)         678M (66%)         722M (71%)         668M (65%)    
[2019-02-14T13:15:06.819+0800][7779][gc,heap     ] GC(17)      Used:      260M (25%)         270M (26%)         304M (30%)         304M (30%)         314M (31%)         260M (25%)    
[2019-02-14T13:15:06.819+0800][7779][gc,heap     ] GC(17)      Live:         -               216M (21%)         216M (21%)         216M (21%)            -                  -          
[2019-02-14T13:15:06.819+0800][7779][gc,heap     ] GC(17) Allocated:         -                10M (1%)           44M (4%)           54M (5%)             -                  -          
[2019-02-14T13:15:06.819+0800][7779][gc,heap     ] GC(17)   Garbage:         -                43M (4%)           43M (4%)           43M (4%)             -                  -          
[2019-02-14T13:15:06.819+0800][7779][gc,heap     ] GC(17) Reclaimed:         -                  -                 0M (0%)            0M (0%)             -                  -          
[2019-02-14T13:15:06.819+0800][7779][gc          ] GC(17) Garbage Collection (Allocation Rate) 260M(25%)->304M(30%)
[2019-02-14T13:15:06.836+0800][7779][gc,start    ] GC(18) Garbage Collection (Allocation Rate)
[2019-02-14T13:15:06.837+0800][7786][gc,phases   ] GC(18) Pause Mark Start 0.079ms
[2019-02-14T13:15:06.936+0800][7779][gc,phases   ] GC(18) Concurrent Mark 98.554ms
[2019-02-14T13:15:06.936+0800][7786][gc,phases   ] GC(18) Pause Mark End 0.068ms
[2019-02-14T13:15:06.936+0800][7779][gc,phases   ] GC(18) Concurrent Process Non-Strong References 0.109ms
[2019-02-14T13:15:06.936+0800][7779][gc,phases   ] GC(18) Concurrent Reset Relocation Set 0.002ms
[2019-02-14T13:15:06.936+0800][7779][gc,phases   ] GC(18) Concurrent Destroy Detached Pages 0.003ms
[2019-02-14T13:15:06.937+0800][7779][gc,phases   ] GC(18) Concurrent Select Relocation Set 1.121ms
[2019-02-14T13:15:06.937+0800][7772][gc          ] Allocation Stall (main) 32.947ms
[2019-02-14T13:15:06.937+0800][7779][gc,phases   ] GC(18) Concurrent Prepare Relocation Set 0.062ms
[2019-02-14T13:15:06.938+0800][7786][gc,phases   ] GC(18) Pause Relocate Start 0.055ms
[2019-02-14T13:15:06.938+0800][7777][gc,heap     ] GC(18) Page Cache Flushed: 28M requested, 30M(42M->12M) flushed
[2019-02-14T13:15:06.948+0800][7772][gc          ] Allocation Stall (main) 9.914ms
[2019-02-14T13:15:06.949+0800][7772][gc,heap     ] Page Cache Flushed: 10M requested, 32M(66M->34M) flushed
[2019-02-14T13:15:06.954+0800][7772][gc,heap     ] Page Cache Flushed: 10M requested, 32M(34M->2M) flushed
[2019-02-14T13:15:06.959+0800][7777][gc,heap     ] GC(18) Page Cache Flushed: 6M requested, 32M(34M->2M) flushed
[2019-02-14T13:15:06.962+0800][7772][gc          ] Allocation Stall (main) 3.756ms
[2019-02-14T13:15:06.970+0800][7772][gc,heap     ] Page Cache Flushed: 4M requested, 32M(40M->8M) flushed
[2019-02-14T13:15:06.973+0800][7779][gc,phases   ] GC(18) Concurrent Relocate 34.686ms
[2019-02-14T13:15:06.973+0800][7779][gc,load     ] GC(18) Load: 0.08/0.03/0.05
[2019-02-14T13:15:06.973+0800][7779][gc,mmu      ] GC(18) MMU: 2ms/20.8%, 5ms/68.3%, 10ms/83.4%, 20ms/91.7%, 50ms/96.5%, 100ms/97.6%
[2019-02-14T13:15:06.973+0800][7779][gc,marking  ] GC(18) Mark: 1 stripe(s), 1 proactive flush(es), 1 terminate flush(es), 0 completion(s), 0 continuation(s) 
[2019-02-14T13:15:06.973+0800][7779][gc,reloc    ] GC(18) Relocation: Successful, 82M relocated
[2019-02-14T13:15:06.973+0800][7779][gc,nmethod  ] GC(18) NMethods: 39 registered, 0 unregistered
[2019-02-14T13:15:06.973+0800][7779][gc,metaspace] GC(18) Metaspace: 4M used, 4M capacity, 5M committed, 8M reserved
[2019-02-14T13:15:06.973+0800][7779][gc,ref      ] GC(18) Soft: 106 encountered, 0 discovered, 0 enqueued
[2019-02-14T13:15:06.973+0800][7779][gc,ref      ] GC(18) Weak: 169 encountered, 162 discovered, 0 enqueued
[2019-02-14T13:15:06.973+0800][7779][gc,ref      ] GC(18) Final: 0 encountered, 0 discovered, 0 enqueued
[2019-02-14T13:15:06.973+0800][7779][gc,ref      ] GC(18) Phantom: 1 encountered, 1 discovered, 0 enqueued
[2019-02-14T13:15:06.973+0800][7779][gc,heap     ] GC(18)                Mark Start          Mark End        Relocate Start      Relocate End           High               Low         
[2019-02-14T13:15:06.973+0800][7779][gc,heap     ] GC(18)  Capacity:     1024M (100%)       1024M (100%)       1024M (100%)       1024M (100%)       1024M (100%)       1024M (100%)   
[2019-02-14T13:15:06.973+0800][7779][gc,heap     ] GC(18)   Reserve:       42M (4%)           42M (4%)           42M (4%)           42M (4%)           42M (4%)           14M (1%)     
[2019-02-14T13:15:06.973+0800][7779][gc,heap     ] GC(18)      Free:      562M (55%)           2M (0%)           14M (1%)           38M (4%)          562M (55%)           0M (0%)     
[2019-02-14T13:15:06.973+0800][7779][gc,heap     ] GC(18)      Used:      420M (41%)         980M (96%)         968M (95%)         944M (92%)        1010M (99%)         420M (41%)    
[2019-02-14T13:15:06.973+0800][7779][gc,heap     ] GC(18)      Live:         -               267M (26%)         267M (26%)         267M (26%)            -                  -          
[2019-02-14T13:15:06.973+0800][7779][gc,heap     ] GC(18) Allocated:         -               560M (55%)         570M (56%)         746M (73%)            -                  -          
[2019-02-14T13:15:06.973+0800][7779][gc,heap     ] GC(18)   Garbage:         -               152M (15%)         130M (13%)          36M (4%)             -                  -          
[2019-02-14T13:15:06.973+0800][7779][gc,heap     ] GC(18) Reclaimed:         -                  -                22M (2%)          116M (11%)            -                  -          
[2019-02-14T13:15:06.973+0800][7779][gc          ] GC(18) Garbage Collection (Allocation Rate) 420M(41%)->944M(92%)
[2019-02-14T13:15:06.979+0800][7772][gc,heap     ] Page Cache Flushed: 2M requested, 2M(10M->8M) flushed
[2019-02-14T13:15:06.982+0800][7779][gc,start    ] GC(19) Garbage Collection (Allocation Stall)
[2019-02-14T13:15:06.982+0800][7786][gc,ref      ] GC(19) Clearing All Soft References
[2019-02-14T13:15:06.982+0800][7786][gc,phases   ] GC(19) Pause Mark Start 0.088ms
[2019-02-14T13:15:07.035+0800][7779][gc,phases   ] GC(19) Concurrent Mark 52.508ms
[2019-02-14T13:15:07.035+0800][7786][gc,phases   ] GC(19) Pause Mark End 0.094ms
[2019-02-14T13:15:07.035+0800][7779][gc,phases   ] GC(19) Concurrent Process Non-Strong References 0.087ms
[2019-02-14T13:15:07.035+0800][7779][gc,phases   ] GC(19) Concurrent Reset Relocation Set 0.007ms
[2019-02-14T13:15:07.035+0800][7779][gc,phases   ] GC(19) Concurrent Destroy Detached Pages 0.009ms
[2019-02-14T13:15:07.035+0800][7772][gc          ] Allocation Stall (main) 53.180ms
[2019-02-14T13:15:07.036+0800][7779][gc,phases   ] GC(19) Concurrent Select Relocation Set 1.504ms
[2019-02-14T13:15:07.037+0800][7779][gc,phases   ] GC(19) Concurrent Prepare Relocation Set 0.104ms
[2019-02-14T13:15:07.037+0800][7786][gc,phases   ] GC(19) Pause Relocate Start 0.122ms
[2019-02-14T13:15:07.039+0800][7779][gc,phases   ] GC(19) Concurrent Relocate 1.967ms
[2019-02-14T13:15:07.039+0800][7779][gc,load     ] GC(19) Load: 0.08/0.03/0.05
[2019-02-14T13:15:07.039+0800][7779][gc,mmu      ] GC(19) MMU: 2ms/20.8%, 5ms/68.3%, 10ms/83.4%, 20ms/91.7%, 50ms/96.5%, 100ms/97.6%
[2019-02-14T13:15:07.039+0800][7779][gc,marking  ] GC(19) Mark: 4 stripe(s), 10 proactive flush(es), 1 terminate flush(es), 0 completion(s), 0 continuation(s) 
[2019-02-14T13:15:07.039+0800][7779][gc,reloc    ] GC(19) Relocation: Successful, 20M relocated
[2019-02-14T13:15:07.039+0800][7779][gc,nmethod  ] GC(19) NMethods: 39 registered, 0 unregistered
[2019-02-14T13:15:07.039+0800][7779][gc,metaspace] GC(19) Metaspace: 4M used, 4M capacity, 5M committed, 8M reserved
[2019-02-14T13:15:07.039+0800][7779][gc,ref      ] GC(19) Soft: 101 encountered, 44 discovered, 13 enqueued
[2019-02-14T13:15:07.039+0800][7779][gc,ref      ] GC(19) Weak: 169 encountered, 25 discovered, 1 enqueued
[2019-02-14T13:15:07.039+0800][7779][gc,ref      ] GC(19) Final: 0 encountered, 0 discovered, 0 enqueued
[2019-02-14T13:15:07.039+0800][7779][gc,ref      ] GC(19) Phantom: 1 encountered, 1 discovered, 0 enqueued
[2019-02-14T13:15:07.039+0800][7779][gc,heap     ] GC(19)                Mark Start          Mark End        Relocate Start      Relocate End           High               Low         
[2019-02-14T13:15:07.039+0800][7779][gc,heap     ] GC(19)  Capacity:     1024M (100%)       1024M (100%)       1024M (100%)       1024M (100%)       1024M (100%)       1024M (100%)   
[2019-02-14T13:15:07.039+0800][7779][gc,heap     ] GC(19)   Reserve:       42M (4%)           42M (4%)           42M (4%)           42M (4%)           42M (4%)           42M (4%)     
[2019-02-14T13:15:07.039+0800][7779][gc,heap     ] GC(19)      Free:        8M (1%)            8M (1%)          658M (64%)         628M (61%)         658M (64%)           8M (1%)     
[2019-02-14T13:15:07.039+0800][7779][gc,heap     ] GC(19)      Used:      974M (95%)         974M (95%)         324M (32%)         354M (35%)         974M (95%)         324M (32%)    
[2019-02-14T13:15:07.039+0800][7779][gc,heap     ] GC(19)      Live:         -               267M (26%)         267M (26%)         267M (26%)            -                  -          
[2019-02-14T13:15:07.039+0800][7779][gc,heap     ] GC(19) Allocated:         -                 0M (0%)           20M (2%)           60M (6%)             -                  -          
[2019-02-14T13:15:07.039+0800][7779][gc,heap     ] GC(19)   Garbage:         -               706M (69%)          36M (4%)           36M (4%)             -                  -          
[2019-02-14T13:15:07.039+0800][7779][gc,heap     ] GC(19) Reclaimed:         -                  -               670M (65%)         670M (65%)            -                  -          
[2019-02-14T13:15:07.039+0800][7779][gc          ] GC(19) Garbage Collection (Allocation Stall) 974M(95%)->354M(35%)
[2019-02-14T13:15:07.065+0800][7779][gc,start    ] GC(20) Garbage Collection (System.gc())
[2019-02-14T13:15:07.065+0800][7786][gc,phases   ] GC(20) Pause Mark Start 0.085ms
[2019-02-14T13:15:07.125+0800][7779][gc,phases   ] GC(20) Concurrent Mark 59.713ms
[2019-02-14T13:15:07.125+0800][7786][gc,phases   ] GC(20) Pause Mark End 0.086ms
[2019-02-14T13:15:07.125+0800][7779][gc,phases   ] GC(20) Concurrent Process Non-Strong References 0.077ms
[2019-02-14T13:15:07.125+0800][7779][gc,phases   ] GC(20) Concurrent Reset Relocation Set 0.004ms
[2019-02-14T13:15:07.125+0800][7779][gc,phases   ] GC(20) Concurrent Destroy Detached Pages 0.001ms
[2019-02-14T13:15:07.127+0800][7779][gc,phases   ] GC(20) Concurrent Select Relocation Set 1.422ms
[2019-02-14T13:15:07.127+0800][7779][gc,phases   ] GC(20) Concurrent Prepare Relocation Set 0.099ms
[2019-02-14T13:15:07.127+0800][7786][gc,phases   ] GC(20) Pause Relocate Start 0.064ms
[2019-02-14T13:15:07.129+0800][7779][gc,phases   ] GC(20) Concurrent Relocate 1.813ms
[2019-02-14T13:15:07.129+0800][7779][gc,load     ] GC(20) Load: 0.08/0.03/0.05
[2019-02-14T13:15:07.129+0800][7779][gc,mmu      ] GC(20) MMU: 2ms/20.8%, 5ms/68.3%, 10ms/83.4%, 20ms/91.7%, 50ms/96.5%, 100ms/97.6%
[2019-02-14T13:15:07.129+0800][7779][gc,marking  ] GC(20) Mark: 4 stripe(s), 10 proactive flush(es), 1 terminate flush(es), 0 completion(s), 0 continuation(s) 
[2019-02-14T13:15:07.129+0800][7779][gc,reloc    ] GC(20) Relocation: Successful, 20M relocated
[2019-02-14T13:15:07.129+0800][7779][gc,nmethod  ] GC(20) NMethods: 39 registered, 0 unregistered
[2019-02-14T13:15:07.129+0800][7779][gc,metaspace] GC(20) Metaspace: 4M used, 4M capacity, 5M committed, 8M reserved
[2019-02-14T13:15:07.129+0800][7779][gc,ref      ] GC(20) Soft: 88 encountered, 0 discovered, 0 enqueued
[2019-02-14T13:15:07.129+0800][7779][gc,ref      ] GC(20) Weak: 168 encountered, 18 discovered, 0 enqueued
[2019-02-14T13:15:07.129+0800][7779][gc,ref      ] GC(20) Final: 0 encountered, 0 discovered, 0 enqueued
[2019-02-14T13:15:07.129+0800][7779][gc,ref      ] GC(20) Phantom: 1 encountered, 1 discovered, 0 enqueued
[2019-02-14T13:15:07.129+0800][7779][gc,heap     ] GC(20)                Mark Start          Mark End        Relocate Start      Relocate End           High               Low         
[2019-02-14T13:15:07.129+0800][7779][gc,heap     ] GC(20)  Capacity:     1024M (100%)       1024M (100%)       1024M (100%)       1024M (100%)       1024M (100%)       1024M (100%)   
[2019-02-14T13:15:07.129+0800][7779][gc,heap     ] GC(20)   Reserve:       42M (4%)           42M (4%)           42M (4%)           42M (4%)           42M (4%)           42M (4%)     
[2019-02-14T13:15:07.129+0800][7779][gc,heap     ] GC(20)      Free:      368M (36%)         368M (36%)         678M (66%)         678M (66%)         678M (66%)         368M (36%)    
[2019-02-14T13:15:07.129+0800][7779][gc,heap     ] GC(20)      Used:      614M (60%)         614M (60%)         304M (30%)         304M (30%)         614M (60%)         304M (30%)    
[2019-02-14T13:15:07.129+0800][7779][gc,heap     ] GC(20)      Live:         -               267M (26%)         267M (26%)         267M (26%)            -                  -          
[2019-02-14T13:15:07.129+0800][7779][gc,heap     ] GC(20) Allocated:         -                 0M (0%)            0M (0%)           10M (1%)             -                  -          
[2019-02-14T13:15:07.129+0800][7779][gc,heap     ] GC(20)   Garbage:         -               346M (34%)          36M (4%)           36M (4%)             -                  -          
[2019-02-14T13:15:07.129+0800][7779][gc,heap     ] GC(20) Reclaimed:         -                  -               310M (30%)         310M (30%)            -                  -          
[2019-02-14T13:15:07.129+0800][7779][gc          ] GC(20) Garbage Collection (System.gc()) 614M(60%)->304M(30%)
[2019-02-14T13:15:07.136+0800][7779][gc,start    ] GC(21) Garbage Collection (Allocation Rate)
[2019-02-14T13:15:07.136+0800][7786][gc,phases   ] GC(21) Pause Mark Start 0.069ms
[2019-02-14T13:15:07.229+0800][7779][gc,phases   ] GC(21) Concurrent Mark 93.029ms
[2019-02-14T13:15:07.229+0800][7786][gc,phases   ] GC(21) Pause Mark End 0.070ms
[2019-02-14T13:15:07.229+0800][7779][gc,phases   ] GC(21) Concurrent Process Non-Strong References 0.108ms
[2019-02-14T13:15:07.229+0800][7779][gc,phases   ] GC(21) Concurrent Reset Relocation Set 0.002ms
[2019-02-14T13:15:07.229+0800][7779][gc,phases   ] GC(21) Concurrent Destroy Detached Pages 0.001ms
[2019-02-14T13:15:07.230+0800][7779][gc,phases   ] GC(21) Concurrent Select Relocation Set 1.147ms
[2019-02-14T13:15:07.230+0800][7779][gc,phases   ] GC(21) Concurrent Prepare Relocation Set 0.048ms
[2019-02-14T13:15:07.230+0800][7786][gc,phases   ] GC(21) Pause Relocate Start 0.124ms
[2019-02-14T13:15:07.232+0800][7779][gc,phases   ] GC(21) Concurrent Relocate 1.419ms
[2019-02-14T13:15:07.232+0800][7779][gc,load     ] GC(21) Load: 0.08/0.03/0.05
[2019-02-14T13:15:07.232+0800][7779][gc,mmu      ] GC(21) MMU: 2ms/20.8%, 5ms/68.3%, 10ms/83.4%, 20ms/91.7%, 50ms/96.5%, 100ms/97.6%
[2019-02-14T13:15:07.232+0800][7779][gc,marking  ] GC(21) Mark: 1 stripe(s), 1 proactive flush(es), 1 terminate flush(es), 0 completion(s), 0 continuation(s) 
[2019-02-14T13:15:07.232+0800][7779][gc,reloc    ] GC(21) Relocation: Successful, 20M relocated
[2019-02-14T13:15:07.232+0800][7779][gc,nmethod  ] GC(21) NMethods: 39 registered, 0 unregistered
[2019-02-14T13:15:07.232+0800][7779][gc,metaspace] GC(21) Metaspace: 4M used, 4M capacity, 5M committed, 8M reserved
[2019-02-14T13:15:07.232+0800][7779][gc,ref      ] GC(21) Soft: 88 encountered, 0 discovered, 0 enqueued
[2019-02-14T13:15:07.232+0800][7779][gc,ref      ] GC(21) Weak: 168 encountered, 121 discovered, 0 enqueued
[2019-02-14T13:15:07.232+0800][7779][gc,ref      ] GC(21) Final: 0 encountered, 0 discovered, 0 enqueued
[2019-02-14T13:15:07.232+0800][7779][gc,ref      ] GC(21) Phantom: 1 encountered, 1 discovered, 0 enqueued
[2019-02-14T13:15:07.232+0800][7779][gc,heap     ] GC(21)                Mark Start          Mark End        Relocate Start      Relocate End           High               Low         
[2019-02-14T13:15:07.232+0800][7779][gc,heap     ] GC(21)  Capacity:     1024M (100%)       1024M (100%)       1024M (100%)       1024M (100%)       1024M (100%)       1024M (100%)   
[2019-02-14T13:15:07.232+0800][7779][gc,heap     ] GC(21)   Reserve:       42M (4%)           42M (4%)           42M (4%)           42M (4%)           42M (4%)           42M (4%)     
[2019-02-14T13:15:07.232+0800][7779][gc,heap     ] GC(21)      Free:      678M (66%)         678M (66%)         674M (66%)         672M (66%)         678M (66%)         664M (65%)    
[2019-02-14T13:15:07.232+0800][7779][gc,heap     ] GC(21)      Used:      304M (30%)         304M (30%)         308M (30%)         310M (30%)         318M (31%)         304M (30%)    
[2019-02-14T13:15:07.232+0800][7779][gc,heap     ] GC(21)      Live:         -               267M (26%)         267M (26%)         267M (26%)            -                  -          
[2019-02-14T13:15:07.232+0800][7779][gc,heap     ] GC(21) Allocated:         -                 0M (0%)            4M (0%)           16M (2%)             -                  -          
[2019-02-14T13:15:07.232+0800][7779][gc,heap     ] GC(21)   Garbage:         -                36M (4%)           36M (4%)           36M (4%)             -                  -          
[2019-02-14T13:15:07.232+0800][7779][gc,heap     ] GC(21) Reclaimed:         -                  -                 0M (0%)            0M (0%)             -                  -          
[2019-02-14T13:15:07.232+0800][7779][gc          ] GC(21) Garbage Collection (Allocation Rate) 304M(30%)->310M(30%)
[2019-02-14T13:15:07.235+0800][7772][gc,heap     ] Page Cache Flushed: 32M requested, 40M(672M->632M) flushed
[2019-02-14T13:15:07.236+0800][7779][gc,start    ] GC(22) Garbage Collection (Allocation Rate)
[2019-02-14T13:15:07.239+0800][7786][gc,phases   ] GC(22) Pause Mark Start 0.057ms
[2019-02-14T13:15:07.239+0800][7772][gc,heap     ] Page Cache Flushed: 30M requested, 30M(632M->602M) flushed
[2019-02-14T13:15:07.251+0800][7772][gc,heap     ] Page Cache Flushed: 32M requested, 40M(600M->560M) flushed
[2019-02-14T13:15:07.262+0800][7772][gc,heap     ] Page Cache Flushed: 24M requested, 30M(560M->530M) flushed
[2019-02-14T13:15:07.272+0800][7772][gc,heap     ] Page Cache Flushed: 26M requested, 30M(530M->500M) flushed
[2019-02-14T13:15:07.357+0800][7779][gc,phases   ] GC(22) Concurrent Mark 118.545ms
[2019-02-14T13:15:07.358+0800][7786][gc,phases   ] GC(22) Pause Mark End 0.073ms
[2019-02-14T13:15:07.358+0800][7779][gc,phases   ] GC(22) Concurrent Process Non-Strong References 0.141ms
[2019-02-14T13:15:07.358+0800][7779][gc,phases   ] GC(22) Concurrent Reset Relocation Set 0.002ms
[2019-02-14T13:15:07.358+0800][7779][gc,phases   ] GC(22) Concurrent Destroy Detached Pages 0.008ms
[2019-02-14T13:15:07.359+0800][7779][gc,phases   ] GC(22) Concurrent Select Relocation Set 1.090ms
[2019-02-14T13:15:07.359+0800][7779][gc,phases   ] GC(22) Concurrent Prepare Relocation Set 0.113ms
[2019-02-14T13:15:07.359+0800][7786][gc,phases   ] GC(22) Pause Relocate Start 0.214ms
[2019-02-14T13:15:07.360+0800][7773][gc,heap     ] GC(22) Page Cache Flushed: 10M requested, 32M(32M->0M) flushed
[2019-02-14T13:15:07.360+0800][7772][gc          ] Allocation Stall (main) 26.083ms
[2019-02-14T13:15:07.368+0800][7773][gc,heap     ] GC(22) Page Cache Flushed: 10M requested, 32M(32M->0M) flushed
[2019-02-14T13:15:07.370+0800][7772][gc          ] Allocation Stall (main) 7.069ms
[2019-02-14T13:15:07.372+0800][7772][gc,heap     ] Page Cache Flushed: 2M requested, 2M(8M->6M) flushed
[2019-02-14T13:15:07.374+0800][7779][gc,phases   ] GC(22) Concurrent Relocate 14.752ms
[2019-02-14T13:15:07.374+0800][7779][gc,load     ] GC(22) Load: 0.08/0.03/0.05
[2019-02-14T13:15:07.374+0800][7779][gc,mmu      ] GC(22) MMU: 2ms/20.8%, 5ms/68.3%, 10ms/83.4%, 20ms/91.7%, 50ms/96.5%, 100ms/97.6%
[2019-02-14T13:15:07.374+0800][7779][gc,marking  ] GC(22) Mark: 1 stripe(s), 1 proactive flush(es), 1 terminate flush(es), 0 completion(s), 0 continuation(s) 
[2019-02-14T13:15:07.374+0800][7779][gc,reloc    ] GC(22) Relocation: Successful, 22M relocated
[2019-02-14T13:15:07.374+0800][7779][gc,nmethod  ] GC(22) NMethods: 39 registered, 0 unregistered
[2019-02-14T13:15:07.374+0800][7779][gc,metaspace] GC(22) Metaspace: 4M used, 4M capacity, 5M committed, 8M reserved
[2019-02-14T13:15:07.374+0800][7779][gc,ref      ] GC(22) Soft: 88 encountered, 0 discovered, 0 enqueued
[2019-02-14T13:15:07.374+0800][7779][gc,ref      ] GC(22) Weak: 168 encountered, 161 discovered, 0 enqueued
[2019-02-14T13:15:07.374+0800][7779][gc,ref      ] GC(22) Final: 0 encountered, 0 discovered, 0 enqueued
[2019-02-14T13:15:07.374+0800][7779][gc,ref      ] GC(22) Phantom: 1 encountered, 1 discovered, 0 enqueued
[2019-02-14T13:15:07.374+0800][7779][gc,heap     ] GC(22)                Mark Start          Mark End        Relocate Start      Relocate End           High               Low         
[2019-02-14T13:15:07.374+0800][7779][gc,heap     ] GC(22)  Capacity:     1024M (100%)       1024M (100%)       1024M (100%)       1024M (100%)       1024M (100%)       1024M (100%)   
[2019-02-14T13:15:07.374+0800][7779][gc,heap     ] GC(22)   Reserve:       42M (4%)           42M (4%)           42M (4%)           42M (4%)           42M (4%)           28M (3%)     
[2019-02-14T13:15:07.374+0800][7779][gc,heap     ] GC(22)      Free:      634M (62%)           4M (0%)            6M (1%)            8M (1%)          634M (62%)           0M (0%)     
[2019-02-14T13:15:07.374+0800][7779][gc,heap     ] GC(22)      Used:      348M (34%)         978M (96%)         976M (95%)         974M (95%)         996M (97%)         348M (34%)    
[2019-02-14T13:15:07.374+0800][7779][gc,heap     ] GC(22)      Live:         -               277M (27%)         277M (27%)         277M (27%)            -                  -          
[2019-02-14T13:15:07.374+0800][7779][gc,heap     ] GC(22) Allocated:         -               630M (62%)         630M (62%)         702M (69%)            -                  -          
[2019-02-14T13:15:07.374+0800][7779][gc,heap     ] GC(22)   Garbage:         -                70M (7%)           68M (7%)           36M (4%)             -                  -          
[2019-02-14T13:15:07.374+0800][7779][gc,heap     ] GC(22) Reclaimed:         -                  -                 2M (0%)           34M (3%)             -                  -          
[2019-02-14T13:15:07.374+0800][7779][gc          ] GC(22) Garbage Collection (Allocation Rate) 348M(34%)->974M(95%)
[2019-02-14T13:15:07.375+0800][7779][gc,start    ] GC(23) Garbage Collection (Allocation Stall)
[2019-02-14T13:15:07.375+0800][7786][gc,ref      ] GC(23) Clearing All Soft References
[2019-02-14T13:15:07.375+0800][7786][gc,phases   ] GC(23) Pause Mark Start 0.082ms
[2019-02-14T13:15:07.449+0800][7779][gc,phases   ] GC(23) Concurrent Mark 73.930ms
[2019-02-14T13:15:07.449+0800][7786][gc,phases   ] GC(23) Pause Mark End 0.065ms
[2019-02-14T13:15:07.449+0800][7779][gc,phases   ] GC(23) Concurrent Process Non-Strong References 0.090ms
[2019-02-14T13:15:07.449+0800][7779][gc,phases   ] GC(23) Concurrent Reset Relocation Set 0.003ms
[2019-02-14T13:15:07.449+0800][7779][gc,phases   ] GC(23) Concurrent Destroy Detached Pages 0.004ms
[2019-02-14T13:15:07.449+0800][7772][gc          ] Allocation Stall (main) 74.450ms
[2019-02-14T13:15:07.450+0800][7779][gc,phases   ] GC(23) Concurrent Select Relocation Set 1.171ms
[2019-02-14T13:15:07.450+0800][7779][gc,phases   ] GC(23) Concurrent Prepare Relocation Set 0.130ms
[2019-02-14T13:15:07.451+0800][7786][gc,phases   ] GC(23) Pause Relocate Start 0.071ms
[2019-02-14T13:15:07.451+0800][7776][gc,heap     ] GC(23) Page Cache Flushed: 22M requested, 30M(500M->470M) flushed
[2019-02-14T13:15:07.453+0800][7774][gc,heap     ] GC(23) Page Cache Flushed: 24M requested, 30M(480M->450M) flushed
[2019-02-14T13:15:07.455+0800][7773][gc,heap     ] GC(23) Page Cache Flushed: 26M requested, 30M(450M->420M) flushed
[2019-02-14T13:15:07.466+0800][7779][gc,phases   ] GC(23) Concurrent Relocate 14.643ms
[2019-02-14T13:15:07.466+0800][7779][gc,load     ] GC(23) Load: 0.08/0.03/0.05
[2019-02-14T13:15:07.466+0800][7779][gc,mmu      ] GC(23) MMU: 2ms/20.8%, 5ms/68.3%, 10ms/83.4%, 20ms/91.7%, 50ms/96.5%, 100ms/97.6%
[2019-02-14T13:15:07.466+0800][7779][gc,marking  ] GC(23) Mark: 4 stripe(s), 10 proactive flush(es), 1 terminate flush(es), 0 completion(s), 0 continuation(s) 
[2019-02-14T13:15:07.466+0800][7779][gc,reloc    ] GC(23) Relocation: Successful, 62M relocated
[2019-02-14T13:15:07.466+0800][7779][gc,nmethod  ] GC(23) NMethods: 39 registered, 0 unregistered
[2019-02-14T13:15:07.466+0800][7779][gc,metaspace] GC(23) Metaspace: 4M used, 4M capacity, 5M committed, 8M reserved
[2019-02-14T13:15:07.466+0800][7779][gc,ref      ] GC(23) Soft: 88 encountered, 43 discovered, 0 enqueued
[2019-02-14T13:15:07.466+0800][7779][gc,ref      ] GC(23) Weak: 168 encountered, 30 discovered, 0 enqueued
[2019-02-14T13:15:07.466+0800][7779][gc,ref      ] GC(23) Final: 0 encountered, 0 discovered, 0 enqueued
[2019-02-14T13:15:07.466+0800][7779][gc,ref      ] GC(23) Phantom: 1 encountered, 1 discovered, 0 enqueued
[2019-02-14T13:15:07.466+0800][7779][gc,heap     ] GC(23)                Mark Start          Mark End        Relocate Start      Relocate End           High               Low         
[2019-02-14T13:15:07.466+0800][7779][gc,heap     ] GC(23)  Capacity:     1024M (100%)       1024M (100%)       1024M (100%)       1024M (100%)       1024M (100%)       1024M (100%)   
[2019-02-14T13:15:07.466+0800][7779][gc,heap     ] GC(23)   Reserve:       42M (4%)           42M (4%)           42M (4%)           42M (4%)           42M (4%)           42M (4%)     
[2019-02-14T13:15:07.466+0800][7779][gc,heap     ] GC(23)      Free:        8M (1%)            8M (1%)          518M (51%)         476M (46%)         518M (51%)           8M (1%)     
[2019-02-14T13:15:07.466+0800][7779][gc,heap     ] GC(23)      Used:      974M (95%)         974M (95%)         464M (45%)         506M (49%)         974M (95%)         464M (45%)    
[2019-02-14T13:15:07.466+0800][7779][gc,heap     ] GC(23)      Live:         -               317M (31%)         317M (31%)         317M (31%)            -                  -          
[2019-02-14T13:15:07.466+0800][7779][gc,heap     ] GC(23) Allocated:         -                 0M (0%)           20M (2%)          298M (29%)            -                  -          
[2019-02-14T13:15:07.466+0800][7779][gc,heap     ] GC(23)   Garbage:         -               656M (64%)         126M (12%)         154M (15%)            -                  -          
[2019-02-14T13:15:07.466+0800][7779][gc,heap     ] GC(23) Reclaimed:         -                  -               530M (52%)         502M (49%)            -                  -          
[2019-02-14T13:15:07.466+0800][7779][gc          ] GC(23) Garbage Collection (Allocation Stall) 974M(95%)->506M(49%)
[2019-02-14T13:15:07.496+0800][7772][gc,heap     ] Page Cache Flushed: 10M requested, 32M(204M->172M) flushed
[2019-02-14T13:15:07.498+0800][7772][gc,heap     ] Page Cache Flushed: 10M requested, 32M(172M->140M) flushed
[2019-02-14T13:15:07.501+0800][7772][gc,heap     ] Page Cache Flushed: 4M requested, 32M(140M->108M) flushed
[2019-02-14T13:15:07.504+0800][7779][gc,start    ] GC(24) Garbage Collection (System.gc())
[2019-02-14T13:15:07.504+0800][7786][gc,phases   ] GC(24) Pause Mark Start 0.071ms
[2019-02-14T13:15:07.578+0800][7779][gc,phases   ] GC(24) Concurrent Mark 73.692ms
[2019-02-14T13:15:07.578+0800][7786][gc,phases   ] GC(24) Pause Mark End 0.080ms
[2019-02-14T13:15:07.578+0800][7779][gc,phases   ] GC(24) Concurrent Process Non-Strong References 0.065ms
[2019-02-14T13:15:07.578+0800][7779][gc,phases   ] GC(24) Concurrent Reset Relocation Set 0.005ms
[2019-02-14T13:15:07.578+0800][7779][gc,phases   ] GC(24) Concurrent Destroy Detached Pages 0.009ms
[2019-02-14T13:15:07.579+0800][7779][gc,phases   ] GC(24) Concurrent Select Relocation Set 1.066ms
[2019-02-14T13:15:07.580+0800][7779][gc,phases   ] GC(24) Concurrent Prepare Relocation Set 0.116ms
[2019-02-14T13:15:07.580+0800][7786][gc,phases   ] GC(24) Pause Relocate Start 0.059ms
[2019-02-14T13:15:07.583+0800][7779][gc,phases   ] GC(24) Concurrent Relocate 2.796ms
[2019-02-14T13:15:07.583+0800][7779][gc,load     ] GC(24) Load: 0.08/0.03/0.05
[2019-02-14T13:15:07.583+0800][7779][gc,mmu      ] GC(24) MMU: 2ms/20.8%, 5ms/68.3%, 10ms/83.4%, 20ms/91.7%, 50ms/96.5%, 100ms/97.6%
[2019-02-14T13:15:07.583+0800][7779][gc,marking  ] GC(24) Mark: 4 stripe(s), 10 proactive flush(es), 1 terminate flush(es), 0 completion(s), 0 continuation(s) 
[2019-02-14T13:15:07.583+0800][7779][gc,reloc    ] GC(24) Relocation: Successful, 31M relocated
[2019-02-14T13:15:07.583+0800][7779][gc,nmethod  ] GC(24) NMethods: 39 registered, 0 unregistered
[2019-02-14T13:15:07.583+0800][7779][gc,metaspace] GC(24) Metaspace: 4M used, 4M capacity, 5M committed, 8M reserved
[2019-02-14T13:15:07.583+0800][7779][gc,ref      ] GC(24) Soft: 88 encountered, 0 discovered, 0 enqueued
[2019-02-14T13:15:07.583+0800][7779][gc,ref      ] GC(24) Weak: 168 encountered, 14 discovered, 0 enqueued
[2019-02-14T13:15:07.583+0800][7779][gc,ref      ] GC(24) Final: 0 encountered, 0 discovered, 0 enqueued
[2019-02-14T13:15:07.583+0800][7779][gc,ref      ] GC(24) Phantom: 1 encountered, 1 discovered, 0 enqueued
[2019-02-14T13:15:07.583+0800][7779][gc,heap     ] GC(24)                Mark Start          Mark End        Relocate Start      Relocate End           High               Low         
[2019-02-14T13:15:07.583+0800][7779][gc,heap     ] GC(24)  Capacity:     1024M (100%)       1024M (100%)       1024M (100%)       1024M (100%)       1024M (100%)       1024M (100%)   
[2019-02-14T13:15:07.583+0800][7779][gc,heap     ] GC(24)   Reserve:       42M (4%)           42M (4%)           42M (4%)           42M (4%)           42M (4%)           42M (4%)     
[2019-02-14T13:15:07.583+0800][7779][gc,heap     ] GC(24)      Free:      136M (13%)         136M (13%)         606M (59%)         604M (59%)         606M (59%)         136M (13%)    
[2019-02-14T13:15:07.583+0800][7779][gc,heap     ] GC(24)      Used:      846M (83%)         846M (83%)         376M (37%)         378M (37%)         846M (83%)         376M (37%)    
[2019-02-14T13:15:07.583+0800][7779][gc,heap     ] GC(24)      Live:         -               317M (31%)         317M (31%)         317M (31%)            -                  -          
[2019-02-14T13:15:07.583+0800][7779][gc,heap     ] GC(24) Allocated:         -                 0M (0%)            0M (0%)           10M (1%)             -                  -          
[2019-02-14T13:15:07.583+0800][7779][gc,heap     ] GC(24)   Garbage:         -               528M (52%)          58M (6%)           60M (6%)             -                  -          
[2019-02-14T13:15:07.583+0800][7779][gc,heap     ] GC(24) Reclaimed:         -                  -               470M (46%)         468M (46%)            -                  -          
[2019-02-14T13:15:07.583+0800][7779][gc          ] GC(24) Garbage Collection (System.gc()) 846M(83%)->378M(37%)
[2019-02-14T13:15:07.636+0800][7779][gc,start    ] GC(25) Garbage Collection (Allocation Rate)
[2019-02-14T13:15:07.636+0800][7786][gc,phases   ] GC(25) Pause Mark Start 0.068ms
[2019-02-14T13:15:07.715+0800][7772][gc,heap     ] Page Cache Flushed: 6M requested, 10M(470M->460M) flushed
[2019-02-14T13:15:07.753+0800][7779][gc,phases   ] GC(25) Concurrent Mark 116.593ms
[2019-02-14T13:15:07.755+0800][7786][gc,phases   ] GC(25) Pause Mark End 0.077ms
[2019-02-14T13:15:07.755+0800][7779][gc,phases   ] GC(25) Concurrent Process Non-Strong References 0.162ms
[2019-02-14T13:15:07.755+0800][7779][gc,phases   ] GC(25) Concurrent Reset Relocation Set 0.004ms
[2019-02-14T13:15:07.755+0800][7779][gc,phases   ] GC(25) Concurrent Destroy Detached Pages 0.003ms
[2019-02-14T13:15:07.758+0800][7779][gc,phases   ] GC(25) Concurrent Select Relocation Set 2.208ms
[2019-02-14T13:15:07.758+0800][7779][gc,phases   ] GC(25) Concurrent Prepare Relocation Set 0.154ms
[2019-02-14T13:15:07.758+0800][7786][gc,phases   ] GC(25) Pause Relocate Start 0.287ms
[2019-02-14T13:15:07.762+0800][7779][gc,phases   ] GC(25) Concurrent Relocate 3.338ms
[2019-02-14T13:15:07.762+0800][7779][gc,load     ] GC(25) Load: 0.08/0.03/0.05
[2019-02-14T13:15:07.762+0800][7779][gc,mmu      ] GC(25) MMU: 2ms/20.8%, 5ms/68.3%, 10ms/83.4%, 20ms/91.7%, 50ms/96.5%, 100ms/97.6%
[2019-02-14T13:15:07.762+0800][7779][gc,marking  ] GC(25) Mark: 1 stripe(s), 1 proactive flush(es), 1 terminate flush(es), 0 completion(s), 0 continuation(s) 
[2019-02-14T13:15:07.762+0800][7779][gc,reloc    ] GC(25) Relocation: Successful, 31M relocated
[2019-02-14T13:15:07.762+0800][7779][gc,nmethod  ] GC(25) NMethods: 39 registered, 0 unregistered
[2019-02-14T13:15:07.762+0800][7779][gc,metaspace] GC(25) Metaspace: 4M used, 4M capacity, 5M committed, 8M reserved
[2019-02-14T13:15:07.762+0800][7779][gc,ref      ] GC(25) Soft: 88 encountered, 0 discovered, 0 enqueued
[2019-02-14T13:15:07.762+0800][7779][gc,ref      ] GC(25) Weak: 168 encountered, 161 discovered, 0 enqueued
[2019-02-14T13:15:07.762+0800][7779][gc,ref      ] GC(25) Final: 0 encountered, 0 discovered, 0 enqueued
[2019-02-14T13:15:07.762+0800][7779][gc,ref      ] GC(25) Phantom: 1 encountered, 1 discovered, 0 enqueued
[2019-02-14T13:15:07.762+0800][7779][gc,heap     ] GC(25)                Mark Start          Mark End        Relocate Start      Relocate End           High               Low         
[2019-02-14T13:15:07.762+0800][7779][gc,heap     ] GC(25)  Capacity:     1024M (100%)       1024M (100%)       1024M (100%)       1024M (100%)       1024M (100%)       1024M (100%)   
[2019-02-14T13:15:07.762+0800][7779][gc,heap     ] GC(25)   Reserve:       42M (4%)           42M (4%)           42M (4%)           42M (4%)           42M (4%)           42M (4%)     
[2019-02-14T13:15:07.762+0800][7779][gc,heap     ] GC(25)      Free:      604M (59%)         294M (29%)         284M (28%)         244M (24%)         604M (59%)         242M (24%)    
[2019-02-14T13:15:07.762+0800][7779][gc,heap     ] GC(25)      Used:      378M (37%)         688M (67%)         698M (68%)         738M (72%)         740M (72%)         378M (37%)    
[2019-02-14T13:15:07.762+0800][7779][gc,heap     ] GC(25)      Live:         -               317M (31%)         317M (31%)         317M (31%)            -                  -          
[2019-02-14T13:15:07.762+0800][7779][gc,heap     ] GC(25) Allocated:         -               310M (30%)         320M (31%)         370M (36%)            -                  -          
[2019-02-14T13:15:07.762+0800][7779][gc,heap     ] GC(25)   Garbage:         -                60M (6%)           60M (6%)           60M (6%)             -                  -          
[2019-02-14T13:15:07.762+0800][7779][gc,heap     ] GC(25) Reclaimed:         -                  -                 0M (0%)            0M (0%)             -                  -          
[2019-02-14T13:15:07.762+0800][7779][gc          ] GC(25) Garbage Collection (Allocation Rate) 378M(37%)->738M(72%)
[2019-02-14T13:15:07.785+0800][7779][gc,start    ] GC(26) Garbage Collection (Allocation Stall)
[2019-02-14T13:15:07.785+0800][7786][gc,ref      ] GC(26) Clearing All Soft References
[2019-02-14T13:15:07.785+0800][7786][gc,phases   ] GC(26) Pause Mark Start 0.109ms
[2019-02-14T13:15:07.868+0800][7779][gc,phases   ] GC(26) Concurrent Mark 82.316ms
[2019-02-14T13:15:07.868+0800][7786][gc,phases   ] GC(26) Pause Mark End 0.067ms
[2019-02-14T13:15:07.868+0800][7779][gc,phases   ] GC(26) Concurrent Process Non-Strong References 0.083ms
[2019-02-14T13:15:07.868+0800][7779][gc,phases   ] GC(26) Concurrent Reset Relocation Set 0.003ms
[2019-02-14T13:15:07.868+0800][7779][gc,phases   ] GC(26) Concurrent Destroy Detached Pages 0.000ms
[2019-02-14T13:15:07.869+0800][7779][gc,phases   ] GC(26) Concurrent Select Relocation Set 1.105ms
[2019-02-14T13:15:07.869+0800][7772][gc          ] Allocation Stall (main) 84.098ms
[2019-02-14T13:15:07.870+0800][7779][gc,phases   ] GC(26) Concurrent Prepare Relocation Set 0.862ms
[2019-02-14T13:15:07.872+0800][7786][gc,phases   ] GC(26) Pause Relocate Start 0.056ms
[2019-02-14T13:15:07.872+0800][7777][gc,heap     ] GC(26) Page Cache Flushed: 28M requested, 30M(442M->412M) flushed
[2019-02-14T13:15:07.873+0800][7776][gc,heap     ] GC(26) Page Cache Flushed: 30M requested, 30M(412M->382M) flushed
[2019-02-14T13:15:07.874+0800][7775][gc,heap     ] GC(26) Page Cache Flushed: 32M requested, 40M(382M->342M) flushed
[2019-02-14T13:15:07.878+0800][7773][gc,heap     ] GC(26) Page Cache Flushed: 24M requested, 30M(342M->312M) flushed
[2019-02-14T13:15:07.889+0800][7779][gc,phases   ] GC(26) Concurrent Relocate 17.638ms
[2019-02-14T13:15:07.889+0800][7779][gc,load     ] GC(26) Load: 0.08/0.03/0.05
[2019-02-14T13:15:07.889+0800][7779][gc,mmu      ] GC(26) MMU: 2ms/20.8%, 5ms/68.3%, 10ms/83.4%, 20ms/91.7%, 50ms/96.5%, 100ms/97.6%
[2019-02-14T13:15:07.889+0800][7779][gc,marking  ] GC(26) Mark: 4 stripe(s), 10 proactive flush(es), 1 terminate flush(es), 0 completion(s), 0 continuation(s) 
[2019-02-14T13:15:07.889+0800][7779][gc,reloc    ] GC(26) Relocation: Successful, 72M relocated
[2019-02-14T13:15:07.889+0800][7779][gc,nmethod  ] GC(26) NMethods: 39 registered, 0 unregistered
[2019-02-14T13:15:07.889+0800][7779][gc,metaspace] GC(26) Metaspace: 4M used, 4M capacity, 5M committed, 8M reserved
[2019-02-14T13:15:07.889+0800][7779][gc,ref      ] GC(26) Soft: 88 encountered, 36 discovered, 0 enqueued
[2019-02-14T13:15:07.889+0800][7779][gc,ref      ] GC(26) Weak: 168 encountered, 19 discovered, 0 enqueued
[2019-02-14T13:15:07.889+0800][7779][gc,ref      ] GC(26) Final: 0 encountered, 0 discovered, 0 enqueued
[2019-02-14T13:15:07.889+0800][7779][gc,ref      ] GC(26) Phantom: 1 encountered, 1 discovered, 0 enqueued
[2019-02-14T13:15:07.890+0800][7779][gc,heap     ] GC(26)                Mark Start          Mark End        Relocate Start      Relocate End           High               Low         
[2019-02-14T13:15:07.890+0800][7779][gc,heap     ] GC(26)  Capacity:     1024M (100%)       1024M (100%)       1024M (100%)       1024M (100%)       1024M (100%)       1024M (100%)   
[2019-02-14T13:15:07.890+0800][7779][gc,heap     ] GC(26)   Reserve:       42M (4%)           42M (4%)           42M (4%)           42M (4%)           42M (4%)           42M (4%)     
[2019-02-14T13:15:07.890+0800][7779][gc,heap     ] GC(26)      Free:        4M (0%)            4M (0%)          456M (45%)         444M (43%)         456M (45%)           4M (0%)     
[2019-02-14T13:15:07.890+0800][7779][gc,heap     ] GC(26)      Used:      978M (96%)         978M (96%)         526M (51%)         538M (53%)         978M (96%)         526M (51%)    
[2019-02-14T13:15:07.890+0800][7779][gc,heap     ] GC(26)      Live:         -               368M (36%)         368M (36%)         368M (36%)            -                  -          
[2019-02-14T13:15:07.890+0800][7779][gc,heap     ] GC(26) Allocated:         -                 0M (0%)           10M (1%)          322M (31%)            -                  -          
[2019-02-14T13:15:07.890+0800][7779][gc,heap     ] GC(26)   Garbage:         -               609M (59%)         147M (14%)         177M (17%)            -                  -          
[2019-02-14T13:15:07.890+0800][7779][gc,heap     ] GC(26) Reclaimed:         -                  -               462M (45%)         432M (42%)            -                  -          
[2019-02-14T13:15:07.890+0800][7779][gc          ] GC(26) Garbage Collection (Allocation Stall) 978M(96%)->538M(53%)
[2019-02-14T13:15:07.911+0800][7772][gc,heap     ] Page Cache Flushed: 10M requested, 32M(270M->238M) flushed
[2019-02-14T13:15:07.913+0800][7772][gc,heap     ] Page Cache Flushed: 10M requested, 32M(238M->206M) flushed
[2019-02-14T13:15:07.916+0800][7772][gc,heap     ] Page Cache Flushed: 2M requested, 32M(206M->174M) flushed
[2019-02-14T13:15:07.925+0800][7772][gc,heap     ] Page Cache Flushed: 10M requested, 32M(174M->142M) flushed
[2019-02-14T13:15:07.935+0800][7772][gc,heap     ] Page Cache Flushed: 8M requested, 32M(142M->110M) flushed
[2019-02-14T13:15:07.936+0800][7779][gc,start    ] GC(27) Garbage Collection (Allocation Rate)
[2019-02-14T13:15:07.939+0800][7786][gc,phases   ] GC(27) Pause Mark Start 0.069ms
[2019-02-14T13:15:07.944+0800][7772][gc,heap     ] Page Cache Flushed: 6M requested, 32M(110M->78M) flushed
[2019-02-14T13:15:07.952+0800][7772][gc,heap     ] Page Cache Flushed: 4M requested, 32M(78M->46M) flushed
[2019-02-14T13:15:07.961+0800][7772][gc,heap     ] Page Cache Flushed: 2M requested, 32M(46M->14M) flushed
[2019-02-14T13:15:08.075+0800][7779][gc,phases   ] GC(27) Concurrent Mark 135.405ms
[2019-02-14T13:15:08.075+0800][7786][gc,phases   ] GC(27) Pause Mark End 0.067ms
[2019-02-14T13:15:08.075+0800][7779][gc,phases   ] GC(27) Concurrent Process Non-Strong References 0.123ms
[2019-02-14T13:15:08.075+0800][7779][gc,phases   ] GC(27) Concurrent Reset Relocation Set 0.182ms
[2019-02-14T13:15:08.075+0800][7779][gc,phases   ] GC(27) Concurrent Destroy Detached Pages 0.011ms
[2019-02-14T13:15:08.077+0800][7779][gc,phases   ] GC(27) Concurrent Select Relocation Set 1.134ms
[2019-02-14T13:15:08.078+0800][7779][gc,phases   ] GC(27) Concurrent Prepare Relocation Set 1.002ms
[2019-02-14T13:15:08.078+0800][7786][gc,phases   ] GC(27) Pause Relocate Start 0.063ms
[2019-02-14T13:15:08.085+0800][7779][gc,phases   ] GC(27) Concurrent Relocate 7.512ms
[2019-02-14T13:15:08.085+0800][7779][gc,load     ] GC(27) Load: 0.08/0.03/0.05
[2019-02-14T13:15:08.085+0800][7779][gc,mmu      ] GC(27) MMU: 2ms/20.8%, 5ms/68.3%, 10ms/83.4%, 20ms/91.7%, 50ms/96.5%, 100ms/97.6%
[2019-02-14T13:15:08.085+0800][7779][gc,marking  ] GC(27) Mark: 1 stripe(s), 2 proactive flush(es), 1 terminate flush(es), 0 completion(s), 0 continuation(s) 
[2019-02-14T13:15:08.085+0800][7779][gc,reloc    ] GC(27) Relocation: Successful, 41M relocated
[2019-02-14T13:15:08.085+0800][7779][gc,nmethod  ] GC(27) NMethods: 39 registered, 0 unregistered
[2019-02-14T13:15:08.085+0800][7779][gc,metaspace] GC(27) Metaspace: 4M used, 4M capacity, 5M committed, 8M reserved
[2019-02-14T13:15:08.085+0800][7779][gc,ref      ] GC(27) Soft: 88 encountered, 0 discovered, 0 enqueued
[2019-02-14T13:15:08.085+0800][7779][gc,ref      ] GC(27) Weak: 168 encountered, 108 discovered, 0 enqueued
[2019-02-14T13:15:08.085+0800][7779][gc,ref      ] GC(27) Final: 0 encountered, 0 discovered, 0 enqueued
[2019-02-14T13:15:08.085+0800][7779][gc,ref      ] GC(27) Phantom: 1 encountered, 1 discovered, 0 enqueued
[2019-02-14T13:15:08.085+0800][7779][gc,heap     ] GC(27)                Mark Start          Mark End        Relocate Start      Relocate End           High               Low         
[2019-02-14T13:15:08.085+0800][7779][gc,heap     ] GC(27)  Capacity:     1024M (100%)       1024M (100%)       1024M (100%)       1024M (100%)       1024M (100%)       1024M (100%)   
[2019-02-14T13:15:08.085+0800][7779][gc,heap     ] GC(27)   Reserve:       42M (4%)           42M (4%)           42M (4%)           42M (4%)           42M (4%)           42M (4%)     
[2019-02-14T13:15:08.085+0800][7779][gc,heap     ] GC(27)      Free:      134M (13%)          24M (2%)          454M (44%)         452M (44%)         454M (44%)          24M (2%)     
[2019-02-14T13:15:08.085+0800][7779][gc,heap     ] GC(27)      Used:      848M (83%)         958M (94%)         528M (52%)         530M (52%)         958M (94%)         528M (52%)    
[2019-02-14T13:15:08.085+0800][7779][gc,heap     ] GC(27)      Live:         -               368M (36%)         368M (36%)         368M (36%)            -                  -          
[2019-02-14T13:15:08.085+0800][7779][gc,heap     ] GC(27) Allocated:         -               110M (11%)         110M (11%)         122M (12%)            -                  -          
[2019-02-14T13:15:08.085+0800][7779][gc,heap     ] GC(27)   Garbage:         -               479M (47%)          49M (5%)           51M (5%)             -                  -          
[2019-02-14T13:15:08.085+0800][7779][gc,heap     ] GC(27) Reclaimed:         -                  -               430M (42%)         428M (42%)            -                  -          
[2019-02-14T13:15:08.085+0800][7779][gc          ] GC(27) Garbage Collection (Allocation Rate) 848M(83%)->530M(52%)
[2019-02-14T13:15:08.085+0800][7779][gc,start    ] GC(28) Garbage Collection (System.gc())
[2019-02-14T13:15:08.086+0800][7786][gc,phases   ] GC(28) Pause Mark Start 0.053ms
[2019-02-14T13:15:08.165+0800][7779][gc,phases   ] GC(28) Concurrent Mark 79.603ms
[2019-02-14T13:15:08.165+0800][7786][gc,phases   ] GC(28) Pause Mark End 0.063ms
[2019-02-14T13:15:08.166+0800][7779][gc,phases   ] GC(28) Concurrent Process Non-Strong References 0.093ms
[2019-02-14T13:15:08.166+0800][7779][gc,phases   ] GC(28) Concurrent Reset Relocation Set 0.190ms
[2019-02-14T13:15:08.166+0800][7779][gc,phases   ] GC(28) Concurrent Destroy Detached Pages 0.001ms
[2019-02-14T13:15:08.167+0800][7779][gc,phases   ] GC(28) Concurrent Select Relocation Set 1.139ms
[2019-02-14T13:15:08.167+0800][7779][gc,phases   ] GC(28) Concurrent Prepare Relocation Set 0.379ms
[2019-02-14T13:15:08.167+0800][7786][gc,phases   ] GC(28) Pause Relocate Start 0.052ms
[2019-02-14T13:15:08.171+0800][7779][gc,phases   ] GC(28) Concurrent Relocate 3.499ms
[2019-02-14T13:15:08.171+0800][7779][gc,load     ] GC(28) Load: 0.08/0.03/0.05
[2019-02-14T13:15:08.171+0800][7779][gc,mmu      ] GC(28) MMU: 2ms/20.8%, 5ms/68.3%, 10ms/83.4%, 20ms/91.7%, 50ms/96.5%, 100ms/97.6%
[2019-02-14T13:15:08.171+0800][7779][gc,marking  ] GC(28) Mark: 4 stripe(s), 10 proactive flush(es), 1 terminate flush(es), 0 completion(s), 0 continuation(s) 
[2019-02-14T13:15:08.171+0800][7779][gc,reloc    ] GC(28) Relocation: Successful, 39M relocated
[2019-02-14T13:15:08.171+0800][7779][gc,nmethod  ] GC(28) NMethods: 39 registered, 0 unregistered
[2019-02-14T13:15:08.171+0800][7779][gc,metaspace] GC(28) Metaspace: 4M used, 4M capacity, 5M committed, 8M reserved
[2019-02-14T13:15:08.171+0800][7779][gc,ref      ] GC(28) Soft: 88 encountered, 0 discovered, 0 enqueued
[2019-02-14T13:15:08.171+0800][7779][gc,ref      ] GC(28) Weak: 168 encountered, 132 discovered, 0 enqueued
[2019-02-14T13:15:08.171+0800][7779][gc,ref      ] GC(28) Final: 0 encountered, 0 discovered, 0 enqueued
[2019-02-14T13:15:08.171+0800][7779][gc,ref      ] GC(28) Phantom: 1 encountered, 1 discovered, 0 enqueued
[2019-02-14T13:15:08.171+0800][7779][gc,heap     ] GC(28)                Mark Start          Mark End        Relocate Start      Relocate End           High               Low         
[2019-02-14T13:15:08.171+0800][7779][gc,heap     ] GC(28)  Capacity:     1024M (100%)       1024M (100%)       1024M (100%)       1024M (100%)       1024M (100%)       1024M (100%)   
[2019-02-14T13:15:08.171+0800][7779][gc,heap     ] GC(28)   Reserve:       42M (4%)           42M (4%)           42M (4%)           42M (4%)           42M (4%)           42M (4%)     
[2019-02-14T13:15:08.171+0800][7779][gc,heap     ] GC(28)      Free:      452M (44%)         452M (44%)         562M (55%)         562M (55%)         562M (55%)         452M (44%)    
[2019-02-14T13:15:08.171+0800][7779][gc,heap     ] GC(28)      Used:      530M (52%)         530M (52%)         420M (41%)         420M (41%)         530M (52%)         420M (41%)    
[2019-02-14T13:15:08.171+0800][7779][gc,heap     ] GC(28)      Live:         -               368M (36%)         368M (36%)         368M (36%)            -                  -          
[2019-02-14T13:15:08.171+0800][7779][gc,heap     ] GC(28) Allocated:         -                 0M (0%)            0M (0%)           10M (1%)             -                  -          
[2019-02-14T13:15:08.171+0800][7779][gc,heap     ] GC(28)   Garbage:         -               161M (16%)          51M (5%)           51M (5%)             -                  -          
[2019-02-14T13:15:08.171+0800][7779][gc,heap     ] GC(28) Reclaimed:         -                  -               110M (11%)         110M (11%)            -                  -          
[2019-02-14T13:15:08.171+0800][7779][gc          ] GC(28) Garbage Collection (System.gc()) 530M(52%)->420M(41%)
[2019-02-14T13:15:08.236+0800][7779][gc,start    ] GC(29) Garbage Collection (Allocation Rate)
[2019-02-14T13:15:08.236+0800][7786][gc,phases   ] GC(29) Pause Mark Start 0.050ms
[2019-02-14T13:15:08.277+0800][7772][gc,heap     ] Page Cache Flushed: 22M requested, 30M(540M->510M) flushed
[2019-02-14T13:15:08.287+0800][7772][gc,heap     ] Page Cache Flushed: 24M requested, 30M(510M->480M) flushed
[2019-02-14T13:15:08.297+0800][7772][gc,heap     ] Page Cache Flushed: 26M requested, 30M(480M->450M) flushed
[2019-02-14T13:15:08.307+0800][7772][gc,heap     ] Page Cache Flushed: 28M requested, 30M(450M->420M) flushed
[2019-02-14T13:15:08.369+0800][7779][gc,phases   ] GC(29) Concurrent Mark 132.536ms
[2019-02-14T13:15:08.369+0800][7786][gc,phases   ] GC(29) Pause Mark End 0.075ms
[2019-02-14T13:15:08.369+0800][7779][gc,phases   ] GC(29) Concurrent Process Non-Strong References 0.111ms
[2019-02-14T13:15:08.369+0800][7779][gc,phases   ] GC(29) Concurrent Reset Relocation Set 0.003ms
[2019-02-14T13:15:08.369+0800][7779][gc,phases   ] GC(29) Concurrent Destroy Detached Pages 0.006ms
[2019-02-14T13:15:08.370+0800][7779][gc,phases   ] GC(29) Concurrent Select Relocation Set 1.153ms
[2019-02-14T13:15:08.370+0800][7779][gc,phases   ] GC(29) Concurrent Prepare Relocation Set 0.122ms
[2019-02-14T13:15:08.371+0800][7786][gc,phases   ] GC(29) Pause Relocate Start 0.268ms
[2019-02-14T13:15:08.374+0800][7779][gc,phases   ] GC(29) Concurrent Relocate 3.360ms
[2019-02-14T13:15:08.374+0800][7779][gc,load     ] GC(29) Load: 0.08/0.03/0.05
[2019-02-14T13:15:08.374+0800][7779][gc,mmu      ] GC(29) MMU: 2ms/20.8%, 5ms/68.3%, 10ms/83.4%, 20ms/91.7%, 50ms/96.5%, 100ms/97.6%
[2019-02-14T13:15:08.374+0800][7779][gc,marking  ] GC(29) Mark: 1 stripe(s), 1 proactive flush(es), 1 terminate flush(es), 0 completion(s), 0 continuation(s) 
[2019-02-14T13:15:08.374+0800][7779][gc,reloc    ] GC(29) Relocation: Successful, 39M relocated
[2019-02-14T13:15:08.374+0800][7779][gc,nmethod  ] GC(29) NMethods: 39 registered, 0 unregistered
[2019-02-14T13:15:08.374+0800][7779][gc,metaspace] GC(29) Metaspace: 4M used, 4M capacity, 5M committed, 8M reserved
[2019-02-14T13:15:08.374+0800][7779][gc,ref      ] GC(29) Soft: 88 encountered, 0 discovered, 0 enqueued
[2019-02-14T13:15:08.374+0800][7779][gc,ref      ] GC(29) Weak: 168 encountered, 161 discovered, 0 enqueued
[2019-02-14T13:15:08.374+0800][7779][gc,ref      ] GC(29) Final: 0 encountered, 0 discovered, 0 enqueued
[2019-02-14T13:15:08.374+0800][7779][gc,ref      ] GC(29) Phantom: 1 encountered, 1 discovered, 0 enqueued
[2019-02-14T13:15:08.374+0800][7779][gc,heap     ] GC(29)                Mark Start          Mark End        Relocate Start      Relocate End           High               Low         
[2019-02-14T13:15:08.374+0800][7779][gc,heap     ] GC(29)  Capacity:     1024M (100%)       1024M (100%)       1024M (100%)       1024M (100%)       1024M (100%)       1024M (100%)   
[2019-02-14T13:15:08.374+0800][7779][gc,heap     ] GC(29)   Reserve:       42M (4%)           42M (4%)           42M (4%)           42M (4%)           42M (4%)           34M (3%)     
[2019-02-14T13:15:08.374+0800][7779][gc,heap     ] GC(29)      Free:      562M (55%)           2M (0%)            2M (0%)            2M (0%)          562M (55%)           0M (0%)     
[2019-02-14T13:15:08.374+0800][7779][gc,heap     ] GC(29)      Used:      420M (41%)         980M (96%)         980M (96%)         980M (96%)         990M (97%)         420M (41%)    
[2019-02-14T13:15:08.374+0800][7779][gc,heap     ] GC(29)      Live:         -               368M (36%)         368M (36%)         368M (36%)            -                  -          
[2019-02-14T13:15:08.374+0800][7779][gc,heap     ] GC(29) Allocated:         -               560M (55%)         560M (55%)         570M (56%)            -                  -          
[2019-02-14T13:15:08.374+0800][7779][gc,heap     ] GC(29)   Garbage:         -                51M (5%)           51M (5%)           51M (5%)             -                  -          
[2019-02-14T13:15:08.374+0800][7779][gc,heap     ] GC(29) Reclaimed:         -                  -                 0M (0%)            0M (0%)             -                  -          
[2019-02-14T13:15:08.374+0800][7779][gc          ] GC(29) Garbage Collection (Allocation Rate) 420M(41%)->980M(96%)
[2019-02-14T13:15:08.374+0800][7779][gc,start    ] GC(30) Garbage Collection (Allocation Stall)
[2019-02-14T13:15:08.374+0800][7786][gc,ref      ] GC(30) Clearing All Soft References
[2019-02-14T13:15:08.374+0800][7786][gc,phases   ] GC(30) Pause Mark Start 0.066ms
[2019-02-14T13:15:08.461+0800][7779][gc,phases   ] GC(30) Concurrent Mark 86.755ms
[2019-02-14T13:15:08.461+0800][7786][gc,phases   ] GC(30) Pause Mark End 0.062ms
[2019-02-14T13:15:08.461+0800][7779][gc,phases   ] GC(30) Concurrent Process Non-Strong References 0.096ms
[2019-02-14T13:15:08.461+0800][7779][gc,phases   ] GC(30) Concurrent Reset Relocation Set 0.003ms
[2019-02-14T13:15:08.461+0800][7779][gc,phases   ] GC(30) Concurrent Destroy Detached Pages 0.000ms
[2019-02-14T13:15:08.462+0800][7779][gc,phases   ] GC(30) Concurrent Select Relocation Set 1.095ms
[2019-02-14T13:15:08.462+0800][7772][gc          ] Allocation Stall (main) 99.913ms
[2019-02-14T13:15:08.463+0800][7779][gc,phases   ] GC(30) Concurrent Prepare Relocation Set 0.063ms
[2019-02-14T13:15:08.465+0800][7786][gc,phases   ] GC(30) Pause Relocate Start 0.052ms
[2019-02-14T13:15:08.465+0800][7774][gc,heap     ] GC(30) Page Cache Flushed: 30M requested, 30M(402M->372M) flushed
[2019-02-14T13:15:08.466+0800][7773][gc,heap     ] GC(30) Page Cache Flushed: 32M requested, 40M(372M->332M) flushed
[2019-02-14T13:15:08.467+0800][7776][gc,heap     ] GC(30) Page Cache Flushed: 24M requested, 30M(332M->302M) flushed
[2019-02-14T13:15:08.468+0800][7777][gc,heap     ] GC(30) Page Cache Flushed: 26M requested, 30M(302M->272M) flushed
[2019-02-14T13:15:08.485+0800][7779][gc,phases   ] GC(30) Concurrent Relocate 19.955ms
[2019-02-14T13:15:08.485+0800][7779][gc,load     ] GC(30) Load: 0.08/0.03/0.05
[2019-02-14T13:15:08.485+0800][7779][gc,mmu      ] GC(30) MMU: 2ms/20.8%, 5ms/68.3%, 10ms/83.4%, 20ms/91.7%, 50ms/96.5%, 100ms/97.6%
[2019-02-14T13:15:08.485+0800][7779][gc,marking  ] GC(30) Mark: 4 stripe(s), 10 proactive flush(es), 1 terminate flush(es), 0 completion(s), 0 continuation(s) 
[2019-02-14T13:15:08.485+0800][7779][gc,reloc    ] GC(30) Relocation: Successful, 80M relocated
[2019-02-14T13:15:08.485+0800][7779][gc,nmethod  ] GC(30) NMethods: 39 registered, 0 unregistered
[2019-02-14T13:15:08.485+0800][7779][gc,metaspace] GC(30) Metaspace: 4M used, 4M capacity, 5M committed, 8M reserved
[2019-02-14T13:15:08.485+0800][7779][gc,ref      ] GC(30) Soft: 88 encountered, 38 discovered, 0 enqueued
[2019-02-14T13:15:08.485+0800][7779][gc,ref      ] GC(30) Weak: 168 encountered, 154 discovered, 0 enqueued
[2019-02-14T13:15:08.485+0800][7779][gc,ref      ] GC(30) Final: 0 encountered, 0 discovered, 0 enqueued
[2019-02-14T13:15:08.485+0800][7779][gc,ref      ] GC(30) Phantom: 1 encountered, 1 discovered, 0 enqueued
[2019-02-14T13:15:08.485+0800][7779][gc,heap     ] GC(30)                Mark Start          Mark End        Relocate Start      Relocate End           High               Low         
[2019-02-14T13:15:08.485+0800][7779][gc,heap     ] GC(30)  Capacity:     1024M (100%)       1024M (100%)       1024M (100%)       1024M (100%)       1024M (100%)       1024M (100%)   
[2019-02-14T13:15:08.485+0800][7779][gc,heap     ] GC(30)   Reserve:       42M (4%)           42M (4%)           42M (4%)           42M (4%)           42M (4%)           42M (4%)     
[2019-02-14T13:15:08.485+0800][7779][gc,heap     ] GC(30)      Free:        2M (0%)            2M (0%)          414M (40%)         348M (34%)         414M (40%)           2M (0%)     
[2019-02-14T13:15:08.485+0800][7779][gc,heap     ] GC(30)      Used:      980M (96%)         980M (96%)         568M (55%)         634M (62%)         980M (96%)         568M (55%)    
[2019-02-14T13:15:08.485+0800][7779][gc,heap     ] GC(30)      Live:         -               419M (41%)         419M (41%)         419M (41%)            -                  -          
[2019-02-14T13:15:08.485+0800][7779][gc,heap     ] GC(30) Allocated:         -                 0M (0%)           10M (1%)          404M (39%)            -                  -          
[2019-02-14T13:15:08.485+0800][7779][gc,heap     ] GC(30)   Garbage:         -               560M (55%)         138M (14%)         172M (17%)            -                  -          
[2019-02-14T13:15:08.485+0800][7779][gc,heap     ] GC(30) Reclaimed:         -                  -               422M (41%)         388M (38%)            -                  -          
[2019-02-14T13:15:08.485+0800][7779][gc          ] GC(30) Garbage Collection (Allocation Stall) 980M(96%)->634M(62%)
[2019-02-14T13:15:08.497+0800][7772][gc,heap     ] Page Cache Flushed: 10M requested, 32M(266M->234M) flushed
[2019-02-14T13:15:08.500+0800][7772][gc,heap     ] Page Cache Flushed: 10M requested, 32M(234M->202M) flushed
[2019-02-14T13:15:08.502+0800][7772][gc,heap     ] Page Cache Flushed: 4M requested, 32M(202M->170M) flushed
[2019-02-14T13:15:08.510+0800][7772][gc,heap     ] Page Cache Flushed: 2M requested, 32M(170M->138M) flushed
[2019-02-14T13:15:08.521+0800][7772][gc,heap     ] Page Cache Flushed: 10M requested, 32M(138M->106M) flushed
[2019-02-14T13:15:08.528+0800][7772][gc,heap     ] Page Cache Flushed: 8M requested, 32M(106M->74M) flushed
[2019-02-14T13:15:08.536+0800][7779][gc,start    ] GC(31) Garbage Collection (Allocation Rate)
[2019-02-14T13:15:08.537+0800][7786][gc,phases   ] GC(31) Pause Mark Start 0.070ms
[2019-02-14T13:15:08.537+0800][7772][gc,heap     ] Page Cache Flushed: 6M requested, 32M(74M->42M) flushed
[2019-02-14T13:15:08.545+0800][7772][gc,heap     ] Page Cache Flushed: 4M requested, 32M(42M->10M) flushed
[2019-02-14T13:15:08.553+0800][7772][gc,heap     ] Page Cache Flushed: 2M requested, 2M(10M->8M) flushed
[2019-02-14T13:15:08.685+0800][7779][gc,phases   ] GC(31) Concurrent Mark 148.129ms
[2019-02-14T13:15:08.685+0800][7786][gc,phases   ] GC(31) Pause Mark End 0.067ms
[2019-02-14T13:15:08.685+0800][7779][gc,phases   ] GC(31) Concurrent Process Non-Strong References 0.123ms
[2019-02-14T13:15:08.685+0800][7779][gc,phases   ] GC(31) Concurrent Reset Relocation Set 0.005ms
[2019-02-14T13:15:08.685+0800][7779][gc,phases   ] GC(31) Concurrent Destroy Detached Pages 0.011ms
[2019-02-14T13:15:08.687+0800][7779][gc,phases   ] GC(31) Concurrent Select Relocation Set 1.084ms
[2019-02-14T13:15:08.687+0800][7772][gc          ] Allocation Stall (main) 131.215ms
[2019-02-14T13:15:08.687+0800][7779][gc,phases   ] GC(31) Concurrent Prepare Relocation Set 0.050ms
[2019-02-14T13:15:08.688+0800][7786][gc,phases   ] GC(31) Pause Relocate Start 0.089ms
[2019-02-14T13:15:08.689+0800][7779][gc,phases   ] GC(31) Concurrent Relocate 1.737ms
[2019-02-14T13:15:08.689+0800][7779][gc,load     ] GC(31) Load: 0.08/0.03/0.05
[2019-02-14T13:15:08.689+0800][7779][gc,mmu      ] GC(31) MMU: 2ms/20.8%, 5ms/68.3%, 10ms/83.4%, 20ms/91.7%, 50ms/96.5%, 100ms/97.6%
[2019-02-14T13:15:08.689+0800][7779][gc,marking  ] GC(31) Mark: 1 stripe(s), 1 proactive flush(es), 1 terminate flush(es), 0 completion(s), 0 continuation(s) 
[2019-02-14T13:15:08.689+0800][7779][gc,reloc    ] GC(31) Relocation: Successful, 18M relocated
[2019-02-14T13:15:08.689+0800][7779][gc,nmethod  ] GC(31) NMethods: 39 registered, 0 unregistered
[2019-02-14T13:15:08.690+0800][7779][gc,metaspace] GC(31) Metaspace: 4M used, 4M capacity, 5M committed, 8M reserved
[2019-02-14T13:15:08.690+0800][7779][gc,ref      ] GC(31) Soft: 88 encountered, 0 discovered, 0 enqueued
[2019-02-14T13:15:08.690+0800][7779][gc,ref      ] GC(31) Weak: 168 encountered, 108 discovered, 0 enqueued
[2019-02-14T13:15:08.690+0800][7779][gc,ref      ] GC(31) Final: 0 encountered, 0 discovered, 0 enqueued
[2019-02-14T13:15:08.690+0800][7779][gc,ref      ] GC(31) Phantom: 1 encountered, 1 discovered, 0 enqueued
[2019-02-14T13:15:08.690+0800][7779][gc,heap     ] GC(31)                Mark Start          Mark End        Relocate Start      Relocate End           High               Low         
[2019-02-14T13:15:08.690+0800][7779][gc,heap     ] GC(31)  Capacity:     1024M (100%)       1024M (100%)       1024M (100%)       1024M (100%)       1024M (100%)       1024M (100%)   
[2019-02-14T13:15:08.690+0800][7779][gc,heap     ] GC(31)   Reserve:       42M (4%)           42M (4%)           42M (4%)           42M (4%)           42M (4%)           42M (4%)     
[2019-02-14T13:15:08.690+0800][7779][gc,heap     ] GC(31)      Free:       78M (8%)            8M (1%)          438M (43%)         418M (41%)         438M (43%)           8M (1%)     
[2019-02-14T13:15:08.690+0800][7779][gc,heap     ] GC(31)      Used:      904M (88%)         974M (95%)         544M (53%)         564M (55%)         974M (95%)         544M (53%)    
[2019-02-14T13:15:08.690+0800][7779][gc,heap     ] GC(31)      Live:         -               419M (41%)         419M (41%)         419M (41%)            -                  -          
[2019-02-14T13:15:08.690+0800][7779][gc,heap     ] GC(31) Allocated:         -                70M (7%)           80M (8%)          110M (11%)            -                  -          
[2019-02-14T13:15:08.690+0800][7779][gc,heap     ] GC(31)   Garbage:         -               484M (47%)          44M (4%)           44M (4%)             -                  -          
[2019-02-14T13:15:08.690+0800][7779][gc,heap     ] GC(31) Reclaimed:         -                  -               440M (43%)         440M (43%)            -                  -          
[2019-02-14T13:15:08.690+0800][7779][gc          ] GC(31) Garbage Collection (Allocation Rate) 904M(88%)->564M(55%)
[2019-02-14T13:15:08.694+0800][7779][gc,start    ] GC(32) Garbage Collection (System.gc())
[2019-02-14T13:15:08.694+0800][7786][gc,phases   ] GC(32) Pause Mark Start 0.074ms
[2019-02-14T13:15:08.780+0800][7779][gc,phases   ] GC(32) Concurrent Mark 86.487ms
[2019-02-14T13:15:08.780+0800][7786][gc,phases   ] GC(32) Pause Mark End 0.100ms
[2019-02-14T13:15:08.781+0800][7779][gc,phases   ] GC(32) Concurrent Process Non-Strong References 0.073ms
[2019-02-14T13:15:08.781+0800][7779][gc,phases   ] GC(32) Concurrent Reset Relocation Set 0.003ms
[2019-02-14T13:15:08.781+0800][7779][gc,phases   ] GC(32) Concurrent Destroy Detached Pages 0.001ms
[2019-02-14T13:15:08.782+0800][7779][gc,phases   ] GC(32) Concurrent Select Relocation Set 1.076ms
[2019-02-14T13:15:08.782+0800][7779][gc,phases   ] GC(32) Concurrent Prepare Relocation Set 0.068ms
[2019-02-14T13:15:08.782+0800][7786][gc,phases   ] GC(32) Pause Relocate Start 0.050ms
[2019-02-14T13:15:08.783+0800][7779][gc,phases   ] GC(32) Concurrent Relocate 1.429ms
[2019-02-14T13:15:08.783+0800][7779][gc,load     ] GC(32) Load: 0.08/0.03/0.05
[2019-02-14T13:15:08.783+0800][7779][gc,mmu      ] GC(32) MMU: 2ms/20.8%, 5ms/68.3%, 10ms/83.4%, 20ms/91.7%, 50ms/96.5%, 100ms/97.6%
[2019-02-14T13:15:08.783+0800][7779][gc,marking  ] GC(32) Mark: 4 stripe(s), 10 proactive flush(es), 1 terminate flush(es), 0 completion(s), 0 continuation(s) 
[2019-02-14T13:15:08.783+0800][7779][gc,reloc    ] GC(32) Relocation: Successful, 18M relocated
[2019-02-14T13:15:08.783+0800][7779][gc,nmethod  ] GC(32) NMethods: 39 registered, 0 unregistered
[2019-02-14T13:15:08.783+0800][7779][gc,metaspace] GC(32) Metaspace: 4M used, 4M capacity, 5M committed, 8M reserved
[2019-02-14T13:15:08.783+0800][7779][gc,ref      ] GC(32) Soft: 88 encountered, 0 discovered, 0 enqueued
[2019-02-14T13:15:08.783+0800][7779][gc,ref      ] GC(32) Weak: 168 encountered, 18 discovered, 0 enqueued
[2019-02-14T13:15:08.783+0800][7779][gc,ref      ] GC(32) Final: 0 encountered, 0 discovered, 0 enqueued
[2019-02-14T13:15:08.783+0800][7779][gc,ref      ] GC(32) Phantom: 1 encountered, 1 discovered, 0 enqueued
[2019-02-14T13:15:08.783+0800][7779][gc,heap     ] GC(32)                Mark Start          Mark End        Relocate Start      Relocate End           High               Low         
[2019-02-14T13:15:08.783+0800][7779][gc,heap     ] GC(32)  Capacity:     1024M (100%)       1024M (100%)       1024M (100%)       1024M (100%)       1024M (100%)       1024M (100%)   
[2019-02-14T13:15:08.783+0800][7779][gc,heap     ] GC(32)   Reserve:       42M (4%)           42M (4%)           42M (4%)           42M (4%)           42M (4%)           42M (4%)     
[2019-02-14T13:15:08.783+0800][7779][gc,heap     ] GC(32)      Free:      378M (37%)         378M (37%)         520M (51%)         518M (51%)         520M (51%)         378M (37%)    
[2019-02-14T13:15:08.783+0800][7779][gc,heap     ] GC(32)      Used:      604M (59%)         604M (59%)         462M (45%)         464M (45%)         604M (59%)         462M (45%)    
[2019-02-14T13:15:08.783+0800][7779][gc,heap     ] GC(32)      Live:         -               419M (41%)         419M (41%)         419M (41%)            -                  -          
[2019-02-14T13:15:08.783+0800][7779][gc,heap     ] GC(32) Allocated:         -                 0M (0%)            0M (0%)           10M (1%)             -                  -          
[2019-02-14T13:15:08.783+0800][7779][gc,heap     ] GC(32)   Garbage:         -               184M (18%)          42M (4%)           44M (4%)             -                  -          
[2019-02-14T13:15:08.783+0800][7779][gc,heap     ] GC(32) Reclaimed:         -                  -               142M (14%)         140M (14%)            -                  -          
[2019-02-14T13:15:08.783+0800][7779][gc          ] GC(32) Garbage Collection (System.gc()) 604M(59%)->464M(45%)
[2019-02-14T13:15:08.836+0800][7779][gc,start    ] GC(33) Garbage Collection (Allocation Rate)
[2019-02-14T13:15:08.836+0800][7786][gc,phases   ] GC(33) Pause Mark Start 0.053ms
[2019-02-14T13:15:08.889+0800][7772][gc,heap     ] Page Cache Flushed: 2M requested, 10M(510M->500M) flushed
[2019-02-14T13:15:08.890+0800][7772][gc,heap     ] Page Cache Flushed: 26M requested, 30M(500M->470M) flushed
[2019-02-14T13:15:08.900+0800][7772][gc,heap     ] Page Cache Flushed: 28M requested, 30M(470M->440M) flushed
[2019-02-14T13:15:08.909+0800][7772][gc,heap     ] Page Cache Flushed: 30M requested, 30M(440M->410M) flushed
[2019-02-14T13:15:08.919+0800][7772][gc,heap     ] Page Cache Flushed: 32M requested, 40M(410M->370M) flushed
[2019-02-14T13:15:08.984+0800][7779][gc,phases   ] GC(33) Concurrent Mark 147.288ms
[2019-02-14T13:15:08.984+0800][7786][gc,phases   ] GC(33) Pause Mark End 0.076ms
[2019-02-14T13:15:08.984+0800][7779][gc,phases   ] GC(33) Concurrent Process Non-Strong References 0.129ms
[2019-02-14T13:15:08.984+0800][7779][gc,phases   ] GC(33) Concurrent Reset Relocation Set 0.002ms
[2019-02-14T13:15:08.984+0800][7779][gc,phases   ] GC(33) Concurrent Destroy Detached Pages 0.008ms
[2019-02-14T13:15:08.985+0800][7779][gc,phases   ] GC(33) Concurrent Select Relocation Set 1.161ms
[2019-02-14T13:15:08.985+0800][7779][gc,phases   ] GC(33) Concurrent Prepare Relocation Set 0.048ms
[2019-02-14T13:15:08.986+0800][7786][gc,phases   ] GC(33) Pause Relocate Start 0.243ms
[2019-02-14T13:15:08.987+0800][7779][gc,phases   ] GC(33) Concurrent Relocate 1.546ms
[2019-02-14T13:15:08.987+0800][7779][gc,load     ] GC(33) Load: 0.08/0.03/0.05
[2019-02-14T13:15:08.987+0800][7779][gc,mmu      ] GC(33) MMU: 2ms/20.8%, 5ms/68.3%, 10ms/83.4%, 20ms/91.7%, 50ms/96.5%, 100ms/97.6%
[2019-02-14T13:15:08.987+0800][7779][gc,marking  ] GC(33) Mark: 1 stripe(s), 1 proactive flush(es), 1 terminate flush(es), 0 completion(s), 0 continuation(s) 
[2019-02-14T13:15:08.987+0800][7779][gc,reloc    ] GC(33) Relocation: Successful, 18M relocated
[2019-02-14T13:15:08.987+0800][7779][gc,nmethod  ] GC(33) NMethods: 39 registered, 0 unregistered
[2019-02-14T13:15:08.987+0800][7779][gc,metaspace] GC(33) Metaspace: 4M used, 4M capacity, 5M committed, 8M reserved
[2019-02-14T13:15:08.987+0800][7779][gc,ref      ] GC(33) Soft: 88 encountered, 0 discovered, 0 enqueued
[2019-02-14T13:15:08.987+0800][7779][gc,ref      ] GC(33) Weak: 168 encountered, 161 discovered, 0 enqueued
[2019-02-14T13:15:08.987+0800][7779][gc,ref      ] GC(33) Final: 0 encountered, 0 discovered, 0 enqueued
[2019-02-14T13:15:08.987+0800][7779][gc,ref      ] GC(33) Phantom: 1 encountered, 1 discovered, 0 enqueued
[2019-02-14T13:15:08.987+0800][7779][gc,heap     ] GC(33)                Mark Start          Mark End        Relocate Start      Relocate End           High               Low         
[2019-02-14T13:15:08.987+0800][7779][gc,heap     ] GC(33)  Capacity:     1024M (100%)       1024M (100%)       1024M (100%)       1024M (100%)       1024M (100%)       1024M (100%)   
[2019-02-14T13:15:08.987+0800][7779][gc,heap     ] GC(33)   Reserve:       42M (4%)           42M (4%)           42M (4%)           42M (4%)           42M (4%)           40M (4%)     
[2019-02-14T13:15:08.987+0800][7779][gc,heap     ] GC(33)      Free:      518M (51%)           8M (1%)            8M (1%)            8M (1%)          518M (51%)           0M (0%)     
[2019-02-14T13:15:08.987+0800][7779][gc,heap     ] GC(33)      Used:      464M (45%)         974M (95%)         974M (95%)         974M (95%)         984M (96%)         464M (45%)    
[2019-02-14T13:15:08.987+0800][7779][gc,heap     ] GC(33)      Live:         -               419M (41%)         419M (41%)         419M (41%)            -                  -          
[2019-02-14T13:15:08.987+0800][7779][gc,heap     ] GC(33) Allocated:         -               510M (50%)         510M (50%)         520M (51%)            -                  -          
[2019-02-14T13:15:08.987+0800][7779][gc,heap     ] GC(33)   Garbage:         -                44M (4%)           44M (4%)           44M (4%)             -                  -          
[2019-02-14T13:15:08.987+0800][7779][gc,heap     ] GC(33) Reclaimed:         -                  -                 0M (0%)            0M (0%)             -                  -          
[2019-02-14T13:15:08.987+0800][7779][gc          ] GC(33) Garbage Collection (Allocation Rate) 464M(45%)->974M(95%)
[2019-02-14T13:15:08.987+0800][7779][gc,start    ] GC(34) Garbage Collection (Allocation Stall)
[2019-02-14T13:15:08.988+0800][7786][gc,ref      ] GC(34) Clearing All Soft References
[2019-02-14T13:15:08.988+0800][7786][gc,phases   ] GC(34) Pause Mark Start 0.067ms
[2019-02-14T13:15:09.104+0800][7779][gc,phases   ] GC(34) Concurrent Mark 116.820ms
[2019-02-14T13:15:09.105+0800][7786][gc,phases   ] GC(34) Pause Mark End 0.078ms
[2019-02-14T13:15:09.105+0800][7779][gc,phases   ] GC(34) Concurrent Process Non-Strong References 0.099ms
[2019-02-14T13:15:09.105+0800][7779][gc,phases   ] GC(34) Concurrent Reset Relocation Set 0.004ms
[2019-02-14T13:15:09.105+0800][7779][gc,phases   ] GC(34) Concurrent Destroy Detached Pages 0.001ms
[2019-02-14T13:15:09.106+0800][7779][gc,phases   ] GC(34) Concurrent Select Relocation Set 1.155ms
[2019-02-14T13:15:09.106+0800][7772][gc          ] Allocation Stall (main) 139.384ms
[2019-02-14T13:15:09.106+0800][7779][gc,phases   ] GC(34) Concurrent Prepare Relocation Set 0.135ms
[2019-02-14T13:15:09.109+0800][7786][gc,phases   ] GC(34) Pause Relocate Start 0.078ms
[2019-02-14T13:15:09.109+0800][7775][gc,heap     ] GC(34) Page Cache Flushed: 24M requested, 30M(350M->320M) flushed
[2019-02-14T13:15:09.110+0800][7777][gc,heap     ] GC(34) Page Cache Flushed: 26M requested, 30M(318M->288M) flushed
[2019-02-14T13:15:09.111+0800][7773][gc,heap     ] GC(34) Page Cache Flushed: 28M requested, 30M(288M->258M) flushed
[2019-02-14T13:15:09.128+0800][7779][gc,phases   ] GC(34) Concurrent Relocate 19.376ms
[2019-02-14T13:15:09.129+0800][7779][gc,load     ] GC(34) Load: 0.08/0.03/0.05
[2019-02-14T13:15:09.129+0800][7779][gc,mmu      ] GC(34) MMU: 2ms/20.8%, 5ms/68.3%, 10ms/83.4%, 20ms/91.7%, 50ms/96.5%, 100ms/97.6%
[2019-02-14T13:15:09.129+0800][7779][gc,marking  ] GC(34) Mark: 4 stripe(s), 10 proactive flush(es), 1 terminate flush(es), 0 completion(s), 0 continuation(s) 
[2019-02-14T13:15:09.129+0800][7779][gc,reloc    ] GC(34) Relocation: Successful, 61M relocated
[2019-02-14T13:15:09.129+0800][7779][gc,nmethod  ] GC(34) NMethods: 39 registered, 0 unregistered
[2019-02-14T13:15:09.129+0800][7779][gc,metaspace] GC(34) Metaspace: 4M used, 4M capacity, 5M committed, 8M reserved
[2019-02-14T13:15:09.129+0800][7779][gc,ref      ] GC(34) Soft: 88 encountered, 48 discovered, 0 enqueued
[2019-02-14T13:15:09.129+0800][7779][gc,ref      ] GC(34) Weak: 168 encountered, 17 discovered, 0 enqueued
[2019-02-14T13:15:09.129+0800][7779][gc,ref      ] GC(34) Final: 0 encountered, 0 discovered, 0 enqueued
[2019-02-14T13:15:09.129+0800][7779][gc,ref      ] GC(34) Phantom: 1 encountered, 1 discovered, 0 enqueued
[2019-02-14T13:15:09.129+0800][7779][gc,heap     ] GC(34)                Mark Start          Mark End        Relocate Start      Relocate End           High               Low         
[2019-02-14T13:15:09.129+0800][7779][gc,heap     ] GC(34)  Capacity:     1024M (100%)       1024M (100%)       1024M (100%)       1024M (100%)       1024M (100%)       1024M (100%)   
[2019-02-14T13:15:09.129+0800][7779][gc,heap     ] GC(34)   Reserve:       42M (4%)           42M (4%)           42M (4%)           42M (4%)           42M (4%)           42M (4%)     
[2019-02-14T13:15:09.129+0800][7779][gc,heap     ] GC(34)      Free:        8M (1%)            8M (1%)          368M (36%)         244M (24%)         368M (36%)           8M (1%)     
[2019-02-14T13:15:09.129+0800][7779][gc,heap     ] GC(34)      Used:      974M (95%)         974M (95%)         614M (60%)         738M (72%)         974M (95%)         614M (60%)    
[2019-02-14T13:15:09.129+0800][7779][gc,heap     ] GC(34)      Live:         -               470M (46%)         470M (46%)         470M (46%)            -                  -          
[2019-02-14T13:15:09.129+0800][7779][gc,heap     ] GC(34) Allocated:         -                 0M (0%)           10M (1%)          370M (36%)            -                  -          
[2019-02-14T13:15:09.129+0800][7779][gc,heap     ] GC(34)   Garbage:         -               503M (49%)         133M (13%)         163M (16%)            -                  -          
[2019-02-14T13:15:09.129+0800][7779][gc,heap     ] GC(34) Reclaimed:         -                  -               370M (36%)         340M (33%)            -                  -          
[2019-02-14T13:15:09.129+0800][7779][gc          ] GC(34) Garbage Collection (Allocation Stall) 974M(95%)->738M(72%)
[2019-02-14T13:15:09.136+0800][7779][gc,start    ] GC(35) Garbage Collection (Allocation Rate)
[2019-02-14T13:15:09.136+0800][7786][gc,phases   ] GC(35) Pause Mark Start 0.093ms
[2019-02-14T13:15:09.138+0800][7772][gc,heap     ] Page Cache Flushed: 10M requested, 32M(204M->172M) flushed
[2019-02-14T13:15:09.142+0800][7772][gc,heap     ] Page Cache Flushed: 10M requested, 32M(172M->140M) flushed
[2019-02-14T13:15:09.146+0800][7772][gc,heap     ] Page Cache Flushed: 6M requested, 32M(140M->108M) flushed
[2019-02-14T13:15:09.157+0800][7772][gc,heap     ] Page Cache Flushed: 4M requested, 32M(108M->76M) flushed
[2019-02-14T13:15:09.170+0800][7772][gc,heap     ] Page Cache Flushed: 2M requested, 32M(76M->44M) flushed
[2019-02-14T13:15:09.184+0800][7772][gc,heap     ] Page Cache Flushed: 10M requested, 32M(44M->12M) flushed
[2019-02-14T13:15:09.196+0800][7772][gc,heap     ] Page Cache Flushed: 8M requested, 8M(12M->4M) flushed
[2019-02-14T13:15:09.308+0800][7779][gc,phases   ] GC(35) Concurrent Mark 171.630ms
[2019-02-14T13:15:09.308+0800][7786][gc,phases   ] GC(35) Pause Mark End 0.075ms
[2019-02-14T13:15:09.308+0800][7779][gc,phases   ] GC(35) Concurrent Process Non-Strong References 0.142ms
[2019-02-14T13:15:09.308+0800][7779][gc,phases   ] GC(35) Concurrent Reset Relocation Set 0.007ms
[2019-02-14T13:15:09.308+0800][7779][gc,phases   ] GC(35) Concurrent Destroy Detached Pages 0.019ms
[2019-02-14T13:15:09.309+0800][7779][gc,phases   ] GC(35) Concurrent Select Relocation Set 1.269ms
[2019-02-14T13:15:09.309+0800][7772][gc          ] Allocation Stall (main) 109.786ms
[2019-02-14T13:15:09.310+0800][7779][gc,phases   ] GC(35) Concurrent Prepare Relocation Set 0.251ms
[2019-02-14T13:15:09.311+0800][7786][gc,phases   ] GC(35) Pause Relocate Start 0.073ms
[2019-02-14T13:15:09.330+0800][7779][gc,phases   ] GC(35) Concurrent Relocate 18.836ms
[2019-02-14T13:15:09.330+0800][7779][gc,load     ] GC(35) Load: 0.08/0.03/0.05
[2019-02-14T13:15:09.330+0800][7779][gc,mmu      ] GC(35) MMU: 2ms/20.8%, 5ms/68.3%, 10ms/83.4%, 20ms/91.7%, 50ms/96.5%, 100ms/97.6%
[2019-02-14T13:15:09.330+0800][7779][gc,marking  ] GC(35) Mark: 1 stripe(s), 1 proactive flush(es), 1 terminate flush(es), 0 completion(s), 0 continuation(s) 
[2019-02-14T13:15:09.330+0800][7779][gc,reloc    ] GC(35) Relocation: Successful, 29M relocated
[2019-02-14T13:15:09.330+0800][7779][gc,nmethod  ] GC(35) NMethods: 39 registered, 0 unregistered
[2019-02-14T13:15:09.330+0800][7779][gc,metaspace] GC(35) Metaspace: 4M used, 4M capacity, 5M committed, 8M reserved
[2019-02-14T13:15:09.330+0800][7779][gc,ref      ] GC(35) Soft: 88 encountered, 0 discovered, 0 enqueued
[2019-02-14T13:15:09.330+0800][7779][gc,ref      ] GC(35) Weak: 168 encountered, 73 discovered, 0 enqueued
[2019-02-14T13:15:09.330+0800][7779][gc,ref      ] GC(35) Final: 0 encountered, 0 discovered, 0 enqueued
[2019-02-14T13:15:09.330+0800][7779][gc,ref      ] GC(35) Phantom: 1 encountered, 1 discovered, 0 enqueued
[2019-02-14T13:15:09.330+0800][7779][gc,heap     ] GC(35)                Mark Start          Mark End        Relocate Start      Relocate End           High               Low         
[2019-02-14T13:15:09.330+0800][7779][gc,heap     ] GC(35)  Capacity:     1024M (100%)       1024M (100%)       1024M (100%)       1024M (100%)       1024M (100%)       1024M (100%)   
[2019-02-14T13:15:09.330+0800][7779][gc,heap     ] GC(35)   Reserve:       42M (4%)           42M (4%)           42M (4%)           42M (4%)           42M (4%)           42M (4%)     
[2019-02-14T13:15:09.330+0800][7779][gc,heap     ] GC(35)      Free:      174M (17%)           4M (0%)          266M (26%)         200M (20%)         266M (26%)           4M (0%)     
[2019-02-14T13:15:09.330+0800][7779][gc,heap     ] GC(35)      Used:      808M (79%)         978M (96%)         716M (70%)         782M (76%)         978M (96%)         716M (70%)    
[2019-02-14T13:15:09.330+0800][7779][gc,heap     ] GC(35)      Live:         -               470M (46%)         470M (46%)         470M (46%)            -                  -          
[2019-02-14T13:15:09.330+0800][7779][gc,heap     ] GC(35) Allocated:         -               170M (17%)         180M (18%)         318M (31%)            -                  -          
[2019-02-14T13:15:09.330+0800][7779][gc,heap     ] GC(35)   Garbage:         -               337M (33%)          65M (6%)           31M (3%)             -                  -          
[2019-02-14T13:15:09.330+0800][7779][gc,heap     ] GC(35) Reclaimed:         -                  -               272M (27%)         306M (30%)            -                  -          
[2019-02-14T13:15:09.330+0800][7779][gc          ] GC(35) Garbage Collection (Allocation Rate) 808M(79%)->782M(76%)
[2019-02-14T13:15:09.336+0800][7779][gc,start    ] GC(36) Garbage Collection (Allocation Rate)
[2019-02-14T13:15:09.338+0800][7786][gc,phases   ] GC(36) Pause Mark Start 0.099ms
[2019-02-14T13:15:09.506+0800][7779][gc,phases   ] GC(36) Concurrent Mark 168.155ms
[2019-02-14T13:15:09.506+0800][7786][gc,phases   ] GC(36) Pause Mark End 0.077ms
[2019-02-14T13:15:09.506+0800][7779][gc,phases   ] GC(36) Concurrent Process Non-Strong References 0.125ms
[2019-02-14T13:15:09.506+0800][7779][gc,phases   ] GC(36) Concurrent Reset Relocation Set 0.003ms
[2019-02-14T13:15:09.506+0800][7779][gc,phases   ] GC(36) Concurrent Destroy Detached Pages 0.001ms
[2019-02-14T13:15:09.507+0800][7779][gc,phases   ] GC(36) Concurrent Select Relocation Set 1.090ms
[2019-02-14T13:15:09.507+0800][7779][gc,phases   ] GC(36) Concurrent Prepare Relocation Set 0.094ms
[2019-02-14T13:15:09.508+0800][7786][gc,phases   ] GC(36) Pause Relocate Start 0.111ms
[2019-02-14T13:15:09.511+0800][7779][gc,phases   ] GC(36) Concurrent Relocate 3.706ms
[2019-02-14T13:15:09.511+0800][7779][gc,load     ] GC(36) Load: 0.08/0.03/0.05
[2019-02-14T13:15:09.511+0800][7779][gc,mmu      ] GC(36) MMU: 2ms/20.8%, 5ms/68.3%, 10ms/83.4%, 20ms/91.7%, 50ms/96.5%, 100ms/97.6%
[2019-02-14T13:15:09.511+0800][7779][gc,marking  ] GC(36) Mark: 1 stripe(s), 2 proactive flush(es), 1 terminate flush(es), 0 completion(s), 0 continuation(s) 
[2019-02-14T13:15:09.511+0800][7779][gc,reloc    ] GC(36) Relocation: Successful, 2M relocated
[2019-02-14T13:15:09.511+0800][7779][gc,nmethod  ] GC(36) NMethods: 39 registered, 0 unregistered
[2019-02-14T13:15:09.511+0800][7779][gc,metaspace] GC(36) Metaspace: 4M used, 4M capacity, 5M committed, 8M reserved
[2019-02-14T13:15:09.511+0800][7779][gc,ref      ] GC(36) Soft: 88 encountered, 0 discovered, 0 enqueued
[2019-02-14T13:15:09.511+0800][7779][gc,ref      ] GC(36) Weak: 168 encountered, 108 discovered, 0 enqueued
[2019-02-14T13:15:09.511+0800][7779][gc,ref      ] GC(36) Final: 0 encountered, 0 discovered, 0 enqueued
[2019-02-14T13:15:09.511+0800][7779][gc,ref      ] GC(36) Phantom: 1 encountered, 1 discovered, 0 enqueued
[2019-02-14T13:15:09.511+0800][7779][gc,heap     ] GC(36)                Mark Start          Mark End        Relocate Start      Relocate End           High               Low         
[2019-02-14T13:15:09.512+0800][7779][gc,heap     ] GC(36)  Capacity:     1024M (100%)       1024M (100%)       1024M (100%)       1024M (100%)       1024M (100%)       1024M (100%)   
[2019-02-14T13:15:09.512+0800][7779][gc,heap     ] GC(36)   Reserve:       42M (4%)           42M (4%)           42M (4%)           42M (4%)           42M (4%)           42M (4%)     
[2019-02-14T13:15:09.512+0800][7779][gc,heap     ] GC(36)      Free:      170M (17%)         120M (12%)         430M (42%)         426M (42%)         430M (42%)         120M (12%)    
[2019-02-14T13:15:09.512+0800][7779][gc,heap     ] GC(36)      Used:      812M (79%)         862M (84%)         552M (54%)         556M (54%)         862M (84%)         552M (54%)    
[2019-02-14T13:15:09.512+0800][7779][gc,heap     ] GC(36)      Live:         -               470M (46%)         470M (46%)         470M (46%)            -                  -          
[2019-02-14T13:15:09.512+0800][7779][gc,heap     ] GC(36) Allocated:         -                50M (5%)           50M (5%)           60M (6%)             -                  -          
[2019-02-14T13:15:09.512+0800][7779][gc,heap     ] GC(36)   Garbage:         -               341M (33%)          31M (3%)           35M (3%)             -                  -          
[2019-02-14T13:15:09.512+0800][7779][gc,heap     ] GC(36) Reclaimed:         -                  -               310M (30%)         306M (30%)            -                  -          
[2019-02-14T13:15:09.512+0800][7779][gc          ] GC(36) Garbage Collection (Allocation Rate) 812M(79%)->556M(54%)
[2019-02-14T13:15:09.512+0800][7779][gc,start    ] GC(37) Garbage Collection (System.gc())
[2019-02-14T13:15:09.512+0800][7786][gc,phases   ] GC(37) Pause Mark Start 0.064ms
[2019-02-14T13:15:09.610+0800][7779][gc,phases   ] GC(37) Concurrent Mark 98.608ms
[2019-02-14T13:15:09.611+0800][7786][gc,phases   ] GC(37) Pause Mark End 0.089ms
[2019-02-14T13:15:09.611+0800][7779][gc,phases   ] GC(37) Concurrent Process Non-Strong References 0.115ms
[2019-02-14T13:15:09.611+0800][7779][gc,phases   ] GC(37) Concurrent Reset Relocation Set 0.003ms
[2019-02-14T13:15:09.611+0800][7779][gc,phases   ] GC(37) Concurrent Destroy Detached Pages 0.001ms
[2019-02-14T13:15:09.612+0800][7779][gc,phases   ] GC(37) Concurrent Select Relocation Set 1.080ms
[2019-02-14T13:15:09.612+0800][7779][gc,phases   ] GC(37) Concurrent Prepare Relocation Set 0.140ms
[2019-02-14T13:15:09.612+0800][7786][gc,phases   ] GC(37) Pause Relocate Start 0.167ms
[2019-02-14T13:15:09.617+0800][7779][gc,phases   ] GC(37) Concurrent Relocate 4.271ms
[2019-02-14T13:15:09.617+0800][7779][gc,load     ] GC(37) Load: 0.08/0.03/0.05
[2019-02-14T13:15:09.617+0800][7779][gc,mmu      ] GC(37) MMU: 2ms/20.8%, 5ms/68.3%, 10ms/83.4%, 20ms/91.7%, 50ms/96.5%, 100ms/97.6%
[2019-02-14T13:15:09.617+0800][7779][gc,marking  ] GC(37) Mark: 4 stripe(s), 10 proactive flush(es), 1 terminate flush(es), 0 completion(s), 0 continuation(s) 
[2019-02-14T13:15:09.617+0800][7779][gc,reloc    ] GC(37) Relocation: Successful, 2M relocated
[2019-02-14T13:15:09.617+0800][7779][gc,nmethod  ] GC(37) NMethods: 39 registered, 0 unregistered
[2019-02-14T13:15:09.617+0800][7779][gc,metaspace] GC(37) Metaspace: 4M used, 4M capacity, 5M committed, 8M reserved
[2019-02-14T13:15:09.617+0800][7779][gc,ref      ] GC(37) Soft: 88 encountered, 0 discovered, 0 enqueued
[2019-02-14T13:15:09.617+0800][7779][gc,ref      ] GC(37) Weak: 168 encountered, 95 discovered, 0 enqueued
[2019-02-14T13:15:09.617+0800][7779][gc,ref      ] GC(37) Final: 0 encountered, 0 discovered, 0 enqueued
[2019-02-14T13:15:09.617+0800][7779][gc,ref      ] GC(37) Phantom: 1 encountered, 1 discovered, 0 enqueued
[2019-02-14T13:15:09.617+0800][7779][gc,heap     ] GC(37)                Mark Start          Mark End        Relocate Start      Relocate End           High               Low         
[2019-02-14T13:15:09.617+0800][7779][gc,heap     ] GC(37)  Capacity:     1024M (100%)       1024M (100%)       1024M (100%)       1024M (100%)       1024M (100%)       1024M (100%)   
[2019-02-14T13:15:09.617+0800][7779][gc,heap     ] GC(37)   Reserve:       42M (4%)           42M (4%)           42M (4%)           42M (4%)           42M (4%)           42M (4%)     
[2019-02-14T13:15:09.617+0800][7779][gc,heap     ] GC(37)      Free:      426M (42%)         426M (42%)         476M (46%)         476M (46%)         476M (46%)         426M (42%)    
[2019-02-14T13:15:09.617+0800][7779][gc,heap     ] GC(37)      Used:      556M (54%)         556M (54%)         506M (49%)         506M (49%)         556M (54%)         506M (49%)    
[2019-02-14T13:15:09.617+0800][7779][gc,heap     ] GC(37)      Live:         -               470M (46%)         470M (46%)         470M (46%)            -                  -          
[2019-02-14T13:15:09.617+0800][7779][gc,heap     ] GC(37) Allocated:         -                 0M (0%)            0M (0%)           10M (1%)             -                  -          
[2019-02-14T13:15:09.617+0800][7779][gc,heap     ] GC(37)   Garbage:         -                85M (8%)           35M (3%)           35M (3%)             -                  -          
[2019-02-14T13:15:09.617+0800][7779][gc,heap     ] GC(37) Reclaimed:         -                  -                50M (5%)           50M (5%)             -                  -          
[2019-02-14T13:15:09.617+0800][7779][gc          ] GC(37) Garbage Collection (System.gc()) 556M(54%)->506M(49%)
[2019-02-14T13:15:09.636+0800][7779][gc,start    ] GC(38) Garbage Collection (Allocation Rate)
[2019-02-14T13:15:09.636+0800][7786][gc,phases   ] GC(38) Pause Mark Start 0.086ms
[2019-02-14T13:15:09.723+0800][7772][gc,heap     ] Page Cache Flushed: 2M requested, 10M(504M->494M) flushed
[2019-02-14T13:15:09.751+0800][7772][gc,heap     ] Page Cache Flushed: 32M requested, 40M(430M->390M) flushed
[2019-02-14T13:15:09.767+0800][7772][gc,heap     ] Page Cache Flushed: 32M requested, 40M(390M->350M) flushed
[2019-02-14T13:15:09.822+0800][7779][gc,phases   ] GC(38) Concurrent Mark 186.056ms
[2019-02-14T13:15:09.826+0800][7786][gc,phases   ] GC(38) Pause Mark End 0.105ms
[2019-02-14T13:15:09.826+0800][7779][gc,phases   ] GC(38) Concurrent Process Non-Strong References 0.164ms
[2019-02-14T13:15:09.826+0800][7779][gc,phases   ] GC(38) Concurrent Reset Relocation Set 0.004ms
[2019-02-14T13:15:09.826+0800][7779][gc,phases   ] GC(38) Concurrent Destroy Detached Pages 0.005ms
[2019-02-14T13:15:09.827+0800][7779][gc,phases   ] GC(38) Concurrent Select Relocation Set 1.130ms
[2019-02-14T13:15:09.827+0800][7779][gc,phases   ] GC(38) Concurrent Prepare Relocation Set 0.101ms
[2019-02-14T13:15:09.829+0800][7786][gc,phases   ] GC(38) Pause Relocate Start 0.209ms
[2019-02-14T13:15:09.833+0800][7779][gc,phases   ] GC(38) Concurrent Relocate 3.327ms
[2019-02-14T13:15:09.833+0800][7779][gc,load     ] GC(38) Load: 0.08/0.03/0.05
[2019-02-14T13:15:09.833+0800][7779][gc,mmu      ] GC(38) MMU: 2ms/20.8%, 5ms/68.3%, 10ms/83.4%, 20ms/91.7%, 50ms/96.5%, 100ms/97.6%
[2019-02-14T13:15:09.833+0800][7779][gc,marking  ] GC(38) Mark: 1 stripe(s), 1 proactive flush(es), 1 terminate flush(es), 0 completion(s), 0 continuation(s) 
[2019-02-14T13:15:09.833+0800][7779][gc,reloc    ] GC(38) Relocation: Successful, 2M relocated
[2019-02-14T13:15:09.833+0800][7779][gc,nmethod  ] GC(38) NMethods: 39 registered, 0 unregistered
[2019-02-14T13:15:09.833+0800][7779][gc,metaspace] GC(38) Metaspace: 4M used, 4M capacity, 5M committed, 8M reserved
[2019-02-14T13:15:09.833+0800][7779][gc,ref      ] GC(38) Soft: 88 encountered, 0 discovered, 0 enqueued
[2019-02-14T13:15:09.833+0800][7779][gc,ref      ] GC(38) Weak: 168 encountered, 132 discovered, 0 enqueued
[2019-02-14T13:15:09.833+0800][7779][gc,ref      ] GC(38) Final: 0 encountered, 0 discovered, 0 enqueued
[2019-02-14T13:15:09.833+0800][7779][gc,ref      ] GC(38) Phantom: 1 encountered, 1 discovered, 0 enqueued
[2019-02-14T13:15:09.833+0800][7779][gc,heap     ] GC(38)                Mark Start          Mark End        Relocate Start      Relocate End           High               Low         
[2019-02-14T13:15:09.833+0800][7779][gc,heap     ] GC(38)  Capacity:     1024M (100%)       1024M (100%)       1024M (100%)       1024M (100%)       1024M (100%)       1024M (100%)   
[2019-02-14T13:15:09.833+0800][7779][gc,heap     ] GC(38)   Reserve:       42M (4%)           42M (4%)           42M (4%)           42M (4%)           42M (4%)           42M (4%)     
[2019-02-14T13:15:09.833+0800][7779][gc,heap     ] GC(38)      Free:      476M (46%)         126M (12%)         118M (12%)          96M (9%)          476M (46%)          94M (9%)     
[2019-02-14T13:15:09.833+0800][7779][gc,heap     ] GC(38)      Used:      506M (49%)         856M (84%)         864M (84%)         886M (87%)         888M (87%)         506M (49%)    
[2019-02-14T13:15:09.833+0800][7779][gc,heap     ] GC(38)      Live:         -               470M (46%)         470M (46%)         470M (46%)            -                  -          
[2019-02-14T13:15:09.833+0800][7779][gc,heap     ] GC(38) Allocated:         -               350M (34%)         360M (35%)         390M (38%)            -                  -          
[2019-02-14T13:15:09.833+0800][7779][gc,heap     ] GC(38)   Garbage:         -                35M (3%)           33M (3%)           35M (3%)             -                  -          
[2019-02-14T13:15:09.833+0800][7779][gc,heap     ] GC(38) Reclaimed:         -                  -                 2M (0%)            0M (0%)             -                  -          
[2019-02-14T13:15:09.833+0800][7779][gc          ] GC(38) Garbage Collection (Allocation Rate) 506M(49%)->886M(87%)
[2019-02-14T13:15:09.836+0800][7779][gc,start    ] GC(39) Garbage Collection (Allocation Rate)
[2019-02-14T13:15:09.839+0800][7786][gc,phases   ] GC(39) Pause Mark Start 0.089ms
[2019-02-14T13:15:10.037+0800][7779][gc,phases   ] GC(39) Concurrent Mark 198.245ms
[2019-02-14T13:15:10.037+0800][7786][gc,phases   ] GC(39) Pause Mark End 0.070ms
[2019-02-14T13:15:10.038+0800][7779][gc,phases   ] GC(39) Concurrent Process Non-Strong References 0.103ms
[2019-02-14T13:15:10.038+0800][7779][gc,phases   ] GC(39) Concurrent Reset Relocation Set 0.003ms
[2019-02-14T13:15:10.038+0800][7779][gc,phases   ] GC(39) Concurrent Destroy Detached Pages 0.001ms
[2019-02-14T13:15:10.039+0800][7779][gc,phases   ] GC(39) Concurrent Select Relocation Set 1.094ms
[2019-02-14T13:15:10.039+0800][7772][gc          ] Allocation Stall (main) 181.577ms
[2019-02-14T13:15:10.039+0800][7779][gc,phases   ] GC(39) Concurrent Prepare Relocation Set 0.061ms
[2019-02-14T13:15:10.040+0800][7786][gc,phases   ] GC(39) Pause Relocate Start 0.062ms
[2019-02-14T13:15:10.040+0800][7775][gc,heap     ] GC(39) Page Cache Flushed: 12M requested, 20M(252M->232M) flushed
[2019-02-14T13:15:10.061+0800][7779][gc,phases   ] GC(39) Concurrent Relocate 21.592ms
[2019-02-14T13:15:10.062+0800][7779][gc,load     ] GC(39) Load: 0.08/0.03/0.05
[2019-02-14T13:15:10.062+0800][7779][gc,mmu      ] GC(39) MMU: 2ms/20.8%, 5ms/68.3%, 10ms/83.4%, 20ms/91.7%, 50ms/96.5%, 100ms/97.6%
[2019-02-14T13:15:10.062+0800][7779][gc,marking  ] GC(39) Mark: 1 stripe(s), 1 proactive flush(es), 1 terminate flush(es), 0 completion(s), 0 continuation(s) 
[2019-02-14T13:15:10.062+0800][7779][gc,reloc    ] GC(39) Relocation: Successful, 45M relocated
[2019-02-14T13:15:10.062+0800][7779][gc,nmethod  ] GC(39) NMethods: 39 registered, 0 unregistered
[2019-02-14T13:15:10.062+0800][7779][gc,metaspace] GC(39) Metaspace: 4M used, 4M capacity, 5M committed, 8M reserved
[2019-02-14T13:15:10.062+0800][7779][gc,ref      ] GC(39) Soft: 88 encountered, 0 discovered, 0 enqueued
[2019-02-14T13:15:10.062+0800][7779][gc,ref      ] GC(39) Weak: 168 encountered, 72 discovered, 0 enqueued
[2019-02-14T13:15:10.062+0800][7779][gc,ref      ] GC(39) Final: 0 encountered, 0 discovered, 0 enqueued
[2019-02-14T13:15:10.062+0800][7779][gc,ref      ] GC(39) Phantom: 1 encountered, 1 discovered, 0 enqueued
[2019-02-14T13:15:10.062+0800][7779][gc,heap     ] GC(39)                Mark Start          Mark End        Relocate Start      Relocate End           High               Low         
[2019-02-14T13:15:10.062+0800][7779][gc,heap     ] GC(39)  Capacity:     1024M (100%)       1024M (100%)       1024M (100%)       1024M (100%)       1024M (100%)       1024M (100%)   
[2019-02-14T13:15:10.062+0800][7779][gc,heap     ] GC(39)   Reserve:       42M (4%)           42M (4%)           42M (4%)           42M (4%)           42M (4%)           42M (4%)     
[2019-02-14T13:15:10.062+0800][7779][gc,heap     ] GC(39)      Free:       86M (8%)            6M (1%)          246M (24%)         104M (10%)         246M (24%)           6M (1%)     
[2019-02-14T13:15:10.062+0800][7779][gc,heap     ] GC(39)      Used:      896M (88%)         976M (95%)         736M (72%)         878M (86%)         976M (95%)         736M (72%)    
[2019-02-14T13:15:10.062+0800][7779][gc,heap     ] GC(39)      Live:         -               521M (51%)         521M (51%)         521M (51%)            -                  -          
[2019-02-14T13:15:10.062+0800][7779][gc,heap     ] GC(39) Allocated:         -                80M (8%)           90M (9%)          370M (36%)            -                  -          
[2019-02-14T13:15:10.062+0800][7779][gc,heap     ] GC(39)   Garbage:         -               374M (37%)         124M (12%)          56M (6%)             -                  -          
[2019-02-14T13:15:10.062+0800][7779][gc,heap     ] GC(39) Reclaimed:         -                  -               250M (24%)         318M (31%)            -                  -          
[2019-02-14T13:15:10.062+0800][7779][gc          ] GC(39) Garbage Collection (Allocation Rate) 896M(88%)->878M(86%)
[2019-02-14T13:15:10.067+0800][7772][gc,heap     ] Page Cache Flushed: 10M requested, 32M(108M->76M) flushed
[2019-02-14T13:15:10.071+0800][7772][gc,heap     ] Page Cache Flushed: 10M requested, 32M(76M->44M) flushed
[2019-02-14T13:15:10.077+0800][7772][gc,heap     ] Page Cache Flushed: 10M requested, 32M(44M->12M) flushed
[2019-02-14T13:15:10.085+0800][7772][gc,heap     ] Page Cache Flushed: 8M requested, 8M(12M->4M) flushed
[2019-02-14T13:15:10.087+0800][7779][gc,start    ] GC(40) Garbage Collection (Allocation Stall)
[2019-02-14T13:15:10.087+0800][7786][gc,ref      ] GC(40) Clearing All Soft References
[2019-02-14T13:15:10.087+0800][7786][gc,phases   ] GC(40) Pause Mark Start 0.114ms
[2019-02-14T13:15:10.196+0800][7779][gc,phases   ] GC(40) Concurrent Mark 108.216ms
[2019-02-14T13:15:10.196+0800][7786][gc,phases   ] GC(40) Pause Mark End 0.070ms
[2019-02-14T13:15:10.196+0800][7779][gc,phases   ] GC(40) Concurrent Process Non-Strong References 0.107ms
[2019-02-14T13:15:10.196+0800][7779][gc,phases   ] GC(40) Concurrent Reset Relocation Set 0.005ms
[2019-02-14T13:15:10.196+0800][7779][gc,phases   ] GC(40) Concurrent Destroy Detached Pages 0.009ms
[2019-02-14T13:15:10.197+0800][7779][gc,phases   ] GC(40) Concurrent Select Relocation Set 1.168ms
[2019-02-14T13:15:10.197+0800][7772][gc          ] Allocation Stall (main) 110.052ms
[2019-02-14T13:15:10.197+0800][7779][gc,phases   ] GC(40) Concurrent Prepare Relocation Set 0.061ms
[2019-02-14T13:15:10.200+0800][7786][gc,phases   ] GC(40) Pause Relocate Start 0.067ms
[2019-02-14T13:15:10.202+0800][7779][gc,phases   ] GC(40) Concurrent Relocate 1.619ms
[2019-02-14T13:15:10.202+0800][7779][gc,load     ] GC(40) Load: 0.08/0.03/0.05
[2019-02-14T13:15:10.202+0800][7779][gc,mmu      ] GC(40) MMU: 2ms/20.8%, 5ms/68.3%, 10ms/83.4%, 20ms/91.7%, 50ms/96.5%, 100ms/97.6%
[2019-02-14T13:15:10.202+0800][7779][gc,marking  ] GC(40) Mark: 4 stripe(s), 10 proactive flush(es), 1 terminate flush(es), 0 completion(s), 0 continuation(s) 
[2019-02-14T13:15:10.202+0800][7779][gc,reloc    ] GC(40) Relocation: Successful, 14M relocated
[2019-02-14T13:15:10.202+0800][7779][gc,nmethod  ] GC(40) NMethods: 39 registered, 0 unregistered
[2019-02-14T13:15:10.202+0800][7779][gc,metaspace] GC(40) Metaspace: 4M used, 4M capacity, 5M committed, 8M reserved
[2019-02-14T13:15:10.202+0800][7779][gc,ref      ] GC(40) Soft: 88 encountered, 45 discovered, 0 enqueued
[2019-02-14T13:15:10.202+0800][7779][gc,ref      ] GC(40) Weak: 168 encountered, 11 discovered, 0 enqueued
[2019-02-14T13:15:10.202+0800][7779][gc,ref      ] GC(40) Final: 0 encountered, 0 discovered, 0 enqueued
[2019-02-14T13:15:10.202+0800][7779][gc,ref      ] GC(40) Phantom: 1 encountered, 0 discovered, 0 enqueued
[2019-02-14T13:15:10.202+0800][7779][gc,heap     ] GC(40)                Mark Start          Mark End        Relocate Start      Relocate End           High               Low         
[2019-02-14T13:15:10.202+0800][7779][gc,heap     ] GC(40)  Capacity:     1024M (100%)       1024M (100%)       1024M (100%)       1024M (100%)       1024M (100%)       1024M (100%)   
[2019-02-14T13:15:10.202+0800][7779][gc,heap     ] GC(40)   Reserve:       42M (4%)           42M (4%)           42M (4%)           42M (4%)           42M (4%)           42M (4%)     
[2019-02-14T13:15:10.202+0800][7779][gc,heap     ] GC(40)      Free:        4M (0%)            4M (0%)          394M (38%)         374M (37%)         394M (38%)           4M (0%)     
[2019-02-14T13:15:10.202+0800][7779][gc,heap     ] GC(40)      Used:      978M (96%)         978M (96%)         588M (57%)         608M (59%)         978M (96%)         588M (57%)    
[2019-02-14T13:15:10.202+0800][7779][gc,heap     ] GC(40)      Live:         -               521M (51%)         521M (51%)         521M (51%)            -                  -          
[2019-02-14T13:15:10.202+0800][7779][gc,heap     ] GC(40) Allocated:         -                 0M (0%)           10M (1%)           36M (4%)             -                  -          
[2019-02-14T13:15:10.202+0800][7779][gc,heap     ] GC(40)   Garbage:         -               456M (45%)          56M (6%)           56M (6%)             -                  -          
[2019-02-14T13:15:10.202+0800][7779][gc,heap     ] GC(40) Reclaimed:         -                  -               400M (39%)         400M (39%)            -                  -          
[2019-02-14T13:15:10.202+0800][7779][gc          ] GC(40) Garbage Collection (Allocation Stall) 978M(96%)->608M(59%)
[2019-02-14T13:15:10.236+0800][7779][gc,start    ] GC(41) Garbage Collection (Allocation Rate)
[2019-02-14T13:15:10.238+0800][7786][gc,phases   ] GC(41) Pause Mark Start 0.100ms
[2019-02-14T13:15:10.435+0800][7779][gc,phases   ] GC(41) Concurrent Mark 197.229ms
[2019-02-14T13:15:10.435+0800][7786][gc,phases   ] GC(41) Pause Mark End 0.076ms
[2019-02-14T13:15:10.435+0800][7779][gc,phases   ] GC(41) Concurrent Process Non-Strong References 0.130ms
[2019-02-14T13:15:10.435+0800][7779][gc,phases   ] GC(41) Concurrent Reset Relocation Set 0.003ms
[2019-02-14T13:15:10.435+0800][7779][gc,phases   ] GC(41) Concurrent Destroy Detached Pages 0.001ms
[2019-02-14T13:15:10.437+0800][7779][gc,phases   ] GC(41) Concurrent Select Relocation Set 1.496ms
[2019-02-14T13:15:10.437+0800][7779][gc,phases   ] GC(41) Concurrent Prepare Relocation Set 0.061ms
[2019-02-14T13:15:10.437+0800][7786][gc,phases   ] GC(41) Pause Relocate Start 0.239ms
[2019-02-14T13:15:10.439+0800][7779][gc,phases   ] GC(41) Concurrent Relocate 1.808ms
[2019-02-14T13:15:10.439+0800][7779][gc,load     ] GC(41) Load: 0.08/0.03/0.05
[2019-02-14T13:15:10.439+0800][7779][gc,mmu      ] GC(41) MMU: 2ms/20.8%, 5ms/68.3%, 10ms/83.4%, 20ms/91.7%, 50ms/96.5%, 100ms/97.6%
[2019-02-14T13:15:10.439+0800][7779][gc,marking  ] GC(41) Mark: 1 stripe(s), 2 proactive flush(es), 1 terminate flush(es), 0 completion(s), 0 continuation(s) 
[2019-02-14T13:15:10.439+0800][7779][gc,reloc    ] GC(41) Relocation: Successful, 14M relocated
[2019-02-14T13:15:10.439+0800][7779][gc,nmethod  ] GC(41) NMethods: 39 registered, 0 unregistered
[2019-02-14T13:15:10.439+0800][7779][gc,metaspace] GC(41) Metaspace: 4M used, 4M capacity, 5M committed, 8M reserved
[2019-02-14T13:15:10.439+0800][7779][gc,ref      ] GC(41) Soft: 88 encountered, 0 discovered, 0 enqueued
[2019-02-14T13:15:10.439+0800][7779][gc,ref      ] GC(41) Weak: 168 encountered, 108 discovered, 0 enqueued
[2019-02-14T13:15:10.439+0800][7779][gc,ref      ] GC(41) Final: 0 encountered, 0 discovered, 0 enqueued
[2019-02-14T13:15:10.439+0800][7779][gc,ref      ] GC(41) Phantom: 1 encountered, 1 discovered, 0 enqueued
[2019-02-14T13:15:10.439+0800][7779][gc,heap     ] GC(41)                Mark Start          Mark End        Relocate Start      Relocate End           High               Low         
[2019-02-14T13:15:10.439+0800][7779][gc,heap     ] GC(41)  Capacity:     1024M (100%)       1024M (100%)       1024M (100%)       1024M (100%)       1024M (100%)       1024M (100%)   
[2019-02-14T13:15:10.439+0800][7779][gc,heap     ] GC(41)   Reserve:       42M (4%)           42M (4%)           42M (4%)           42M (4%)           42M (4%)           42M (4%)     
[2019-02-14T13:15:10.439+0800][7779][gc,heap     ] GC(41)      Free:      194M (19%)          54M (5%)          264M (26%)         260M (25%)         264M (26%)          54M (5%)     
[2019-02-14T13:15:10.439+0800][7779][gc,heap     ] GC(41)      Used:      788M (77%)         928M (91%)         718M (70%)         722M (71%)         928M (91%)         718M (70%)    
[2019-02-14T13:15:10.439+0800][7779][gc,heap     ] GC(41)      Live:         -               521M (51%)         521M (51%)         521M (51%)            -                  -          
[2019-02-14T13:15:10.439+0800][7779][gc,heap     ] GC(41) Allocated:         -               140M (14%)         140M (14%)         150M (15%)            -                  -          
[2019-02-14T13:15:10.439+0800][7779][gc,heap     ] GC(41)   Garbage:         -               266M (26%)          56M (6%)           60M (6%)             -                  -          
[2019-02-14T13:15:10.439+0800][7779][gc,heap     ] GC(41) Reclaimed:         -                  -               210M (21%)         206M (20%)            -                  -          
[2019-02-14T13:15:10.439+0800][7779][gc          ] GC(41) Garbage Collection (Allocation Rate) 788M(77%)->722M(71%)
[2019-02-14T13:15:10.439+0800][7779][gc,start    ] GC(42) Garbage Collection (System.gc())
[2019-02-14T13:15:10.439+0800][7786][gc,phases   ] GC(42) Pause Mark Start 0.050ms
[2019-02-14T13:15:10.553+0800][7779][gc,phases   ] GC(42) Concurrent Mark 113.429ms
[2019-02-14T13:15:10.553+0800][7786][gc,phases   ] GC(42) Pause Mark End 0.072ms
[2019-02-14T13:15:10.553+0800][7779][gc,phases   ] GC(42) Concurrent Process Non-Strong References 0.088ms
[2019-02-14T13:15:10.553+0800][7779][gc,phases   ] GC(42) Concurrent Reset Relocation Set 0.004ms
[2019-02-14T13:15:10.553+0800][7779][gc,phases   ] GC(42) Concurrent Destroy Detached Pages 0.001ms
[2019-02-14T13:15:10.555+0800][7779][gc,phases   ] GC(42) Concurrent Select Relocation Set 1.507ms
[2019-02-14T13:15:10.555+0800][7779][gc,phases   ] GC(42) Concurrent Prepare Relocation Set 0.111ms
[2019-02-14T13:15:10.555+0800][7786][gc,phases   ] GC(42) Pause Relocate Start 0.188ms
[2019-02-14T13:15:10.557+0800][7779][gc,phases   ] GC(42) Concurrent Relocate 1.875ms
[2019-02-14T13:15:10.557+0800][7779][gc,load     ] GC(42) Load: 0.08/0.03/0.05
[2019-02-14T13:15:10.557+0800][7779][gc,mmu      ] GC(42) MMU: 2ms/20.8%, 5ms/68.3%, 10ms/83.4%, 20ms/91.7%, 50ms/96.5%, 100ms/97.6%
[2019-02-14T13:15:10.557+0800][7779][gc,marking  ] GC(42) Mark: 4 stripe(s), 10 proactive flush(es), 1 terminate flush(es), 0 completion(s), 0 continuation(s) 
[2019-02-14T13:15:10.557+0800][7779][gc,reloc    ] GC(42) Relocation: Successful, 14M relocated
[2019-02-14T13:15:10.557+0800][7779][gc,nmethod  ] GC(42) NMethods: 39 registered, 0 unregistered
[2019-02-14T13:15:10.557+0800][7779][gc,metaspace] GC(42) Metaspace: 4M used, 4M capacity, 5M committed, 8M reserved
[2019-02-14T13:15:10.557+0800][7779][gc,ref      ] GC(42) Soft: 88 encountered, 0 discovered, 0 enqueued
[2019-02-14T13:15:10.557+0800][7779][gc,ref      ] GC(42) Weak: 168 encountered, 26 discovered, 0 enqueued
[2019-02-14T13:15:10.557+0800][7779][gc,ref      ] GC(42) Final: 0 encountered, 0 discovered, 0 enqueued
[2019-02-14T13:15:10.557+0800][7779][gc,ref      ] GC(42) Phantom: 1 encountered, 1 discovered, 0 enqueued
[2019-02-14T13:15:10.557+0800][7779][gc,heap     ] GC(42)                Mark Start          Mark End        Relocate Start      Relocate End           High               Low         
[2019-02-14T13:15:10.557+0800][7779][gc,heap     ] GC(42)  Capacity:     1024M (100%)       1024M (100%)       1024M (100%)       1024M (100%)       1024M (100%)       1024M (100%)   
[2019-02-14T13:15:10.557+0800][7779][gc,heap     ] GC(42)   Reserve:       42M (4%)           42M (4%)           42M (4%)           42M (4%)           42M (4%)           42M (4%)     
[2019-02-14T13:15:10.557+0800][7779][gc,heap     ] GC(42)      Free:      260M (25%)         260M (25%)         400M (39%)         400M (39%)         400M (39%)         260M (25%)    
[2019-02-14T13:15:10.557+0800][7779][gc,heap     ] GC(42)      Used:      722M (71%)         722M (71%)         582M (57%)         582M (57%)         722M (71%)         582M (57%)    
[2019-02-14T13:15:10.557+0800][7779][gc,heap     ] GC(42)      Live:         -               521M (51%)         521M (51%)         521M (51%)            -                  -          
[2019-02-14T13:15:10.557+0800][7779][gc,heap     ] GC(42) Allocated:         -                 0M (0%)            0M (0%)           10M (1%)             -                  -          
[2019-02-14T13:15:10.557+0800][7779][gc,heap     ] GC(42)   Garbage:         -               200M (20%)          60M (6%)           60M (6%)             -                  -          
[2019-02-14T13:15:10.557+0800][7779][gc,heap     ] GC(42) Reclaimed:         -                  -               140M (14%)         140M (14%)            -                  -          
[2019-02-14T13:15:10.557+0800][7779][gc          ] GC(42) Garbage Collection (System.gc()) 722M(71%)->582M(57%)
[2019-02-14T13:15:10.636+0800][7779][gc,start    ] GC(43) Garbage Collection (Allocation Rate)
[2019-02-14T13:15:10.636+0800][7786][gc,phases   ] GC(43) Pause Mark Start 0.083ms
[2019-02-14T13:15:10.669+0800][7772][gc,heap     ] Page Cache Flushed: 2M requested, 10M(400M->390M) flushed
[2019-02-14T13:15:10.670+0800][7772][gc,heap     ] Page Cache Flushed: 32M requested, 40M(390M->350M) flushed
[2019-02-14T13:15:10.683+0800][7772][gc,heap     ] Page Cache Flushed: 26M requested, 30M(350M->320M) flushed
[2019-02-14T13:15:10.697+0800][7772][gc,heap     ] Page Cache Flushed: 28M requested, 30M(320M->290M) flushed
[2019-02-14T13:15:10.711+0800][7772][gc,heap     ] Page Cache Flushed: 30M requested, 30M(290M->260M) flushed
[2019-02-14T13:15:10.822+0800][7779][gc,phases   ] GC(43) Concurrent Mark 186.198ms
[2019-02-14T13:15:10.822+0800][7786][gc,phases   ] GC(43) Pause Mark End 0.089ms
[2019-02-14T13:15:10.823+0800][7779][gc,phases   ] GC(43) Concurrent Process Non-Strong References 0.150ms
[2019-02-14T13:15:10.823+0800][7779][gc,phases   ] GC(43) Concurrent Reset Relocation Set 0.006ms
[2019-02-14T13:15:10.823+0800][7779][gc,phases   ] GC(43) Concurrent Destroy Detached Pages 0.011ms
[2019-02-14T13:15:10.824+0800][7779][gc,phases   ] GC(43) Concurrent Select Relocation Set 1.483ms
[2019-02-14T13:15:10.824+0800][7779][gc,phases   ] GC(43) Concurrent Prepare Relocation Set 0.096ms
[2019-02-14T13:15:10.825+0800][7786][gc,phases   ] GC(43) Pause Relocate Start 0.317ms
[2019-02-14T13:15:10.826+0800][7779][gc,phases   ] GC(43) Concurrent Relocate 1.818ms
[2019-02-14T13:15:10.826+0800][7779][gc,load     ] GC(43) Load: 0.08/0.03/0.05
[2019-02-14T13:15:10.826+0800][7779][gc,mmu      ] GC(43) MMU: 2ms/20.8%, 5ms/68.3%, 10ms/83.4%, 20ms/91.7%, 50ms/96.5%, 100ms/97.6%
[2019-02-14T13:15:10.826+0800][7779][gc,marking  ] GC(43) Mark: 1 stripe(s), 1 proactive flush(es), 1 terminate flush(es), 0 completion(s), 0 continuation(s) 
[2019-02-14T13:15:10.826+0800][7779][gc,reloc    ] GC(43) Relocation: Successful, 14M relocated
[2019-02-14T13:15:10.826+0800][7779][gc,nmethod  ] GC(43) NMethods: 39 registered, 0 unregistered
[2019-02-14T13:15:10.827+0800][7779][gc,metaspace] GC(43) Metaspace: 4M used, 4M capacity, 5M committed, 8M reserved
[2019-02-14T13:15:10.827+0800][7779][gc,ref      ] GC(43) Soft: 88 encountered, 0 discovered, 0 enqueued
[2019-02-14T13:15:10.827+0800][7779][gc,ref      ] GC(43) Weak: 168 encountered, 132 discovered, 0 enqueued
[2019-02-14T13:15:10.827+0800][7779][gc,ref      ] GC(43) Final: 0 encountered, 0 discovered, 0 enqueued
[2019-02-14T13:15:10.827+0800][7779][gc,ref      ] GC(43) Phantom: 1 encountered, 1 discovered, 0 enqueued
[2019-02-14T13:15:10.827+0800][7779][gc,heap     ] GC(43)                Mark Start          Mark End        Relocate Start      Relocate End           High               Low         
[2019-02-14T13:15:10.827+0800][7779][gc,heap     ] GC(43)  Capacity:     1024M (100%)       1024M (100%)       1024M (100%)       1024M (100%)       1024M (100%)       1024M (100%)   
[2019-02-14T13:15:10.827+0800][7779][gc,heap     ] GC(43)   Reserve:       42M (4%)           42M (4%)           42M (4%)           42M (4%)           42M (4%)           32M (3%)     
[2019-02-14T13:15:10.827+0800][7779][gc,heap     ] GC(43)      Free:      400M (39%)           0M (0%)            0M (0%)            0M (0%)          400M (39%)           0M (0%)     
[2019-02-14T13:15:10.827+0800][7779][gc,heap     ] GC(43)      Used:      582M (57%)         982M (96%)         982M (96%)         982M (96%)         992M (97%)         582M (57%)    
[2019-02-14T13:15:10.827+0800][7779][gc,heap     ] GC(43)      Live:         -               521M (51%)         521M (51%)         521M (51%)            -                  -          
[2019-02-14T13:15:10.827+0800][7779][gc,heap     ] GC(43) Allocated:         -               400M (39%)         400M (39%)         410M (40%)            -                  -          
[2019-02-14T13:15:10.827+0800][7779][gc,heap     ] GC(43)   Garbage:         -                60M (6%)           60M (6%)           60M (6%)             -                  -          
[2019-02-14T13:15:10.827+0800][7779][gc,heap     ] GC(43) Reclaimed:         -                  -                 0M (0%)            0M (0%)             -                  -          
[2019-02-14T13:15:10.827+0800][7779][gc          ] GC(43) Garbage Collection (Allocation Rate) 582M(57%)->982M(96%)
[2019-02-14T13:15:10.827+0800][7779][gc,start    ] GC(44) Garbage Collection (Allocation Stall)
[2019-02-14T13:15:10.827+0800][7786][gc,ref      ] GC(44) Clearing All Soft References
[2019-02-14T13:15:10.827+0800][7786][gc,phases   ] GC(44) Pause Mark Start 0.093ms
[2019-02-14T13:15:10.962+0800][7779][gc,phases   ] GC(44) Concurrent Mark 135.566ms
[2019-02-14T13:15:10.963+0800][7786][gc,phases   ] GC(44) Pause Mark End 0.084ms
[2019-02-14T13:15:10.963+0800][7779][gc,phases   ] GC(44) Concurrent Process Non-Strong References 0.102ms
[2019-02-14T13:15:10.963+0800][7779][gc,phases   ] GC(44) Concurrent Reset Relocation Set 0.004ms
[2019-02-14T13:15:10.963+0800][7779][gc,phases   ] GC(44) Concurrent Destroy Detached Pages 0.001ms
[2019-02-14T13:15:10.964+0800][7779][gc,phases   ] GC(44) Concurrent Select Relocation Set 1.472ms
[2019-02-14T13:15:10.964+0800][7772][gc          ] Allocation Stall (main) 188.905ms
[2019-02-14T13:15:10.965+0800][7779][gc,phases   ] GC(44) Concurrent Prepare Relocation Set 0.267ms
[2019-02-14T13:15:10.968+0800][7786][gc,phases   ] GC(44) Pause Relocate Start 0.061ms
[2019-02-14T13:15:10.968+0800][7775][gc,heap     ] GC(44) Page Cache Flushed: 32M requested, 40M(246M->206M) flushed
[2019-02-14T13:15:10.969+0800][7773][gc,heap     ] GC(44) Page Cache Flushed: 24M requested, 30M(206M->176M) flushed
[2019-02-14T13:15:10.971+0800][7774][gc,heap     ] GC(44) Page Cache Flushed: 26M requested, 30M(176M->146M) flushed
[2019-02-14T13:15:10.972+0800][7776][gc,heap     ] GC(44) Page Cache Flushed: 28M requested, 30M(146M->116M) flushed
[2019-02-14T13:15:10.983+0800][7779][gc,phases   ] GC(44) Concurrent Relocate 15.190ms
[2019-02-14T13:15:10.983+0800][7779][gc,load     ] GC(44) Load: 0.08/0.03/0.05
[2019-02-14T13:15:10.983+0800][7779][gc,mmu      ] GC(44) MMU: 2ms/20.8%, 5ms/68.3%, 10ms/83.4%, 20ms/91.7%, 50ms/96.5%, 100ms/97.6%
[2019-02-14T13:15:10.983+0800][7779][gc,marking  ] GC(44) Mark: 4 stripe(s), 10 proactive flush(es), 1 terminate flush(es), 0 completion(s), 0 continuation(s) 
[2019-02-14T13:15:10.983+0800][7779][gc,reloc    ] GC(44) Relocation: Successful, 55M relocated
[2019-02-14T13:15:10.983+0800][7779][gc,nmethod  ] GC(44) NMethods: 39 registered, 0 unregistered
[2019-02-14T13:15:10.983+0800][7779][gc,metaspace] GC(44) Metaspace: 4M used, 4M capacity, 5M committed, 8M reserved
[2019-02-14T13:15:10.983+0800][7779][gc,ref      ] GC(44) Soft: 88 encountered, 47 discovered, 0 enqueued
[2019-02-14T13:15:10.983+0800][7779][gc,ref      ] GC(44) Weak: 168 encountered, 62 discovered, 0 enqueued
[2019-02-14T13:15:10.983+0800][7779][gc,ref      ] GC(44) Final: 0 encountered, 0 discovered, 0 enqueued
[2019-02-14T13:15:10.983+0800][7779][gc,ref      ] GC(44) Phantom: 1 encountered, 0 discovered, 0 enqueued
[2019-02-14T13:15:10.983+0800][7779][gc,heap     ] GC(44)                Mark Start          Mark End        Relocate Start      Relocate End           High               Low         
[2019-02-14T13:15:10.983+0800][7779][gc,heap     ] GC(44)  Capacity:     1024M (100%)       1024M (100%)       1024M (100%)       1024M (100%)       1024M (100%)       1024M (100%)   
[2019-02-14T13:15:10.983+0800][7779][gc,heap     ] GC(44)   Reserve:       42M (4%)           42M (4%)           42M (4%)           42M (4%)           42M (4%)           42M (4%)     
[2019-02-14T13:15:10.983+0800][7779][gc,heap     ] GC(44)      Free:        0M (0%)            0M (0%)          252M (25%)         290M (28%)         290M (28%)           0M (0%)     
[2019-02-14T13:15:10.983+0800][7779][gc,heap     ] GC(44)      Used:      982M (96%)         982M (96%)         730M (71%)         692M (68%)         982M (96%)         692M (68%)    
[2019-02-14T13:15:10.983+0800][7779][gc,heap     ] GC(44)      Live:         -               572M (56%)         572M (56%)         572M (56%)            -                  -          
[2019-02-14T13:15:10.983+0800][7779][gc,heap     ] GC(44) Allocated:         -                 0M (0%)           10M (1%)          270M (26%)            -                  -          
[2019-02-14T13:15:10.983+0800][7779][gc,heap     ] GC(44)   Garbage:         -               409M (40%)         147M (14%)         177M (17%)            -                  -          
[2019-02-14T13:15:10.983+0800][7779][gc,heap     ] GC(44) Reclaimed:         -                  -               262M (26%)         232M (23%)            -                  -          
[2019-02-14T13:15:10.983+0800][7779][gc          ] GC(44) Garbage Collection (Allocation Stall) 982M(96%)->692M(68%)
[2019-02-14T13:15:10.995+0800][7772][gc,heap     ] Page Cache Flushed: 10M requested, 32M(270M->238M) flushed
[2019-02-14T13:15:10.998+0800][7772][gc,heap     ] Page Cache Flushed: 10M requested, 32M(238M->206M) flushed
[2019-02-14T13:15:11.002+0800][7772][gc,heap     ] Page Cache Flushed: 6M requested, 32M(206M->174M) flushed
[2019-02-14T13:15:11.012+0800][7772][gc,heap     ] Page Cache Flushed: 4M requested, 32M(174M->142M) flushed
[2019-02-14T13:15:11.024+0800][7772][gc,heap     ] Page Cache Flushed: 2M requested, 32M(142M->110M) flushed
[2019-02-14T13:15:11.036+0800][7779][gc,start    ] GC(45) Garbage Collection (Allocation Rate)
[2019-02-14T13:15:11.037+0800][7786][gc,phases   ] GC(45) Pause Mark Start 0.065ms
[2019-02-14T13:15:11.037+0800][7772][gc,heap     ] Page Cache Flushed: 10M requested, 32M(110M->78M) flushed
[2019-02-14T13:15:11.049+0800][7772][gc,heap     ] Page Cache Flushed: 8M requested, 32M(78M->46M) flushed
[2019-02-14T13:15:11.060+0800][7772][gc,heap     ] Page Cache Flushed: 6M requested, 32M(46M->14M) flushed
[2019-02-14T13:15:11.071+0800][7772][gc,heap     ] Page Cache Flushed: 4M requested, 4M(14M->10M) flushed
[2019-02-14T13:15:11.074+0800][7772][gc,heap     ] Page Cache Flushed: 10M requested, 10M(10M->0M) flushed
[2019-02-14T13:15:11.244+0800][7779][gc,phases   ] GC(45) Concurrent Mark 206.356ms
[2019-02-14T13:15:11.244+0800][7786][gc,phases   ] GC(45) Pause Mark End 0.087ms
[2019-02-14T13:15:11.244+0800][7779][gc,phases   ] GC(45) Concurrent Process Non-Strong References 0.127ms
[2019-02-14T13:15:11.244+0800][7779][gc,phases   ] GC(45) Concurrent Reset Relocation Set 0.005ms
[2019-02-14T13:15:11.244+0800][7779][gc,phases   ] GC(45) Concurrent Destroy Detached Pages 0.019ms
[2019-02-14T13:15:11.245+0800][7779][gc,phases   ] GC(45) Concurrent Select Relocation Set 1.115ms
[2019-02-14T13:15:11.245+0800][7772][gc          ] Allocation Stall (main) 167.901ms
[2019-02-14T13:15:11.245+0800][7779][gc,phases   ] GC(45) Concurrent Prepare Relocation Set 0.102ms
[2019-02-14T13:15:11.248+0800][7786][gc,phases   ] GC(45) Pause Relocate Start 0.207ms
[2019-02-14T13:15:11.252+0800][7779][gc,phases   ] GC(45) Concurrent Relocate 3.188ms
[2019-02-14T13:15:11.252+0800][7779][gc,load     ] GC(45) Load: 0.08/0.03/0.05
[2019-02-14T13:15:11.252+0800][7779][gc,mmu      ] GC(45) MMU: 2ms/20.8%, 5ms/68.3%, 10ms/83.4%, 20ms/91.7%, 50ms/96.5%, 100ms/97.6%
[2019-02-14T13:15:11.252+0800][7779][gc,marking  ] GC(45) Mark: 1 stripe(s), 1 proactive flush(es), 1 terminate flush(es), 0 completion(s), 0 continuation(s) 
[2019-02-14T13:15:11.252+0800][7779][gc,reloc    ] GC(45) Relocation: Successful, 24M relocated
[2019-02-14T13:15:11.252+0800][7779][gc,nmethod  ] GC(45) NMethods: 39 registered, 0 unregistered
[2019-02-14T13:15:11.252+0800][7779][gc,metaspace] GC(45) Metaspace: 4M used, 4M capacity, 5M committed, 8M reserved
[2019-02-14T13:15:11.252+0800][7779][gc,ref      ] GC(45) Soft: 88 encountered, 0 discovered, 0 enqueued
[2019-02-14T13:15:11.252+0800][7779][gc,ref      ] GC(45) Weak: 168 encountered, 132 discovered, 0 enqueued
[2019-02-14T13:15:11.252+0800][7779][gc,ref      ] GC(45) Final: 0 encountered, 0 discovered, 0 enqueued
[2019-02-14T13:15:11.252+0800][7779][gc,ref      ] GC(45) Phantom: 1 encountered, 1 discovered, 0 enqueued
[2019-02-14T13:15:11.252+0800][7779][gc,heap     ] GC(45)                Mark Start          Mark End        Relocate Start      Relocate End           High               Low         
[2019-02-14T13:15:11.252+0800][7779][gc,heap     ] GC(45)  Capacity:     1024M (100%)       1024M (100%)       1024M (100%)       1024M (100%)       1024M (100%)       1024M (100%)   
[2019-02-14T13:15:11.252+0800][7779][gc,heap     ] GC(45)   Reserve:       42M (4%)           42M (4%)           42M (4%)           42M (4%)           42M (4%)           42M (4%)     
[2019-02-14T13:15:11.252+0800][7779][gc,heap     ] GC(45)      Free:      110M (11%)           0M (0%)          240M (23%)         208M (20%)         240M (23%)           0M (0%)     
[2019-02-14T13:15:11.252+0800][7779][gc,heap     ] GC(45)      Used:      872M (85%)         982M (96%)         742M (72%)         774M (76%)         982M (96%)         742M (72%)    
[2019-02-14T13:15:11.252+0800][7779][gc,heap     ] GC(45)      Live:         -               572M (56%)         572M (56%)         572M (56%)            -                  -          
[2019-02-14T13:15:11.252+0800][7779][gc,heap     ] GC(45) Allocated:         -               110M (11%)         120M (12%)         160M (16%)            -                  -          
[2019-02-14T13:15:11.252+0800][7779][gc,heap     ] GC(45)   Garbage:         -               299M (29%)          49M (5%)           51M (5%)             -                  -          
[2019-02-14T13:15:11.252+0800][7779][gc,heap     ] GC(45) Reclaimed:         -                  -               250M (24%)         248M (24%)            -                  -          
[2019-02-14T13:15:11.252+0800][7779][gc          ] GC(45) Garbage Collection (Allocation Rate) 872M(85%)->774M(76%)
[2019-02-14T13:15:11.290+0800][7779][gc,start    ] GC(46) Garbage Collection (Allocation Stall)
[2019-02-14T13:15:11.290+0800][7786][gc,ref      ] GC(46) Clearing All Soft References
[2019-02-14T13:15:11.290+0800][7786][gc,phases   ] GC(46) Pause Mark Start 0.083ms
[2019-02-14T13:15:11.415+0800][7779][gc,phases   ] GC(46) Concurrent Mark 124.312ms
[2019-02-14T13:15:11.415+0800][7786][gc,phases   ] GC(46) Pause Mark End 0.069ms
[2019-02-14T13:15:11.415+0800][7779][gc,phases   ] GC(46) Concurrent Process Non-Strong References 0.108ms
[2019-02-14T13:15:11.415+0800][7779][gc,phases   ] GC(46) Concurrent Reset Relocation Set 0.003ms
[2019-02-14T13:15:11.415+0800][7779][gc,phases   ] GC(46) Concurrent Destroy Detached Pages 0.001ms
[2019-02-14T13:15:11.415+0800][7772][gc          ] Allocation Stall (main) 124.973ms
[2019-02-14T13:15:11.417+0800][7779][gc,phases   ] GC(46) Concurrent Select Relocation Set 2.124ms
[2019-02-14T13:15:11.417+0800][7779][gc,phases   ] GC(46) Concurrent Prepare Relocation Set 0.150ms
[2019-02-14T13:15:11.418+0800][7786][gc,phases   ] GC(46) Pause Relocate Start 0.061ms
[2019-02-14T13:15:11.422+0800][7779][gc,phases   ] GC(46) Concurrent Relocate 3.658ms
[2019-02-14T13:15:11.422+0800][7779][gc,load     ] GC(46) Load: 0.08/0.03/0.05
[2019-02-14T13:15:11.422+0800][7779][gc,mmu      ] GC(46) MMU: 2ms/20.8%, 5ms/68.3%, 10ms/83.4%, 20ms/91.7%, 50ms/96.5%, 100ms/97.6%
[2019-02-14T13:15:11.422+0800][7779][gc,marking  ] GC(46) Mark: 4 stripe(s), 10 proactive flush(es), 1 terminate flush(es), 0 completion(s), 0 continuation(s) 
[2019-02-14T13:15:11.422+0800][7779][gc,reloc    ] GC(46) Relocation: Successful, 24M relocated
[2019-02-14T13:15:11.422+0800][7779][gc,nmethod  ] GC(46) NMethods: 39 registered, 0 unregistered
[2019-02-14T13:15:11.422+0800][7779][gc,metaspace] GC(46) Metaspace: 4M used, 4M capacity, 5M committed, 8M reserved
[2019-02-14T13:15:11.422+0800][7779][gc,ref      ] GC(46) Soft: 88 encountered, 25 discovered, 0 enqueued
[2019-02-14T13:15:11.422+0800][7779][gc,ref      ] GC(46) Weak: 168 encountered, 150 discovered, 0 enqueued
[2019-02-14T13:15:11.422+0800][7779][gc,ref      ] GC(46) Final: 0 encountered, 0 discovered, 0 enqueued
[2019-02-14T13:15:11.422+0800][7779][gc,ref      ] GC(46) Phantom: 1 encountered, 1 discovered, 0 enqueued
[2019-02-14T13:15:11.422+0800][7779][gc,heap     ] GC(46)                Mark Start          Mark End        Relocate Start      Relocate End           High               Low         
[2019-02-14T13:15:11.422+0800][7779][gc,heap     ] GC(46)  Capacity:     1024M (100%)       1024M (100%)       1024M (100%)       1024M (100%)       1024M (100%)       1024M (100%)   
[2019-02-14T13:15:11.422+0800][7779][gc,heap     ] GC(46)   Reserve:       42M (4%)           42M (4%)           42M (4%)           42M (4%)           42M (4%)           42M (4%)     
[2019-02-14T13:15:11.422+0800][7779][gc,heap     ] GC(46)      Free:        8M (1%)            8M (1%)          350M (34%)         308M (30%)         350M (34%)           0M (0%)     
[2019-02-14T13:15:11.422+0800][7779][gc,heap     ] GC(46)      Used:      974M (95%)         974M (95%)         632M (62%)         674M (66%)         982M (96%)         632M (62%)    
[2019-02-14T13:15:11.422+0800][7779][gc,heap     ] GC(46)      Live:         -               572M (56%)         572M (56%)         572M (56%)            -                  -          
[2019-02-14T13:15:11.422+0800][7779][gc,heap     ] GC(46) Allocated:         -                 0M (0%)           10M (1%)           60M (6%)             -                  -          
[2019-02-14T13:15:11.422+0800][7779][gc,heap     ] GC(46)   Garbage:         -               401M (39%)          49M (5%)           51M (5%)             -                  -          
[2019-02-14T13:15:11.422+0800][7779][gc,heap     ] GC(46) Reclaimed:         -                  -               352M (34%)         350M (34%)            -                  -          
[2019-02-14T13:15:11.422+0800][7779][gc          ] GC(46) Garbage Collection (Allocation Stall) 974M(95%)->674M(66%)
[2019-02-14T13:15:11.431+0800][7779][gc,start    ] GC(47) Garbage Collection (System.gc())
[2019-02-14T13:15:11.431+0800][7786][gc,phases   ] GC(47) Pause Mark Start 0.067ms
[2019-02-14T13:15:11.559+0800][7779][gc,phases   ] GC(47) Concurrent Mark 128.044ms
[2019-02-14T13:15:11.559+0800][7786][gc,phases   ] GC(47) Pause Mark End 0.075ms
[2019-02-14T13:15:11.559+0800][7779][gc,phases   ] GC(47) Concurrent Process Non-Strong References 0.085ms
[2019-02-14T13:15:11.559+0800][7779][gc,phases   ] GC(47) Concurrent Reset Relocation Set 0.003ms
[2019-02-14T13:15:11.559+0800][7779][gc,phases   ] GC(47) Concurrent Destroy Detached Pages 0.001ms
[2019-02-14T13:15:11.561+0800][7779][gc,phases   ] GC(47) Concurrent Select Relocation Set 1.111ms
[2019-02-14T13:15:11.561+0800][7779][gc,phases   ] GC(47) Concurrent Prepare Relocation Set 0.128ms
[2019-02-14T13:15:11.561+0800][7786][gc,phases   ] GC(47) Pause Relocate Start 0.070ms
[2019-02-14T13:15:11.564+0800][7779][gc,phases   ] GC(47) Concurrent Relocate 3.214ms
[2019-02-14T13:15:11.564+0800][7779][gc,load     ] GC(47) Load: 0.08/0.03/0.05
[2019-02-14T13:15:11.564+0800][7779][gc,mmu      ] GC(47) MMU: 2ms/20.8%, 5ms/68.3%, 10ms/83.4%, 20ms/91.7%, 50ms/96.5%, 100ms/97.6%
[2019-02-14T13:15:11.564+0800][7779][gc,marking  ] GC(47) Mark: 4 stripe(s), 10 proactive flush(es), 1 terminate flush(es), 0 completion(s), 0 continuation(s) 
[2019-02-14T13:15:11.564+0800][7779][gc,reloc    ] GC(47) Relocation: Successful, 24M relocated
[2019-02-14T13:15:11.564+0800][7779][gc,nmethod  ] GC(47) NMethods: 39 registered, 0 unregistered
[2019-02-14T13:15:11.564+0800][7779][gc,metaspace] GC(47) Metaspace: 4M used, 4M capacity, 5M committed, 8M reserved
[2019-02-14T13:15:11.564+0800][7779][gc,ref      ] GC(47) Soft: 88 encountered, 0 discovered, 0 enqueued
[2019-02-14T13:15:11.564+0800][7779][gc,ref      ] GC(47) Weak: 168 encountered, 16 discovered, 0 enqueued
[2019-02-14T13:15:11.564+0800][7779][gc,ref      ] GC(47) Final: 0 encountered, 0 discovered, 0 enqueued
[2019-02-14T13:15:11.564+0800][7779][gc,ref      ] GC(47) Phantom: 1 encountered, 1 discovered, 0 enqueued
[2019-02-14T13:15:11.564+0800][7779][gc,heap     ] GC(47)                Mark Start          Mark End        Relocate Start      Relocate End           High               Low         
[2019-02-14T13:15:11.564+0800][7779][gc,heap     ] GC(47)  Capacity:     1024M (100%)       1024M (100%)       1024M (100%)       1024M (100%)       1024M (100%)       1024M (100%)   
[2019-02-14T13:15:11.564+0800][7779][gc,heap     ] GC(47)   Reserve:       42M (4%)           42M (4%)           42M (4%)           42M (4%)           42M (4%)           42M (4%)     
[2019-02-14T13:15:11.564+0800][7779][gc,heap     ] GC(47)      Free:      218M (21%)         218M (21%)         360M (35%)         360M (35%)         360M (35%)         218M (21%)    
[2019-02-14T13:15:11.564+0800][7779][gc,heap     ] GC(47)      Used:      764M (75%)         764M (75%)         622M (61%)         622M (61%)         764M (75%)         622M (61%)    
[2019-02-14T13:15:11.564+0800][7779][gc,heap     ] GC(47)      Live:         -               572M (56%)         572M (56%)         572M (56%)            -                  -          
[2019-02-14T13:15:11.564+0800][7779][gc,heap     ] GC(47) Allocated:         -                 0M (0%)            0M (0%)            8M (1%)             -                  -          
[2019-02-14T13:15:11.564+0800][7779][gc,heap     ] GC(47)   Garbage:         -               191M (19%)          49M (5%)           49M (5%)             -                  -          
[2019-02-14T13:15:11.564+0800][7779][gc,heap     ] GC(47) Reclaimed:         -                  -               142M (14%)         142M (14%)            -                  -          
[2019-02-14T13:15:11.564+0800][7779][gc          ] GC(47) Garbage Collection (System.gc()) 764M(75%)->622M(61%)
[2019-02-14T13:15:11.636+0800][7779][gc,start    ] GC(48) Garbage Collection (Allocation Rate)
[2019-02-14T13:15:11.636+0800][7786][gc,phases   ] GC(48) Pause Mark Start 0.061ms
[2019-02-14T13:15:11.669+0800][7772][gc,heap     ] Page Cache Flushed: 2M requested, 10M(360M->350M) flushed
[2019-02-14T13:15:11.670+0800][7772][gc,heap     ] Page Cache Flushed: 32M requested, 40M(350M->310M) flushed
[2019-02-14T13:15:11.680+0800][7772][gc,heap     ] Page Cache Flushed: 26M requested, 30M(310M->280M) flushed
[2019-02-14T13:15:11.689+0800][7772][gc,heap     ] Page Cache Flushed: 28M requested, 30M(280M->250M) flushed
[2019-02-14T13:15:11.699+0800][7772][gc,heap     ] Page Cache Flushed: 30M requested, 30M(250M->220M) flushed
[2019-02-14T13:15:11.839+0800][7779][gc,phases   ] GC(48) Concurrent Mark 203.221ms
[2019-02-14T13:15:11.839+0800][7786][gc,phases   ] GC(48) Pause Mark End 0.064ms
[2019-02-14T13:15:11.840+0800][7779][gc,phases   ] GC(48) Concurrent Process Non-Strong References 0.107ms
[2019-02-14T13:15:11.840+0800][7779][gc,phases   ] GC(48) Concurrent Reset Relocation Set 0.003ms
[2019-02-14T13:15:11.840+0800][7779][gc,phases   ] GC(48) Concurrent Destroy Detached Pages 0.008ms
[2019-02-14T13:15:11.841+0800][7779][gc,phases   ] GC(48) Concurrent Select Relocation Set 1.138ms
[2019-02-14T13:15:11.841+0800][7779][gc,phases   ] GC(48) Concurrent Prepare Relocation Set 0.107ms
[2019-02-14T13:15:11.841+0800][7786][gc,phases   ] GC(48) Pause Relocate Start 0.177ms
[2019-02-14T13:15:11.845+0800][7779][gc,phases   ] GC(48) Concurrent Relocate 3.466ms
[2019-02-14T13:15:11.845+0800][7779][gc,load     ] GC(48) Load: 0.08/0.03/0.05
[2019-02-14T13:15:11.845+0800][7779][gc,mmu      ] GC(48) MMU: 2ms/20.8%, 5ms/68.3%, 10ms/83.4%, 20ms/91.7%, 50ms/96.5%, 100ms/97.6%
[2019-02-14T13:15:11.845+0800][7779][gc,marking  ] GC(48) Mark: 1 stripe(s), 1 proactive flush(es), 1 terminate flush(es), 0 completion(s), 0 continuation(s) 
[2019-02-14T13:15:11.845+0800][7779][gc,reloc    ] GC(48) Relocation: Successful, 24M relocated
[2019-02-14T13:15:11.845+0800][7779][gc,nmethod  ] GC(48) NMethods: 39 registered, 0 unregistered
[2019-02-14T13:15:11.845+0800][7779][gc,metaspace] GC(48) Metaspace: 4M used, 4M capacity, 5M committed, 8M reserved
[2019-02-14T13:15:11.845+0800][7779][gc,ref      ] GC(48) Soft: 88 encountered, 0 discovered, 0 enqueued
[2019-02-14T13:15:11.845+0800][7779][gc,ref      ] GC(48) Weak: 168 encountered, 108 discovered, 0 enqueued
[2019-02-14T13:15:11.845+0800][7779][gc,ref      ] GC(48) Final: 0 encountered, 0 discovered, 0 enqueued
[2019-02-14T13:15:11.845+0800][7779][gc,ref      ] GC(48) Phantom: 1 encountered, 1 discovered, 0 enqueued
[2019-02-14T13:15:11.845+0800][7779][gc,heap     ] GC(48)                Mark Start          Mark End        Relocate Start      Relocate End           High               Low         
[2019-02-14T13:15:11.845+0800][7779][gc,heap     ] GC(48)  Capacity:     1024M (100%)       1024M (100%)       1024M (100%)       1024M (100%)       1024M (100%)       1024M (100%)   
[2019-02-14T13:15:11.845+0800][7779][gc,heap     ] GC(48)   Reserve:       42M (4%)           42M (4%)           42M (4%)           42M (4%)           42M (4%)           34M (3%)     
[2019-02-14T13:15:11.845+0800][7779][gc,heap     ] GC(48)      Free:      360M (35%)           0M (0%)            0M (0%)            0M (0%)          360M (35%)           0M (0%)     
[2019-02-14T13:15:11.845+0800][7779][gc,heap     ] GC(48)      Used:      622M (61%)         982M (96%)         982M (96%)         982M (96%)         990M (97%)         622M (61%)    
[2019-02-14T13:15:11.845+0800][7779][gc,heap     ] GC(48)      Live:         -               572M (56%)         572M (56%)         572M (56%)            -                  -          
[2019-02-14T13:15:11.845+0800][7779][gc,heap     ] GC(48) Allocated:         -               360M (35%)         360M (35%)         368M (36%)            -                  -          
[2019-02-14T13:15:11.845+0800][7779][gc,heap     ] GC(48)   Garbage:         -                49M (5%)           49M (5%)           49M (5%)             -                  -          
[2019-02-14T13:15:11.845+0800][7779][gc,heap     ] GC(48) Reclaimed:         -                  -                 0M (0%)            0M (0%)             -                  -          
[2019-02-14T13:15:11.845+0800][7779][gc          ] GC(48) Garbage Collection (Allocation Rate) 622M(61%)->982M(96%)
[2019-02-14T13:15:11.845+0800][7779][gc,start    ] GC(49) Garbage Collection (Allocation Stall)
[2019-02-14T13:15:11.845+0800][7786][gc,ref      ] GC(49) Clearing All Soft References
[2019-02-14T13:15:11.845+0800][7786][gc,phases   ] GC(49) Pause Mark Start 0.079ms
[2019-02-14T13:15:11.978+0800][7779][gc,phases   ] GC(49) Concurrent Mark 133.379ms
[2019-02-14T13:15:11.979+0800][7786][gc,phases   ] GC(49) Pause Mark End 0.073ms
[2019-02-14T13:15:11.979+0800][7779][gc,phases   ] GC(49) Concurrent Process Non-Strong References 0.085ms
[2019-02-14T13:15:11.979+0800][7779][gc,phases   ] GC(49) Concurrent Reset Relocation Set 0.002ms
[2019-02-14T13:15:11.979+0800][7779][gc,phases   ] GC(49) Concurrent Destroy Detached Pages 0.000ms
[2019-02-14T13:15:11.980+0800][7772][gc          ] Allocation Stall (main) 238.676ms
[2019-02-14T13:15:11.980+0800][7779][gc,phases   ] GC(49) Concurrent Select Relocation Set 1.158ms
[2019-02-14T13:15:11.981+0800][7779][gc,phases   ] GC(49) Concurrent Prepare Relocation Set 1.322ms
[2019-02-14T13:15:11.982+0800][7786][gc,phases   ] GC(49) Pause Relocate Start 0.099ms
[2019-02-14T13:15:11.983+0800][7773][gc,heap     ] GC(49) Page Cache Flushed: 32M requested, 40M(200M->160M) flushed
[2019-02-14T13:15:11.985+0800][7775][gc,heap     ] GC(49) Page Cache Flushed: 24M requested, 30M(160M->130M) flushed
[2019-02-14T13:15:11.987+0800][7774][gc,heap     ] GC(49) Page Cache Flushed: 26M requested, 30M(130M->100M) flushed
[2019-02-14T13:15:11.999+0800][7772][gc,heap     ] Page Cache Flushed: 10M requested, 32M(136M->104M) flushed
[2019-02-14T13:15:12.002+0800][7779][gc,phases   ] GC(49) Concurrent Relocate 19.790ms
[2019-02-14T13:15:12.002+0800][7779][gc,load     ] GC(49) Load: 0.08/0.03/0.05
[2019-02-14T13:15:12.002+0800][7779][gc,mmu      ] GC(49) MMU: 2ms/20.8%, 5ms/68.3%, 10ms/83.4%, 20ms/91.7%, 50ms/96.5%, 100ms/97.6%
[2019-02-14T13:15:12.002+0800][7779][gc,marking  ] GC(49) Mark: 4 stripe(s), 10 proactive flush(es), 1 terminate flush(es), 0 completion(s), 0 continuation(s) 
[2019-02-14T13:15:12.002+0800][7779][gc,reloc    ] GC(49) Relocation: Successful, 65M relocated
[2019-02-14T13:15:12.002+0800][7779][gc,nmethod  ] GC(49) NMethods: 39 registered, 0 unregistered
[2019-02-14T13:15:12.002+0800][7779][gc,metaspace] GC(49) Metaspace: 4M used, 4M capacity, 5M committed, 8M reserved
[2019-02-14T13:15:12.002+0800][7779][gc,ref      ] GC(49) Soft: 88 encountered, 37 discovered, 0 enqueued
[2019-02-14T13:15:12.002+0800][7779][gc,ref      ] GC(49) Weak: 168 encountered, 64 discovered, 0 enqueued
[2019-02-14T13:15:12.002+0800][7779][gc,ref      ] GC(49) Final: 0 encountered, 0 discovered, 0 enqueued
[2019-02-14T13:15:12.002+0800][7779][gc,ref      ] GC(49) Phantom: 1 encountered, 1 discovered, 0 enqueued
[2019-02-14T13:15:12.002+0800][7779][gc,heap     ] GC(49)                Mark Start          Mark End        Relocate Start      Relocate End           High               Low         
[2019-02-14T13:15:12.002+0800][7779][gc,heap     ] GC(49)  Capacity:     1024M (100%)       1024M (100%)       1024M (100%)       1024M (100%)       1024M (100%)       1024M (100%)   
[2019-02-14T13:15:12.002+0800][7779][gc,heap     ] GC(49)   Reserve:       42M (4%)           42M (4%)           42M (4%)           42M (4%)           42M (4%)           42M (4%)     
[2019-02-14T13:15:12.002+0800][7779][gc,heap     ] GC(49)      Free:        0M (0%)            0M (0%)          210M (21%)         156M (15%)         210M (21%)           0M (0%)     
[2019-02-14T13:15:12.002+0800][7779][gc,heap     ] GC(49)      Used:      982M (96%)         982M (96%)         772M (75%)         826M (81%)         982M (96%)         772M (75%)    
[2019-02-14T13:15:12.002+0800][7779][gc,heap     ] GC(49)      Live:         -               623M (61%)         623M (61%)         623M (61%)            -                  -          
[2019-02-14T13:15:12.002+0800][7779][gc,heap     ] GC(49) Allocated:         -                 0M (0%)           10M (1%)          302M (29%)            -                  -          
[2019-02-14T13:15:12.002+0800][7779][gc,heap     ] GC(49)   Garbage:         -               358M (35%)         138M (14%)         168M (17%)            -                  -          
[2019-02-14T13:15:12.002+0800][7779][gc,heap     ] GC(49) Reclaimed:         -                  -               220M (21%)         190M (19%)            -                  -          
[2019-02-14T13:15:12.002+0800][7779][gc          ] GC(49) Garbage Collection (Allocation Stall) 982M(96%)->826M(81%)
[2019-02-14T13:15:12.003+0800][7772][gc,heap     ] Page Cache Flushed: 10M requested, 32M(172M->140M) flushed
[2019-02-14T13:15:12.005+0800][7772][gc,heap     ] Page Cache Flushed: 4M requested, 32M(140M->108M) flushed
[2019-02-14T13:15:12.013+0800][7772][gc,heap     ] Page Cache Flushed: 2M requested, 32M(108M->76M) flushed
[2019-02-14T13:15:12.024+0800][7772][gc,heap     ] Page Cache Flushed: 10M requested, 32M(76M->44M) flushed
[2019-02-14T13:15:12.032+0800][7772][gc,heap     ] Page Cache Flushed: 8M requested, 32M(44M->12M) flushed
[2019-02-14T13:15:12.036+0800][7779][gc,start    ] GC(50) Garbage Collection (Allocation Rate)
[2019-02-14T13:15:12.038+0800][7786][gc,phases   ] GC(50) Pause Mark Start 0.087ms
[2019-02-14T13:15:12.040+0800][7772][gc,heap     ] Page Cache Flushed: 6M requested, 6M(12M->6M) flushed
[2019-02-14T13:15:12.274+0800][7779][gc,phases   ] GC(50) Concurrent Mark 235.886ms
[2019-02-14T13:15:12.274+0800][7786][gc,phases   ] GC(50) Pause Mark End 0.087ms
[2019-02-14T13:15:12.274+0800][7779][gc,phases   ] GC(50) Concurrent Process Non-Strong References 0.183ms
[2019-02-14T13:15:12.274+0800][7779][gc,phases   ] GC(50) Concurrent Reset Relocation Set 0.284ms
[2019-02-14T13:15:12.274+0800][7779][gc,phases   ] GC(50) Concurrent Destroy Detached Pages 0.021ms
[2019-02-14T13:15:12.276+0800][7779][gc,phases   ] GC(50) Concurrent Select Relocation Set 1.313ms
[2019-02-14T13:15:12.276+0800][7772][gc          ] Allocation Stall (main) 232.888ms
[2019-02-14T13:15:12.276+0800][7779][gc,phases   ] GC(50) Concurrent Prepare Relocation Set 0.552ms
[2019-02-14T13:15:12.277+0800][7786][gc,phases   ] GC(50) Pause Relocate Start 0.101ms
[2019-02-14T13:15:12.285+0800][7779][gc,phases   ] GC(50) Concurrent Relocate 7.480ms
[2019-02-14T13:15:12.285+0800][7779][gc,load     ] GC(50) Load: 0.08/0.03/0.05
[2019-02-14T13:15:12.285+0800][7779][gc,mmu      ] GC(50) MMU: 2ms/20.8%, 5ms/68.3%, 10ms/83.4%, 20ms/91.7%, 50ms/96.5%, 100ms/97.6%
[2019-02-14T13:15:12.285+0800][7779][gc,marking  ] GC(50) Mark: 1 stripe(s), 1 proactive flush(es), 1 terminate flush(es), 0 completion(s), 0 continuation(s) 
[2019-02-14T13:15:12.285+0800][7779][gc,reloc    ] GC(50) Relocation: Successful, 32M relocated
[2019-02-14T13:15:12.285+0800][7779][gc,nmethod  ] GC(50) NMethods: 39 registered, 0 unregistered
[2019-02-14T13:15:12.285+0800][7779][gc,metaspace] GC(50) Metaspace: 4M used, 4M capacity, 5M committed, 8M reserved
[2019-02-14T13:15:12.285+0800][7779][gc,ref      ] GC(50) Soft: 88 encountered, 0 discovered, 0 enqueued
[2019-02-14T13:15:12.285+0800][7779][gc,ref      ] GC(50) Weak: 168 encountered, 121 discovered, 0 enqueued
[2019-02-14T13:15:12.285+0800][7779][gc,ref      ] GC(50) Final: 0 encountered, 0 discovered, 0 enqueued
[2019-02-14T13:15:12.285+0800][7779][gc,ref      ] GC(50) Phantom: 1 encountered, 1 discovered, 0 enqueued
[2019-02-14T13:15:12.285+0800][7779][gc,heap     ] GC(50)                Mark Start          Mark End        Relocate Start      Relocate End           High               Low         
[2019-02-14T13:15:12.285+0800][7779][gc,heap     ] GC(50)  Capacity:     1024M (100%)       1024M (100%)       1024M (100%)       1024M (100%)       1024M (100%)       1024M (100%)   
[2019-02-14T13:15:12.285+0800][7779][gc,heap     ] GC(50)   Reserve:       42M (4%)           42M (4%)           42M (4%)           42M (4%)           42M (4%)           42M (4%)     
[2019-02-14T13:15:12.285+0800][7779][gc,heap     ] GC(50)      Free:       26M (3%)            6M (1%)          256M (25%)         218M (21%)         256M (25%)           6M (1%)     
[2019-02-14T13:15:12.285+0800][7779][gc,heap     ] GC(50)      Used:      956M (93%)         976M (95%)         726M (71%)         764M (75%)         976M (95%)         726M (71%)    
[2019-02-14T13:15:12.285+0800][7779][gc,heap     ] GC(50)      Live:         -               623M (61%)         623M (61%)         623M (61%)            -                  -          
[2019-02-14T13:15:12.285+0800][7779][gc,heap     ] GC(50) Allocated:         -                20M (2%)           30M (3%)           76M (7%)             -                  -          
[2019-02-14T13:15:12.285+0800][7779][gc,heap     ] GC(50)   Garbage:         -               332M (33%)          72M (7%)           70M (7%)             -                  -          
[2019-02-14T13:15:12.285+0800][7779][gc,heap     ] GC(50) Reclaimed:         -                  -               260M (25%)         262M (26%)            -                  -          
[2019-02-14T13:15:12.285+0800][7779][gc          ] GC(50) Garbage Collection (Allocation Rate) 956M(93%)->764M(75%)
[2019-02-14T13:15:12.326+0800][7779][gc,start    ] GC(51) Garbage Collection (Allocation Stall)
[2019-02-14T13:15:12.326+0800][7786][gc,ref      ] GC(51) Clearing All Soft References
[2019-02-14T13:15:12.326+0800][7786][gc,phases   ] GC(51) Pause Mark Start 0.110ms
[2019-02-14T13:15:12.474+0800][7779][gc,phases   ] GC(51) Concurrent Mark 147.675ms
[2019-02-14T13:15:12.474+0800][7786][gc,phases   ] GC(51) Pause Mark End 0.081ms
[2019-02-14T13:15:12.474+0800][7779][gc,phases   ] GC(51) Concurrent Process Non-Strong References 0.094ms
[2019-02-14T13:15:12.474+0800][7779][gc,phases   ] GC(51) Concurrent Reset Relocation Set 0.004ms
[2019-02-14T13:15:12.474+0800][7779][gc,phases   ] GC(51) Concurrent Destroy Detached Pages 0.001ms
[2019-02-14T13:15:12.475+0800][7779][gc,phases   ] GC(51) Concurrent Select Relocation Set 1.463ms
[2019-02-14T13:15:12.475+0800][7772][gc          ] Allocation Stall (main) 149.854ms
[2019-02-14T13:15:12.476+0800][7779][gc,phases   ] GC(51) Concurrent Prepare Relocation Set 0.267ms
[2019-02-14T13:15:12.479+0800][7786][gc,phases   ] GC(51) Pause Relocate Start 0.070ms
[2019-02-14T13:15:12.485+0800][7779][gc,phases   ] GC(51) Concurrent Relocate 6.512ms
[2019-02-14T13:15:12.485+0800][7779][gc,load     ] GC(51) Load: 0.08/0.03/0.05
[2019-02-14T13:15:12.485+0800][7779][gc,mmu      ] GC(51) MMU: 2ms/20.8%, 5ms/68.3%, 10ms/83.4%, 20ms/91.7%, 50ms/96.5%, 100ms/97.6%
[2019-02-14T13:15:12.485+0800][7779][gc,marking  ] GC(51) Mark: 4 stripe(s), 10 proactive flush(es), 1 terminate flush(es), 0 completion(s), 0 continuation(s) 
[2019-02-14T13:15:12.485+0800][7779][gc,reloc    ] GC(51) Relocation: Successful, 30M relocated
[2019-02-14T13:15:12.485+0800][7779][gc,nmethod  ] GC(51) NMethods: 39 registered, 0 unregistered
[2019-02-14T13:15:12.485+0800][7779][gc,metaspace] GC(51) Metaspace: 4M used, 4M capacity, 5M committed, 8M reserved
[2019-02-14T13:15:12.485+0800][7779][gc,ref      ] GC(51) Soft: 88 encountered, 46 discovered, 0 enqueued
[2019-02-14T13:15:12.485+0800][7779][gc,ref      ] GC(51) Weak: 168 encountered, 30 discovered, 0 enqueued
[2019-02-14T13:15:12.485+0800][7779][gc,ref      ] GC(51) Final: 0 encountered, 0 discovered, 0 enqueued
[2019-02-14T13:15:12.485+0800][7779][gc,ref      ] GC(51) Phantom: 1 encountered, 1 discovered, 0 enqueued
[2019-02-14T13:15:12.485+0800][7779][gc,heap     ] GC(51)                Mark Start          Mark End        Relocate Start      Relocate End           High               Low         
[2019-02-14T13:15:12.485+0800][7779][gc,heap     ] GC(51)  Capacity:     1024M (100%)       1024M (100%)       1024M (100%)       1024M (100%)       1024M (100%)       1024M (100%)   
[2019-02-14T13:15:12.485+0800][7779][gc,heap     ] GC(51)   Reserve:       42M (4%)           42M (4%)           42M (4%)           42M (4%)           42M (4%)           42M (4%)     
[2019-02-14T13:15:12.485+0800][7779][gc,heap     ] GC(51)      Free:        8M (1%)            8M (1%)          278M (27%)         238M (23%)         278M (27%)           8M (1%)     
[2019-02-14T13:15:12.485+0800][7779][gc,heap     ] GC(51)      Used:      974M (95%)         974M (95%)         704M (69%)         744M (73%)         974M (95%)         704M (69%)    
[2019-02-14T13:15:12.485+0800][7779][gc,heap     ] GC(51)      Live:         -               623M (61%)         623M (61%)         623M (61%)            -                  -          
[2019-02-14T13:15:12.485+0800][7779][gc,heap     ] GC(51) Allocated:         -                 0M (0%)           10M (1%)           56M (5%)             -                  -          
[2019-02-14T13:15:12.485+0800][7779][gc,heap     ] GC(51)   Garbage:         -               350M (34%)          70M (7%)           70M (7%)             -                  -          
[2019-02-14T13:15:12.485+0800][7779][gc,heap     ] GC(51) Reclaimed:         -                  -               280M (27%)         280M (27%)            -                  -          
[2019-02-14T13:15:12.485+0800][7779][gc          ] GC(51) Garbage Collection (Allocation Stall) 974M(95%)->744M(73%)
[2019-02-14T13:15:12.524+0800][7779][gc,start    ] GC(52) Garbage Collection (System.gc())
[2019-02-14T13:15:12.524+0800][7786][gc,phases   ] GC(52) Pause Mark Start 0.124ms
[2019-02-14T13:15:12.664+0800][7779][gc,phases   ] GC(52) Concurrent Mark 139.703ms
[2019-02-14T13:15:12.664+0800][7786][gc,phases   ] GC(52) Pause Mark End 0.086ms
[2019-02-14T13:15:12.664+0800][7779][gc,phases   ] GC(52) Concurrent Process Non-Strong References 0.098ms
[2019-02-14T13:15:12.664+0800][7779][gc,phases   ] GC(52) Concurrent Reset Relocation Set 0.003ms
[2019-02-14T13:15:12.664+0800][7779][gc,phases   ] GC(52) Concurrent Destroy Detached Pages 0.001ms
[2019-02-14T13:15:12.666+0800][7779][gc,phases   ] GC(52) Concurrent Select Relocation Set 1.462ms
[2019-02-14T13:15:12.666+0800][7779][gc,phases   ] GC(52) Concurrent Prepare Relocation Set 0.153ms
[2019-02-14T13:15:12.666+0800][7786][gc,phases   ] GC(52) Pause Relocate Start 0.065ms
[2019-02-14T13:15:12.669+0800][7779][gc,phases   ] GC(52) Concurrent Relocate 3.553ms
[2019-02-14T13:15:12.670+0800][7779][gc,load     ] GC(52) Load: 0.08/0.03/0.05
[2019-02-14T13:15:12.670+0800][7779][gc,mmu      ] GC(52) MMU: 2ms/20.8%, 5ms/68.3%, 10ms/83.4%, 20ms/91.7%, 50ms/96.5%, 100ms/97.6%
[2019-02-14T13:15:12.670+0800][7779][gc,marking  ] GC(52) Mark: 4 stripe(s), 10 proactive flush(es), 1 terminate flush(es), 0 completion(s), 0 continuation(s) 
[2019-02-14T13:15:12.670+0800][7779][gc,reloc    ] GC(52) Relocation: Successful, 30M relocated
[2019-02-14T13:15:12.670+0800][7779][gc,nmethod  ] GC(52) NMethods: 39 registered, 0 unregistered
[2019-02-14T13:15:12.670+0800][7779][gc,metaspace] GC(52) Metaspace: 4M used, 4M capacity, 5M committed, 8M reserved
[2019-02-14T13:15:12.670+0800][7779][gc,ref      ] GC(52) Soft: 88 encountered, 0 discovered, 0 enqueued
[2019-02-14T13:15:12.670+0800][7779][gc,ref      ] GC(52) Weak: 168 encountered, 95 discovered, 0 enqueued
[2019-02-14T13:15:12.670+0800][7779][gc,ref      ] GC(52) Final: 0 encountered, 0 discovered, 0 enqueued
[2019-02-14T13:15:12.670+0800][7779][gc,ref      ] GC(52) Phantom: 1 encountered, 1 discovered, 0 enqueued
[2019-02-14T13:15:12.670+0800][7779][gc,heap     ] GC(52)                Mark Start          Mark End        Relocate Start      Relocate End           High               Low         
[2019-02-14T13:15:12.670+0800][7779][gc,heap     ] GC(52)  Capacity:     1024M (100%)       1024M (100%)       1024M (100%)       1024M (100%)       1024M (100%)       1024M (100%)   
[2019-02-14T13:15:12.670+0800][7779][gc,heap     ] GC(52)   Reserve:       42M (4%)           42M (4%)           42M (4%)           42M (4%)           42M (4%)           42M (4%)     
[2019-02-14T13:15:12.670+0800][7779][gc,heap     ] GC(52)      Free:       48M (5%)           48M (5%)          288M (28%)         288M (28%)         288M (28%)          48M (5%)     
[2019-02-14T13:15:12.670+0800][7779][gc,heap     ] GC(52)      Used:      934M (91%)         934M (91%)         694M (68%)         694M (68%)         934M (91%)         694M (68%)    
[2019-02-14T13:15:12.670+0800][7779][gc,heap     ] GC(52)      Live:         -               623M (61%)         623M (61%)         623M (61%)            -                  -          
[2019-02-14T13:15:12.670+0800][7779][gc,heap     ] GC(52) Allocated:         -                 0M (0%)            0M (0%)            6M (1%)             -                  -          
[2019-02-14T13:15:12.670+0800][7779][gc,heap     ] GC(52)   Garbage:         -               310M (30%)          70M (7%)           70M (7%)             -                  -          
[2019-02-14T13:15:12.670+0800][7779][gc,heap     ] GC(52) Reclaimed:         -                  -               240M (23%)         240M (23%)            -                  -          
[2019-02-14T13:15:12.670+0800][7779][gc          ] GC(52) Garbage Collection (System.gc()) 934M(91%)->694M(68%)
[2019-02-14T13:15:12.736+0800][7779][gc,start    ] GC(53) Garbage Collection (Allocation Rate)
[2019-02-14T13:15:12.736+0800][7786][gc,phases   ] GC(53) Pause Mark Start 0.089ms
[2019-02-14T13:15:12.774+0800][7772][gc,heap     ] Page Cache Flushed: 2M requested, 10M(280M->270M) flushed
[2019-02-14T13:15:12.776+0800][7772][gc,heap     ] Page Cache Flushed: 26M requested, 30M(270M->240M) flushed
[2019-02-14T13:15:12.789+0800][7772][gc,heap     ] Page Cache Flushed: 28M requested, 30M(240M->210M) flushed
[2019-02-14T13:15:12.801+0800][7772][gc,heap     ] Page Cache Flushed: 30M requested, 30M(210M->180M) flushed
[2019-02-14T13:15:12.811+0800][7772][gc,heap     ] Page Cache Flushed: 32M requested, 40M(180M->140M) flushed
[2019-02-14T13:15:12.960+0800][7779][gc,phases   ] GC(53) Concurrent Mark 223.464ms
[2019-02-14T13:15:12.960+0800][7786][gc,phases   ] GC(53) Pause Mark End 0.110ms
[2019-02-14T13:15:12.960+0800][7779][gc,phases   ] GC(53) Concurrent Process Non-Strong References 0.156ms
[2019-02-14T13:15:12.960+0800][7779][gc,phases   ] GC(53) Concurrent Reset Relocation Set 0.005ms
[2019-02-14T13:15:12.960+0800][7779][gc,phases   ] GC(53) Concurrent Destroy Detached Pages 0.015ms
[2019-02-14T13:15:12.962+0800][7779][gc,phases   ] GC(53) Concurrent Select Relocation Set 1.934ms
[2019-02-14T13:15:12.962+0800][7779][gc,phases   ] GC(53) Concurrent Prepare Relocation Set 0.162ms
[2019-02-14T13:15:12.963+0800][7786][gc,phases   ] GC(53) Pause Relocate Start 0.216ms
[2019-02-14T13:15:12.967+0800][7779][gc,phases   ] GC(53) Concurrent Relocate 4.700ms
[2019-02-14T13:15:12.967+0800][7779][gc,load     ] GC(53) Load: 0.08/0.03/0.05
[2019-02-14T13:15:12.967+0800][7779][gc,mmu      ] GC(53) MMU: 2ms/20.8%, 5ms/68.3%, 10ms/83.4%, 20ms/91.7%, 50ms/96.5%, 100ms/97.6%
[2019-02-14T13:15:12.967+0800][7779][gc,marking  ] GC(53) Mark: 1 stripe(s), 1 proactive flush(es), 1 terminate flush(es), 0 completion(s), 0 continuation(s) 
[2019-02-14T13:15:12.967+0800][7779][gc,reloc    ] GC(53) Relocation: Successful, 30M relocated
[2019-02-14T13:15:12.967+0800][7779][gc,nmethod  ] GC(53) NMethods: 39 registered, 0 unregistered
[2019-02-14T13:15:12.967+0800][7779][gc,metaspace] GC(53) Metaspace: 4M used, 4M capacity, 5M committed, 8M reserved
[2019-02-14T13:15:12.967+0800][7779][gc,ref      ] GC(53) Soft: 88 encountered, 0 discovered, 0 enqueued
[2019-02-14T13:15:12.967+0800][7779][gc,ref      ] GC(53) Weak: 168 encountered, 108 discovered, 0 enqueued
[2019-02-14T13:15:12.967+0800][7779][gc,ref      ] GC(53) Final: 0 encountered, 0 discovered, 0 enqueued
[2019-02-14T13:15:12.967+0800][7779][gc,ref      ] GC(53) Phantom: 1 encountered, 1 discovered, 0 enqueued
[2019-02-14T13:15:12.967+0800][7779][gc,heap     ] GC(53)                Mark Start          Mark End        Relocate Start      Relocate End           High               Low         
[2019-02-14T13:15:12.967+0800][7779][gc,heap     ] GC(53)  Capacity:     1024M (100%)       1024M (100%)       1024M (100%)       1024M (100%)       1024M (100%)       1024M (100%)   
[2019-02-14T13:15:12.967+0800][7779][gc,heap     ] GC(53)   Reserve:       42M (4%)           42M (4%)           42M (4%)           42M (4%)           42M (4%)           42M (4%)     
[2019-02-14T13:15:12.967+0800][7779][gc,heap     ] GC(53)      Free:      288M (28%)           8M (1%)            8M (1%)            8M (1%)          288M (28%)           2M (0%)     
[2019-02-14T13:15:12.967+0800][7779][gc,heap     ] GC(53)      Used:      694M (68%)         974M (95%)         974M (95%)         974M (95%)         980M (96%)         694M (68%)    
[2019-02-14T13:15:12.967+0800][7779][gc,heap     ] GC(53)      Live:         -               623M (61%)         623M (61%)         623M (61%)            -                  -          
[2019-02-14T13:15:12.967+0800][7779][gc,heap     ] GC(53) Allocated:         -               280M (27%)         280M (27%)         286M (28%)            -                  -          
[2019-02-14T13:15:12.967+0800][7779][gc,heap     ] GC(53)   Garbage:         -                70M (7%)           70M (7%)           70M (7%)             -                  -          
[2019-02-14T13:15:12.967+0800][7779][gc,heap     ] GC(53) Reclaimed:         -                  -                 0M (0%)            0M (0%)             -                  -          
[2019-02-14T13:15:12.967+0800][7779][gc          ] GC(53) Garbage Collection (Allocation Rate) 694M(68%)->974M(95%)
[2019-02-14T13:15:12.968+0800][7779][gc,start    ] GC(54) Garbage Collection (Allocation Stall)
[2019-02-14T13:15:12.968+0800][7786][gc,ref      ] GC(54) Clearing All Soft References
[2019-02-14T13:15:12.968+0800][7786][gc,phases   ] GC(54) Pause Mark Start 0.122ms
[2019-02-14T13:15:13.123+0800][7779][gc,phases   ] GC(54) Concurrent Mark 155.053ms
[2019-02-14T13:15:13.123+0800][7786][gc,phases   ] GC(54) Pause Mark End 0.071ms
[2019-02-14T13:15:13.123+0800][7779][gc,phases   ] GC(54) Concurrent Process Non-Strong References 0.079ms
[2019-02-14T13:15:13.123+0800][7779][gc,phases   ] GC(54) Concurrent Reset Relocation Set 0.003ms
[2019-02-14T13:15:13.123+0800][7779][gc,phases   ] GC(54) Concurrent Destroy Detached Pages 0.001ms
[2019-02-14T13:15:13.125+0800][7779][gc,phases   ] GC(54) Concurrent Select Relocation Set 1.555ms
[2019-02-14T13:15:13.125+0800][7779][gc,phases   ] GC(54) Concurrent Prepare Relocation Set 0.104ms
[2019-02-14T13:15:13.125+0800][7786][gc,phases   ] GC(54) Pause Relocate Start 0.062ms
[2019-02-14T13:15:13.125+0800][7772][gc          ] Allocation Stall (main) 285.785ms
[2019-02-14T13:15:13.125+0800][7776][gc,heap     ] GC(54) Page Cache Flushed: 20M requested, 20M(132M->112M) flushed
[2019-02-14T13:15:13.127+0800][7777][gc,heap     ] GC(54) Page Cache Flushed: 32M requested, 40M(112M->72M) flushed
[2019-02-14T13:15:13.130+0800][7774][gc,heap     ] GC(54) Page Cache Flushed: 24M requested, 30M(72M->42M) flushed
[2019-02-14T13:15:13.133+0800][7773][gc,heap     ] GC(54) Page Cache Flushed: 26M requested, 30M(42M->12M) flushed
[2019-02-14T13:15:13.136+0800][7772][gc          ] Allocation Stall (main) 0.044ms
[2019-02-14T13:15:13.142+0800][7772][gc,heap     ] Page Cache Flushed: 10M requested, 32M(130M->98M) flushed
[2019-02-14T13:15:13.153+0800][7772][gc,heap     ] Page Cache Flushed: 10M requested, 32M(100M->68M) flushed
[2019-02-14T13:15:13.159+0800][7772][gc,heap     ] Page Cache Flushed: 4M requested, 32M(166M->134M) flushed
[2019-02-14T13:15:13.162+0800][7779][gc,phases   ] GC(54) Concurrent Relocate 36.711ms
[2019-02-14T13:15:13.162+0800][7779][gc,load     ] GC(54) Load: 0.08/0.03/0.05
[2019-02-14T13:15:13.162+0800][7779][gc,mmu      ] GC(54) MMU: 2ms/20.8%, 5ms/68.3%, 10ms/83.4%, 20ms/91.7%, 50ms/96.5%, 100ms/97.6%
[2019-02-14T13:15:13.162+0800][7779][gc,marking  ] GC(54) Mark: 4 stripe(s), 10 proactive flush(es), 1 terminate flush(es), 0 completion(s), 0 continuation(s) 
[2019-02-14T13:15:13.162+0800][7779][gc,reloc    ] GC(54) Relocation: Successful, 71M relocated
[2019-02-14T13:15:13.162+0800][7779][gc,nmethod  ] GC(54) NMethods: 39 registered, 0 unregistered
[2019-02-14T13:15:13.162+0800][7779][gc,metaspace] GC(54) Metaspace: 4M used, 4M capacity, 5M committed, 8M reserved
[2019-02-14T13:15:13.162+0800][7779][gc,ref      ] GC(54) Soft: 88 encountered, 32 discovered, 0 enqueued
[2019-02-14T13:15:13.162+0800][7779][gc,ref      ] GC(54) Weak: 168 encountered, 24 discovered, 0 enqueued
[2019-02-14T13:15:13.162+0800][7779][gc,ref      ] GC(54) Final: 0 encountered, 0 discovered, 0 enqueued
[2019-02-14T13:15:13.162+0800][7779][gc,ref      ] GC(54) Phantom: 1 encountered, 1 discovered, 0 enqueued
[2019-02-14T13:15:13.162+0800][7779][gc,heap     ] GC(54)                Mark Start          Mark End        Relocate Start      Relocate End           High               Low         
[2019-02-14T13:15:13.162+0800][7779][gc,heap     ] GC(54)  Capacity:     1024M (100%)       1024M (100%)       1024M (100%)       1024M (100%)       1024M (100%)       1024M (100%)   
[2019-02-14T13:15:13.162+0800][7779][gc,heap     ] GC(54)   Reserve:       42M (4%)           42M (4%)           42M (4%)           42M (4%)           42M (4%)           16M (2%)     
[2019-02-14T13:15:13.162+0800][7779][gc,heap     ] GC(54)      Free:        8M (1%)            8M (1%)          138M (13%)         194M (19%)         194M (19%)           0M (0%)     
[2019-02-14T13:15:13.162+0800][7779][gc,heap     ] GC(54)      Used:      974M (95%)         974M (95%)         844M (82%)         788M (77%)        1008M (98%)         788M (77%)    
[2019-02-14T13:15:13.162+0800][7779][gc,heap     ] GC(54)      Live:         -               673M (66%)         673M (66%)         673M (66%)            -                  -          
[2019-02-14T13:15:13.162+0800][7779][gc,heap     ] GC(54) Allocated:         -                 0M (0%)           10M (1%)          248M (24%)            -                  -          
[2019-02-14T13:15:13.162+0800][7779][gc,heap     ] GC(54)   Garbage:         -               300M (29%)         160M (16%)         192M (19%)            -                  -          
[2019-02-14T13:15:13.162+0800][7779][gc,heap     ] GC(54) Reclaimed:         -                  -               140M (14%)         108M (11%)            -                  -          
[2019-02-14T13:15:13.162+0800][7779][gc          ] GC(54) Garbage Collection (Allocation Stall) 974M(95%)->788M(77%)
[2019-02-14T13:15:13.169+0800][7772][gc,heap     ] Page Cache Flushed: 2M requested, 32M(166M->134M) flushed
[2019-02-14T13:15:13.183+0800][7772][gc,heap     ] Page Cache Flushed: 10M requested, 32M(134M->102M) flushed
[2019-02-14T13:15:13.194+0800][7772][gc,heap     ] Page Cache Flushed: 8M requested, 32M(102M->70M) flushed
[2019-02-14T13:15:13.205+0800][7772][gc,heap     ] Page Cache Flushed: 6M requested, 32M(70M->38M) flushed
[2019-02-14T13:15:13.216+0800][7772][gc,heap     ] Page Cache Flushed: 4M requested, 32M(38M->6M) flushed
[2019-02-14T13:15:13.227+0800][7772][gc,heap     ] Page Cache Flushed: 2M requested, 2M(6M->4M) flushed
[2019-02-14T13:15:13.230+0800][7779][gc,start    ] GC(55) Garbage Collection (Allocation Stall)
[2019-02-14T13:15:13.231+0800][7786][gc,ref      ] GC(55) Clearing All Soft References
[2019-02-14T13:15:13.231+0800][7786][gc,phases   ] GC(55) Pause Mark Start 0.124ms
[2019-02-14T13:15:13.390+0800][7779][gc,phases   ] GC(55) Concurrent Mark 159.588ms
[2019-02-14T13:15:13.390+0800][7786][gc,phases   ] GC(55) Pause Mark End 0.077ms
[2019-02-14T13:15:13.391+0800][7779][gc,phases   ] GC(55) Concurrent Process Non-Strong References 0.113ms
[2019-02-14T13:15:13.391+0800][7779][gc,phases   ] GC(55) Concurrent Reset Relocation Set 0.005ms
[2019-02-14T13:15:13.391+0800][7779][gc,phases   ] GC(55) Concurrent Destroy Detached Pages 0.015ms
[2019-02-14T13:15:13.392+0800][7779][gc,phases   ] GC(55) Concurrent Select Relocation Set 1.476ms
[2019-02-14T13:15:13.392+0800][7772][gc          ] Allocation Stall (main) 161.835ms
[2019-02-14T13:15:13.392+0800][7779][gc,phases   ] GC(55) Concurrent Prepare Relocation Set 0.135ms
[2019-02-14T13:15:13.395+0800][7786][gc,phases   ] GC(55) Pause Relocate Start 0.065ms
[2019-02-14T13:15:13.398+0800][7779][gc,phases   ] GC(55) Concurrent Relocate 2.471ms
[2019-02-14T13:15:13.398+0800][7779][gc,load     ] GC(55) Load: 0.08/0.03/0.05
[2019-02-14T13:15:13.398+0800][7779][gc,mmu      ] GC(55) MMU: 2ms/20.8%, 5ms/68.3%, 10ms/83.4%, 20ms/91.7%, 50ms/96.5%, 100ms/97.6%
[2019-02-14T13:15:13.398+0800][7779][gc,marking  ] GC(55) Mark: 4 stripe(s), 10 proactive flush(es), 1 terminate flush(es), 0 completion(s), 0 continuation(s) 
[2019-02-14T13:15:13.398+0800][7779][gc,reloc    ] GC(55) Relocation: Successful, 40M relocated
[2019-02-14T13:15:13.398+0800][7779][gc,nmethod  ] GC(55) NMethods: 39 registered, 0 unregistered
[2019-02-14T13:15:13.398+0800][7779][gc,metaspace] GC(55) Metaspace: 4M used, 4M capacity, 5M committed, 8M reserved
[2019-02-14T13:15:13.398+0800][7779][gc,ref      ] GC(55) Soft: 88 encountered, 36 discovered, 0 enqueued
[2019-02-14T13:15:13.398+0800][7779][gc,ref      ] GC(55) Weak: 168 encountered, 112 discovered, 0 enqueued
[2019-02-14T13:15:13.398+0800][7779][gc,ref      ] GC(55) Final: 0 encountered, 0 discovered, 0 enqueued
[2019-02-14T13:15:13.398+0800][7779][gc,ref      ] GC(55) Phantom: 1 encountered, 1 discovered, 0 enqueued
[2019-02-14T13:15:13.398+0800][7779][gc,heap     ] GC(55)                Mark Start          Mark End        Relocate Start      Relocate End           High               Low         
[2019-02-14T13:15:13.398+0800][7779][gc,heap     ] GC(55)  Capacity:     1024M (100%)       1024M (100%)       1024M (100%)       1024M (100%)       1024M (100%)       1024M (100%)   
[2019-02-14T13:15:13.398+0800][7779][gc,heap     ] GC(55)   Reserve:       42M (4%)           42M (4%)           42M (4%)           42M (4%)           42M (4%)           42M (4%)     
[2019-02-14T13:15:13.398+0800][7779][gc,heap     ] GC(55)      Free:        4M (0%)            4M (0%)          234M (23%)         216M (21%)         234M (23%)           4M (0%)     
[2019-02-14T13:15:13.398+0800][7779][gc,heap     ] GC(55)      Used:      978M (96%)         978M (96%)         748M (73%)         766M (75%)         978M (96%)         748M (73%)    
[2019-02-14T13:15:13.398+0800][7779][gc,heap     ] GC(55)      Live:         -               673M (66%)         673M (66%)         673M (66%)            -                  -          
[2019-02-14T13:15:13.398+0800][7779][gc,heap     ] GC(55) Allocated:         -                 0M (0%)           10M (1%)           34M (3%)             -                  -          
[2019-02-14T13:15:13.398+0800][7779][gc,heap     ] GC(55)   Garbage:         -               304M (30%)          64M (6%)           62M (6%)             -                  -          
[2019-02-14T13:15:13.398+0800][7779][gc,heap     ] GC(55) Reclaimed:         -                  -               240M (23%)         242M (24%)            -                  -          
[2019-02-14T13:15:13.398+0800][7779][gc          ] GC(55) Garbage Collection (Allocation Stall) 978M(96%)->766M(75%)
[2019-02-14T13:15:13.435+0800][7779][gc,start    ] GC(56) Garbage Collection (Allocation Rate)
[2019-02-14T13:15:13.438+0800][7786][gc,phases   ] GC(56) Pause Mark Start 0.104ms
[2019-02-14T13:15:13.675+0800][7779][gc,phases   ] GC(56) Concurrent Mark 237.113ms
[2019-02-14T13:15:13.675+0800][7786][gc,phases   ] GC(56) Pause Mark End 0.083ms
[2019-02-14T13:15:13.675+0800][7779][gc,phases   ] GC(56) Concurrent Process Non-Strong References 0.140ms
[2019-02-14T13:15:13.675+0800][7779][gc,phases   ] GC(56) Concurrent Reset Relocation Set 0.004ms
[2019-02-14T13:15:13.675+0800][7779][gc,phases   ] GC(56) Concurrent Destroy Detached Pages 0.001ms
[2019-02-14T13:15:13.676+0800][7779][gc,phases   ] GC(56) Concurrent Select Relocation Set 1.295ms
[2019-02-14T13:15:13.676+0800][7772][gc          ] Allocation Stall (main) 231.481ms
[2019-02-14T13:15:13.677+0800][7779][gc,phases   ] GC(56) Concurrent Prepare Relocation Set 0.101ms
[2019-02-14T13:15:13.679+0800][7786][gc,phases   ] GC(56) Pause Relocate Start 0.078ms
[2019-02-14T13:15:13.682+0800][7779][gc,phases   ] GC(56) Concurrent Relocate 2.914ms
[2019-02-14T13:15:13.682+0800][7779][gc,load     ] GC(56) Load: 0.08/0.03/0.05
[2019-02-14T13:15:13.682+0800][7779][gc,mmu      ] GC(56) MMU: 2ms/20.8%, 5ms/68.3%, 10ms/83.4%, 20ms/91.7%, 50ms/96.5%, 100ms/97.6%
[2019-02-14T13:15:13.682+0800][7779][gc,marking  ] GC(56) Mark: 1 stripe(s), 1 proactive flush(es), 1 terminate flush(es), 0 completion(s), 0 continuation(s) 
[2019-02-14T13:15:13.682+0800][7779][gc,reloc    ] GC(56) Relocation: Successful, 40M relocated
[2019-02-14T13:15:13.682+0800][7779][gc,nmethod  ] GC(56) NMethods: 39 registered, 0 unregistered
[2019-02-14T13:15:13.682+0800][7779][gc,metaspace] GC(56) Metaspace: 4M used, 4M capacity, 5M committed, 8M reserved
[2019-02-14T13:15:13.682+0800][7779][gc,ref      ] GC(56) Soft: 88 encountered, 0 discovered, 0 enqueued
[2019-02-14T13:15:13.682+0800][7779][gc,ref      ] GC(56) Weak: 168 encountered, 108 discovered, 0 enqueued
[2019-02-14T13:15:13.683+0800][7779][gc,ref      ] GC(56) Final: 0 encountered, 0 discovered, 0 enqueued
[2019-02-14T13:15:13.683+0800][7779][gc,ref      ] GC(56) Phantom: 1 encountered, 1 discovered, 0 enqueued
[2019-02-14T13:15:13.683+0800][7779][gc,heap     ] GC(56)                Mark Start          Mark End        Relocate Start      Relocate End           High               Low         
[2019-02-14T13:15:13.683+0800][7779][gc,heap     ] GC(56)  Capacity:     1024M (100%)       1024M (100%)       1024M (100%)       1024M (100%)       1024M (100%)       1024M (100%)   
[2019-02-14T13:15:13.683+0800][7779][gc,heap     ] GC(56)   Reserve:       42M (4%)           42M (4%)           42M (4%)           42M (4%)           42M (4%)           42M (4%)     
[2019-02-14T13:15:13.683+0800][7779][gc,heap     ] GC(56)      Free:       26M (3%)            6M (1%)          216M (21%)         194M (19%)         216M (21%)           6M (1%)     
[2019-02-14T13:15:13.683+0800][7779][gc,heap     ] GC(56)      Used:      956M (93%)         976M (95%)         766M (75%)         788M (77%)         976M (95%)         766M (75%)    
[2019-02-14T13:15:13.683+0800][7779][gc,heap     ] GC(56)      Live:         -               673M (66%)         673M (66%)         673M (66%)            -                  -          
[2019-02-14T13:15:13.683+0800][7779][gc,heap     ] GC(56) Allocated:         -                20M (2%)           30M (3%)           56M (5%)             -                  -          
[2019-02-14T13:15:13.683+0800][7779][gc,heap     ] GC(56)   Garbage:         -               282M (28%)          62M (6%)           64M (6%)             -                  -          
[2019-02-14T13:15:13.683+0800][7779][gc,heap     ] GC(56) Reclaimed:         -                  -               220M (21%)         218M (21%)            -                  -          
[2019-02-14T13:15:13.683+0800][7779][gc          ] GC(56) Garbage Collection (Allocation Rate) 956M(93%)->788M(77%)
[2019-02-14T13:15:13.718+0800][7779][gc,start    ] GC(57) Garbage Collection (Allocation Stall)
[2019-02-14T13:15:13.719+0800][7786][gc,ref      ] GC(57) Clearing All Soft References
[2019-02-14T13:15:13.719+0800][7786][gc,phases   ] GC(57) Pause Mark Start 0.126ms
[2019-02-14T13:15:13.867+0800][7779][gc,phases   ] GC(57) Concurrent Mark 147.916ms
[2019-02-14T13:15:13.867+0800][7786][gc,phases   ] GC(57) Pause Mark End 0.088ms
[2019-02-14T13:15:13.867+0800][7779][gc,phases   ] GC(57) Concurrent Process Non-Strong References 0.102ms
[2019-02-14T13:15:13.867+0800][7779][gc,phases   ] GC(57) Concurrent Reset Relocation Set 0.004ms
[2019-02-14T13:15:13.867+0800][7779][gc,phases   ] GC(57) Concurrent Destroy Detached Pages 0.001ms
[2019-02-14T13:15:13.869+0800][7779][gc,phases   ] GC(57) Concurrent Select Relocation Set 1.464ms
[2019-02-14T13:15:13.869+0800][7772][gc          ] Allocation Stall (main) 150.228ms
[2019-02-14T13:15:13.869+0800][7779][gc,phases   ] GC(57) Concurrent Prepare Relocation Set 0.144ms
[2019-02-14T13:15:13.872+0800][7786][gc,phases   ] GC(57) Pause Relocate Start 0.088ms
[2019-02-14T13:15:13.875+0800][7779][gc,phases   ] GC(57) Concurrent Relocate 2.939ms
[2019-02-14T13:15:13.875+0800][7779][gc,load     ] GC(57) Load: 0.08/0.03/0.05
[2019-02-14T13:15:13.875+0800][7779][gc,mmu      ] GC(57) MMU: 2ms/20.8%, 5ms/68.3%, 10ms/83.4%, 20ms/91.7%, 50ms/96.5%, 100ms/97.6%
[2019-02-14T13:15:13.875+0800][7779][gc,marking  ] GC(57) Mark: 4 stripe(s), 10 proactive flush(es), 1 terminate flush(es), 0 completion(s), 0 continuation(s) 
[2019-02-14T13:15:13.875+0800][7779][gc,reloc    ] GC(57) Relocation: Successful, 40M relocated
[2019-02-14T13:15:13.875+0800][7779][gc,nmethod  ] GC(57) NMethods: 39 registered, 0 unregistered
[2019-02-14T13:15:13.875+0800][7779][gc,metaspace] GC(57) Metaspace: 4M used, 4M capacity, 5M committed, 8M reserved
[2019-02-14T13:15:13.875+0800][7779][gc,ref      ] GC(57) Soft: 88 encountered, 41 discovered, 0 enqueued
[2019-02-14T13:15:13.875+0800][7779][gc,ref      ] GC(57) Weak: 168 encountered, 44 discovered, 0 enqueued
[2019-02-14T13:15:13.875+0800][7779][gc,ref      ] GC(57) Final: 0 encountered, 0 discovered, 0 enqueued
[2019-02-14T13:15:13.875+0800][7779][gc,ref      ] GC(57) Phantom: 1 encountered, 1 discovered, 0 enqueued
[2019-02-14T13:15:13.875+0800][7779][gc,heap     ] GC(57)                Mark Start          Mark End        Relocate Start      Relocate End           High               Low         
[2019-02-14T13:15:13.875+0800][7779][gc,heap     ] GC(57)  Capacity:     1024M (100%)       1024M (100%)       1024M (100%)       1024M (100%)       1024M (100%)       1024M (100%)   
[2019-02-14T13:15:13.875+0800][7779][gc,heap     ] GC(57)   Reserve:       42M (4%)           42M (4%)           42M (4%)           42M (4%)           42M (4%)           42M (4%)     
[2019-02-14T13:15:13.875+0800][7779][gc,heap     ] GC(57)      Free:        4M (0%)            4M (0%)          234M (23%)         216M (21%)         234M (23%)           4M (0%)     
[2019-02-14T13:15:13.875+0800][7779][gc,heap     ] GC(57)      Used:      978M (96%)         978M (96%)         748M (73%)         766M (75%)         978M (96%)         748M (73%)    
[2019-02-14T13:15:13.875+0800][7779][gc,heap     ] GC(57)      Live:         -               673M (66%)         673M (66%)         673M (66%)            -                  -          
[2019-02-14T13:15:13.875+0800][7779][gc,heap     ] GC(57) Allocated:         -                 0M (0%)           10M (1%)           34M (3%)             -                  -          
[2019-02-14T13:15:13.875+0800][7779][gc,heap     ] GC(57)   Garbage:         -               304M (30%)          64M (6%)           62M (6%)             -                  -          
[2019-02-14T13:15:13.875+0800][7779][gc,heap     ] GC(57) Reclaimed:         -                  -               240M (23%)         242M (24%)            -                  -          
[2019-02-14T13:15:13.875+0800][7779][gc          ] GC(57) Garbage Collection (Allocation Stall) 978M(96%)->766M(75%)
[2019-02-14T13:15:13.889+0800][7779][gc,start    ] GC(58) Garbage Collection (System.gc())
[2019-02-14T13:15:13.889+0800][7786][gc,phases   ] GC(58) Pause Mark Start 0.099ms
[2019-02-14T13:15:14.058+0800][7779][gc,phases   ] GC(58) Concurrent Mark 168.739ms
[2019-02-14T13:15:14.058+0800][7786][gc,phases   ] GC(58) Pause Mark End 0.103ms
[2019-02-14T13:15:14.058+0800][7779][gc,phases   ] GC(58) Concurrent Process Non-Strong References 0.115ms
[2019-02-14T13:15:14.058+0800][7779][gc,phases   ] GC(58) Concurrent Reset Relocation Set 0.003ms
[2019-02-14T13:15:14.058+0800][7779][gc,phases   ] GC(58) Concurrent Destroy Detached Pages 0.001ms
[2019-02-14T13:15:14.060+0800][7779][gc,phases   ] GC(58) Concurrent Select Relocation Set 1.357ms
[2019-02-14T13:15:14.060+0800][7779][gc,phases   ] GC(58) Concurrent Prepare Relocation Set 0.101ms
[2019-02-14T13:15:14.060+0800][7786][gc,phases   ] GC(58) Pause Relocate Start 0.080ms
[2019-02-14T13:15:14.062+0800][7779][gc,phases   ] GC(58) Concurrent Relocate 1.784ms
[2019-02-14T13:15:14.062+0800][7779][gc,load     ] GC(58) Load: 0.08/0.03/0.05
[2019-02-14T13:15:14.062+0800][7779][gc,mmu      ] GC(58) MMU: 2ms/20.8%, 5ms/68.3%, 10ms/83.4%, 20ms/91.7%, 50ms/96.5%, 100ms/97.6%
[2019-02-14T13:15:14.062+0800][7779][gc,marking  ] GC(58) Mark: 4 stripe(s), 10 proactive flush(es), 1 terminate flush(es), 0 completion(s), 0 continuation(s) 
[2019-02-14T13:15:14.062+0800][7779][gc,reloc    ] GC(58) Relocation: Successful, 40M relocated
[2019-02-14T13:15:14.062+0800][7779][gc,nmethod  ] GC(58) NMethods: 39 registered, 0 unregistered
[2019-02-14T13:15:14.062+0800][7779][gc,metaspace] GC(58) Metaspace: 4M used, 4M capacity, 5M committed, 8M reserved
[2019-02-14T13:15:14.062+0800][7779][gc,ref      ] GC(58) Soft: 88 encountered, 0 discovered, 0 enqueued
[2019-02-14T13:15:14.062+0800][7779][gc,ref      ] GC(58) Weak: 168 encountered, 71 discovered, 0 enqueued
[2019-02-14T13:15:14.062+0800][7779][gc,ref      ] GC(58) Final: 0 encountered, 0 discovered, 0 enqueued
[2019-02-14T13:15:14.062+0800][7779][gc,ref      ] GC(58) Phantom: 1 encountered, 1 discovered, 0 enqueued
[2019-02-14T13:15:14.062+0800][7779][gc,heap     ] GC(58)                Mark Start          Mark End        Relocate Start      Relocate End           High               Low         
[2019-02-14T13:15:14.062+0800][7779][gc,heap     ] GC(58)  Capacity:     1024M (100%)       1024M (100%)       1024M (100%)       1024M (100%)       1024M (100%)       1024M (100%)   
[2019-02-14T13:15:14.062+0800][7779][gc,heap     ] GC(58)   Reserve:       42M (4%)           42M (4%)           42M (4%)           42M (4%)           42M (4%)           42M (4%)     
[2019-02-14T13:15:14.062+0800][7779][gc,heap     ] GC(58)      Free:       86M (8%)           86M (8%)          246M (24%)         244M (24%)         246M (24%)          86M (8%)     
[2019-02-14T13:15:14.062+0800][7779][gc,heap     ] GC(58)      Used:      896M (88%)         896M (88%)         736M (72%)         738M (72%)         896M (88%)         736M (72%)    
[2019-02-14T13:15:14.062+0800][7779][gc,heap     ] GC(58)      Live:         -               673M (66%)         673M (66%)         673M (66%)            -                  -          
[2019-02-14T13:15:14.062+0800][7779][gc,heap     ] GC(58) Allocated:         -                 0M (0%)            0M (0%)            6M (1%)             -                  -          
[2019-02-14T13:15:14.062+0800][7779][gc,heap     ] GC(58)   Garbage:         -               222M (22%)          62M (6%)           64M (6%)             -                  -          
[2019-02-14T13:15:14.062+0800][7779][gc,heap     ] GC(58) Reclaimed:         -                  -               160M (16%)         158M (15%)            -                  -          
[2019-02-14T13:15:14.062+0800][7779][gc          ] GC(58) Garbage Collection (System.gc()) 896M(88%)->738M(72%)
[2019-02-14T13:15:14.136+0800][7779][gc,start    ] GC(59) Garbage Collection (Allocation Rate)
[2019-02-14T13:15:14.136+0800][7786][gc,phases   ] GC(59) Pause Mark Start 0.070ms
[2019-02-14T13:15:14.163+0800][7772][gc,heap     ] Page Cache Flushed: 2M requested, 10M(240M->230M) flushed
[2019-02-14T13:15:14.168+0800][7772][gc,heap     ] Page Cache Flushed: 30M requested, 30M(230M->200M) flushed
[2019-02-14T13:15:14.178+0800][7772][gc,heap     ] Page Cache Flushed: 32M requested, 40M(200M->160M) flushed
[2019-02-14T13:15:14.188+0800][7772][gc,heap     ] Page Cache Flushed: 24M requested, 30M(160M->130M) flushed
[2019-02-14T13:15:14.197+0800][7772][gc,heap     ] Page Cache Flushed: 26M requested, 30M(130M->100M) flushed
[2019-02-14T13:15:14.371+0800][7779][gc,phases   ] GC(59) Concurrent Mark 235.010ms
[2019-02-14T13:15:14.371+0800][7786][gc,phases   ] GC(59) Pause Mark End 0.068ms
[2019-02-14T13:15:14.372+0800][7779][gc,phases   ] GC(59) Concurrent Process Non-Strong References 0.107ms
[2019-02-14T13:15:14.372+0800][7779][gc,phases   ] GC(59) Concurrent Reset Relocation Set 0.002ms
[2019-02-14T13:15:14.372+0800][7779][gc,phases   ] GC(59) Concurrent Destroy Detached Pages 0.007ms
[2019-02-14T13:15:14.373+0800][7779][gc,phases   ] GC(59) Concurrent Select Relocation Set 1.124ms
[2019-02-14T13:15:14.373+0800][7779][gc,phases   ] GC(59) Concurrent Prepare Relocation Set 0.046ms
[2019-02-14T13:15:14.373+0800][7786][gc,phases   ] GC(59) Pause Relocate Start 0.193ms
[2019-02-14T13:15:14.375+0800][7779][gc,phases   ] GC(59) Concurrent Relocate 1.557ms
[2019-02-14T13:15:14.375+0800][7779][gc,load     ] GC(59) Load: 0.08/0.03/0.05
[2019-02-14T13:15:14.375+0800][7779][gc,mmu      ] GC(59) MMU: 2ms/20.8%, 5ms/68.3%, 10ms/83.4%, 20ms/91.7%, 50ms/96.5%, 100ms/97.6%
[2019-02-14T13:15:14.375+0800][7779][gc,marking  ] GC(59) Mark: 1 stripe(s), 1 proactive flush(es), 1 terminate flush(es), 0 completion(s), 0 continuation(s) 
[2019-02-14T13:15:14.375+0800][7779][gc,reloc    ] GC(59) Relocation: Successful, 40M relocated
[2019-02-14T13:15:14.375+0800][7779][gc,nmethod  ] GC(59) NMethods: 39 registered, 0 unregistered
[2019-02-14T13:15:14.375+0800][7779][gc,metaspace] GC(59) Metaspace: 4M used, 4M capacity, 5M committed, 8M reserved
[2019-02-14T13:15:14.375+0800][7779][gc,ref      ] GC(59) Soft: 88 encountered, 0 discovered, 0 enqueued
[2019-02-14T13:15:14.375+0800][7779][gc,ref      ] GC(59) Weak: 168 encountered, 108 discovered, 0 enqueued
[2019-02-14T13:15:14.375+0800][7779][gc,ref      ] GC(59) Final: 0 encountered, 0 discovered, 0 enqueued
[2019-02-14T13:15:14.375+0800][7779][gc,ref      ] GC(59) Phantom: 1 encountered, 1 discovered, 0 enqueued
[2019-02-14T13:15:14.375+0800][7779][gc,heap     ] GC(59)                Mark Start          Mark End        Relocate Start      Relocate End           High               Low         
[2019-02-14T13:15:14.375+0800][7779][gc,heap     ] GC(59)  Capacity:     1024M (100%)       1024M (100%)       1024M (100%)       1024M (100%)       1024M (100%)       1024M (100%)   
[2019-02-14T13:15:14.375+0800][7779][gc,heap     ] GC(59)   Reserve:       42M (4%)           42M (4%)           42M (4%)           42M (4%)           42M (4%)           40M (4%)     
[2019-02-14T13:15:14.375+0800][7779][gc,heap     ] GC(59)      Free:      244M (24%)           4M (0%)            4M (0%)            4M (0%)          244M (24%)           0M (0%)     
[2019-02-14T13:15:14.375+0800][7779][gc,heap     ] GC(59)      Used:      738M (72%)         978M (96%)         978M (96%)         978M (96%)         984M (96%)         738M (72%)    
[2019-02-14T13:15:14.375+0800][7779][gc,heap     ] GC(59)      Live:         -               673M (66%)         673M (66%)         673M (66%)            -                  -          
[2019-02-14T13:15:14.375+0800][7779][gc,heap     ] GC(59) Allocated:         -               240M (23%)         240M (23%)         246M (24%)            -                  -          
[2019-02-14T13:15:14.375+0800][7779][gc,heap     ] GC(59)   Garbage:         -                64M (6%)           64M (6%)           64M (6%)             -                  -          
[2019-02-14T13:15:14.375+0800][7779][gc,heap     ] GC(59) Reclaimed:         -                  -                 0M (0%)            0M (0%)             -                  -          
[2019-02-14T13:15:14.375+0800][7779][gc          ] GC(59) Garbage Collection (Allocation Rate) 738M(72%)->978M(96%)
[2019-02-14T13:15:14.375+0800][7779][gc,start    ] GC(60) Garbage Collection (Allocation Stall)
[2019-02-14T13:15:14.375+0800][7786][gc,ref      ] GC(60) Clearing All Soft References
[2019-02-14T13:15:14.375+0800][7786][gc,phases   ] GC(60) Pause Mark Start 0.084ms
[2019-02-14T13:15:14.524+0800][7779][gc,phases   ] GC(60) Concurrent Mark 149.102ms
[2019-02-14T13:15:14.524+0800][7786][gc,phases   ] GC(60) Pause Mark End 0.077ms
[2019-02-14T13:15:14.525+0800][7779][gc,phases   ] GC(60) Concurrent Process Non-Strong References 0.077ms
[2019-02-14T13:15:14.525+0800][7779][gc,phases   ] GC(60) Concurrent Reset Relocation Set 0.002ms
[2019-02-14T13:15:14.525+0800][7779][gc,phases   ] GC(60) Concurrent Destroy Detached Pages 0.000ms
[2019-02-14T13:15:14.526+0800][7779][gc,phases   ] GC(60) Concurrent Select Relocation Set 1.102ms
[2019-02-14T13:15:14.526+0800][7772][gc          ] Allocation Stall (main) 298.243ms
[2019-02-14T13:15:14.526+0800][7779][gc,phases   ] GC(60) Concurrent Prepare Relocation Set 0.133ms
[2019-02-14T13:15:14.528+0800][7786][gc,phases   ] GC(60) Pause Relocate Start 0.049ms
[2019-02-14T13:15:14.528+0800][7775][gc,heap     ] GC(60) Page Cache Flushed: 24M requested, 30M(84M->54M) flushed
[2019-02-14T13:15:14.530+0800][7777][gc,heap     ] GC(60) Page Cache Flushed: 26M requested, 30M(54M->24M) flushed
[2019-02-14T13:15:14.531+0800][7772][gc          ] Allocation Stall (main) 0.066ms
[2019-02-14T13:15:14.533+0800][7772][gc,heap     ] Page Cache Flushed: 10M requested, 32M(68M->36M) flushed
[2019-02-14T13:15:14.538+0800][7774][gc,heap     ] GC(60) Page Cache Flushed: 10M requested, 32M(40M->8M) flushed
[2019-02-14T13:15:14.539+0800][7772][gc          ] Allocation Stall (main) 2.542ms
[2019-02-14T13:15:14.540+0800][7779][gc,phases   ] GC(60) Concurrent Relocate 12.005ms
[2019-02-14T13:15:14.540+0800][7779][gc,load     ] GC(60) Load: 0.08/0.03/0.05
[2019-02-14T13:15:14.540+0800][7779][gc,mmu      ] GC(60) MMU: 2ms/20.8%, 5ms/68.3%, 10ms/83.4%, 20ms/91.7%, 50ms/96.5%, 100ms/97.6%
[2019-02-14T13:15:14.540+0800][7779][gc,marking  ] GC(60) Mark: 4 stripe(s), 10 proactive flush(es), 1 terminate flush(es), 0 completion(s), 0 continuation(s) 
[2019-02-14T13:15:14.540+0800][7779][gc,reloc    ] GC(60) Relocation: Incomplete
[2019-02-14T13:15:14.540+0800][7779][gc,nmethod  ] GC(60) NMethods: 39 registered, 0 unregistered
[2019-02-14T13:15:14.540+0800][7779][gc,metaspace] GC(60) Metaspace: 4M used, 4M capacity, 5M committed, 8M reserved
[2019-02-14T13:15:14.540+0800][7779][gc,ref      ] GC(60) Soft: 88 encountered, 39 discovered, 0 enqueued
[2019-02-14T13:15:14.540+0800][7779][gc,ref      ] GC(60) Weak: 168 encountered, 17 discovered, 0 enqueued
[2019-02-14T13:15:14.540+0800][7779][gc,ref      ] GC(60) Final: 0 encountered, 0 discovered, 0 enqueued
[2019-02-14T13:15:14.540+0800][7779][gc,ref      ] GC(60) Phantom: 1 encountered, 1 discovered, 0 enqueued
[2019-02-14T13:15:14.540+0800][7779][gc,heap     ] GC(60)                Mark Start          Mark End        Relocate Start      Relocate End           High               Low         
[2019-02-14T13:15:14.540+0800][7779][gc,heap     ] GC(60)  Capacity:     1024M (100%)       1024M (100%)       1024M (100%)       1024M (100%)       1024M (100%)       1024M (100%)   
[2019-02-14T13:15:14.540+0800][7779][gc,heap     ] GC(60)   Reserve:       42M (4%)           42M (4%)           42M (4%)           42M (4%)           42M (4%)           28M (3%)     
[2019-02-14T13:15:14.540+0800][7779][gc,heap     ] GC(60)      Free:        4M (0%)            4M (0%)           96M (9%)          110M (11%)         110M (11%)           0M (0%)     
[2019-02-14T13:15:14.540+0800][7779][gc,heap     ] GC(60)      Used:      978M (96%)         978M (96%)         886M (87%)         872M (85%)         996M (97%)         872M (85%)    
[2019-02-14T13:15:14.540+0800][7779][gc,heap     ] GC(60)      Live:         -               724M (71%)         724M (71%)         724M (71%)            -                  -          
[2019-02-14T13:15:14.540+0800][7779][gc,heap     ] GC(60) Allocated:         -                 0M (0%)           10M (1%)          194M (19%)            -                  -          
[2019-02-14T13:15:14.540+0800][7779][gc,heap     ] GC(60)   Garbage:         -               253M (25%)         151M (15%)         151M (15%)            -                  -          
[2019-02-14T13:15:14.540+0800][7779][gc,heap     ] GC(60) Reclaimed:         -                  -               102M (10%)         102M (10%)            -                  -          
[2019-02-14T13:15:14.540+0800][7779][gc          ] GC(60) Garbage Collection (Allocation Stall) 978M(96%)->872M(85%)
[2019-02-14T13:15:14.542+0800][7772][gc,heap     ] Page Cache Flushed: 4M requested, 32M(104M->72M) flushed
[2019-02-14T13:15:14.550+0800][7772][gc,heap     ] Page Cache Flushed: 2M requested, 32M(72M->40M) flushed
[2019-02-14T13:15:14.560+0800][7772][gc,heap     ] Page Cache Flushed: 10M requested, 32M(40M->8M) flushed
[2019-02-14T13:15:14.567+0800][7772][gc,heap     ] Page Cache Flushed: 8M requested, 8M(8M->0M) flushed
[2019-02-14T13:15:14.570+0800][7779][gc,start    ] GC(61) Garbage Collection (Allocation Stall)
[2019-02-14T13:15:14.570+0800][7786][gc,ref      ] GC(61) Clearing All Soft References
[2019-02-14T13:15:14.570+0800][7786][gc,phases   ] GC(61) Pause Mark Start 0.101ms
[2019-02-14T13:15:14.745+0800][7779][gc,phases   ] GC(61) Concurrent Mark 174.928ms
[2019-02-14T13:15:14.745+0800][7786][gc,phases   ] GC(61) Pause Mark End 0.079ms
[2019-02-14T13:15:14.745+0800][7779][gc,phases   ] GC(61) Concurrent Process Non-Strong References 0.110ms
[2019-02-14T13:15:14.745+0800][7779][gc,phases   ] GC(61) Concurrent Reset Relocation Set 0.004ms
[2019-02-14T13:15:14.745+0800][7779][gc,phases   ] GC(61) Concurrent Destroy Detached Pages 0.013ms
[2019-02-14T13:15:14.746+0800][7772][gc          ] Allocation Stall (main) 176.793ms
[2019-02-14T13:15:14.746+0800][7779][gc,phases   ] GC(61) Concurrent Select Relocation Set 1.175ms
[2019-02-14T13:15:14.746+0800][7779][gc,phases   ] GC(61) Concurrent Prepare Relocation Set 0.121ms
[2019-02-14T13:15:14.749+0800][7786][gc,phases   ] GC(61) Pause Relocate Start 0.131ms
[2019-02-14T13:15:14.749+0800][7776][gc,heap     ] GC(61) Page Cache Flushed: 30M requested, 30M(154M->124M) flushed
[2019-02-14T13:15:14.758+0800][7779][gc,phases   ] GC(61) Concurrent Relocate 8.688ms
[2019-02-14T13:15:14.758+0800][7779][gc,load     ] GC(61) Load: 0.08/0.03/0.05
[2019-02-14T13:15:14.758+0800][7779][gc,mmu      ] GC(61) MMU: 2ms/20.8%, 5ms/68.3%, 10ms/83.4%, 20ms/91.7%, 50ms/96.5%, 100ms/97.6%
[2019-02-14T13:15:14.758+0800][7779][gc,marking  ] GC(61) Mark: 4 stripe(s), 10 proactive flush(es), 1 terminate flush(es), 0 completion(s), 0 continuation(s) 
[2019-02-14T13:15:14.758+0800][7779][gc,reloc    ] GC(61) Relocation: Successful, 24M relocated
[2019-02-14T13:15:14.758+0800][7779][gc,nmethod  ] GC(61) NMethods: 39 registered, 0 unregistered
[2019-02-14T13:15:14.758+0800][7779][gc,metaspace] GC(61) Metaspace: 4M used, 4M capacity, 5M committed, 8M reserved
[2019-02-14T13:15:14.758+0800][7779][gc,ref      ] GC(61) Soft: 88 encountered, 41 discovered, 0 enqueued
[2019-02-14T13:15:14.758+0800][7779][gc,ref      ] GC(61) Weak: 168 encountered, 13 discovered, 0 enqueued
[2019-02-14T13:15:14.758+0800][7779][gc,ref      ] GC(61) Final: 0 encountered, 0 discovered, 0 enqueued
[2019-02-14T13:15:14.758+0800][7779][gc,ref      ] GC(61) Phantom: 1 encountered, 1 discovered, 0 enqueued
[2019-02-14T13:15:14.758+0800][7779][gc,heap     ] GC(61)                Mark Start          Mark End        Relocate Start      Relocate End           High               Low         
[2019-02-14T13:15:14.758+0800][7779][gc,heap     ] GC(61)  Capacity:     1024M (100%)       1024M (100%)       1024M (100%)       1024M (100%)       1024M (100%)       1024M (100%)   
[2019-02-14T13:15:14.758+0800][7779][gc,heap     ] GC(61)   Reserve:       42M (4%)           42M (4%)           42M (4%)           42M (4%)           42M (4%)           42M (4%)     
[2019-02-14T13:15:14.758+0800][7779][gc,heap     ] GC(61)      Free:        0M (0%)            0M (0%)          160M (16%)         100M (10%)         160M (16%)           0M (0%)     
[2019-02-14T13:15:14.758+0800][7779][gc,heap     ] GC(61)      Used:      982M (96%)         982M (96%)         822M (80%)         882M (86%)         982M (96%)         822M (80%)    
[2019-02-14T13:15:14.758+0800][7779][gc,heap     ] GC(61)      Live:         -               724M (71%)         724M (71%)         724M (71%)            -                  -          
[2019-02-14T13:15:14.758+0800][7779][gc,heap     ] GC(61) Allocated:         -                 0M (0%)           10M (1%)          172M (17%)            -                  -          
[2019-02-14T13:15:14.758+0800][7779][gc,heap     ] GC(61)   Garbage:         -               257M (25%)          87M (9%)           89M (9%)             -                  -          
[2019-02-14T13:15:14.758+0800][7779][gc,heap     ] GC(61) Reclaimed:         -                  -               170M (17%)         168M (16%)            -                  -          
[2019-02-14T13:15:14.758+0800][7779][gc          ] GC(61) Garbage Collection (Allocation Stall) 982M(96%)->882M(86%)
[2019-02-14T13:15:14.761+0800][7772][gc,heap     ] Page Cache Flushed: 10M requested, 32M(102M->70M) flushed
[2019-02-14T13:15:14.764+0800][7772][gc,heap     ] Page Cache Flushed: 10M requested, 32M(70M->38M) flushed
[2019-02-14T13:15:14.768+0800][7772][gc,heap     ] Page Cache Flushed: 8M requested, 32M(38M->6M) flushed
[2019-02-14T13:15:14.776+0800][7772][gc,heap     ] Page Cache Flushed: 6M requested, 6M(6M->0M) flushed
[2019-02-14T13:15:14.778+0800][7779][gc,start    ] GC(62) Garbage Collection (Allocation Stall)
[2019-02-14T13:15:14.778+0800][7786][gc,ref      ] GC(62) Clearing All Soft References
[2019-02-14T13:15:14.778+0800][7786][gc,phases   ] GC(62) Pause Mark Start 0.094ms
[2019-02-14T13:15:14.943+0800][7779][gc,phases   ] GC(62) Concurrent Mark 164.466ms
[2019-02-14T13:15:14.943+0800][7786][gc,phases   ] GC(62) Pause Mark End 0.076ms
[2019-02-14T13:15:14.943+0800][7779][gc,phases   ] GC(62) Concurrent Process Non-Strong References 0.084ms
[2019-02-14T13:15:14.943+0800][7779][gc,phases   ] GC(62) Concurrent Reset Relocation Set 0.003ms
[2019-02-14T13:15:14.943+0800][7779][gc,phases   ] GC(62) Concurrent Destroy Detached Pages 0.009ms
[2019-02-14T13:15:14.944+0800][7779][gc,phases   ] GC(62) Concurrent Select Relocation Set 1.129ms
[2019-02-14T13:15:14.944+0800][7772][gc          ] Allocation Stall (main) 166.193ms
[2019-02-14T13:15:14.944+0800][7779][gc,phases   ] GC(62) Concurrent Prepare Relocation Set 0.130ms
[2019-02-14T13:15:14.945+0800][7786][gc,phases   ] GC(62) Pause Relocate Start 0.103ms
[2019-02-14T13:15:14.949+0800][7779][gc,phases   ] GC(62) Concurrent Relocate 3.897ms
[2019-02-14T13:15:14.949+0800][7779][gc,load     ] GC(62) Load: 0.08/0.03/0.05
[2019-02-14T13:15:14.949+0800][7779][gc,mmu      ] GC(62) MMU: 2ms/20.8%, 5ms/68.3%, 10ms/83.4%, 20ms/91.7%, 50ms/96.5%, 100ms/97.6%
[2019-02-14T13:15:14.949+0800][7779][gc,marking  ] GC(62) Mark: 4 stripe(s), 10 proactive flush(es), 1 terminate flush(es), 0 completion(s), 0 continuation(s) 
[2019-02-14T13:15:14.949+0800][7779][gc,reloc    ] GC(62) Relocation: Successful, 24M relocated
[2019-02-14T13:15:14.949+0800][7779][gc,nmethod  ] GC(62) NMethods: 39 registered, 0 unregistered
[2019-02-14T13:15:14.949+0800][7779][gc,metaspace] GC(62) Metaspace: 4M used, 4M capacity, 5M committed, 8M reserved
[2019-02-14T13:15:14.949+0800][7779][gc,ref      ] GC(62) Soft: 88 encountered, 18 discovered, 0 enqueued
[2019-02-14T13:15:14.949+0800][7779][gc,ref      ] GC(62) Weak: 168 encountered, 14 discovered, 0 enqueued
[2019-02-14T13:15:14.949+0800][7779][gc,ref      ] GC(62) Final: 0 encountered, 0 discovered, 0 enqueued
[2019-02-14T13:15:14.949+0800][7779][gc,ref      ] GC(62) Phantom: 1 encountered, 1 discovered, 0 enqueued
[2019-02-14T13:15:14.950+0800][7779][gc,heap     ] GC(62)                Mark Start          Mark End        Relocate Start      Relocate End           High               Low         
[2019-02-14T13:15:14.950+0800][7779][gc,heap     ] GC(62)  Capacity:     1024M (100%)       1024M (100%)       1024M (100%)       1024M (100%)       1024M (100%)       1024M (100%)   
[2019-02-14T13:15:14.950+0800][7779][gc,heap     ] GC(62)   Reserve:       42M (4%)           42M (4%)           42M (4%)           42M (4%)           42M (4%)           42M (4%)     
[2019-02-14T13:15:14.950+0800][7779][gc,heap     ] GC(62)      Free:        0M (0%)            0M (0%)          192M (19%)         144M (14%)         192M (19%)           0M (0%)     
[2019-02-14T13:15:14.950+0800][7779][gc,heap     ] GC(62)      Used:      982M (96%)         982M (96%)         790M (77%)         838M (82%)         982M (96%)         790M (77%)    
[2019-02-14T13:15:14.950+0800][7779][gc,heap     ] GC(62)      Live:         -               724M (71%)         724M (71%)         724M (71%)            -                  -          
[2019-02-14T13:15:14.950+0800][7779][gc,heap     ] GC(62) Allocated:         -                 0M (0%)           10M (1%)           64M (6%)             -                  -          
[2019-02-14T13:15:14.950+0800][7779][gc,heap     ] GC(62)   Garbage:         -               257M (25%)          55M (5%)           53M (5%)             -                  -          
[2019-02-14T13:15:14.950+0800][7779][gc,heap     ] GC(62) Reclaimed:         -                  -               202M (20%)         204M (20%)            -                  -          
[2019-02-14T13:15:14.950+0800][7779][gc          ] GC(62) Garbage Collection (Allocation Stall) 982M(96%)->838M(82%)
[2019-02-14T13:15:14.964+0800][7779][gc,start    ] GC(63) Garbage Collection (Allocation Stall)
[2019-02-14T13:15:14.964+0800][7786][gc,ref      ] GC(63) Clearing All Soft References
[2019-02-14T13:15:14.964+0800][7786][gc,phases   ] GC(63) Pause Mark Start 0.080ms
[2019-02-14T13:15:15.037+0800][7780][gc,stats    ] === Garbage Collection Statistics =======================================================================================================================
[2019-02-14T13:15:15.037+0800][7780][gc,stats    ]                                                              Last 10s              Last 10m              Last 10h                Total
[2019-02-14T13:15:15.037+0800][7780][gc,stats    ]                                                              Avg / Max             Avg / Max             Avg / Max             Avg / Max
[2019-02-14T13:15:15.037+0800][7780][gc,stats    ]   Collector: Garbage Collection Cycle                    127.366 / 248.864     127.366 / 248.864     127.366 / 248.864     127.366 / 248.864     ms
[2019-02-14T13:15:15.037+0800][7780][gc,stats    ]  Contention: Mark Segment Reset Contention                     2 / 6                 2 / 6                 2 / 6                 2 / 6           ops/s
[2019-02-14T13:15:15.037+0800][7780][gc,stats    ]  Contention: Mark SeqNum Reset Contention                      0 / 2                 0 / 2                 0 / 2                 0 / 2           ops/s
[2019-02-14T13:15:15.037+0800][7780][gc,stats    ]  Contention: Relocation Contention                             2 / 6                 2 / 6                 2 / 6                 2 / 6           ops/s
[2019-02-14T13:15:15.037+0800][7780][gc,stats    ]    Critical: Allocation Stall                            115.809 / 298.243     115.809 / 298.243     115.809 / 298.243     115.809 / 298.243     ms
[2019-02-14T13:15:15.037+0800][7780][gc,stats    ]    Critical: Allocation Stall                                  3 / 6                 3 / 6                 3 / 6                 3 / 6           ops/s
[2019-02-14T13:15:15.037+0800][7780][gc,stats    ]    Critical: GC Locker Stall                               0.000 / 0.000         0.000 / 0.000         0.000 / 0.000         0.000 / 0.000       ms
[2019-02-14T13:15:15.037+0800][7780][gc,stats    ]    Critical: GC Locker Stall                                   0 / 0                 0 / 0                 0 / 0                 0 / 0           ops/s
[2019-02-14T13:15:15.037+0800][7780][gc,stats    ]      Memory: Allocation Rate                                1574 / 3086           1574 / 3086           1574 / 3086           1574 / 3086        MB/s
[2019-02-14T13:15:15.037+0800][7780][gc,stats    ]      Memory: Heap Used After Mark                            784 / 982             784 / 982             784 / 982             784 / 982         MB
[2019-02-14T13:15:15.037+0800][7780][gc,stats    ]      Memory: Heap Used After Relocation                      604 / 982             604 / 982             604 / 982             604 / 982         MB
[2019-02-14T13:15:15.037+0800][7780][gc,stats    ]      Memory: Heap Used Before Mark                           683 / 982             683 / 982             683 / 982             683 / 982         MB
[2019-02-14T13:15:15.037+0800][7780][gc,stats    ]      Memory: Heap Used Before Relocation                     578 / 982             578 / 982             578 / 982             578 / 982         MB
[2019-02-14T13:15:15.037+0800][7780][gc,stats    ]      Memory: Out Of Memory                                     0 / 0                 0 / 0                 0 / 0                 0 / 0           ops/s
[2019-02-14T13:15:15.037+0800][7780][gc,stats    ]      Memory: Page Cache Flush                                425 / 818             425 / 818             425 / 818             425 / 818         MB/s
[2019-02-14T13:15:15.037+0800][7780][gc,stats    ]      Memory: Page Cache Hit L1                               141 / 315             141 / 315             141 / 315             141 / 315         ops/s
[2019-02-14T13:15:15.037+0800][7780][gc,stats    ]      Memory: Page Cache Hit L2                                 0 / 0                 0 / 0                 0 / 0                 0 / 0           ops/s
[2019-02-14T13:15:15.037+0800][7780][gc,stats    ]      Memory: Page Cache Miss                                  42 / 100              42 / 100              42 / 100              42 / 100         ops/s
[2019-02-14T13:15:15.037+0800][7780][gc,stats    ]      Memory: Undo Object Allocation Failed                     0 / 0                 0 / 0                 0 / 0                 0 / 0           ops/s
[2019-02-14T13:15:15.037+0800][7780][gc,stats    ]      Memory: Undo Object Allocation Succeeded                  2 / 6                 2 / 6                 2 / 6                 2 / 6           ops/s
[2019-02-14T13:15:15.037+0800][7780][gc,stats    ]      Memory: Undo Page Allocation                              2 / 7                 2 / 7                 2 / 7                 2 / 7           ops/s
[2019-02-14T13:15:15.037+0800][7780][gc,stats    ]       Phase: Concurrent Destroy Detached Pages             0.078 / 1.204         0.078 / 1.204         0.078 / 1.204         0.078 / 1.204       ms
[2019-02-14T13:15:15.037+0800][7780][gc,stats    ]       Phase: Concurrent Mark                             114.786 / 237.113     114.786 / 237.113     114.786 / 237.113     114.786 / 237.113     ms
[2019-02-14T13:15:15.037+0800][7780][gc,stats    ]       Phase: Concurrent Mark Continue                      0.000 / 0.000         0.000 / 0.000         0.000 / 0.000         0.000 / 0.000       ms
[2019-02-14T13:15:15.037+0800][7780][gc,stats    ]       Phase: Concurrent Prepare Relocation Set             0.184 / 1.322         0.184 / 1.322         0.184 / 1.322         0.184 / 1.322       ms
[2019-02-14T13:15:15.037+0800][7780][gc,stats    ]       Phase: Concurrent Process Non-Strong References      0.304 / 8.297         0.304 / 8.297         0.304 / 8.297         0.304 / 8.297       ms
[2019-02-14T13:15:15.037+0800][7780][gc,stats    ]       Phase: Concurrent Relocate                           8.042 / 36.711        8.042 / 36.711        8.042 / 36.711        8.042 / 36.711      ms
[2019-02-14T13:15:15.037+0800][7780][gc,stats    ]       Phase: Concurrent Reset Relocation Set               0.019 / 0.284         0.019 / 0.284         0.019 / 0.284         0.019 / 0.284       ms
[2019-02-14T13:15:15.037+0800][7780][gc,stats    ]       Phase: Concurrent Select Relocation Set              1.264 / 2.208         1.264 / 2.208         1.264 / 2.208         1.264 / 2.208       ms
[2019-02-14T13:15:15.037+0800][7780][gc,stats    ]       Phase: Pause Mark End                                0.076 / 0.110         0.076 / 0.110         0.076 / 0.110         0.076 / 0.110       ms
[2019-02-14T13:15:15.037+0800][7780][gc,stats    ]       Phase: Pause Mark Start                              0.085 / 0.222         0.085 / 0.222         0.085 / 0.222         0.085 / 0.222       ms
[2019-02-14T13:15:15.037+0800][7780][gc,stats    ]       Phase: Pause Relocate Start                          0.199 / 1.585         0.199 / 1.585         0.199 / 1.585         0.199 / 1.585       ms
[2019-02-14T13:15:15.037+0800][7780][gc,stats    ]    Subphase: Concurrent Mark                             108.832 / 237.045     108.832 / 237.045     108.832 / 237.045     108.832 / 237.045     ms
[2019-02-14T13:15:15.037+0800][7780][gc,stats    ]    Subphase: Concurrent Mark Idle                          1.068 / 2.416         1.068 / 2.416         1.068 / 2.416         1.068 / 2.416       ms
[2019-02-14T13:15:15.037+0800][7780][gc,stats    ]    Subphase: Concurrent Mark Try Flush                     0.164 / 4.520         0.164 / 4.520         0.164 / 4.520         0.164 / 4.520       ms
[2019-02-14T13:15:15.037+0800][7780][gc,stats    ]    Subphase: Concurrent Mark Try Terminate                 1.058 / 4.521         1.058 / 4.521         1.058 / 4.521         1.058 / 4.521       ms
[2019-02-14T13:15:15.037+0800][7780][gc,stats    ]    Subphase: Concurrent References Enqueue                 0.001 / 0.006         0.001 / 0.006         0.001 / 0.006         0.001 / 0.006       ms
[2019-02-14T13:15:15.038+0800][7780][gc,stats    ]    Subphase: Concurrent References Process                 0.171 / 8.212         0.171 / 8.212         0.171 / 8.212         0.171 / 8.212       ms
[2019-02-14T13:15:15.038+0800][7780][gc,stats    ]    Subphase: Concurrent Weak Roots                         0.030 / 0.172         0.030 / 0.172         0.030 / 0.172         0.030 / 0.172       ms
[2019-02-14T13:15:15.038+0800][7780][gc,stats    ]    Subphase: Concurrent Weak Roots JNIWeakHandles          0.000 / 0.001         0.000 / 0.001         0.000 / 0.001         0.000 / 0.001       ms
[2019-02-14T13:15:15.038+0800][7780][gc,stats    ]    Subphase: Concurrent Weak Roots StringTable             0.030 / 0.151         0.030 / 0.151         0.030 / 0.151         0.030 / 0.151       ms
[2019-02-14T13:15:15.038+0800][7780][gc,stats    ]    Subphase: Concurrent Weak Roots VMWeakHandles           0.005 / 0.025         0.005 / 0.025         0.005 / 0.025         0.005 / 0.025       ms
[2019-02-14T13:15:15.038+0800][7780][gc,stats    ]    Subphase: Pause Mark Try Complete                       0.000 / 0.000         0.000 / 0.000         0.000 / 0.000         0.000 / 0.000       ms
[2019-02-14T13:15:15.038+0800][7780][gc,stats    ]    Subphase: Pause Remap TLABS                             0.001 / 0.002         0.001 / 0.002         0.001 / 0.002         0.001 / 0.002       ms
[2019-02-14T13:15:15.038+0800][7780][gc,stats    ]    Subphase: Pause Retire TLABS                            0.005 / 0.031         0.005 / 0.031         0.005 / 0.031         0.005 / 0.031       ms
[2019-02-14T13:15:15.038+0800][7780][gc,stats    ]    Subphase: Pause Roots                                   0.043 / 1.487         0.043 / 1.487         0.043 / 1.487         0.043 / 1.487       ms
[2019-02-14T13:15:15.038+0800][7780][gc,stats    ]    Subphase: Pause Roots ClassLoaderDataGraph              0.027 / 0.956         0.027 / 0.956         0.027 / 0.956         0.027 / 0.956       ms
[2019-02-14T13:15:15.038+0800][7780][gc,stats    ]    Subphase: Pause Roots CodeCache                         0.033 / 1.487         0.033 / 1.487         0.033 / 1.487         0.033 / 1.487       ms
[2019-02-14T13:15:15.038+0800][7780][gc,stats    ]    Subphase: Pause Roots JNIHandles                        0.008 / 0.920         0.008 / 0.920         0.008 / 0.920         0.008 / 0.920       ms
[2019-02-14T13:15:15.038+0800][7780][gc,stats    ]    Subphase: Pause Roots JNIWeakHandles                    0.000 / 0.000         0.000 / 0.000         0.000 / 0.000         0.000 / 0.000       ms
[2019-02-14T13:15:15.038+0800][7780][gc,stats    ]    Subphase: Pause Roots JRFWeak                           0.000 / 0.000         0.000 / 0.000         0.000 / 0.000         0.000 / 0.000       ms
[2019-02-14T13:15:15.038+0800][7780][gc,stats    ]    Subphase: Pause Roots JVMTIExport                       0.001 / 0.002         0.001 / 0.002         0.001 / 0.002         0.001 / 0.002       ms
[2019-02-14T13:15:15.038+0800][7780][gc,stats    ]    Subphase: Pause Roots JVMTIWeakExport                   0.000 / 0.001         0.000 / 0.001         0.000 / 0.001         0.000 / 0.001       ms
[2019-02-14T13:15:15.038+0800][7780][gc,stats    ]    Subphase: Pause Roots Management                        0.001 / 0.003         0.001 / 0.003         0.001 / 0.003         0.001 / 0.003       ms
[2019-02-14T13:15:15.038+0800][7780][gc,stats    ]    Subphase: Pause Roots ObjectSynchronizer                0.000 / 0.001         0.000 / 0.001         0.000 / 0.001         0.000 / 0.001       ms
[2019-02-14T13:15:15.038+0800][7780][gc,stats    ]    Subphase: Pause Roots Setup                             0.002 / 0.014         0.002 / 0.014         0.002 / 0.014         0.002 / 0.014       ms
[2019-02-14T13:15:15.038+0800][7780][gc,stats    ]    Subphase: Pause Roots StringTable                       0.000 / 0.000         0.000 / 0.000         0.000 / 0.000         0.000 / 0.000       ms
[2019-02-14T13:15:15.038+0800][7780][gc,stats    ]    Subphase: Pause Roots SystemDictionary                  0.006 / 0.139         0.006 / 0.139         0.006 / 0.139         0.006 / 0.139       ms
[2019-02-14T13:15:15.038+0800][7780][gc,stats    ]    Subphase: Pause Roots Teardown                          0.001 / 0.009         0.001 / 0.009         0.001 / 0.009         0.001 / 0.009       ms
[2019-02-14T13:15:15.038+0800][7780][gc,stats    ]    Subphase: Pause Roots Threads                           0.008 / 0.122         0.008 / 0.122         0.008 / 0.122         0.008 / 0.122       ms
[2019-02-14T13:15:15.038+0800][7780][gc,stats    ]    Subphase: Pause Roots Universe                          0.002 / 0.062         0.002 / 0.062         0.002 / 0.062         0.002 / 0.062       ms
[2019-02-14T13:15:15.038+0800][7780][gc,stats    ]    Subphase: Pause Roots VMWeakHandles                     0.000 / 0.000         0.000 / 0.000         0.000 / 0.000         0.000 / 0.000       ms
[2019-02-14T13:15:15.038+0800][7780][gc,stats    ]    Subphase: Pause Weak Roots                              0.001 / 0.005         0.001 / 0.005         0.001 / 0.005         0.001 / 0.005       ms
[2019-02-14T13:15:15.038+0800][7780][gc,stats    ]    Subphase: Pause Weak Roots JFRWeak                      0.001 / 0.002         0.001 / 0.002         0.001 / 0.002         0.001 / 0.002       ms
[2019-02-14T13:15:15.038+0800][7780][gc,stats    ]    Subphase: Pause Weak Roots JNIWeakHandles               0.000 / 0.000         0.000 / 0.000         0.000 / 0.000         0.000 / 0.000       ms
[2019-02-14T13:15:15.038+0800][7780][gc,stats    ]    Subphase: Pause Weak Roots JVMTIWeakExport              0.001 / 0.002         0.001 / 0.002         0.001 / 0.002         0.001 / 0.002       ms
[2019-02-14T13:15:15.038+0800][7780][gc,stats    ]    Subphase: Pause Weak Roots Setup                        0.000 / 0.001         0.000 / 0.001         0.000 / 0.001         0.000 / 0.001       ms
[2019-02-14T13:15:15.038+0800][7780][gc,stats    ]    Subphase: Pause Weak Roots StringTable                  0.000 / 0.000         0.000 / 0.000         0.000 / 0.000         0.000 / 0.000       ms
[2019-02-14T13:15:15.038+0800][7780][gc,stats    ]    Subphase: Pause Weak Roots SymbolTable                  0.000 / 0.000         0.000 / 0.000         0.000 / 0.000         0.000 / 0.000       ms
[2019-02-14T13:15:15.038+0800][7780][gc,stats    ]    Subphase: Pause Weak Roots Teardown                     0.001 / 0.002         0.001 / 0.002         0.001 / 0.002         0.001 / 0.002       ms
[2019-02-14T13:15:15.038+0800][7780][gc,stats    ]    Subphase: Pause Weak Roots VMWeakHandles                0.000 / 0.000         0.000 / 0.000         0.000 / 0.000         0.000 / 0.000       ms
[2019-02-14T13:15:15.038+0800][7780][gc,stats    ]      System: Java Threads                                      9 / 11                9 / 11                9 / 11                9 / 11          threads
[2019-02-14T13:15:15.038+0800][7780][gc,stats    ] =========================================================================================================================================================
[2019-02-14T13:15:15.108+0800][7779][gc,phases   ] GC(63) Concurrent Mark 144.181ms
[2019-02-14T13:15:15.108+0800][7786][gc,phases   ] GC(63) Pause Mark End 0.085ms
[2019-02-14T13:15:15.108+0800][7779][gc,phases   ] GC(63) Concurrent Process Non-Strong References 0.093ms
[2019-02-14T13:15:15.108+0800][7779][gc,phases   ] GC(63) Concurrent Reset Relocation Set 0.003ms
[2019-02-14T13:15:15.108+0800][7779][gc,phases   ] GC(63) Concurrent Destroy Detached Pages 0.001ms
[2019-02-14T13:15:15.109+0800][7779][gc,phases   ] GC(63) Concurrent Select Relocation Set 1.153ms
[2019-02-14T13:15:15.109+0800][7772][gc          ] Allocation Stall (main) 145.884ms
[2019-02-14T13:15:15.110+0800][7779][gc,phases   ] GC(63) Concurrent Prepare Relocation Set 0.121ms
[2019-02-14T13:15:15.111+0800][7786][gc,phases   ] GC(63) Pause Relocate Start 0.050ms
[2019-02-14T13:15:15.114+0800][7779][gc,phases   ] GC(63) Concurrent Relocate 3.816ms
[2019-02-14T13:15:15.115+0800][7779][gc,load     ] GC(63) Load: 0.08/0.03/0.05
[2019-02-14T13:15:15.115+0800][7779][gc,mmu      ] GC(63) MMU: 2ms/20.8%, 5ms/68.3%, 10ms/83.4%, 20ms/91.7%, 50ms/96.5%, 100ms/97.6%
[2019-02-14T13:15:15.115+0800][7779][gc,marking  ] GC(63) Mark: 4 stripe(s), 10 proactive flush(es), 1 terminate flush(es), 0 completion(s), 0 continuation(s) 
[2019-02-14T13:15:15.115+0800][7779][gc,reloc    ] GC(63) Relocation: Successful, 24M relocated
[2019-02-14T13:15:15.115+0800][7779][gc,nmethod  ] GC(63) NMethods: 39 registered, 0 unregistered
[2019-02-14T13:15:15.115+0800][7779][gc,metaspace] GC(63) Metaspace: 4M used, 4M capacity, 5M committed, 8M reserved
[2019-02-14T13:15:15.115+0800][7779][gc,ref      ] GC(63) Soft: 88 encountered, 30 discovered, 0 enqueued
[2019-02-14T13:15:15.115+0800][7779][gc,ref      ] GC(63) Weak: 168 encountered, 91 discovered, 0 enqueued
[2019-02-14T13:15:15.115+0800][7779][gc,ref      ] GC(63) Final: 0 encountered, 0 discovered, 0 enqueued
[2019-02-14T13:15:15.115+0800][7779][gc,ref      ] GC(63) Phantom: 1 encountered, 1 discovered, 0 enqueued
[2019-02-14T13:15:15.115+0800][7779][gc,heap     ] GC(63)                Mark Start          Mark End        Relocate Start      Relocate End           High               Low         
[2019-02-14T13:15:15.115+0800][7779][gc,heap     ] GC(63)  Capacity:     1024M (100%)       1024M (100%)       1024M (100%)       1024M (100%)       1024M (100%)       1024M (100%)   
[2019-02-14T13:15:15.115+0800][7779][gc,heap     ] GC(63)   Reserve:       42M (4%)           42M (4%)           42M (4%)           42M (4%)           42M (4%)           42M (4%)     
[2019-02-14T13:15:15.115+0800][7779][gc,heap     ] GC(63)      Free:        4M (0%)            4M (0%)          194M (19%)         152M (15%)         194M (19%)           4M (0%)     
[2019-02-14T13:15:15.115+0800][7779][gc,heap     ] GC(63)      Used:      978M (96%)         978M (96%)         788M (77%)         830M (81%)         978M (96%)         788M (77%)    
[2019-02-14T13:15:15.115+0800][7779][gc,heap     ] GC(63)      Live:         -               724M (71%)         724M (71%)         724M (71%)            -                  -          
[2019-02-14T13:15:15.115+0800][7779][gc,heap     ] GC(63) Allocated:         -                 0M (0%)           10M (1%)           56M (5%)             -                  -          
[2019-02-14T13:15:15.115+0800][7779][gc,heap     ] GC(63)   Garbage:         -               253M (25%)          53M (5%)           55M (5%)             -                  -          
[2019-02-14T13:15:15.115+0800][7779][gc,heap     ] GC(63) Reclaimed:         -                  -               200M (20%)         198M (19%)            -                  -          
[2019-02-14T13:15:15.115+0800][7779][gc          ] GC(63) Garbage Collection (Allocation Stall) 978M(96%)->830M(81%)
[2019-02-14T13:15:15.129+0800][7779][gc,start    ] GC(64) Garbage Collection (Allocation Stall)
[2019-02-14T13:15:15.129+0800][7786][gc,ref      ] GC(64) Clearing All Soft References
[2019-02-14T13:15:15.129+0800][7786][gc,phases   ] GC(64) Pause Mark Start 0.079ms
[2019-02-14T13:15:15.284+0800][7779][gc,phases   ] GC(64) Concurrent Mark 154.927ms
[2019-02-14T13:15:15.284+0800][7786][gc,phases   ] GC(64) Pause Mark End 0.065ms
[2019-02-14T13:15:15.284+0800][7779][gc,phases   ] GC(64) Concurrent Process Non-Strong References 0.072ms
[2019-02-14T13:15:15.284+0800][7779][gc,phases   ] GC(64) Concurrent Reset Relocation Set 0.002ms
[2019-02-14T13:15:15.284+0800][7779][gc,phases   ] GC(64) Concurrent Destroy Detached Pages 0.001ms
[2019-02-14T13:15:15.285+0800][7779][gc,phases   ] GC(64) Concurrent Select Relocation Set 1.136ms
[2019-02-14T13:15:15.285+0800][7772][gc          ] Allocation Stall (main) 156.639ms
[2019-02-14T13:15:15.286+0800][7779][gc,phases   ] GC(64) Concurrent Prepare Relocation Set 0.120ms
[2019-02-14T13:15:15.287+0800][7786][gc,phases   ] GC(64) Pause Relocate Start 0.049ms
[2019-02-14T13:15:15.290+0800][7779][gc,phases   ] GC(64) Concurrent Relocate 3.893ms
[2019-02-14T13:15:15.291+0800][7779][gc,load     ] GC(64) Load: 0.31/0.08/0.07
[2019-02-14T13:15:15.291+0800][7779][gc,mmu      ] GC(64) MMU: 2ms/20.8%, 5ms/68.3%, 10ms/83.4%, 20ms/91.7%, 50ms/96.5%, 100ms/97.6%
[2019-02-14T13:15:15.291+0800][7779][gc,marking  ] GC(64) Mark: 4 stripe(s), 10 proactive flush(es), 1 terminate flush(es), 0 completion(s), 0 continuation(s) 
[2019-02-14T13:15:15.291+0800][7779][gc,reloc    ] GC(64) Relocation: Successful, 24M relocated
[2019-02-14T13:15:15.291+0800][7779][gc,nmethod  ] GC(64) NMethods: 39 registered, 0 unregistered
[2019-02-14T13:15:15.291+0800][7779][gc,metaspace] GC(64) Metaspace: 4M used, 4M capacity, 5M committed, 8M reserved
[2019-02-14T13:15:15.291+0800][7779][gc,ref      ] GC(64) Soft: 88 encountered, 30 discovered, 0 enqueued
[2019-02-14T13:15:15.291+0800][7779][gc,ref      ] GC(64) Weak: 168 encountered, 24 discovered, 0 enqueued
[2019-02-14T13:15:15.291+0800][7779][gc,ref      ] GC(64) Final: 0 encountered, 0 discovered, 0 enqueued
[2019-02-14T13:15:15.291+0800][7779][gc,ref      ] GC(64) Phantom: 1 encountered, 1 discovered, 0 enqueued
[2019-02-14T13:15:15.291+0800][7779][gc,heap     ] GC(64)                Mark Start          Mark End        Relocate Start      Relocate End           High               Low         
[2019-02-14T13:15:15.291+0800][7779][gc,heap     ] GC(64)  Capacity:     1024M (100%)       1024M (100%)       1024M (100%)       1024M (100%)       1024M (100%)       1024M (100%)   
[2019-02-14T13:15:15.291+0800][7779][gc,heap     ] GC(64)   Reserve:       42M (4%)           42M (4%)           42M (4%)           42M (4%)           42M (4%)           42M (4%)     
[2019-02-14T13:15:15.291+0800][7779][gc,heap     ] GC(64)      Free:        2M (0%)            2M (0%)          192M (19%)         144M (14%)         192M (19%)           2M (0%)     
[2019-02-14T13:15:15.291+0800][7779][gc,heap     ] GC(64)      Used:      980M (96%)         980M (96%)         790M (77%)         838M (82%)         980M (96%)         790M (77%)    
[2019-02-14T13:15:15.291+0800][7779][gc,heap     ] GC(64)      Live:         -               724M (71%)         724M (71%)         724M (71%)            -                  -          
[2019-02-14T13:15:15.291+0800][7779][gc,heap     ] GC(64) Allocated:         -                 0M (0%)           10M (1%)           64M (6%)             -                  -          
[2019-02-14T13:15:15.291+0800][7779][gc,heap     ] GC(64)   Garbage:         -               255M (25%)          55M (5%)           53M (5%)             -                  -          
[2019-02-14T13:15:15.291+0800][7779][gc,heap     ] GC(64) Reclaimed:         -                  -               200M (20%)         202M (20%)            -                  -          
[2019-02-14T13:15:15.291+0800][7779][gc          ] GC(64) Garbage Collection (Allocation Stall) 980M(96%)->838M(82%)
[2019-02-14T13:15:15.298+0800][7779][gc,start    ] GC(65) Garbage Collection (System.gc())
[2019-02-14T13:15:15.298+0800][7786][gc,phases   ] GC(65) Pause Mark Start 0.074ms
[2019-02-14T13:15:15.458+0800][7779][gc,phases   ] GC(65) Concurrent Mark 159.820ms
[2019-02-14T13:15:15.458+0800][7786][gc,phases   ] GC(65) Pause Mark End 0.078ms
[2019-02-14T13:15:15.459+0800][7779][gc,phases   ] GC(65) Concurrent Process Non-Strong References 0.087ms
[2019-02-14T13:15:15.459+0800][7779][gc,phases   ] GC(65) Concurrent Reset Relocation Set 0.003ms
[2019-02-14T13:15:15.459+0800][7779][gc,phases   ] GC(65) Concurrent Destroy Detached Pages 0.000ms
[2019-02-14T13:15:15.460+0800][7779][gc,phases   ] GC(65) Concurrent Select Relocation Set 1.090ms
[2019-02-14T13:15:15.460+0800][7779][gc,phases   ] GC(65) Concurrent Prepare Relocation Set 0.128ms
[2019-02-14T13:15:15.460+0800][7786][gc,phases   ] GC(65) Pause Relocate Start 0.066ms
[2019-02-14T13:15:15.463+0800][7779][gc,phases   ] GC(65) Concurrent Relocate 2.960ms
[2019-02-14T13:15:15.463+0800][7779][gc,load     ] GC(65) Load: 0.31/0.08/0.07
[2019-02-14T13:15:15.463+0800][7779][gc,mmu      ] GC(65) MMU: 2ms/20.8%, 5ms/68.3%, 10ms/83.4%, 20ms/91.7%, 50ms/96.5%, 100ms/97.6%
[2019-02-14T13:15:15.463+0800][7779][gc,marking  ] GC(65) Mark: 4 stripe(s), 10 proactive flush(es), 1 terminate flush(es), 0 completion(s), 0 continuation(s) 
[2019-02-14T13:15:15.463+0800][7779][gc,reloc    ] GC(65) Relocation: Successful, 24M relocated
[2019-02-14T13:15:15.463+0800][7779][gc,nmethod  ] GC(65) NMethods: 39 registered, 0 unregistered
[2019-02-14T13:15:15.463+0800][7779][gc,metaspace] GC(65) Metaspace: 4M used, 4M capacity, 5M committed, 8M reserved
[2019-02-14T13:15:15.463+0800][7779][gc,ref      ] GC(65) Soft: 88 encountered, 0 discovered, 0 enqueued
[2019-02-14T13:15:15.463+0800][7779][gc,ref      ] GC(65) Weak: 168 encountered, 19 discovered, 0 enqueued
[2019-02-14T13:15:15.463+0800][7779][gc,ref      ] GC(65) Final: 0 encountered, 0 discovered, 0 enqueued
[2019-02-14T13:15:15.463+0800][7779][gc,ref      ] GC(65) Phantom: 1 encountered, 1 discovered, 0 enqueued
[2019-02-14T13:15:15.463+0800][7779][gc,heap     ] GC(65)                Mark Start          Mark End        Relocate Start      Relocate End           High               Low         
[2019-02-14T13:15:15.463+0800][7779][gc,heap     ] GC(65)  Capacity:     1024M (100%)       1024M (100%)       1024M (100%)       1024M (100%)       1024M (100%)       1024M (100%)   
[2019-02-14T13:15:15.463+0800][7779][gc,heap     ] GC(65)   Reserve:       42M (4%)           42M (4%)           42M (4%)           42M (4%)           42M (4%)           42M (4%)     
[2019-02-14T13:15:15.463+0800][7779][gc,heap     ] GC(65)      Free:       74M (7%)           74M (7%)          204M (20%)         202M (20%)         204M (20%)          74M (7%)     
[2019-02-14T13:15:15.463+0800][7779][gc,heap     ] GC(65)      Used:      908M (89%)         908M (89%)         778M (76%)         780M (76%)         908M (89%)         778M (76%)    
[2019-02-14T13:15:15.463+0800][7779][gc,heap     ] GC(65)      Live:         -               724M (71%)         724M (71%)         724M (71%)            -                  -          
[2019-02-14T13:15:15.463+0800][7779][gc,heap     ] GC(65) Allocated:         -                 0M (0%)            0M (0%)            6M (1%)             -                  -          
[2019-02-14T13:15:15.463+0800][7779][gc,heap     ] GC(65)   Garbage:         -               183M (18%)          53M (5%)           55M (5%)             -                  -          
[2019-02-14T13:15:15.463+0800][7779][gc,heap     ] GC(65) Reclaimed:         -                  -               130M (13%)         128M (12%)            -                  -          
[2019-02-14T13:15:15.463+0800][7779][gc          ] GC(65) Garbage Collection (System.gc()) 908M(89%)->780M(76%)
[2019-02-14T13:15:15.536+0800][7779][gc,start    ] GC(66) Garbage Collection (Allocation Rate)
[2019-02-14T13:15:15.536+0800][7786][gc,phases   ] GC(66) Pause Mark Start 0.057ms
[2019-02-14T13:15:15.565+0800][7772][gc,heap     ] Page Cache Flushed: 2M requested, 10M(200M->190M) flushed
[2019-02-14T13:15:15.569+0800][7772][gc,heap     ] Page Cache Flushed: 32M requested, 40M(190M->150M) flushed
[2019-02-14T13:15:15.579+0800][7772][gc,heap     ] Page Cache Flushed: 24M requested, 30M(150M->120M) flushed
[2019-02-14T13:15:15.589+0800][7772][gc,heap     ] Page Cache Flushed: 26M requested, 30M(120M->90M) flushed
[2019-02-14T13:15:15.599+0800][7772][gc,heap     ] Page Cache Flushed: 28M requested, 30M(90M->60M) flushed
[2019-02-14T13:15:15.792+0800][7779][gc,phases   ] GC(66) Concurrent Mark 256.539ms
[2019-02-14T13:15:15.792+0800][7786][gc,phases   ] GC(66) Pause Mark End 0.085ms
[2019-02-14T13:15:15.793+0800][7779][gc,phases   ] GC(66) Concurrent Process Non-Strong References 0.133ms
[2019-02-14T13:15:15.793+0800][7779][gc,phases   ] GC(66) Concurrent Reset Relocation Set 0.003ms
[2019-02-14T13:15:15.793+0800][7779][gc,phases   ] GC(66) Concurrent Destroy Detached Pages 0.009ms
[2019-02-14T13:15:15.794+0800][7779][gc,phases   ] GC(66) Concurrent Select Relocation Set 1.087ms
[2019-02-14T13:15:15.794+0800][7779][gc,phases   ] GC(66) Concurrent Prepare Relocation Set 0.100ms
[2019-02-14T13:15:15.794+0800][7786][gc,phases   ] GC(66) Pause Relocate Start 0.185ms
[2019-02-14T13:15:15.797+0800][7779][gc,phases   ] GC(66) Concurrent Relocate 3.199ms
[2019-02-14T13:15:15.797+0800][7779][gc,load     ] GC(66) Load: 0.31/0.08/0.07
[2019-02-14T13:15:15.797+0800][7779][gc,mmu      ] GC(66) MMU: 2ms/20.8%, 5ms/68.3%, 10ms/83.4%, 20ms/91.7%, 50ms/96.5%, 100ms/97.6%
[2019-02-14T13:15:15.797+0800][7779][gc,marking  ] GC(66) Mark: 1 stripe(s), 1 proactive flush(es), 1 terminate flush(es), 0 completion(s), 0 continuation(s) 
[2019-02-14T13:15:15.797+0800][7779][gc,reloc    ] GC(66) Relocation: Successful, 24M relocated
[2019-02-14T13:15:15.797+0800][7779][gc,nmethod  ] GC(66) NMethods: 39 registered, 0 unregistered
[2019-02-14T13:15:15.797+0800][7779][gc,metaspace] GC(66) Metaspace: 4M used, 4M capacity, 5M committed, 8M reserved
[2019-02-14T13:15:15.797+0800][7779][gc,ref      ] GC(66) Soft: 88 encountered, 0 discovered, 0 enqueued
[2019-02-14T13:15:15.797+0800][7779][gc,ref      ] GC(66) Weak: 168 encountered, 73 discovered, 0 enqueued
[2019-02-14T13:15:15.797+0800][7779][gc,ref      ] GC(66) Final: 0 encountered, 0 discovered, 0 enqueued
[2019-02-14T13:15:15.797+0800][7779][gc,ref      ] GC(66) Phantom: 1 encountered, 1 discovered, 0 enqueued
[2019-02-14T13:15:15.797+0800][7779][gc,heap     ] GC(66)                Mark Start          Mark End        Relocate Start      Relocate End           High               Low         
[2019-02-14T13:15:15.798+0800][7779][gc,heap     ] GC(66)  Capacity:     1024M (100%)       1024M (100%)       1024M (100%)       1024M (100%)       1024M (100%)       1024M (100%)   
[2019-02-14T13:15:15.798+0800][7779][gc,heap     ] GC(66)   Reserve:       42M (4%)           42M (4%)           42M (4%)           42M (4%)           42M (4%)           38M (4%)     
[2019-02-14T13:15:15.798+0800][7779][gc,heap     ] GC(66)      Free:      202M (20%)           2M (0%)            2M (0%)            2M (0%)          202M (20%)           0M (0%)     
[2019-02-14T13:15:15.798+0800][7779][gc,heap     ] GC(66)      Used:      780M (76%)         980M (96%)         980M (96%)         980M (96%)         986M (96%)         780M (76%)    
[2019-02-14T13:15:15.798+0800][7779][gc,heap     ] GC(66)      Live:         -               724M (71%)         724M (71%)         724M (71%)            -                  -          
[2019-02-14T13:15:15.798+0800][7779][gc,heap     ] GC(66) Allocated:         -               200M (20%)         200M (20%)         206M (20%)            -                  -          
[2019-02-14T13:15:15.798+0800][7779][gc,heap     ] GC(66)   Garbage:         -                55M (5%)           55M (5%)           55M (5%)             -                  -          
[2019-02-14T13:15:15.798+0800][7779][gc,heap     ] GC(66) Reclaimed:         -                  -                 0M (0%)            0M (0%)             -                  -          
[2019-02-14T13:15:15.798+0800][7779][gc          ] GC(66) Garbage Collection (Allocation Rate) 780M(76%)->980M(96%)
[2019-02-14T13:15:15.798+0800][7779][gc,start    ] GC(67) Garbage Collection (Allocation Stall)
[2019-02-14T13:15:15.798+0800][7786][gc,ref      ] GC(67) Clearing All Soft References
[2019-02-14T13:15:15.798+0800][7786][gc,phases   ] GC(67) Pause Mark Start 0.108ms
[2019-02-14T13:15:15.969+0800][7779][gc,phases   ] GC(67) Concurrent Mark 171.548ms
[2019-02-14T13:15:15.970+0800][7786][gc,phases   ] GC(67) Pause Mark End 0.067ms
[2019-02-14T13:15:15.970+0800][7779][gc,phases   ] GC(67) Concurrent Process Non-Strong References 0.084ms
[2019-02-14T13:15:15.970+0800][7779][gc,phases   ] GC(67) Concurrent Reset Relocation Set 0.013ms
[2019-02-14T13:15:15.970+0800][7779][gc,phases   ] GC(67) Concurrent Destroy Detached Pages 0.001ms
[2019-02-14T13:15:15.971+0800][7772][gc          ] Allocation Stall (main) 349.232ms
[2019-02-14T13:15:15.971+0800][7779][gc,phases   ] GC(67) Concurrent Select Relocation Set 1.093ms
[2019-02-14T13:15:15.971+0800][7779][gc,phases   ] GC(67) Concurrent Prepare Relocation Set 0.062ms
[2019-02-14T13:15:15.973+0800][7786][gc,phases   ] GC(67) Pause Relocate Start 0.053ms
[2019-02-14T13:15:15.973+0800][7773][gc,heap     ] GC(67) Page Cache Flushed: 26M requested, 30M(46M->16M) flushed
[2019-02-14T13:15:15.978+0800][7772][gc          ] Allocation Stall (main) 2.341ms
[2019-02-14T13:15:15.982+0800][7774][gc,heap     ] GC(67) Page Cache Flushed: 10M requested, 32M(74M->42M) flushed
[2019-02-14T13:15:15.982+0800][7772][gc          ] Allocation Stall (main) 3.505ms
[2019-02-14T13:15:15.984+0800][7779][gc,phases   ] GC(67) Concurrent Relocate 10.301ms
[2019-02-14T13:15:15.984+0800][7779][gc,load     ] GC(67) Load: 0.31/0.08/0.07
[2019-02-14T13:15:15.984+0800][7779][gc,mmu      ] GC(67) MMU: 2ms/20.8%, 5ms/68.3%, 10ms/83.4%, 20ms/91.7%, 50ms/96.5%, 100ms/97.6%
[2019-02-14T13:15:15.984+0800][7779][gc,marking  ] GC(67) Mark: 4 stripe(s), 10 proactive flush(es), 1 terminate flush(es), 0 completion(s), 0 continuation(s) 
[2019-02-14T13:15:15.984+0800][7779][gc,reloc    ] GC(67) Relocation: Incomplete
[2019-02-14T13:15:15.984+0800][7779][gc,nmethod  ] GC(67) NMethods: 39 registered, 0 unregistered
[2019-02-14T13:15:15.984+0800][7779][gc,metaspace] GC(67) Metaspace: 4M used, 4M capacity, 5M committed, 8M reserved
[2019-02-14T13:15:15.984+0800][7779][gc,ref      ] GC(67) Soft: 88 encountered, 36 discovered, 0 enqueued
[2019-02-14T13:15:15.984+0800][7779][gc,ref      ] GC(67) Weak: 168 encountered, 13 discovered, 0 enqueued
[2019-02-14T13:15:15.984+0800][7779][gc,ref      ] GC(67) Final: 0 encountered, 0 discovered, 0 enqueued
[2019-02-14T13:15:15.984+0800][7779][gc,ref      ] GC(67) Phantom: 1 encountered, 1 discovered, 0 enqueued
[2019-02-14T13:15:15.984+0800][7779][gc,heap     ] GC(67)                Mark Start          Mark End        Relocate Start      Relocate End           High               Low         
[2019-02-14T13:15:15.984+0800][7779][gc,heap     ] GC(67)  Capacity:     1024M (100%)       1024M (100%)       1024M (100%)       1024M (100%)       1024M (100%)       1024M (100%)   
[2019-02-14T13:15:15.984+0800][7779][gc,heap     ] GC(67)   Reserve:       42M (4%)           42M (4%)           42M (4%)           42M (4%)           42M (4%)           20M (2%)     
[2019-02-14T13:15:15.984+0800][7779][gc,heap     ] GC(67)      Free:        2M (0%)            2M (0%)           54M (5%)           58M (6%)           58M (6%)            0M (0%)     
[2019-02-14T13:15:15.984+0800][7779][gc,heap     ] GC(67)      Used:      980M (96%)         980M (96%)         928M (91%)         924M (90%)        1004M (98%)         924M (90%)    
[2019-02-14T13:15:15.984+0800][7779][gc,heap     ] GC(67)      Live:         -               775M (76%)         775M (76%)         775M (76%)            -                  -          
[2019-02-14T13:15:15.984+0800][7779][gc,heap     ] GC(67) Allocated:         -                 0M (0%)           10M (1%)          106M (10%)            -                  -          
[2019-02-14T13:15:15.984+0800][7779][gc,heap     ] GC(67)   Garbage:         -               204M (20%)         142M (14%)         140M (14%)            -                  -          
[2019-02-14T13:15:15.984+0800][7779][gc,heap     ] GC(67) Reclaimed:         -                  -                62M (6%)           64M (6%)             -                  -          
[2019-02-14T13:15:15.984+0800][7779][gc          ] GC(67) Garbage Collection (Allocation Stall) 980M(96%)->924M(90%)
[2019-02-14T13:15:15.985+0800][7772][gc,heap     ] Page Cache Flushed: 10M requested, 32M(74M->42M) flushed
[2019-02-14T13:15:15.989+0800][7772][gc,heap     ] Page Cache Flushed: 4M requested, 32M(42M->10M) flushed
[2019-02-14T13:15:15.997+0800][7772][gc,heap     ] Page Cache Flushed: 2M requested, 2M(10M->8M) flushed
[2019-02-14T13:15:15.999+0800][7779][gc,start    ] GC(68) Garbage Collection (Allocation Stall)
[2019-02-14T13:15:15.999+0800][7786][gc,ref      ] GC(68) Clearing All Soft References
[2019-02-14T13:15:15.999+0800][7786][gc,phases   ] GC(68) Pause Mark Start 0.090ms
[2019-02-14T13:15:16.149+0800][7779][gc,phases   ] GC(68) Concurrent Mark 149.939ms
[2019-02-14T13:15:16.150+0800][7786][gc,phases   ] GC(68) Pause Mark End 0.077ms
[2019-02-14T13:15:16.150+0800][7779][gc,phases   ] GC(68) Concurrent Process Non-Strong References 0.102ms
[2019-02-14T13:15:16.150+0800][7779][gc,phases   ] GC(68) Concurrent Reset Relocation Set 0.003ms
[2019-02-14T13:15:16.150+0800][7779][gc,phases   ] GC(68) Concurrent Destroy Detached Pages 0.007ms
[2019-02-14T13:15:16.151+0800][7772][gc          ] Allocation Stall (main) 151.734ms
[2019-02-14T13:15:16.151+0800][7779][gc,phases   ] GC(68) Concurrent Select Relocation Set 1.190ms
[2019-02-14T13:15:16.151+0800][7779][gc,phases   ] GC(68) Concurrent Prepare Relocation Set 0.001ms
[2019-02-14T13:15:16.153+0800][7786][gc,phases   ] GC(68) Pause Relocate Start 0.049ms
[2019-02-14T13:15:16.154+0800][7777][gc,heap     ] GC(68) Page Cache Flushed: 22M requested, 30M(78M->48M) flushed
[2019-02-14T13:15:16.161+0800][7777][gc,heap     ] GC(68) Page Cache Flushed: 10M requested, 32M(72M->40M) flushed
[2019-02-14T13:15:16.162+0800][7772][gc          ] Allocation Stall (main) 3.004ms
[2019-02-14T13:15:16.162+0800][7779][gc,phases   ] GC(68) Concurrent Relocate 8.136ms
[2019-02-14T13:15:16.162+0800][7779][gc,load     ] GC(68) Load: 0.31/0.08/0.07
[2019-02-14T13:15:16.162+0800][7779][gc,mmu      ] GC(68) MMU: 2ms/20.8%, 5ms/68.3%, 10ms/83.4%, 20ms/91.7%, 50ms/96.5%, 100ms/97.6%
[2019-02-14T13:15:16.162+0800][7779][gc,marking  ] GC(68) Mark: 4 stripe(s), 10 proactive flush(es), 1 terminate flush(es), 0 completion(s), 0 continuation(s) 
[2019-02-14T13:15:16.162+0800][7779][gc,reloc    ] GC(68) Relocation: Successful, 65M relocated
[2019-02-14T13:15:16.162+0800][7779][gc,nmethod  ] GC(68) NMethods: 39 registered, 0 unregistered
[2019-02-14T13:15:16.162+0800][7779][gc,metaspace] GC(68) Metaspace: 4M used, 4M capacity, 5M committed, 8M reserved
[2019-02-14T13:15:16.162+0800][7779][gc,ref      ] GC(68) Soft: 88 encountered, 42 discovered, 0 enqueued
[2019-02-14T13:15:16.162+0800][7779][gc,ref      ] GC(68) Weak: 168 encountered, 17 discovered, 0 enqueued
[2019-02-14T13:15:16.162+0800][7779][gc,ref      ] GC(68) Final: 0 encountered, 0 discovered, 0 enqueued
[2019-02-14T13:15:16.162+0800][7779][gc,ref      ] GC(68) Phantom: 1 encountered, 1 discovered, 0 enqueued
[2019-02-14T13:15:16.162+0800][7779][gc,heap     ] GC(68)                Mark Start          Mark End        Relocate Start      Relocate End           High               Low         
[2019-02-14T13:15:16.162+0800][7779][gc,heap     ] GC(68)  Capacity:     1024M (100%)       1024M (100%)       1024M (100%)       1024M (100%)       1024M (100%)       1024M (100%)   
[2019-02-14T13:15:16.162+0800][7779][gc,heap     ] GC(68)   Reserve:       42M (4%)           42M (4%)           42M (4%)           42M (4%)           42M (4%)           42M (4%)     
[2019-02-14T13:15:16.162+0800][7779][gc,heap     ] GC(68)      Free:        8M (1%)            8M (1%)           88M (9%)           60M (6%)           88M (9%)            4M (0%)     
[2019-02-14T13:15:16.162+0800][7779][gc,heap     ] GC(68)      Used:      974M (95%)         974M (95%)         894M (87%)         922M (90%)         978M (96%)         894M (87%)    
[2019-02-14T13:15:16.162+0800][7779][gc,heap     ] GC(68)      Live:         -               775M (76%)         775M (76%)         775M (76%)            -                  -          
[2019-02-14T13:15:16.162+0800][7779][gc,heap     ] GC(68) Allocated:         -                 0M (0%)           10M (1%)          134M (13%)            -                  -          
[2019-02-14T13:15:16.162+0800][7779][gc,heap     ] GC(68)   Garbage:         -               198M (19%)         108M (11%)         108M (11%)            -                  -          
[2019-02-14T13:15:16.162+0800][7779][gc,heap     ] GC(68) Reclaimed:         -                  -                90M (9%)           90M (9%)             -                  -          
[2019-02-14T13:15:16.162+0800][7779][gc          ] GC(68) Garbage Collection (Allocation Stall) 974M(95%)->922M(90%)
[2019-02-14T13:15:16.164+0800][7772][gc,heap     ] Page Cache Flushed: 10M requested, 32M(72M->40M) flushed
[2019-02-14T13:15:16.170+0800][7772][gc,heap     ] Page Cache Flushed: 10M requested, 32M(40M->8M) flushed
[2019-02-14T13:15:16.178+0800][7772][gc,heap     ] Page Cache Flushed: 8M requested, 8M(8M->0M) flushed
[2019-02-14T13:15:16.180+0800][7779][gc,start    ] GC(69) Garbage Collection (Allocation Stall)
[2019-02-14T13:15:16.181+0800][7786][gc,ref      ] GC(69) Clearing All Soft References
[2019-02-14T13:15:16.181+0800][7786][gc,phases   ] GC(69) Pause Mark Start 0.099ms
[2019-02-14T13:15:16.334+0800][7779][gc,phases   ] GC(69) Concurrent Mark 153.713ms
[2019-02-14T13:15:16.335+0800][7786][gc,phases   ] GC(69) Pause Mark End 0.086ms
[2019-02-14T13:15:16.335+0800][7779][gc,phases   ] GC(69) Concurrent Process Non-Strong References 0.099ms
[2019-02-14T13:15:16.335+0800][7779][gc,phases   ] GC(69) Concurrent Reset Relocation Set 0.002ms
[2019-02-14T13:15:16.335+0800][7779][gc,phases   ] GC(69) Concurrent Destroy Detached Pages 0.013ms
[2019-02-14T13:15:16.336+0800][7779][gc,phases   ] GC(69) Concurrent Select Relocation Set 1.146ms
[2019-02-14T13:15:16.336+0800][7779][gc,phases   ] GC(69) Concurrent Prepare Relocation Set 0.000ms
[2019-02-14T13:15:16.336+0800][7772][gc          ] Allocation Stall (main) 155.566ms
[2019-02-14T13:15:16.338+0800][7786][gc,phases   ] GC(69) Pause Relocate Start 0.060ms
[2019-02-14T13:15:16.338+0800][7779][gc,phases   ] GC(69) Concurrent Relocate 0.020ms
[2019-02-14T13:15:16.339+0800][7779][gc,load     ] GC(69) Load: 0.31/0.08/0.07
[2019-02-14T13:15:16.339+0800][7779][gc,mmu      ] GC(69) MMU: 2ms/20.8%, 5ms/68.3%, 10ms/83.4%, 20ms/91.7%, 50ms/96.5%, 100ms/97.6%
[2019-02-14T13:15:16.339+0800][7779][gc,marking  ] GC(69) Mark: 4 stripe(s), 10 proactive flush(es), 1 terminate flush(es), 0 completion(s), 0 continuation(s) 
[2019-02-14T13:15:16.339+0800][7779][gc,reloc    ] GC(69) Relocation: Successful, 65M relocated
[2019-02-14T13:15:16.339+0800][7779][gc,nmethod  ] GC(69) NMethods: 39 registered, 0 unregistered
[2019-02-14T13:15:16.339+0800][7779][gc,metaspace] GC(69) Metaspace: 4M used, 4M capacity, 5M committed, 8M reserved
[2019-02-14T13:15:16.339+0800][7779][gc,ref      ] GC(69) Soft: 88 encountered, 37 discovered, 0 enqueued
[2019-02-14T13:15:16.339+0800][7779][gc,ref      ] GC(69) Weak: 168 encountered, 22 discovered, 0 enqueued
[2019-02-14T13:15:16.339+0800][7779][gc,ref      ] GC(69) Final: 0 encountered, 0 discovered, 0 enqueued
[2019-02-14T13:15:16.339+0800][7779][gc,ref      ] GC(69) Phantom: 1 encountered, 1 discovered, 0 enqueued
[2019-02-14T13:15:16.339+0800][7779][gc,heap     ] GC(69)                Mark Start          Mark End        Relocate Start      Relocate End           High               Low         
[2019-02-14T13:15:16.339+0800][7779][gc,heap     ] GC(69)  Capacity:     1024M (100%)       1024M (100%)       1024M (100%)       1024M (100%)       1024M (100%)       1024M (100%)   
[2019-02-14T13:15:16.339+0800][7779][gc,heap     ] GC(69)   Reserve:       42M (4%)           42M (4%)           42M (4%)           42M (4%)           42M (4%)           42M (4%)     
[2019-02-14T13:15:16.339+0800][7779][gc,heap     ] GC(69)      Free:        0M (0%)            0M (0%)          120M (12%)         110M (11%)         120M (12%)           0M (0%)     
[2019-02-14T13:15:16.339+0800][7779][gc,heap     ] GC(69)      Used:      982M (96%)         982M (96%)         862M (84%)         872M (85%)         982M (96%)         862M (84%)    
[2019-02-14T13:15:16.339+0800][7779][gc,heap     ] GC(69)      Live:         -               775M (76%)         775M (76%)         775M (76%)            -                  -          
[2019-02-14T13:15:16.339+0800][7779][gc,heap     ] GC(69) Allocated:         -                 0M (0%)           10M (1%)           20M (2%)             -                  -          
[2019-02-14T13:15:16.339+0800][7779][gc,heap     ] GC(69)   Garbage:         -               206M (20%)          76M (7%)           76M (7%)             -                  -          
[2019-02-14T13:15:16.339+0800][7779][gc,heap     ] GC(69) Reclaimed:         -                  -               130M (13%)         130M (13%)            -                  -          
[2019-02-14T13:15:16.339+0800][7779][gc          ] GC(69) Garbage Collection (Allocation Stall) 982M(96%)->872M(85%)
[2019-02-14T13:15:16.350+0800][7779][gc,start    ] GC(70) Garbage Collection (Allocation Stall)
[2019-02-14T13:15:16.350+0800][7786][gc,ref      ] GC(70) Clearing All Soft References
[2019-02-14T13:15:16.350+0800][7786][gc,phases   ] GC(70) Pause Mark Start 0.094ms
[2019-02-14T13:15:16.532+0800][7779][gc,phases   ] GC(70) Concurrent Mark 181.922ms
[2019-02-14T13:15:16.533+0800][7786][gc,phases   ] GC(70) Pause Mark End 0.070ms
[2019-02-14T13:15:16.533+0800][7779][gc,phases   ] GC(70) Concurrent Process Non-Strong References 0.093ms
[2019-02-14T13:15:16.533+0800][7779][gc,phases   ] GC(70) Concurrent Reset Relocation Set 0.000ms
[2019-02-14T13:15:16.533+0800][7779][gc,phases   ] GC(70) Concurrent Destroy Detached Pages 0.001ms
[2019-02-14T13:15:16.534+0800][7779][gc,phases   ] GC(70) Concurrent Select Relocation Set 1.083ms
[2019-02-14T13:15:16.534+0800][7772][gc          ] Allocation Stall (main) 183.664ms
[2019-02-14T13:15:16.534+0800][7779][gc,phases   ] GC(70) Concurrent Prepare Relocation Set 0.000ms
[2019-02-14T13:15:16.536+0800][7786][gc,phases   ] GC(70) Pause Relocate Start 0.066ms
[2019-02-14T13:15:16.537+0800][7779][gc,phases   ] GC(70) Concurrent Relocate 0.015ms
[2019-02-14T13:15:16.537+0800][7779][gc,load     ] GC(70) Load: 0.31/0.08/0.07
[2019-02-14T13:15:16.537+0800][7779][gc,mmu      ] GC(70) MMU: 2ms/20.8%, 5ms/68.3%, 10ms/83.4%, 20ms/91.7%, 50ms/96.5%, 100ms/97.6%
[2019-02-14T13:15:16.537+0800][7779][gc,marking  ] GC(70) Mark: 4 stripe(s), 10 proactive flush(es), 1 terminate flush(es), 0 completion(s), 0 continuation(s) 
[2019-02-14T13:15:16.537+0800][7779][gc,reloc    ] GC(70) Relocation: Successful, 65M relocated
[2019-02-14T13:15:16.537+0800][7779][gc,nmethod  ] GC(70) NMethods: 39 registered, 0 unregistered
[2019-02-14T13:15:16.537+0800][7779][gc,metaspace] GC(70) Metaspace: 4M used, 4M capacity, 5M committed, 8M reserved
[2019-02-14T13:15:16.537+0800][7779][gc,ref      ] GC(70) Soft: 88 encountered, 41 discovered, 0 enqueued
[2019-02-14T13:15:16.537+0800][7779][gc,ref      ] GC(70) Weak: 168 encountered, 41 discovered, 0 enqueued
[2019-02-14T13:15:16.537+0800][7779][gc,ref      ] GC(70) Final: 0 encountered, 0 discovered, 0 enqueued
[2019-02-14T13:15:16.537+0800][7779][gc,ref      ] GC(70) Phantom: 1 encountered, 1 discovered, 0 enqueued
[2019-02-14T13:15:16.537+0800][7779][gc,heap     ] GC(70)                Mark Start          Mark End        Relocate Start      Relocate End           High               Low         
[2019-02-14T13:15:16.537+0800][7779][gc,heap     ] GC(70)  Capacity:     1024M (100%)       1024M (100%)       1024M (100%)       1024M (100%)       1024M (100%)       1024M (100%)   
[2019-02-14T13:15:16.537+0800][7779][gc,heap     ] GC(70)   Reserve:       42M (4%)           42M (4%)           42M (4%)           42M (4%)           42M (4%)           42M (4%)     
[2019-02-14T13:15:16.537+0800][7779][gc,heap     ] GC(70)      Free:        0M (0%)            0M (0%)          120M (12%)         110M (11%)         120M (12%)           0M (0%)     
[2019-02-14T13:15:16.537+0800][7779][gc,heap     ] GC(70)      Used:      982M (96%)         982M (96%)         862M (84%)         872M (85%)         982M (96%)         862M (84%)    
[2019-02-14T13:15:16.537+0800][7779][gc,heap     ] GC(70)      Live:         -               775M (76%)         775M (76%)         775M (76%)            -                  -          
[2019-02-14T13:15:16.537+0800][7779][gc,heap     ] GC(70) Allocated:         -                 0M (0%)           10M (1%)           20M (2%)             -                  -          
[2019-02-14T13:15:16.537+0800][7779][gc,heap     ] GC(70)   Garbage:         -               206M (20%)          76M (7%)           76M (7%)             -                  -          
[2019-02-14T13:15:16.537+0800][7779][gc,heap     ] GC(70) Reclaimed:         -                  -               130M (13%)         130M (13%)            -                  -          
[2019-02-14T13:15:16.537+0800][7779][gc          ] GC(70) Garbage Collection (Allocation Stall) 982M(96%)->872M(85%)
[2019-02-14T13:15:16.548+0800][7779][gc,start    ] GC(71) Garbage Collection (Allocation Stall)
[2019-02-14T13:15:16.548+0800][7786][gc,ref      ] GC(71) Clearing All Soft References
[2019-02-14T13:15:16.548+0800][7786][gc,phases   ] GC(71) Pause Mark Start 0.080ms
[2019-02-14T13:15:16.698+0800][7779][gc,phases   ] GC(71) Concurrent Mark 150.033ms
[2019-02-14T13:15:16.699+0800][7786][gc,phases   ] GC(71) Pause Mark End 0.063ms
[2019-02-14T13:15:16.699+0800][7779][gc,phases   ] GC(71) Concurrent Process Non-Strong References 0.073ms
[2019-02-14T13:15:16.699+0800][7779][gc,phases   ] GC(71) Concurrent Reset Relocation Set 0.001ms
[2019-02-14T13:15:16.699+0800][7779][gc,phases   ] GC(71) Concurrent Destroy Detached Pages 0.001ms
[2019-02-14T13:15:16.700+0800][7772][gc          ] Allocation Stall (main) 151.698ms
[2019-02-14T13:15:16.700+0800][7779][gc,phases   ] GC(71) Concurrent Select Relocation Set 1.109ms
[2019-02-14T13:15:16.700+0800][7779][gc,phases   ] GC(71) Concurrent Prepare Relocation Set 0.000ms
[2019-02-14T13:15:16.702+0800][7786][gc,phases   ] GC(71) Pause Relocate Start 0.054ms
[2019-02-14T13:15:16.702+0800][7779][gc,phases   ] GC(71) Concurrent Relocate 0.015ms
[2019-02-14T13:15:16.702+0800][7779][gc,load     ] GC(71) Load: 0.31/0.08/0.07
[2019-02-14T13:15:16.702+0800][7779][gc,mmu      ] GC(71) MMU: 2ms/20.8%, 5ms/68.3%, 10ms/83.4%, 20ms/91.7%, 50ms/96.5%, 100ms/97.6%
[2019-02-14T13:15:16.702+0800][7779][gc,marking  ] GC(71) Mark: 4 stripe(s), 10 proactive flush(es), 1 terminate flush(es), 0 completion(s), 0 continuation(s) 
[2019-02-14T13:15:16.702+0800][7779][gc,reloc    ] GC(71) Relocation: Successful, 65M relocated
[2019-02-14T13:15:16.702+0800][7779][gc,nmethod  ] GC(71) NMethods: 39 registered, 0 unregistered
[2019-02-14T13:15:16.702+0800][7779][gc,metaspace] GC(71) Metaspace: 4M used, 4M capacity, 5M committed, 8M reserved
[2019-02-14T13:15:16.702+0800][7779][gc,ref      ] GC(71) Soft: 88 encountered, 19 discovered, 0 enqueued
[2019-02-14T13:15:16.702+0800][7779][gc,ref      ] GC(71) Weak: 168 encountered, 24 discovered, 0 enqueued
[2019-02-14T13:15:16.702+0800][7779][gc,ref      ] GC(71) Final: 0 encountered, 0 discovered, 0 enqueued
[2019-02-14T13:15:16.702+0800][7779][gc,ref      ] GC(71) Phantom: 1 encountered, 1 discovered, 0 enqueued
[2019-02-14T13:15:16.702+0800][7779][gc,heap     ] GC(71)                Mark Start          Mark End        Relocate Start      Relocate End           High               Low         
[2019-02-14T13:15:16.702+0800][7779][gc,heap     ] GC(71)  Capacity:     1024M (100%)       1024M (100%)       1024M (100%)       1024M (100%)       1024M (100%)       1024M (100%)   
[2019-02-14T13:15:16.702+0800][7779][gc,heap     ] GC(71)   Reserve:       42M (4%)           42M (4%)           42M (4%)           42M (4%)           42M (4%)           42M (4%)     
[2019-02-14T13:15:16.702+0800][7779][gc,heap     ] GC(71)      Free:        0M (0%)            0M (0%)          120M (12%)         110M (11%)         120M (12%)           0M (0%)     
[2019-02-14T13:15:16.702+0800][7779][gc,heap     ] GC(71)      Used:      982M (96%)         982M (96%)         862M (84%)         872M (85%)         982M (96%)         862M (84%)    
[2019-02-14T13:15:16.702+0800][7779][gc,heap     ] GC(71)      Live:         -               775M (76%)         775M (76%)         775M (76%)            -                  -          
[2019-02-14T13:15:16.702+0800][7779][gc,heap     ] GC(71) Allocated:         -                 0M (0%)           10M (1%)           20M (2%)             -                  -          
[2019-02-14T13:15:16.703+0800][7779][gc,heap     ] GC(71)   Garbage:         -               206M (20%)          76M (7%)           76M (7%)             -                  -          
[2019-02-14T13:15:16.703+0800][7779][gc,heap     ] GC(71) Reclaimed:         -                  -               130M (13%)         130M (13%)            -                  -          
[2019-02-14T13:15:16.703+0800][7779][gc          ] GC(71) Garbage Collection (Allocation Stall) 982M(96%)->872M(85%)
[2019-02-14T13:15:16.714+0800][7779][gc,start    ] GC(72) Garbage Collection (Allocation Stall)
[2019-02-14T13:15:16.714+0800][7786][gc,ref      ] GC(72) Clearing All Soft References
[2019-02-14T13:15:16.714+0800][7786][gc,phases   ] GC(72) Pause Mark Start 0.086ms
[2019-02-14T13:15:16.871+0800][7779][gc,phases   ] GC(72) Concurrent Mark 156.907ms
[2019-02-14T13:15:16.871+0800][7786][gc,phases   ] GC(72) Pause Mark End 0.061ms
[2019-02-14T13:15:16.871+0800][7779][gc,phases   ] GC(72) Concurrent Process Non-Strong References 0.075ms
[2019-02-14T13:15:16.871+0800][7779][gc,phases   ] GC(72) Concurrent Reset Relocation Set 0.001ms
[2019-02-14T13:15:16.871+0800][7779][gc,phases   ] GC(72) Concurrent Destroy Detached Pages 0.001ms
[2019-02-14T13:15:16.872+0800][7772][gc          ] Allocation Stall (main) 158.668ms
[2019-02-14T13:15:16.872+0800][7779][gc,phases   ] GC(72) Concurrent Select Relocation Set 1.166ms
[2019-02-14T13:15:16.873+0800][7779][gc,phases   ] GC(72) Concurrent Prepare Relocation Set 0.000ms
[2019-02-14T13:15:16.874+0800][7786][gc,phases   ] GC(72) Pause Relocate Start 0.055ms
[2019-02-14T13:15:16.874+0800][7779][gc,phases   ] GC(72) Concurrent Relocate 0.027ms
[2019-02-14T13:15:16.874+0800][7779][gc,load     ] GC(72) Load: 0.31/0.08/0.07
[2019-02-14T13:15:16.874+0800][7779][gc,mmu      ] GC(72) MMU: 2ms/20.8%, 5ms/68.3%, 10ms/83.4%, 20ms/91.7%, 50ms/96.5%, 100ms/97.6%
[2019-02-14T13:15:16.874+0800][7779][gc,marking  ] GC(72) Mark: 4 stripe(s), 10 proactive flush(es), 1 terminate flush(es), 0 completion(s), 0 continuation(s) 
[2019-02-14T13:15:16.874+0800][7779][gc,reloc    ] GC(72) Relocation: Successful, 65M relocated
[2019-02-14T13:15:16.874+0800][7779][gc,nmethod  ] GC(72) NMethods: 39 registered, 0 unregistered
[2019-02-14T13:15:16.874+0800][7779][gc,metaspace] GC(72) Metaspace: 4M used, 4M capacity, 5M committed, 8M reserved
[2019-02-14T13:15:16.874+0800][7779][gc,ref      ] GC(72) Soft: 88 encountered, 37 discovered, 0 enqueued
[2019-02-14T13:15:16.874+0800][7779][gc,ref      ] GC(72) Weak: 168 encountered, 24 discovered, 0 enqueued
[2019-02-14T13:15:16.874+0800][7779][gc,ref      ] GC(72) Final: 0 encountered, 0 discovered, 0 enqueued
[2019-02-14T13:15:16.874+0800][7779][gc,ref      ] GC(72) Phantom: 1 encountered, 1 discovered, 0 enqueued
[2019-02-14T13:15:16.874+0800][7779][gc,heap     ] GC(72)                Mark Start          Mark End        Relocate Start      Relocate End           High               Low         
[2019-02-14T13:15:16.874+0800][7779][gc,heap     ] GC(72)  Capacity:     1024M (100%)       1024M (100%)       1024M (100%)       1024M (100%)       1024M (100%)       1024M (100%)   
[2019-02-14T13:15:16.874+0800][7779][gc,heap     ] GC(72)   Reserve:       42M (4%)           42M (4%)           42M (4%)           42M (4%)           42M (4%)           42M (4%)     
[2019-02-14T13:15:16.874+0800][7779][gc,heap     ] GC(72)      Free:        0M (0%)            0M (0%)          120M (12%)         110M (11%)         120M (12%)           0M (0%)     
[2019-02-14T13:15:16.874+0800][7779][gc,heap     ] GC(72)      Used:      982M (96%)         982M (96%)         862M (84%)         872M (85%)         982M (96%)         862M (84%)    
[2019-02-14T13:15:16.874+0800][7779][gc,heap     ] GC(72)      Live:         -               775M (76%)         775M (76%)         775M (76%)            -                  -          
[2019-02-14T13:15:16.874+0800][7779][gc,heap     ] GC(72) Allocated:         -                 0M (0%)           10M (1%)           20M (2%)             -                  -          
[2019-02-14T13:15:16.874+0800][7779][gc,heap     ] GC(72)   Garbage:         -               206M (20%)          76M (7%)           76M (7%)             -                  -          
[2019-02-14T13:15:16.874+0800][7779][gc,heap     ] GC(72) Reclaimed:         -                  -               130M (13%)         130M (13%)            -                  -          
[2019-02-14T13:15:16.874+0800][7779][gc          ] GC(72) Garbage Collection (Allocation Stall) 982M(96%)->872M(85%)
[2019-02-14T13:15:16.885+0800][7779][gc,start    ] GC(73) Garbage Collection (Allocation Stall)
[2019-02-14T13:15:16.885+0800][7786][gc,ref      ] GC(73) Clearing All Soft References
[2019-02-14T13:15:16.885+0800][7786][gc,phases   ] GC(73) Pause Mark Start 0.088ms
[2019-02-14T13:15:17.044+0800][7779][gc,phases   ] GC(73) Concurrent Mark 158.304ms
[2019-02-14T13:15:17.044+0800][7786][gc,phases   ] GC(73) Pause Mark End 0.070ms
[2019-02-14T13:15:17.044+0800][7779][gc,phases   ] GC(73) Concurrent Process Non-Strong References 0.080ms
[2019-02-14T13:15:17.044+0800][7779][gc,phases   ] GC(73) Concurrent Reset Relocation Set 0.000ms
[2019-02-14T13:15:17.044+0800][7779][gc,phases   ] GC(73) Concurrent Destroy Detached Pages 0.001ms
[2019-02-14T13:15:17.045+0800][7779][gc,phases   ] GC(73) Concurrent Select Relocation Set 1.103ms
[2019-02-14T13:15:17.045+0800][7779][gc,phases   ] GC(73) Concurrent Prepare Relocation Set 0.000ms
[2019-02-14T13:15:17.045+0800][7772][gc          ] Allocation Stall (main) 160.014ms
[2019-02-14T13:15:17.046+0800][7786][gc,phases   ] GC(73) Pause Relocate Start 0.053ms
[2019-02-14T13:15:17.046+0800][7779][gc,phases   ] GC(73) Concurrent Relocate 0.016ms
[2019-02-14T13:15:17.046+0800][7779][gc,load     ] GC(73) Load: 0.31/0.08/0.07
[2019-02-14T13:15:17.046+0800][7779][gc,mmu      ] GC(73) MMU: 2ms/20.8%, 5ms/68.3%, 10ms/83.4%, 20ms/91.7%, 50ms/96.5%, 100ms/97.6%
[2019-02-14T13:15:17.046+0800][7779][gc,marking  ] GC(73) Mark: 4 stripe(s), 10 proactive flush(es), 1 terminate flush(es), 0 completion(s), 0 continuation(s) 
[2019-02-14T13:15:17.046+0800][7779][gc,reloc    ] GC(73) Relocation: Successful, 65M relocated
[2019-02-14T13:15:17.046+0800][7779][gc,nmethod  ] GC(73) NMethods: 39 registered, 0 unregistered
[2019-02-14T13:15:17.046+0800][7779][gc,metaspace] GC(73) Metaspace: 4M used, 4M capacity, 5M committed, 8M reserved
[2019-02-14T13:15:17.046+0800][7779][gc,ref      ] GC(73) Soft: 88 encountered, 41 discovered, 0 enqueued
[2019-02-14T13:15:17.046+0800][7779][gc,ref      ] GC(73) Weak: 168 encountered, 64 discovered, 0 enqueued
[2019-02-14T13:15:17.046+0800][7779][gc,ref      ] GC(73) Final: 0 encountered, 0 discovered, 0 enqueued
[2019-02-14T13:15:17.046+0800][7779][gc,ref      ] GC(73) Phantom: 1 encountered, 1 discovered, 0 enqueued
[2019-02-14T13:15:17.046+0800][7779][gc,heap     ] GC(73)                Mark Start          Mark End        Relocate Start      Relocate End           High               Low         
[2019-02-14T13:15:17.046+0800][7779][gc,heap     ] GC(73)  Capacity:     1024M (100%)       1024M (100%)       1024M (100%)       1024M (100%)       1024M (100%)       1024M (100%)   
[2019-02-14T13:15:17.046+0800][7779][gc,heap     ] GC(73)   Reserve:       42M (4%)           42M (4%)           42M (4%)           42M (4%)           42M (4%)           42M (4%)     
[2019-02-14T13:15:17.046+0800][7779][gc,heap     ] GC(73)      Free:        0M (0%)            0M (0%)          120M (12%)         110M (11%)         120M (12%)           0M (0%)     
[2019-02-14T13:15:17.046+0800][7779][gc,heap     ] GC(73)      Used:      982M (96%)         982M (96%)         862M (84%)         872M (85%)         982M (96%)         862M (84%)    
[2019-02-14T13:15:17.046+0800][7779][gc,heap     ] GC(73)      Live:         -               775M (76%)         775M (76%)         775M (76%)            -                  -          
[2019-02-14T13:15:17.046+0800][7779][gc,heap     ] GC(73) Allocated:         -                 0M (0%)           10M (1%)           20M (2%)             -                  -          
[2019-02-14T13:15:17.046+0800][7779][gc,heap     ] GC(73)   Garbage:         -               206M (20%)          76M (7%)           76M (7%)             -                  -          
[2019-02-14T13:15:17.046+0800][7779][gc,heap     ] GC(73) Reclaimed:         -                  -               130M (13%)         130M (13%)            -                  -          
[2019-02-14T13:15:17.046+0800][7779][gc          ] GC(73) Garbage Collection (Allocation Stall) 982M(96%)->872M(85%)
[2019-02-14T13:15:17.058+0800][7779][gc,start    ] GC(74) Garbage Collection (Allocation Stall)
[2019-02-14T13:15:17.058+0800][7786][gc,ref      ] GC(74) Clearing All Soft References
[2019-02-14T13:15:17.058+0800][7786][gc,phases   ] GC(74) Pause Mark Start 0.093ms
[2019-02-14T13:15:17.240+0800][7779][gc,phases   ] GC(74) Concurrent Mark 182.243ms
[2019-02-14T13:15:17.241+0800][7786][gc,phases   ] GC(74) Pause Mark End 0.083ms
[2019-02-14T13:15:17.241+0800][7779][gc,phases   ] GC(74) Concurrent Process Non-Strong References 0.103ms
[2019-02-14T13:15:17.241+0800][7779][gc,phases   ] GC(74) Concurrent Reset Relocation Set 0.000ms
[2019-02-14T13:15:17.241+0800][7779][gc,phases   ] GC(74) Concurrent Destroy Detached Pages 0.001ms
[2019-02-14T13:15:17.242+0800][7772][gc          ] Allocation Stall (main) 184.220ms
[2019-02-14T13:15:17.242+0800][7779][gc,phases   ] GC(74) Concurrent Select Relocation Set 1.323ms
[2019-02-14T13:15:17.242+0800][7779][gc,phases   ] GC(74) Concurrent Prepare Relocation Set 0.000ms
[2019-02-14T13:15:17.243+0800][7786][gc,phases   ] GC(74) Pause Relocate Start 0.063ms
[2019-02-14T13:15:17.243+0800][7779][gc,phases   ] GC(74) Concurrent Relocate 0.018ms
[2019-02-14T13:15:17.243+0800][7779][gc,load     ] GC(74) Load: 0.31/0.08/0.07
[2019-02-14T13:15:17.243+0800][7779][gc,mmu      ] GC(74) MMU: 2ms/20.8%, 5ms/68.3%, 10ms/83.4%, 20ms/91.7%, 50ms/96.5%, 100ms/97.6%
[2019-02-14T13:15:17.243+0800][7779][gc,marking  ] GC(74) Mark: 4 stripe(s), 10 proactive flush(es), 1 terminate flush(es), 0 completion(s), 0 continuation(s) 
[2019-02-14T13:15:17.243+0800][7779][gc,reloc    ] GC(74) Relocation: Successful, 65M relocated
[2019-02-14T13:15:17.243+0800][7779][gc,nmethod  ] GC(74) NMethods: 39 registered, 0 unregistered
[2019-02-14T13:15:17.243+0800][7779][gc,metaspace] GC(74) Metaspace: 4M used, 4M capacity, 5M committed, 8M reserved
[2019-02-14T13:15:17.243+0800][7779][gc,ref      ] GC(74) Soft: 88 encountered, 41 discovered, 0 enqueued
[2019-02-14T13:15:17.243+0800][7779][gc,ref      ] GC(74) Weak: 168 encountered, 74 discovered, 0 enqueued
[2019-02-14T13:15:17.243+0800][7779][gc,ref      ] GC(74) Final: 0 encountered, 0 discovered, 0 enqueued
[2019-02-14T13:15:17.243+0800][7779][gc,ref      ] GC(74) Phantom: 1 encountered, 1 discovered, 0 enqueued
[2019-02-14T13:15:17.243+0800][7779][gc,heap     ] GC(74)                Mark Start          Mark End        Relocate Start      Relocate End           High               Low         
[2019-02-14T13:15:17.243+0800][7779][gc,heap     ] GC(74)  Capacity:     1024M (100%)       1024M (100%)       1024M (100%)       1024M (100%)       1024M (100%)       1024M (100%)   
[2019-02-14T13:15:17.243+0800][7779][gc,heap     ] GC(74)   Reserve:       42M (4%)           42M (4%)           42M (4%)           42M (4%)           42M (4%)           42M (4%)     
[2019-02-14T13:15:17.243+0800][7779][gc,heap     ] GC(74)      Free:        0M (0%)            0M (0%)          120M (12%)         110M (11%)         120M (12%)           0M (0%)     
[2019-02-14T13:15:17.243+0800][7779][gc,heap     ] GC(74)      Used:      982M (96%)         982M (96%)         862M (84%)         872M (85%)         982M (96%)         862M (84%)    
[2019-02-14T13:15:17.243+0800][7779][gc,heap     ] GC(74)      Live:         -               775M (76%)         775M (76%)         775M (76%)            -                  -          
[2019-02-14T13:15:17.243+0800][7779][gc,heap     ] GC(74) Allocated:         -                 0M (0%)           10M (1%)           20M (2%)             -                  -          
[2019-02-14T13:15:17.243+0800][7779][gc,heap     ] GC(74)   Garbage:         -               206M (20%)          76M (7%)           76M (7%)             -                  -          
[2019-02-14T13:15:17.243+0800][7779][gc,heap     ] GC(74) Reclaimed:         -                  -               130M (13%)         130M (13%)            -                  -          
[2019-02-14T13:15:17.243+0800][7779][gc          ] GC(74) Garbage Collection (Allocation Stall) 982M(96%)->872M(85%)
[2019-02-14T13:15:17.249+0800][7779][gc,start    ] GC(75) Garbage Collection (System.gc())
[2019-02-14T13:15:17.249+0800][7786][gc,phases   ] GC(75) Pause Mark Start 0.074ms
[2019-02-14T13:15:17.415+0800][7779][gc,phases   ] GC(75) Concurrent Mark 165.746ms
[2019-02-14T13:15:17.415+0800][7786][gc,phases   ] GC(75) Pause Mark End 0.065ms
[2019-02-14T13:15:17.415+0800][7779][gc,phases   ] GC(75) Concurrent Process Non-Strong References 0.084ms
[2019-02-14T13:15:17.415+0800][7779][gc,phases   ] GC(75) Concurrent Reset Relocation Set 0.000ms
[2019-02-14T13:15:17.415+0800][7779][gc,phases   ] GC(75) Concurrent Destroy Detached Pages 0.001ms
[2019-02-14T13:15:17.416+0800][7779][gc,phases   ] GC(75) Concurrent Select Relocation Set 1.158ms
[2019-02-14T13:15:17.416+0800][7779][gc,phases   ] GC(75) Concurrent Prepare Relocation Set 0.000ms
[2019-02-14T13:15:17.417+0800][7786][gc,phases   ] GC(75) Pause Relocate Start 0.049ms
[2019-02-14T13:15:17.417+0800][7779][gc,phases   ] GC(75) Concurrent Relocate 0.016ms
[2019-02-14T13:15:17.417+0800][7779][gc,load     ] GC(75) Load: 0.31/0.08/0.07
[2019-02-14T13:15:17.417+0800][7779][gc,mmu      ] GC(75) MMU: 2ms/20.8%, 5ms/68.3%, 10ms/83.4%, 20ms/91.7%, 50ms/96.5%, 100ms/97.6%
[2019-02-14T13:15:17.417+0800][7779][gc,marking  ] GC(75) Mark: 4 stripe(s), 10 proactive flush(es), 1 terminate flush(es), 0 completion(s), 0 continuation(s) 
[2019-02-14T13:15:17.417+0800][7779][gc,reloc    ] GC(75) Relocation: Successful, 65M relocated
[2019-02-14T13:15:17.417+0800][7779][gc,nmethod  ] GC(75) NMethods: 39 registered, 0 unregistered
[2019-02-14T13:15:17.417+0800][7779][gc,metaspace] GC(75) Metaspace: 4M used, 4M capacity, 5M committed, 8M reserved
[2019-02-14T13:15:17.417+0800][7779][gc,ref      ] GC(75) Soft: 88 encountered, 0 discovered, 0 enqueued
[2019-02-14T13:15:17.417+0800][7779][gc,ref      ] GC(75) Weak: 168 encountered, 55 discovered, 0 enqueued
[2019-02-14T13:15:17.417+0800][7779][gc,ref      ] GC(75) Final: 0 encountered, 0 discovered, 0 enqueued
[2019-02-14T13:15:17.417+0800][7779][gc,ref      ] GC(75) Phantom: 1 encountered, 1 discovered, 0 enqueued
[2019-02-14T13:15:17.417+0800][7779][gc,heap     ] GC(75)                Mark Start          Mark End        Relocate Start      Relocate End           High               Low         
[2019-02-14T13:15:17.417+0800][7779][gc,heap     ] GC(75)  Capacity:     1024M (100%)       1024M (100%)       1024M (100%)       1024M (100%)       1024M (100%)       1024M (100%)   
[2019-02-14T13:15:17.417+0800][7779][gc,heap     ] GC(75)   Reserve:       42M (4%)           42M (4%)           42M (4%)           42M (4%)           42M (4%)           42M (4%)     
[2019-02-14T13:15:17.417+0800][7779][gc,heap     ] GC(75)      Free:       60M (6%)           60M (6%)          130M (13%)         130M (13%)         130M (13%)          60M (6%)     
[2019-02-14T13:15:17.417+0800][7779][gc,heap     ] GC(75)      Used:      922M (90%)         922M (90%)         852M (83%)         852M (83%)         922M (90%)         852M (83%)    
[2019-02-14T13:15:17.417+0800][7779][gc,heap     ] GC(75)      Live:         -               775M (76%)         775M (76%)         775M (76%)            -                  -          
[2019-02-14T13:15:17.417+0800][7779][gc,heap     ] GC(75) Allocated:         -                 0M (0%)            0M (0%)            0M (0%)             -                  -          
[2019-02-14T13:15:17.417+0800][7779][gc,heap     ] GC(75)   Garbage:         -               146M (14%)          76M (7%)           76M (7%)             -                  -          
[2019-02-14T13:15:17.417+0800][7779][gc,heap     ] GC(75) Reclaimed:         -                  -                70M (7%)           70M (7%)             -                  -          
[2019-02-14T13:15:17.417+0800][7779][gc          ] GC(75) Garbage Collection (System.gc()) 922M(90%)->852M(83%)
[2019-02-14T13:15:17.436+0800][7779][gc,start    ] GC(76) Garbage Collection (Allocation Rate)
[2019-02-14T13:15:17.436+0800][7786][gc,phases   ] GC(76) Pause Mark Start 0.050ms
[2019-02-14T13:15:17.517+0800][7772][gc,heap     ] Page Cache Flushed: 2M requested, 10M(130M->120M) flushed
[2019-02-14T13:15:17.523+0800][7772][gc,heap     ] Page Cache Flushed: 2M requested, 10M(120M->110M) flushed
[2019-02-14T13:15:17.523+0800][7772][gc,heap     ] Page Cache Flushed: 24M requested, 30M(110M->80M) flushed
[2019-02-14T13:15:17.533+0800][7772][gc,heap     ] Page Cache Flushed: 26M requested, 30M(80M->50M) flushed
[2019-02-14T13:15:17.544+0800][7772][gc,heap     ] Page Cache Flushed: 28M requested, 30M(50M->20M) flushed
[2019-02-14T13:15:17.714+0800][7779][gc,phases   ] GC(76) Concurrent Mark 277.247ms
[2019-02-14T13:15:17.714+0800][7786][gc,phases   ] GC(76) Pause Mark End 0.074ms
[2019-02-14T13:15:17.714+0800][7779][gc,phases   ] GC(76) Concurrent Process Non-Strong References 0.108ms
[2019-02-14T13:15:17.714+0800][7779][gc,phases   ] GC(76) Concurrent Reset Relocation Set 0.000ms
[2019-02-14T13:15:17.714+0800][7779][gc,phases   ] GC(76) Concurrent Destroy Detached Pages 0.009ms
[2019-02-14T13:15:17.715+0800][7779][gc,phases   ] GC(76) Concurrent Select Relocation Set 1.141ms
[2019-02-14T13:15:17.715+0800][7779][gc,phases   ] GC(76) Concurrent Prepare Relocation Set 0.000ms
[2019-02-14T13:15:17.715+0800][7786][gc,phases   ] GC(76) Pause Relocate Start 0.051ms
[2019-02-14T13:15:17.715+0800][7779][gc,phases   ] GC(76) Concurrent Relocate 0.006ms
[2019-02-14T13:15:17.715+0800][7779][gc,load     ] GC(76) Load: 0.31/0.08/0.07
[2019-02-14T13:15:17.715+0800][7779][gc,mmu      ] GC(76) MMU: 2ms/20.8%, 5ms/68.3%, 10ms/83.4%, 20ms/91.7%, 50ms/96.5%, 100ms/97.6%
[2019-02-14T13:15:17.715+0800][7779][gc,marking  ] GC(76) Mark: 1 stripe(s), 1 proactive flush(es), 1 terminate flush(es), 0 completion(s), 0 continuation(s) 
[2019-02-14T13:15:17.715+0800][7779][gc,reloc    ] GC(76) Relocation: Successful, 65M relocated
[2019-02-14T13:15:17.715+0800][7779][gc,nmethod  ] GC(76) NMethods: 39 registered, 0 unregistered
[2019-02-14T13:15:17.715+0800][7779][gc,metaspace] GC(76) Metaspace: 4M used, 4M capacity, 5M committed, 8M reserved
[2019-02-14T13:15:17.715+0800][7779][gc,ref      ] GC(76) Soft: 88 encountered, 0 discovered, 0 enqueued
[2019-02-14T13:15:17.715+0800][7779][gc,ref      ] GC(76) Weak: 168 encountered, 132 discovered, 0 enqueued
[2019-02-14T13:15:17.715+0800][7779][gc,ref      ] GC(76) Final: 0 encountered, 0 discovered, 0 enqueued
[2019-02-14T13:15:17.715+0800][7779][gc,ref      ] GC(76) Phantom: 1 encountered, 1 discovered, 0 enqueued
[2019-02-14T13:15:17.715+0800][7779][gc,heap     ] GC(76)                Mark Start          Mark End        Relocate Start      Relocate End           High               Low         
[2019-02-14T13:15:17.715+0800][7779][gc,heap     ] GC(76)  Capacity:     1024M (100%)       1024M (100%)       1024M (100%)       1024M (100%)       1024M (100%)       1024M (100%)   
[2019-02-14T13:15:17.715+0800][7779][gc,heap     ] GC(76)   Reserve:       42M (4%)           42M (4%)           42M (4%)           42M (4%)           42M (4%)           42M (4%)     
[2019-02-14T13:15:17.715+0800][7779][gc,heap     ] GC(76)      Free:      130M (13%)          22M (2%)           22M (2%)           22M (2%)          130M (13%)          22M (2%)     
[2019-02-14T13:15:17.715+0800][7779][gc,heap     ] GC(76)      Used:      852M (83%)         960M (94%)         960M (94%)         960M (94%)         960M (94%)         852M (83%)    
[2019-02-14T13:15:17.715+0800][7779][gc,heap     ] GC(76)      Live:         -               775M (76%)         775M (76%)         775M (76%)            -                  -          
[2019-02-14T13:15:17.715+0800][7779][gc,heap     ] GC(76) Allocated:         -               108M (11%)         108M (11%)         108M (11%)            -                  -          
[2019-02-14T13:15:17.715+0800][7779][gc,heap     ] GC(76)   Garbage:         -                76M (7%)           76M (7%)           76M (7%)             -                  -          
[2019-02-14T13:15:17.715+0800][7779][gc,heap     ] GC(76) Reclaimed:         -                  -                 0M (0%)            0M (0%)             -                  -          
[2019-02-14T13:15:17.715+0800][7779][gc          ] GC(76) Garbage Collection (Allocation Rate) 852M(83%)->960M(94%)
[2019-02-14T13:15:17.716+0800][7779][gc,start    ] GC(77) Garbage Collection (Allocation Stall)
[2019-02-14T13:15:17.716+0800][7786][gc,ref      ] GC(77) Clearing All Soft References
[2019-02-14T13:15:17.716+0800][7786][gc,phases   ] GC(77) Pause Mark Start 0.069ms
[2019-02-14T13:15:17.884+0800][7779][gc,phases   ] GC(77) Concurrent Mark 168.181ms
[2019-02-14T13:15:17.884+0800][7786][gc,phases   ] GC(77) Pause Mark End 0.064ms
[2019-02-14T13:15:17.884+0800][7779][gc,phases   ] GC(77) Concurrent Process Non-Strong References 0.074ms
[2019-02-14T13:15:17.884+0800][7779][gc,phases   ] GC(77) Concurrent Reset Relocation Set 0.000ms
[2019-02-14T13:15:17.884+0800][7779][gc,phases   ] GC(77) Concurrent Destroy Detached Pages 0.001ms
[2019-02-14T13:15:17.885+0800][7779][gc,phases   ] GC(77) Concurrent Select Relocation Set 1.180ms
[2019-02-14T13:15:17.885+0800][7779][gc,phases   ] GC(77) Concurrent Prepare Relocation Set 0.124ms
[2019-02-14T13:15:17.886+0800][7786][gc,phases   ] GC(77) Pause Relocate Start 0.092ms
[2019-02-14T13:15:17.892+0800][7779][gc,phases   ] GC(77) Concurrent Relocate 6.174ms
[2019-02-14T13:15:17.892+0800][7779][gc,load     ] GC(77) Load: 0.31/0.08/0.07
[2019-02-14T13:15:17.892+0800][7779][gc,mmu      ] GC(77) MMU: 2ms/20.8%, 5ms/68.3%, 10ms/83.4%, 20ms/91.7%, 50ms/96.5%, 100ms/97.6%
[2019-02-14T13:15:17.892+0800][7779][gc,marking  ] GC(77) Mark: 4 stripe(s), 10 proactive flush(es), 1 terminate flush(es), 0 completion(s), 0 continuation(s) 
[2019-02-14T13:15:17.892+0800][7779][gc,reloc    ] GC(77) Relocation: Incomplete
[2019-02-14T13:15:17.892+0800][7779][gc,nmethod  ] GC(77) NMethods: 39 registered, 0 unregistered
[2019-02-14T13:15:17.892+0800][7779][gc,metaspace] GC(77) Metaspace: 4M used, 4M capacity, 5M committed, 8M reserved
[2019-02-14T13:15:17.892+0800][7779][gc,ref      ] GC(77) Soft: 88 encountered, 34 discovered, 0 enqueued
[2019-02-14T13:15:17.892+0800][7779][gc,ref      ] GC(77) Weak: 168 encountered, 111 discovered, 0 enqueued
[2019-02-14T13:15:17.892+0800][7779][gc,ref      ] GC(77) Final: 0 encountered, 0 discovered, 0 enqueued
[2019-02-14T13:15:17.892+0800][7779][gc,ref      ] GC(77) Phantom: 1 encountered, 1 discovered, 0 enqueued
[2019-02-14T13:15:17.892+0800][7779][gc,heap     ] GC(77)                Mark Start          Mark End        Relocate Start      Relocate End           High               Low         
[2019-02-14T13:15:17.892+0800][7779][gc,heap     ] GC(77)  Capacity:     1024M (100%)       1024M (100%)       1024M (100%)       1024M (100%)       1024M (100%)       1024M (100%)   
[2019-02-14T13:15:17.892+0800][7779][gc,heap     ] GC(77)   Reserve:       42M (4%)           42M (4%)           42M (4%)           42M (4%)           42M (4%)           28M (3%)     
[2019-02-14T13:15:17.892+0800][7779][gc,heap     ] GC(77)      Free:       22M (2%)           22M (2%)           22M (2%)           22M (2%)           22M (2%)            0M (0%)     
[2019-02-14T13:15:17.892+0800][7779][gc,heap     ] GC(77)      Used:      960M (94%)         960M (94%)         960M (94%)         960M (94%)         996M (97%)         960M (94%)    
[2019-02-14T13:15:17.892+0800][7779][gc,heap     ] GC(77)      Live:         -               816M (80%)         816M (80%)         816M (80%)            -                  -          
[2019-02-14T13:15:17.892+0800][7779][gc,heap     ] GC(77) Allocated:         -                 0M (0%)            0M (0%)           36M (4%)             -                  -          
[2019-02-14T13:15:17.892+0800][7779][gc,heap     ] GC(77)   Garbage:         -               143M (14%)         143M (14%)         143M (14%)            -                  -          
[2019-02-14T13:15:17.892+0800][7779][gc,heap     ] GC(77) Reclaimed:         -                  -                 0M (0%)            0M (0%)             -                  -          
[2019-02-14T13:15:17.892+0800][7779][gc          ] GC(77) Garbage Collection (Allocation Stall) 960M(94%)->960M(94%)
[2019-02-14T13:15:17.892+0800][7772][gc          ] Allocation Stall (main) 338.171ms
[2019-02-14T13:15:17.892+0800][7772][gc          ] Out Of Memory (main)
[2019-02-14T13:15:17.894+0800][7772][gc,heap,exit] Heap
[2019-02-14T13:15:17.894+0800][7772][gc,heap,exit]  ZHeap           used 962M, capacity 1024M, max capacity 1024M
[2019-02-14T13:15:17.894+0800][7772][gc,heap,exit]  Metaspace       used 5020K, capacity 5050K, committed 5120K, reserved 8192K
